W0311 03:37:41.263622    28 log_util.cc:240] Could not read footer for segment: /mnt/tserver/yb-data/tserver/wals/table-929f7d28b7a2483c9b6c4652af3f6131/tablet-e778eac89ca24f2993340a6d09c687f8/wal-000000009: Not found (yb/consensus/log_util.cc:554): Footer not found. Footer magic doesn't match
I0311 03:37:41.263801     8 tablet_server_main.cc:276] Starting PostgreSQL server listening on yb-tserver-n1, port 5433
I0311 03:37:41.264760    30 log_util.cc:773] Scanning /mnt/tserver/yb-data/tserver/wals/table-929f7d28b7a2483c9b6c4652af3f6131/tablet-c47912c0b2714f58b34c56d0e2dc9025/wal-000000009 for valid entry headers following offset 195...
I0311 03:37:41.264973    27 log_util.cc:666] Ignoring partially flushed segment in write ahead log /mnt/tserver/yb-data/tserver/wals/table-929f7d28b7a2483c9b6c4652af3f6131/tablet-ef19613afa234c5d943034489b070927/wal-000000008 because there are no log entries following this one. The server probably crashed in the middle of writing an entry to the write-ahead log or downloaded an active log via remote bootstrap. Error detail: Corruption (yb/consensus/log_util.cc:889): Invalid checksum in log entry head header: found=0, computed=2351477386: Failed trying to read batch #3 at offset 195 for log segment /mnt/tserver/yb-data/tserver/wals/table-929f7d28b7a2483c9b6c4652af3f6131/tablet-ef19613afa234c5d943034489b070927/wal-000000008: Prior batch offsets: 107 167 195; Last log entries read: [REPLICATE (8.8)]
I0311 03:37:41.269191    27 log_util.cc:285] Successfully rebuilt footer for segment: /mnt/tserver/yb-data/tserver/wals/table-929f7d28b7a2483c9b6c4652af3f6131/tablet-ef19613afa234c5d943034489b070927/wal-000000008 (valid entries through byte offset 195)
W0311 03:37:41.266075    28 log_reader.cc:192] T e778eac89ca24f2993340a6d09c687f8 P 096da8680d274dba91b50831a23bfd58: Log segment /mnt/tserver/yb-data/tserver/wals/table-929f7d28b7a2483c9b6c4652af3f6131/tablet-e778eac89ca24f2993340a6d09c687f8/wal-000000009 was likely left in-progress after a previous crash. Will try to rebuild footer by scanning data.
I0311 03:37:41.273741    28 log_util.cc:773] Scanning /mnt/tserver/yb-data/tserver/wals/table-929f7d28b7a2483c9b6c4652af3f6131/tablet-e778eac89ca24f2993340a6d09c687f8/wal-000000009 for valid entry headers following offset 195...
I0311 03:37:41.265520    41 server_base.cc:563] Using http address yb-tserver-n1
W0311 03:37:41.272033     8 pg_wrapper.cc:753] Killing older postgres process: 53
W0311 03:37:41.266461    29 log_util.cc:240] Could not read footer for segment: /mnt/tserver/yb-data/tserver/wals/table-929f7d28b7a2483c9b6c4652af3f6131/tablet-df17b40b75664e0aaa44ec6687a7a233/wal-000000009: Not found (yb/consensus/log_util.cc:554): Footer not found. Footer magic doesn't match
I0311 03:37:41.275097    30 log_util.cc:817] Found no log entry headers
I0311 03:37:41.287645    30 log_util.cc:666] Ignoring partially flushed segment in write ahead log /mnt/tserver/yb-data/tserver/wals/table-929f7d28b7a2483c9b6c4652af3f6131/tablet-c47912c0b2714f58b34c56d0e2dc9025/wal-000000009 because there are no log entries following this one. The server probably crashed in the middle of writing an entry to the write-ahead log or downloaded an active log via remote bootstrap. Error detail: Corruption (yb/consensus/log_util.cc:889): Invalid checksum in log entry head header: found=0, computed=2351477386: Failed trying to read batch #3 at offset 195 for log segment /mnt/tserver/yb-data/tserver/wals/table-929f7d28b7a2483c9b6c4652af3f6131/tablet-c47912c0b2714f58b34c56d0e2dc9025/wal-000000009: Prior batch offsets: 107 167 195; Last log entries read: [REPLICATE (9.9)]
I0311 03:37:41.289690    30 log_util.cc:285] Successfully rebuilt footer for segment: /mnt/tserver/yb-data/tserver/wals/table-929f7d28b7a2483c9b6c4652af3f6131/tablet-c47912c0b2714f58b34c56d0e2dc9025/wal-000000009 (valid entries through byte offset 195)
W0311 03:37:41.278957    27 log_util.cc:240] Could not read footer for segment: /mnt/tserver/yb-data/tserver/wals/table-929f7d28b7a2483c9b6c4652af3f6131/tablet-ef19613afa234c5d943034489b070927/wal-000000009: Not found (yb/consensus/log_util.cc:554): Footer not found. Footer magic doesn't match
W0311 03:37:41.290779    27 log_reader.cc:192] T ef19613afa234c5d943034489b070927 P 096da8680d274dba91b50831a23bfd58: Log segment /mnt/tserver/yb-data/tserver/wals/table-929f7d28b7a2483c9b6c4652af3f6131/tablet-ef19613afa234c5d943034489b070927/wal-000000009 was likely left in-progress after a previous crash. Will try to rebuild footer by scanning data.
W0311 03:37:41.280212    29 log_reader.cc:192] T df17b40b75664e0aaa44ec6687a7a233 P 096da8680d274dba91b50831a23bfd58: Log segment /mnt/tserver/yb-data/tserver/wals/table-929f7d28b7a2483c9b6c4652af3f6131/tablet-df17b40b75664e0aaa44ec6687a7a233/wal-000000009 was likely left in-progress after a previous crash. Will try to rebuild footer by scanning data.
I0311 03:37:41.292407    29 log_util.cc:773] Scanning /mnt/tserver/yb-data/tserver/wals/table-929f7d28b7a2483c9b6c4652af3f6131/tablet-df17b40b75664e0aaa44ec6687a7a233/wal-000000009 for valid entry headers following offset 195...
I0311 03:37:41.288076     8 pg_wrapper.cc:723] Starting PostgreSQL server
I0311 03:37:41.290951    30 log.cc:661] T c47912c0b2714f58b34c56d0e2dc9025 P 096da8680d274dba91b50831a23bfd58: Opened existing logs. Last segment is /mnt/tserver/yb-data/tserver/wals/table-929f7d28b7a2483c9b6c4652af3f6131/tablet-c47912c0b2714f58b34c56d0e2dc9025/wal-000000009
I0311 03:37:41.291651    27 log_util.cc:773] Scanning /mnt/tserver/yb-data/tserver/wals/table-929f7d28b7a2483c9b6c4652af3f6131/tablet-ef19613afa234c5d943034489b070927/wal-000000009 for valid entry headers following offset 195...
I0311 03:37:41.297041    30 log.cc:676] interval_durable_wal_write_ms is turned on to sync every 1000 ms.
I0311 03:37:41.290541    28 log_util.cc:817] Found no log entry headers
I0311 03:37:41.300765    28 log_util.cc:666] Ignoring partially flushed segment in write ahead log /mnt/tserver/yb-data/tserver/wals/table-929f7d28b7a2483c9b6c4652af3f6131/tablet-e778eac89ca24f2993340a6d09c687f8/wal-000000009 because there are no log entries following this one. The server probably crashed in the middle of writing an entry to the write-ahead log or downloaded an active log via remote bootstrap. Error detail: Corruption (yb/consensus/log_util.cc:889): Invalid checksum in log entry head header: found=0, computed=2351477386: Failed trying to read batch #3 at offset 195 for log segment /mnt/tserver/yb-data/tserver/wals/table-929f7d28b7a2483c9b6c4652af3f6131/tablet-e778eac89ca24f2993340a6d09c687f8/wal-000000009: Prior batch offsets: 107 167 195; Last log entries read: [REPLICATE (9.9)]
I0311 03:37:41.299036    30 tablet_bootstrap.cc:386] T c47912c0b2714f58b34c56d0e2dc9025 P 096da8680d274dba91b50831a23bfd58: Bootstrap optimizer (skip_flushed_entries): op_id_replay_lowest=-1.-1 (regular_op_id=-1.-1, intents_op_id=-1.-1, has_intents_db=0)
I0311 03:37:41.304010    28 log_util.cc:285] Successfully rebuilt footer for segment: /mnt/tserver/yb-data/tserver/wals/table-929f7d28b7a2483c9b6c4652af3f6131/tablet-e778eac89ca24f2993340a6d09c687f8/wal-000000009 (valid entries through byte offset 195)
I0311 03:37:41.308063    28 log.cc:661] T e778eac89ca24f2993340a6d09c687f8 P 096da8680d274dba91b50831a23bfd58: Opened existing logs. Last segment is /mnt/tserver/yb-data/tserver/wals/table-929f7d28b7a2483c9b6c4652af3f6131/tablet-e778eac89ca24f2993340a6d09c687f8/wal-000000009
I0311 03:37:41.305899    30 tablet_bootstrap.cc:1237] T c47912c0b2714f58b34c56d0e2dc9025 P 096da8680d274dba91b50831a23bfd58: Segment /mnt/tserver/yb-data/tserver/wals/table-929f7d28b7a2483c9b6c4652af3f6131/tablet-c47912c0b2714f58b34c56d0e2dc9025/wal-000000009 cannot be used as the first segment to start replay with according to our OpId and retention criteria. Continuing to earlier segments.op_id=9.9, op_id_replay_lowest=-1.-1, first_op_time=7161964542.582s, min_seconds_to_retain_logs=660.000s, replay_from_this_or_earlier_time_was_initialized=0, *replay_from_this_or_earlier_time=7161963882.582s, is_first_op_id_low_enough=0, is_first_op_time_early_enough=0
I0311 03:37:41.305071    29 log_util.cc:817] Found no log entry headers
I0311 03:37:41.308827    28 tablet_bootstrap.cc:386] T e778eac89ca24f2993340a6d09c687f8 P 096da8680d274dba91b50831a23bfd58: Bootstrap optimizer (skip_flushed_entries): op_id_replay_lowest=-1.-1 (regular_op_id=-1.-1, intents_op_id=-1.-1, has_intents_db=0)
I0311 03:37:41.309770    27 log_util.cc:817] Found no log entry headers
I0311 03:37:41.311527    27 log_util.cc:666] Ignoring partially flushed segment in write ahead log /mnt/tserver/yb-data/tserver/wals/table-929f7d28b7a2483c9b6c4652af3f6131/tablet-ef19613afa234c5d943034489b070927/wal-000000009 because there are no log entries following this one. The server probably crashed in the middle of writing an entry to the write-ahead log or downloaded an active log via remote bootstrap. Error detail: Corruption (yb/consensus/log_util.cc:889): Invalid checksum in log entry head header: found=0, computed=2351477386: Failed trying to read batch #3 at offset 195 for log segment /mnt/tserver/yb-data/tserver/wals/table-929f7d28b7a2483c9b6c4652af3f6131/tablet-ef19613afa234c5d943034489b070927/wal-000000009: Prior batch offsets: 107 167 195; Last log entries read: [REPLICATE (9.9)]
I0311 03:37:41.310374    29 log_util.cc:666] Ignoring partially flushed segment in write ahead log /mnt/tserver/yb-data/tserver/wals/table-929f7d28b7a2483c9b6c4652af3f6131/tablet-df17b40b75664e0aaa44ec6687a7a233/wal-000000009 because there are no log entries following this one. The server probably crashed in the middle of writing an entry to the write-ahead log or downloaded an active log via remote bootstrap. Error detail: Corruption (yb/consensus/log_util.cc:889): Invalid checksum in log entry head header: found=0, computed=2351477386: Failed trying to read batch #3 at offset 195 for log segment /mnt/tserver/yb-data/tserver/wals/table-929f7d28b7a2483c9b6c4652af3f6131/tablet-df17b40b75664e0aaa44ec6687a7a233/wal-000000009: Prior batch offsets: 107 167 195; Last log entries read: [REPLICATE (9.9)]
I0311 03:37:41.311064    28 tablet_bootstrap.cc:1237] T e778eac89ca24f2993340a6d09c687f8 P 096da8680d274dba91b50831a23bfd58: Segment /mnt/tserver/yb-data/tserver/wals/table-929f7d28b7a2483c9b6c4652af3f6131/tablet-e778eac89ca24f2993340a6d09c687f8/wal-000000009 cannot be used as the first segment to start replay with according to our OpId and retention criteria. Continuing to earlier segments.op_id=9.9, op_id_replay_lowest=-1.-1, first_op_time=3919098802.774s, min_seconds_to_retain_logs=660.000s, replay_from_this_or_earlier_time_was_initialized=0, *replay_from_this_or_earlier_time=3919098142.774s, is_first_op_id_low_enough=0, is_first_op_time_early_enough=0
I0311 03:37:41.310061    30 tablet_bootstrap.cc:1237] T c47912c0b2714f58b34c56d0e2dc9025 P 096da8680d274dba91b50831a23bfd58: Segment /mnt/tserver/yb-data/tserver/wals/table-929f7d28b7a2483c9b6c4652af3f6131/tablet-c47912c0b2714f58b34c56d0e2dc9025/wal-000000008 cannot be used as the first segment to start replay with according to our OpId and retention criteria. Continuing to earlier segments.op_id=8.8, op_id_replay_lowest=-1.-1, first_op_time=7161964539.043s, min_seconds_to_retain_logs=660.000s, replay_from_this_or_earlier_time_was_initialized=1, *replay_from_this_or_earlier_time=7161963882.582s, is_first_op_id_low_enough=0, is_first_op_time_early_enough=0
I0311 03:37:41.315548    30 tablet_bootstrap.cc:1237] T c47912c0b2714f58b34c56d0e2dc9025 P 096da8680d274dba91b50831a23bfd58: Segment /mnt/tserver/yb-data/tserver/wals/table-929f7d28b7a2483c9b6c4652af3f6131/tablet-c47912c0b2714f58b34c56d0e2dc9025/wal-000000007 cannot be used as the first segment to start replay with according to our OpId and retention criteria. Continuing to earlier segments.op_id=7.7, op_id_replay_lowest=-1.-1, first_op_time=7161964535.354s, min_seconds_to_retain_logs=660.000s, replay_from_this_or_earlier_time_was_initialized=1, *replay_from_this_or_earlier_time=7161963882.582s, is_first_op_id_low_enough=0, is_first_op_time_early_enough=0
I0311 03:37:41.316253    30 tablet_bootstrap.cc:1237] T c47912c0b2714f58b34c56d0e2dc9025 P 096da8680d274dba91b50831a23bfd58: Segment /mnt/tserver/yb-data/tserver/wals/table-929f7d28b7a2483c9b6c4652af3f6131/tablet-c47912c0b2714f58b34c56d0e2dc9025/wal-000000006 cannot be used as the first segment to start replay with according to our OpId and retention criteria. However, this is already the earliest segment so we have to start replay here. We should probably investigate how we got into this situation. op_id=6.6, op_id_replay_lowest=-1.-1, first_op_time=7161964532.091s, min_seconds_to_retain_logs=660.000s, replay_from_this_or_earlier_time_was_initialized=1, *replay_from_this_or_earlier_time=7161963882.582s, is_first_op_id_low_enough=0, is_first_op_time_early_enough=0
I0311 03:37:41.316859    30 tablet_bootstrap.cc:1250] T c47912c0b2714f58b34c56d0e2dc9025 P 096da8680d274dba91b50831a23bfd58: Bootstrap optimizer (skip_flushed_entries): will replay all segments starting from the very first one.
W0311 03:37:41.311590    41 heartbeater.cc:658] P 096da8680d274dba91b50831a23bfd58: Failed to heartbeat to yb-master-n1:7100: Service unavailable (yb/tserver/heartbeater.cc:479): Master is no longer the leader: code: NOT_THE_LEADER status { code: SERVICE_UNAVAILABLE message: "Catalog manager is not initialized. State: 1" source_file: "../../src/yb/master/scoped_leader_shared_lock.cc" source_line: 91 errors: "\000" } tries=0, num=1, masters=0x00000040152207c8 -> [[yb-master-n1:7100]], code=Service unavailable
I0311 03:37:41.314280    27 log_util.cc:285] Successfully rebuilt footer for segment: /mnt/tserver/yb-data/tserver/wals/table-929f7d28b7a2483c9b6c4652af3f6131/tablet-ef19613afa234c5d943034489b070927/wal-000000009 (valid entries through byte offset 195)
I0311 03:37:41.314749    29 log_util.cc:285] Successfully rebuilt footer for segment: /mnt/tserver/yb-data/tserver/wals/table-929f7d28b7a2483c9b6c4652af3f6131/tablet-df17b40b75664e0aaa44ec6687a7a233/wal-000000009 (valid entries through byte offset 195)
I0311 03:37:41.319814    29 log.cc:661] T df17b40b75664e0aaa44ec6687a7a233 P 096da8680d274dba91b50831a23bfd58: Opened existing logs. Last segment is /mnt/tserver/yb-data/tserver/wals/table-929f7d28b7a2483c9b6c4652af3f6131/tablet-df17b40b75664e0aaa44ec6687a7a233/wal-000000009
I0311 03:37:41.319473    27 log.cc:661] T ef19613afa234c5d943034489b070927 P 096da8680d274dba91b50831a23bfd58: Opened existing logs. Last segment is /mnt/tserver/yb-data/tserver/wals/table-929f7d28b7a2483c9b6c4652af3f6131/tablet-ef19613afa234c5d943034489b070927/wal-000000009
I0311 03:37:41.315210    28 tablet_bootstrap.cc:1237] T e778eac89ca24f2993340a6d09c687f8 P 096da8680d274dba91b50831a23bfd58: Segment /mnt/tserver/yb-data/tserver/wals/table-929f7d28b7a2483c9b6c4652af3f6131/tablet-e778eac89ca24f2993340a6d09c687f8/wal-000000008 cannot be used as the first segment to start replay with according to our OpId and retention criteria. Continuing to earlier segments.op_id=8.8, op_id_replay_lowest=-1.-1, first_op_time=3919098800.049s, min_seconds_to_retain_logs=660.000s, replay_from_this_or_earlier_time_was_initialized=1, *replay_from_this_or_earlier_time=3919098142.774s, is_first_op_id_low_enough=0, is_first_op_time_early_enough=0
I0311 03:37:41.320971    28 tablet_bootstrap.cc:1237] T e778eac89ca24f2993340a6d09c687f8 P 096da8680d274dba91b50831a23bfd58: Segment /mnt/tserver/yb-data/tserver/wals/table-929f7d28b7a2483c9b6c4652af3f6131/tablet-e778eac89ca24f2993340a6d09c687f8/wal-000000007 cannot be used as the first segment to start replay with according to our OpId and retention criteria. Continuing to earlier segments.op_id=7.7, op_id_replay_lowest=-1.-1, first_op_time=3919098796.576s, min_seconds_to_retain_logs=660.000s, replay_from_this_or_earlier_time_was_initialized=1, *replay_from_this_or_earlier_time=3919098142.774s, is_first_op_id_low_enough=0, is_first_op_time_early_enough=0
I0311 03:37:41.321767    28 tablet_bootstrap.cc:1237] T e778eac89ca24f2993340a6d09c687f8 P 096da8680d274dba91b50831a23bfd58: Segment /mnt/tserver/yb-data/tserver/wals/table-929f7d28b7a2483c9b6c4652af3f6131/tablet-e778eac89ca24f2993340a6d09c687f8/wal-000000006 cannot be used as the first segment to start replay with according to our OpId and retention criteria. However, this is already the earliest segment so we have to start replay here. We should probably investigate how we got into this situation. op_id=6.6, op_id_replay_lowest=-1.-1, first_op_time=3919098792.977s, min_seconds_to_retain_logs=660.000s, replay_from_this_or_earlier_time_was_initialized=1, *replay_from_this_or_earlier_time=3919098142.774s, is_first_op_id_low_enough=0, is_first_op_time_early_enough=0
I0311 03:37:41.320767    41 heartbeater.cc:338] P 096da8680d274dba91b50831a23bfd58: Connected to a leader master server at yb-master-n1:7100
I0311 03:37:41.320180    29 tablet_bootstrap.cc:386] T df17b40b75664e0aaa44ec6687a7a233 P 096da8680d274dba91b50831a23bfd58: Bootstrap optimizer (skip_flushed_entries): op_id_replay_lowest=-1.-1 (regular_op_id=-1.-1, intents_op_id=-1.-1, has_intents_db=0)
I0311 03:37:41.320611    27 tablet_bootstrap.cc:386] T ef19613afa234c5d943034489b070927 P 096da8680d274dba91b50831a23bfd58: Bootstrap optimizer (skip_flushed_entries): op_id_replay_lowest=-1.-1 (regular_op_id=-1.-1, intents_op_id=-1.-1, has_intents_db=0)
I0311 03:37:41.322647    28 tablet_bootstrap.cc:1250] T e778eac89ca24f2993340a6d09c687f8 P 096da8680d274dba91b50831a23bfd58: Bootstrap optimizer (skip_flushed_entries): will replay all segments starting from the very first one.
I0311 03:37:41.323046    41 heartbeater.cc:387] P 096da8680d274dba91b50831a23bfd58: Registering TS with master...
I0311 03:37:41.323395    29 tablet_bootstrap.cc:1237] T df17b40b75664e0aaa44ec6687a7a233 P 096da8680d274dba91b50831a23bfd58: Segment /mnt/tserver/yb-data/tserver/wals/table-929f7d28b7a2483c9b6c4652af3f6131/tablet-df17b40b75664e0aaa44ec6687a7a233/wal-000000009 cannot be used as the first segment to start replay with according to our OpId and retention criteria. Continuing to earlier segments.op_id=9.9, op_id_replay_lowest=-1.-1, first_op_time=3990591280.536s, min_seconds_to_retain_logs=660.000s, replay_from_this_or_earlier_time_was_initialized=0, *replay_from_this_or_earlier_time=3990590620.536s, is_first_op_id_low_enough=0, is_first_op_time_early_enough=0
I0311 03:37:41.325413    29 tablet_bootstrap.cc:1237] T df17b40b75664e0aaa44ec6687a7a233 P 096da8680d274dba91b50831a23bfd58: Segment /mnt/tserver/yb-data/tserver/wals/table-929f7d28b7a2483c9b6c4652af3f6131/tablet-df17b40b75664e0aaa44ec6687a7a233/wal-000000008 cannot be used as the first segment to start replay with according to our OpId and retention criteria. Continuing to earlier segments.op_id=8.8, op_id_replay_lowest=-1.-1, first_op_time=3990591277.934s, min_seconds_to_retain_logs=660.000s, replay_from_this_or_earlier_time_was_initialized=1, *replay_from_this_or_earlier_time=3990590620.536s, is_first_op_id_low_enough=0, is_first_op_time_early_enough=0
I0311 03:37:41.324213    30 tablet_bootstrap_if.cc:96] T c47912c0b2714f58b34c56d0e2dc9025 P 096da8680d274dba91b50831a23bfd58: Bootstrap replayed 1/4 log segments. Read operations: 1, overwritten operations: 0. Pending: 1 replicates. Last read committed op id: 6.6, last entry metadata: { entry_time: 7161964532.091s offset: 107 active_segment_sequence_number: 6 }, last read entry op id: 6.6
I0311 03:37:41.325075    41 server_base.cc:541] Using private rpc address yb-tserver-n1
I0311 03:37:41.323827    27 tablet_bootstrap.cc:1237] T ef19613afa234c5d943034489b070927 P 096da8680d274dba91b50831a23bfd58: Segment /mnt/tserver/yb-data/tserver/wals/table-929f7d28b7a2483c9b6c4652af3f6131/tablet-ef19613afa234c5d943034489b070927/wal-000000009 cannot be used as the first segment to start replay with according to our OpId and retention criteria. Continuing to earlier segments.op_id=9.9, op_id_replay_lowest=-1.-1, first_op_time=3976846290.360s, min_seconds_to_retain_logs=660.000s, replay_from_this_or_earlier_time_was_initialized=0, *replay_from_this_or_earlier_time=3976845630.360s, is_first_op_id_low_enough=0, is_first_op_time_early_enough=0
I0311 03:37:41.329365    27 tablet_bootstrap.cc:1237] T ef19613afa234c5d943034489b070927 P 096da8680d274dba91b50831a23bfd58: Segment /mnt/tserver/yb-data/tserver/wals/table-929f7d28b7a2483c9b6c4652af3f6131/tablet-ef19613afa234c5d943034489b070927/wal-000000008 cannot be used as the first segment to start replay with according to our OpId and retention criteria. Continuing to earlier segments.op_id=8.8, op_id_replay_lowest=-1.-1, first_op_time=3976846287.480s, min_seconds_to_retain_logs=660.000s, replay_from_this_or_earlier_time_was_initialized=1, *replay_from_this_or_earlier_time=3976845630.360s, is_first_op_id_low_enough=0, is_first_op_time_early_enough=0
I0311 03:37:41.327199    30 tablet_bootstrap_if.cc:96] T c47912c0b2714f58b34c56d0e2dc9025 P 096da8680d274dba91b50831a23bfd58: Bootstrap replayed 2/4 log segments. Read operations: 2, overwritten operations: 0. Pending: 1 replicates. Last read committed op id: 7.7, last entry metadata: { entry_time: 7161964535.354s offset: 107 active_segment_sequence_number: 7 }, last read entry op id: 7.7
I0311 03:37:41.327988    41 server_base.cc:563] Using http address yb-tserver-n1
I0311 03:37:41.329022    28 tablet_bootstrap_if.cc:96] T e778eac89ca24f2993340a6d09c687f8 P 096da8680d274dba91b50831a23bfd58: Bootstrap replayed 1/4 log segments. Read operations: 1, overwritten operations: 0. Pending: 1 replicates. Last read committed op id: 6.6, last entry metadata: { entry_time: 3919098792.977s offset: 107 active_segment_sequence_number: 6 }, last read entry op id: 6.6
I0311 03:37:41.326000    29 tablet_bootstrap.cc:1237] T df17b40b75664e0aaa44ec6687a7a233 P 096da8680d274dba91b50831a23bfd58: Segment /mnt/tserver/yb-data/tserver/wals/table-929f7d28b7a2483c9b6c4652af3f6131/tablet-df17b40b75664e0aaa44ec6687a7a233/wal-000000007 cannot be used as the first segment to start replay with according to our OpId and retention criteria. Continuing to earlier segments.op_id=7.7, op_id_replay_lowest=-1.-1, first_op_time=3990591274.485s, min_seconds_to_retain_logs=660.000s, replay_from_this_or_earlier_time_was_initialized=1, *replay_from_this_or_earlier_time=3990590620.536s, is_first_op_id_low_enough=0, is_first_op_time_early_enough=0
I0311 03:37:41.331775    29 tablet_bootstrap.cc:1237] T df17b40b75664e0aaa44ec6687a7a233 P 096da8680d274dba91b50831a23bfd58: Segment /mnt/tserver/yb-data/tserver/wals/table-929f7d28b7a2483c9b6c4652af3f6131/tablet-df17b40b75664e0aaa44ec6687a7a233/wal-000000006 cannot be used as the first segment to start replay with according to our OpId and retention criteria. However, this is already the earliest segment so we have to start replay here. We should probably investigate how we got into this situation. op_id=6.6, op_id_replay_lowest=-1.-1, first_op_time=3990591271.744s, min_seconds_to_retain_logs=660.000s, replay_from_this_or_earlier_time_was_initialized=1, *replay_from_this_or_earlier_time=3990590620.536s, is_first_op_id_low_enough=0, is_first_op_time_early_enough=0
I0311 03:37:41.332263    29 tablet_bootstrap.cc:1250] T df17b40b75664e0aaa44ec6687a7a233 P 096da8680d274dba91b50831a23bfd58: Bootstrap optimizer (skip_flushed_entries): will replay all segments starting from the very first one.
I0311 03:37:41.331529    28 tablet_bootstrap_if.cc:96] T e778eac89ca24f2993340a6d09c687f8 P 096da8680d274dba91b50831a23bfd58: Bootstrap replayed 2/4 log segments. Read operations: 2, overwritten operations: 0. Pending: 1 replicates. Last read committed op id: 7.7, last entry metadata: { entry_time: 3919098796.576s offset: 107 active_segment_sequence_number: 7 }, last read entry op id: 7.7
I0311 03:37:41.330003    27 tablet_bootstrap.cc:1237] T ef19613afa234c5d943034489b070927 P 096da8680d274dba91b50831a23bfd58: Segment /mnt/tserver/yb-data/tserver/wals/table-929f7d28b7a2483c9b6c4652af3f6131/tablet-ef19613afa234c5d943034489b070927/wal-000000007 cannot be used as the first segment to start replay with according to our OpId and retention criteria. Continuing to earlier segments.op_id=7.7, op_id_replay_lowest=-1.-1, first_op_time=3976846284.716s, min_seconds_to_retain_logs=660.000s, replay_from_this_or_earlier_time_was_initialized=1, *replay_from_this_or_earlier_time=3976845630.360s, is_first_op_id_low_enough=0, is_first_op_time_early_enough=0
I0311 03:37:41.330549    30 tablet_bootstrap_if.cc:96] T c47912c0b2714f58b34c56d0e2dc9025 P 096da8680d274dba91b50831a23bfd58: Bootstrap replayed 3/4 log segments. Read operations: 3, overwritten operations: 0. Pending: 1 replicates. Last read committed op id: 8.8, last entry metadata: { entry_time: 7161964539.043s offset: 107 active_segment_sequence_number: 8 }, last read entry op id: 8.8
I0311 03:37:41.333115    28 tablet_bootstrap_if.cc:96] T e778eac89ca24f2993340a6d09c687f8 P 096da8680d274dba91b50831a23bfd58: Bootstrap replayed 3/4 log segments. Read operations: 3, overwritten operations: 0. Pending: 1 replicates. Last read committed op id: 8.8, last entry metadata: { entry_time: 3919098800.049s offset: 107 active_segment_sequence_number: 8 }, last read entry op id: 8.8
W0311 03:37:41.334182    41 heartbeater.cc:658] P 096da8680d274dba91b50831a23bfd58: Failed to heartbeat to yb-master-n1:7100: Service unavailable (yb/tserver/heartbeater.cc:479): Master is no longer the leader: code: NOT_THE_LEADER status { code: SERVICE_UNAVAILABLE message: "Catalog manager is not initialized. State: 1" source_file: "../../src/yb/master/scoped_leader_shared_lock.cc" source_line: 91 errors: "\000" } tries=1, num=1, masters=0x00000040152207c8 -> [[yb-master-n1:7100]], code=Service unavailable
I0311 03:37:41.334937    27 tablet_bootstrap.cc:1237] T ef19613afa234c5d943034489b070927 P 096da8680d274dba91b50831a23bfd58: Segment /mnt/tserver/yb-data/tserver/wals/table-929f7d28b7a2483c9b6c4652af3f6131/tablet-ef19613afa234c5d943034489b070927/wal-000000006 cannot be used as the first segment to start replay with according to our OpId and retention criteria. However, this is already the earliest segment so we have to start replay here. We should probably investigate how we got into this situation. op_id=6.6, op_id_replay_lowest=-1.-1, first_op_time=3976846281.011s, min_seconds_to_retain_logs=660.000s, replay_from_this_or_earlier_time_was_initialized=1, *replay_from_this_or_earlier_time=3976845630.360s, is_first_op_id_low_enough=0, is_first_op_time_early_enough=0
I0311 03:37:41.338052    27 tablet_bootstrap.cc:1250] T ef19613afa234c5d943034489b070927 P 096da8680d274dba91b50831a23bfd58: Bootstrap optimizer (skip_flushed_entries): will replay all segments starting from the very first one.
I0311 03:37:41.335999    29 tablet_bootstrap_if.cc:96] T df17b40b75664e0aaa44ec6687a7a233 P 096da8680d274dba91b50831a23bfd58: Bootstrap replayed 1/4 log segments. Read operations: 1, overwritten operations: 0. Pending: 1 replicates. Last read committed op id: 6.6, last entry metadata: { entry_time: 3990591271.744s offset: 107 active_segment_sequence_number: 6 }, last read entry op id: 6.6
I0311 03:37:41.336057    28 tablet_bootstrap_if.cc:96] T e778eac89ca24f2993340a6d09c687f8 P 096da8680d274dba91b50831a23bfd58: Bootstrap replayed 4/4 log segments. Read operations: 4, overwritten operations: 0. Pending: 1 replicates. Last read committed op id: 9.9, last entry metadata: { entry_time: 3919098802.774s offset: 107 active_segment_sequence_number: 9 }, last read entry op id: 9.9
I0311 03:37:41.335465    30 tablet_bootstrap_if.cc:96] T c47912c0b2714f58b34c56d0e2dc9025 P 096da8680d274dba91b50831a23bfd58: Bootstrap replayed 4/4 log segments. Read operations: 4, overwritten operations: 0. Pending: 1 replicates. Last read committed op id: 9.9, last entry metadata: { entry_time: 7161964542.582s offset: 107 active_segment_sequence_number: 9 }, last read entry op id: 9.9
I0311 03:37:41.338930    29 tablet_bootstrap_if.cc:96] T df17b40b75664e0aaa44ec6687a7a233 P 096da8680d274dba91b50831a23bfd58: Bootstrap replayed 2/4 log segments. Read operations: 2, overwritten operations: 0. Pending: 1 replicates. Last read committed op id: 7.7, last entry metadata: { entry_time: 3990591274.485s offset: 107 active_segment_sequence_number: 7 }, last read entry op id: 7.7
I0311 03:37:41.339164    41 heartbeater.cc:338] P 096da8680d274dba91b50831a23bfd58: Connected to a leader master server at yb-master-n1:7100
I0311 03:37:41.339761    28 tablet_bootstrap.cc:1405] T e778eac89ca24f2993340a6d09c687f8 P 096da8680d274dba91b50831a23bfd58: Dumping replay state to log at the end of PlaySegments
I0311 03:37:41.341034    30 tablet_bootstrap.cc:1405] T c47912c0b2714f58b34c56d0e2dc9025 P 096da8680d274dba91b50831a23bfd58: Dumping replay state to log at the end of PlaySegments
I0311 03:37:41.341861    29 tablet_bootstrap_if.cc:96] T df17b40b75664e0aaa44ec6687a7a233 P 096da8680d274dba91b50831a23bfd58: Bootstrap replayed 3/4 log segments. Read operations: 3, overwritten operations: 0. Pending: 1 replicates. Last read committed op id: 8.8, last entry metadata: { entry_time: 3990591277.934s offset: 107 active_segment_sequence_number: 8 }, last read entry op id: 8.8
I0311 03:37:41.342244    41 heartbeater.cc:387] P 096da8680d274dba91b50831a23bfd58: Registering TS with master...
I0311 03:37:41.343071    28 tablet_bootstrap.cc:1101] T e778eac89ca24f2993340a6d09c687f8 P 096da8680d274dba91b50831a23bfd58: ReplayState: Previous OpId: 9.9, Committed OpId: 9.9, Pending Replicates: 0, Flushed Regular: -1.-1, Flushed Intents: -1.-1
I0311 03:37:41.344580    28 tablet_bootstrap.cc:1101] T e778eac89ca24f2993340a6d09c687f8 P 096da8680d274dba91b50831a23bfd58: Log entries applied to RocksDB: 4
I0311 03:37:41.343807    29 tablet_bootstrap_if.cc:96] T df17b40b75664e0aaa44ec6687a7a233 P 096da8680d274dba91b50831a23bfd58: Bootstrap replayed 4/4 log segments. Read operations: 4, overwritten operations: 0. Pending: 1 replicates. Last read committed op id: 9.9, last entry metadata: { entry_time: 3990591280.536s offset: 107 active_segment_sequence_number: 9 }, last read entry op id: 9.9
I0311 03:37:41.344111    41 server_base.cc:541] Using private rpc address yb-tserver-n1
I0311 03:37:41.343293    30 tablet_bootstrap.cc:1101] T c47912c0b2714f58b34c56d0e2dc9025 P 096da8680d274dba91b50831a23bfd58: ReplayState: Previous OpId: 9.9, Committed OpId: 9.9, Pending Replicates: 0, Flushed Regular: -1.-1, Flushed Intents: -1.-1
I0311 03:37:41.345963    28 tablet_bootstrap.cc:1416] T e778eac89ca24f2993340a6d09c687f8 P 096da8680d274dba91b50831a23bfd58: Number of orphaned replicates: 0, last id: 9.9, committed id: 9.9
I0311 03:37:41.346032    27 tablet_bootstrap_if.cc:96] T ef19613afa234c5d943034489b070927 P 096da8680d274dba91b50831a23bfd58: Bootstrap replayed 1/4 log segments. Read operations: 1, overwritten operations: 0. Pending: 1 replicates. Last read committed op id: 6.6, last entry metadata: { entry_time: 3976846281.011s offset: 107 active_segment_sequence_number: 6 }, last read entry op id: 6.6
I0311 03:37:41.346319    29 tablet_bootstrap.cc:1405] T df17b40b75664e0aaa44ec6687a7a233 P 096da8680d274dba91b50831a23bfd58: Dumping replay state to log at the end of PlaySegments
I0311 03:37:41.348645    29 tablet_bootstrap.cc:1101] T df17b40b75664e0aaa44ec6687a7a233 P 096da8680d274dba91b50831a23bfd58: ReplayState: Previous OpId: 9.9, Committed OpId: 9.9, Pending Replicates: 0, Flushed Regular: -1.-1, Flushed Intents: -1.-1
I0311 03:37:41.347090    30 tablet_bootstrap.cc:1101] T c47912c0b2714f58b34c56d0e2dc9025 P 096da8680d274dba91b50831a23bfd58: Log entries applied to RocksDB: 4
I0311 03:37:41.348021    27 tablet_bootstrap_if.cc:96] T ef19613afa234c5d943034489b070927 P 096da8680d274dba91b50831a23bfd58: Bootstrap replayed 2/4 log segments. Read operations: 2, overwritten operations: 0. Pending: 1 replicates. Last read committed op id: 7.7, last entry metadata: { entry_time: 3976846284.716s offset: 107 active_segment_sequence_number: 7 }, last read entry op id: 7.7
I0311 03:37:41.351284    27 tablet_bootstrap_if.cc:96] T ef19613afa234c5d943034489b070927 P 096da8680d274dba91b50831a23bfd58: Bootstrap replayed 3/4 log segments. Read operations: 3, overwritten operations: 0. Pending: 1 replicates. Last read committed op id: 8.8, last entry metadata: { entry_time: 3976846287.480s offset: 107 active_segment_sequence_number: 8 }, last read entry op id: 8.8
I0311 03:37:41.349153    29 tablet_bootstrap.cc:1101] T df17b40b75664e0aaa44ec6687a7a233 P 096da8680d274dba91b50831a23bfd58: Log entries applied to RocksDB: 4
I0311 03:37:41.349661    30 tablet_bootstrap.cc:1416] T c47912c0b2714f58b34c56d0e2dc9025 P 096da8680d274dba91b50831a23bfd58: Number of orphaned replicates: 0, last id: 9.9, committed id: 9.9
I0311 03:37:41.346768    41 server_base.cc:563] Using http address yb-tserver-n1
I0311 03:37:41.352239    27 tablet_bootstrap_if.cc:96] T ef19613afa234c5d943034489b070927 P 096da8680d274dba91b50831a23bfd58: Bootstrap replayed 4/4 log segments. Read operations: 4, overwritten operations: 0. Pending: 1 replicates. Last read committed op id: 9.9, last entry metadata: { entry_time: 3976846290.360s offset: 107 active_segment_sequence_number: 9 }, last read entry op id: 9.9
I0311 03:37:41.352494    29 tablet_bootstrap.cc:1416] T df17b40b75664e0aaa44ec6687a7a233 P 096da8680d274dba91b50831a23bfd58: Number of orphaned replicates: 0, last id: 9.9, committed id: 9.9
I0311 03:37:41.354311    27 tablet_bootstrap.cc:1405] T ef19613afa234c5d943034489b070927 P 096da8680d274dba91b50831a23bfd58: Dumping replay state to log at the end of PlaySegments
I0311 03:37:41.355063    27 tablet_bootstrap.cc:1101] T ef19613afa234c5d943034489b070927 P 096da8680d274dba91b50831a23bfd58: ReplayState: Previous OpId: 9.9, Committed OpId: 9.9, Pending Replicates: 0, Flushed Regular: -1.-1, Flushed Intents: -1.-1
I0311 03:37:41.355844    27 tablet_bootstrap.cc:1101] T ef19613afa234c5d943034489b070927 P 096da8680d274dba91b50831a23bfd58: Log entries applied to RocksDB: 4
I0311 03:37:41.356415    27 tablet_bootstrap.cc:1416] T ef19613afa234c5d943034489b070927 P 096da8680d274dba91b50831a23bfd58: Number of orphaned replicates: 0, last id: 9.9, committed id: 9.9
W0311 03:37:41.356772    41 heartbeater.cc:658] P 096da8680d274dba91b50831a23bfd58: Failed to heartbeat to yb-master-n1:7100: Service unavailable (yb/tserver/heartbeater.cc:479): Master is no longer the leader: code: NOT_THE_LEADER status { code: SERVICE_UNAVAILABLE message: "Catalog manager is not initialized. State: 1" source_file: "../../src/yb/master/scoped_leader_shared_lock.cc" source_line: 91 errors: "\000" } tries=2, num=1, masters=0x00000040152207c8 -> [[yb-master-n1:7100]], code=Service unavailable
I0311 03:37:41.359732    30 tablet_bootstrap_if.cc:96] T c47912c0b2714f58b34c56d0e2dc9025 P 096da8680d274dba91b50831a23bfd58: Bootstrap complete.
W0311 03:37:41.359748    41 heartbeater.cc:361] P 096da8680d274dba91b50831a23bfd58: Failed 3 heartbeats in a row: no longer allowing fast heartbeat attempts.
I0311 03:37:41.361488    28 tablet_bootstrap_if.cc:96] T e778eac89ca24f2993340a6d09c687f8 P 096da8680d274dba91b50831a23bfd58: Bootstrap complete.
I0311 03:37:41.363250    41 heartbeater.cc:338] P 096da8680d274dba91b50831a23bfd58: Connected to a leader master server at yb-master-n1:7100
I0311 03:37:41.364356    41 heartbeater.cc:387] P 096da8680d274dba91b50831a23bfd58: Registering TS with master...
I0311 03:37:41.364264    27 tablet_bootstrap_if.cc:96] T ef19613afa234c5d943034489b070927 P 096da8680d274dba91b50831a23bfd58: Bootstrap complete.
I0311 03:37:41.363936    29 tablet_bootstrap_if.cc:96] T df17b40b75664e0aaa44ec6687a7a233 P 096da8680d274dba91b50831a23bfd58: Bootstrap complete.
I0311 03:37:41.364853    41 server_base.cc:541] Using private rpc address yb-tserver-n1
I0311 03:37:41.366425    41 server_base.cc:563] Using http address yb-tserver-n1
W0311 03:37:41.374598    41 heartbeater.cc:658] P 096da8680d274dba91b50831a23bfd58: Failed to heartbeat to yb-master-n1:7100: Service unavailable (yb/tserver/heartbeater.cc:479): Master is no longer the leader: code: NOT_THE_LEADER status { code: SERVICE_UNAVAILABLE message: "Catalog manager is not initialized. State: 1" source_file: "../../src/yb/master/scoped_leader_shared_lock.cc" source_line: 91 errors: "\000" } tries=3, num=1, masters=0x00000040152207c8 -> [[yb-master-n1:7100]], code=Service unavailable
I0311 03:37:41.403749    27 log.cc:1278] T ef19613afa234c5d943034489b070927 P 096da8680d274dba91b50831a23bfd58: Setting log wal retention time to 0 seconds
I0311 03:37:41.403867    28 log.cc:1278] T e778eac89ca24f2993340a6d09c687f8 P 096da8680d274dba91b50831a23bfd58: Setting log wal retention time to 0 seconds
I0311 03:37:41.403911    30 log.cc:1278] T c47912c0b2714f58b34c56d0e2dc9025 P 096da8680d274dba91b50831a23bfd58: Setting log wal retention time to 0 seconds
I0311 03:37:41.405267    27 ts_tablet_manager.cc:1506] T ef19613afa234c5d943034489b070927 P 096da8680d274dba91b50831a23bfd58: Time spent bootstrapping tablet: real 0.423s	user 0.018s	sys 0.026s
I0311 03:37:41.406639    28 ts_tablet_manager.cc:1506] T e778eac89ca24f2993340a6d09c687f8 P 096da8680d274dba91b50831a23bfd58: Time spent bootstrapping tablet: real 0.424s	user 0.026s	sys 0.017s
I0311 03:37:41.407037    30 ts_tablet_manager.cc:1506] T c47912c0b2714f58b34c56d0e2dc9025 P 096da8680d274dba91b50831a23bfd58: Time spent bootstrapping tablet: real 0.424s	user 0.027s	sys 0.018s
I0311 03:37:41.407231    29 log.cc:1278] T df17b40b75664e0aaa44ec6687a7a233 P 096da8680d274dba91b50831a23bfd58: Setting log wal retention time to 0 seconds
I0311 03:37:41.408665    29 ts_tablet_manager.cc:1506] T df17b40b75664e0aaa44ec6687a7a233 P 096da8680d274dba91b50831a23bfd58: Time spent bootstrapping tablet: real 0.425s	user 0.024s	sys 0.010s
I0311 03:37:41.422466    29 tablet_peer.cc:1033] T df17b40b75664e0aaa44ec6687a7a233 P 096da8680d274dba91b50831a23bfd58 [state=BOOTSTRAPPING]: Setting cdc min replicated index to 9223372036854775807
I0311 03:37:41.422497    30 tablet_peer.cc:1033] T c47912c0b2714f58b34c56d0e2dc9025 P 096da8680d274dba91b50831a23bfd58 [state=BOOTSTRAPPING]: Setting cdc min replicated index to 9223372036854775807
I0311 03:37:41.422605    28 tablet_peer.cc:1033] T e778eac89ca24f2993340a6d09c687f8 P 096da8680d274dba91b50831a23bfd58 [state=BOOTSTRAPPING]: Setting cdc min replicated index to 9223372036854775807
I0311 03:37:41.422468    27 tablet_peer.cc:1033] T ef19613afa234c5d943034489b070927 P 096da8680d274dba91b50831a23bfd58 [state=BOOTSTRAPPING]: Setting cdc min replicated index to 9223372036854775807
I0311 03:37:41.442485    30 consensus_meta.cc:317] T c47912c0b2714f58b34c56d0e2dc9025 P 096da8680d274dba91b50831a23bfd58: Updating active role from FOLLOWER to FOLLOWER. Consensus state: current_term: 9 leader_uuid: "" config { opid_index: -1 peers { permanent_uuid: "096da8680d274dba91b50831a23bfd58" member_type: VOTER last_known_private_addr { host: "yb-tserver-n1" port: 9100 } cloud_info { placement_cloud: "cloud1" placement_region: "datacenter1" placement_zone: "rack1" } } }, has_pending_config = 0
I0311 03:37:41.442792    27 consensus_meta.cc:317] T ef19613afa234c5d943034489b070927 P 096da8680d274dba91b50831a23bfd58: Updating active role from FOLLOWER to FOLLOWER. Consensus state: current_term: 9 leader_uuid: "" config { opid_index: -1 peers { permanent_uuid: "096da8680d274dba91b50831a23bfd58" member_type: VOTER last_known_private_addr { host: "yb-tserver-n1" port: 9100 } cloud_info { placement_cloud: "cloud1" placement_region: "datacenter1" placement_zone: "rack1" } } }, has_pending_config = 0
I0311 03:37:41.442714    29 consensus_meta.cc:317] T df17b40b75664e0aaa44ec6687a7a233 P 096da8680d274dba91b50831a23bfd58: Updating active role from FOLLOWER to FOLLOWER. Consensus state: current_term: 9 leader_uuid: "" config { opid_index: -1 peers { permanent_uuid: "096da8680d274dba91b50831a23bfd58" member_type: VOTER last_known_private_addr { host: "yb-tserver-n1" port: 9100 } cloud_info { placement_cloud: "cloud1" placement_region: "datacenter1" placement_zone: "rack1" } } }, has_pending_config = 0
I0311 03:37:41.443296    28 consensus_meta.cc:317] T e778eac89ca24f2993340a6d09c687f8 P 096da8680d274dba91b50831a23bfd58: Updating active role from FOLLOWER to FOLLOWER. Consensus state: current_term: 9 leader_uuid: "" config { opid_index: -1 peers { permanent_uuid: "096da8680d274dba91b50831a23bfd58" member_type: VOTER last_known_private_addr { host: "yb-tserver-n1" port: 9100 } cloud_info { placement_cloud: "cloud1" placement_region: "datacenter1" placement_zone: "rack1" } } }, has_pending_config = 0
I0311 03:37:41.443224    30 raft_consensus.cc:480] T c47912c0b2714f58b34c56d0e2dc9025 P 096da8680d274dba91b50831a23bfd58 [term 9 FOLLOWER]: Replica starting. Triggering 0 pending operations. Active config: opid_index: -1 peers { permanent_uuid: "096da8680d274dba91b50831a23bfd58" member_type: VOTER last_known_private_addr { host: "yb-tserver-n1" port: 9100 } cloud_info { placement_cloud: "cloud1" placement_region: "datacenter1" placement_zone: "rack1" } }
I0311 03:37:41.443954    27 raft_consensus.cc:480] T ef19613afa234c5d943034489b070927 P 096da8680d274dba91b50831a23bfd58 [term 9 FOLLOWER]: Replica starting. Triggering 0 pending operations. Active config: opid_index: -1 peers { permanent_uuid: "096da8680d274dba91b50831a23bfd58" member_type: VOTER last_known_private_addr { host: "yb-tserver-n1" port: 9100 } cloud_info { placement_cloud: "cloud1" placement_region: "datacenter1" placement_zone: "rack1" } }
I0311 03:37:41.444325    29 raft_consensus.cc:480] T df17b40b75664e0aaa44ec6687a7a233 P 096da8680d274dba91b50831a23bfd58 [term 9 FOLLOWER]: Replica starting. Triggering 0 pending operations. Active config: opid_index: -1 peers { permanent_uuid: "096da8680d274dba91b50831a23bfd58" member_type: VOTER last_known_private_addr { host: "yb-tserver-n1" port: 9100 } cloud_info { placement_cloud: "cloud1" placement_region: "datacenter1" placement_zone: "rack1" } }
I0311 03:37:41.445317    28 raft_consensus.cc:480] T e778eac89ca24f2993340a6d09c687f8 P 096da8680d274dba91b50831a23bfd58 [term 9 FOLLOWER]: Replica starting. Triggering 0 pending operations. Active config: opid_index: -1 peers { permanent_uuid: "096da8680d274dba91b50831a23bfd58" member_type: VOTER last_known_private_addr { host: "yb-tserver-n1" port: 9100 } cloud_info { placement_cloud: "cloud1" placement_region: "datacenter1" placement_zone: "rack1" } }
I0311 03:37:41.447872    30 raft_consensus.cc:1115] T c47912c0b2714f58b34c56d0e2dc9025 P 096da8680d274dba91b50831a23bfd58 [term 9 FOLLOWER]: Becoming Follower/Learner. State: Replica: 096da8680d274dba91b50831a23bfd58, State: 1, Role: FOLLOWER, Watermarks: {Received: 9.9 Committed: 9.9} Leader: 0.0, new leader: , initial_fd_wait: <uninitialized>
I0311 03:37:41.449550    30 consensus_meta.cc:317] T c47912c0b2714f58b34c56d0e2dc9025 P 096da8680d274dba91b50831a23bfd58: Updating active role from FOLLOWER to FOLLOWER. Consensus state: current_term: 9 leader_uuid: "" config { opid_index: -1 peers { permanent_uuid: "096da8680d274dba91b50831a23bfd58" member_type: VOTER last_known_private_addr { host: "yb-tserver-n1" port: 9100 } cloud_info { placement_cloud: "cloud1" placement_region: "datacenter1" placement_zone: "rack1" } } }, has_pending_config = 0
I0311 03:37:41.447774    29 raft_consensus.cc:1115] T df17b40b75664e0aaa44ec6687a7a233 P 096da8680d274dba91b50831a23bfd58 [term 9 FOLLOWER]: Becoming Follower/Learner. State: Replica: 096da8680d274dba91b50831a23bfd58, State: 1, Role: FOLLOWER, Watermarks: {Received: 9.9 Committed: 9.9} Leader: 0.0, new leader: , initial_fd_wait: <uninitialized>
I0311 03:37:41.452330    29 consensus_meta.cc:317] T df17b40b75664e0aaa44ec6687a7a233 P 096da8680d274dba91b50831a23bfd58: Updating active role from FOLLOWER to FOLLOWER. Consensus state: current_term: 9 leader_uuid: "" config { opid_index: -1 peers { permanent_uuid: "096da8680d274dba91b50831a23bfd58" member_type: VOTER last_known_private_addr { host: "yb-tserver-n1" port: 9100 } cloud_info { placement_cloud: "cloud1" placement_region: "datacenter1" placement_zone: "rack1" } } }, has_pending_config = 0
I0311 03:37:41.447782    28 raft_consensus.cc:1115] T e778eac89ca24f2993340a6d09c687f8 P 096da8680d274dba91b50831a23bfd58 [term 9 FOLLOWER]: Becoming Follower/Learner. State: Replica: 096da8680d274dba91b50831a23bfd58, State: 1, Role: FOLLOWER, Watermarks: {Received: 9.9 Committed: 9.9} Leader: 0.0, new leader: , initial_fd_wait: <uninitialized>
I0311 03:37:41.451262    30 consensus_queue.cc:289] T c47912c0b2714f58b34c56d0e2dc9025 P 096da8680d274dba91b50831a23bfd58 [NON_LEADER]: Queue going to NON_LEADER mode. State: All replicated op: 0.0, Majority replicated op: 0.0, Committed index: 0.0, Last applied: 0.0, Last appended: 9.9, Current term: 0, Majority size: -1, State: QUEUE_OPEN, Mode: NON_LEADER
I0311 03:37:41.447759    27 raft_consensus.cc:1115] T ef19613afa234c5d943034489b070927 P 096da8680d274dba91b50831a23bfd58 [term 9 FOLLOWER]: Becoming Follower/Learner. State: Replica: 096da8680d274dba91b50831a23bfd58, State: 1, Role: FOLLOWER, Watermarks: {Received: 9.9 Committed: 9.9} Leader: 0.0, new leader: , initial_fd_wait: <uninitialized>
I0311 03:37:41.455819    30 raft_consensus.cc:3367] T c47912c0b2714f58b34c56d0e2dc9025 P 096da8680d274dba91b50831a23bfd58 [term 9 FOLLOWER]: Calling mark dirty synchronously for reason code CONSENSUS_STARTED
I0311 03:37:41.455144    28 consensus_meta.cc:317] T e778eac89ca24f2993340a6d09c687f8 P 096da8680d274dba91b50831a23bfd58: Updating active role from FOLLOWER to FOLLOWER. Consensus state: current_term: 9 leader_uuid: "" config { opid_index: -1 peers { permanent_uuid: "096da8680d274dba91b50831a23bfd58" member_type: VOTER last_known_private_addr { host: "yb-tserver-n1" port: 9100 } cloud_info { placement_cloud: "cloud1" placement_region: "datacenter1" placement_zone: "rack1" } } }, has_pending_config = 0
I0311 03:37:41.455902    27 consensus_meta.cc:317] T ef19613afa234c5d943034489b070927 P 096da8680d274dba91b50831a23bfd58: Updating active role from FOLLOWER to FOLLOWER. Consensus state: current_term: 9 leader_uuid: "" config { opid_index: -1 peers { permanent_uuid: "096da8680d274dba91b50831a23bfd58" member_type: VOTER last_known_private_addr { host: "yb-tserver-n1" port: 9100 } cloud_info { placement_cloud: "cloud1" placement_region: "datacenter1" placement_zone: "rack1" } } }, has_pending_config = 0
I0311 03:37:41.457118    30 tablet_peer.cc:1455] T c47912c0b2714f58b34c56d0e2dc9025 P 096da8680d274dba91b50831a23bfd58 [state=RUNNING]: Changed state from BOOTSTRAPPING to RUNNING
I0311 03:37:41.456902    28 consensus_queue.cc:289] T e778eac89ca24f2993340a6d09c687f8 P 096da8680d274dba91b50831a23bfd58 [NON_LEADER]: Queue going to NON_LEADER mode. State: All replicated op: 0.0, Majority replicated op: 0.0, Committed index: 0.0, Last applied: 0.0, Last appended: 9.9, Current term: 0, Majority size: -1, State: QUEUE_OPEN, Mode: NON_LEADER
I0311 03:37:41.453341    29 consensus_queue.cc:289] T df17b40b75664e0aaa44ec6687a7a233 P 096da8680d274dba91b50831a23bfd58 [NON_LEADER]: Queue going to NON_LEADER mode. State: All replicated op: 0.0, Majority replicated op: 0.0, Committed index: 0.0, Last applied: 0.0, Last appended: 9.9, Current term: 0, Majority size: -1, State: QUEUE_OPEN, Mode: NON_LEADER
I0311 03:37:41.459548    29 raft_consensus.cc:3367] T df17b40b75664e0aaa44ec6687a7a233 P 096da8680d274dba91b50831a23bfd58 [term 9 FOLLOWER]: Calling mark dirty synchronously for reason code CONSENSUS_STARTED
I0311 03:37:41.458396    28 raft_consensus.cc:3367] T e778eac89ca24f2993340a6d09c687f8 P 096da8680d274dba91b50831a23bfd58 [term 9 FOLLOWER]: Calling mark dirty synchronously for reason code CONSENSUS_STARTED
I0311 03:37:41.457203    27 consensus_queue.cc:289] T ef19613afa234c5d943034489b070927 P 096da8680d274dba91b50831a23bfd58 [NON_LEADER]: Queue going to NON_LEADER mode. State: All replicated op: 0.0, Majority replicated op: 0.0, Committed index: 0.0, Last applied: 0.0, Last appended: 9.9, Current term: 0, Majority size: -1, State: QUEUE_OPEN, Mode: NON_LEADER
I0311 03:37:41.460153    41 heartbeater.cc:338] P 096da8680d274dba91b50831a23bfd58: Connected to a leader master server at yb-master-n1:7100
I0311 03:37:41.460079    29 tablet_peer.cc:1455] T df17b40b75664e0aaa44ec6687a7a233 P 096da8680d274dba91b50831a23bfd58 [state=RUNNING]: Changed state from BOOTSTRAPPING to RUNNING
I0311 03:37:41.460278    30 tablet_peer.cc:1344] T c47912c0b2714f58b34c56d0e2dc9025 P 096da8680d274dba91b50831a23bfd58 [state=RUNNING]: Registered log gc
I0311 03:37:41.460593    28 tablet_peer.cc:1455] T e778eac89ca24f2993340a6d09c687f8 P 096da8680d274dba91b50831a23bfd58 [state=RUNNING]: Changed state from BOOTSTRAPPING to RUNNING
I0311 03:37:41.471164    27 raft_consensus.cc:3367] T ef19613afa234c5d943034489b070927 P 096da8680d274dba91b50831a23bfd58 [term 9 FOLLOWER]: Calling mark dirty synchronously for reason code CONSENSUS_STARTED
I0311 03:37:41.471684    41 heartbeater.cc:387] P 096da8680d274dba91b50831a23bfd58: Registering TS with master...
I0311 03:37:41.472353    29 tablet_peer.cc:1344] T df17b40b75664e0aaa44ec6687a7a233 P 096da8680d274dba91b50831a23bfd58 [state=RUNNING]: Registered log gc
I0311 03:37:41.473304    30 ts_tablet_manager.cc:1573] T c47912c0b2714f58b34c56d0e2dc9025 P 096da8680d274dba91b50831a23bfd58: Time spent starting tablet: real 0.065s	user 0.016s	sys 0.003s
I0311 03:37:41.473817    28 tablet_peer.cc:1344] T e778eac89ca24f2993340a6d09c687f8 P 096da8680d274dba91b50831a23bfd58 [state=RUNNING]: Registered log gc
I0311 03:37:41.474141    27 tablet_peer.cc:1455] T ef19613afa234c5d943034489b070927 P 096da8680d274dba91b50831a23bfd58 [state=RUNNING]: Changed state from BOOTSTRAPPING to RUNNING
