I0311 03:18:02.118986    86 raft_consensus.cc:667] T c47912c0b2714f58b34c56d0e2dc9025 P 096da8680d274dba91b50831a23bfd58 [term 7 FOLLOWER]: Starting pre-election with config: opid_index: -1 peers { permanent_uuid: "096da8680d274dba91b50831a23bfd58" member_type: VOTER last_known_private_addr { host: "yb-tserver-n1" port: 9100 } cloud_info { placement_cloud: "cloud1" placement_region: "datacenter1" placement_zone: "rack1" } }
I0311 03:18:02.121281    86 leader_election.cc:242] T c47912c0b2714f58b34c56d0e2dc9025 P 096da8680d274dba91b50831a23bfd58 [CANDIDATE]: Term 8 pre-election: Election decided. Result: candidate won.
I0311 03:18:02.123423    86 raft_consensus.cc:3421] T c47912c0b2714f58b34c56d0e2dc9025 P 096da8680d274dba91b50831a23bfd58 [term 7 FOLLOWER]: Snoozing leader timeout detection for 3.170s
I0311 03:18:02.125211    86 raft_consensus.cc:3314] T c47912c0b2714f58b34c56d0e2dc9025 P 096da8680d274dba91b50831a23bfd58 [term 7 FOLLOWER]: Leader pre-election won for term 8
I0311 03:18:02.126891    86 raft_consensus.cc:627] T c47912c0b2714f58b34c56d0e2dc9025 P 096da8680d274dba91b50831a23bfd58 [term 7 FOLLOWER]: Triggering leader election, mode=NORMAL_ELECTION
I0311 03:18:02.128475    86 raft_consensus.cc:3421] T c47912c0b2714f58b34c56d0e2dc9025 P 096da8680d274dba91b50831a23bfd58 [term 7 FOLLOWER]: Snoozing leader timeout detection for 3.245s
I0311 03:18:02.131167    86 raft_consensus.cc:3482] T c47912c0b2714f58b34c56d0e2dc9025 P 096da8680d274dba91b50831a23bfd58 [term 7 FOLLOWER]: Advancing to term 8
I0311 03:18:02.140309    86 consensus_meta.cc:317] T c47912c0b2714f58b34c56d0e2dc9025 P 096da8680d274dba91b50831a23bfd58: Updating active role from FOLLOWER to FOLLOWER. Consensus state: current_term: 8 leader_uuid: "" config { opid_index: -1 peers { permanent_uuid: "096da8680d274dba91b50831a23bfd58" member_type: VOTER last_known_private_addr { host: "yb-tserver-n1" port: 9100 } cloud_info { placement_cloud: "cloud1" placement_region: "datacenter1" placement_zone: "rack1" } } }, has_pending_config = 0
I0311 03:18:02.141620    86 raft_consensus.cc:667] T c47912c0b2714f58b34c56d0e2dc9025 P 096da8680d274dba91b50831a23bfd58 [term 8 FOLLOWER]: Starting election with config: opid_index: -1 peers { permanent_uuid: "096da8680d274dba91b50831a23bfd58" member_type: VOTER last_known_private_addr { host: "yb-tserver-n1" port: 9100 } cloud_info { placement_cloud: "cloud1" placement_region: "datacenter1" placement_zone: "rack1" } }
I0311 03:18:02.147250    86 leader_election.cc:242] T c47912c0b2714f58b34c56d0e2dc9025 P 096da8680d274dba91b50831a23bfd58 [CANDIDATE]: Term 8 election: Election decided. Result: candidate won.
I0311 03:18:02.147977    86 raft_consensus.cc:3421] T c47912c0b2714f58b34c56d0e2dc9025 P 096da8680d274dba91b50831a23bfd58 [term 8 FOLLOWER]: Snoozing leader timeout detection for 3.014s
I0311 03:18:02.148550    86 raft_consensus.cc:3328] T c47912c0b2714f58b34c56d0e2dc9025 P 096da8680d274dba91b50831a23bfd58 [term 8 FOLLOWER]: Leader election won for term 8
I0311 03:18:02.149147    86 replica_state.cc:1152] T c47912c0b2714f58b34c56d0e2dc9025 P 096da8680d274dba91b50831a23bfd58 [term 8 FOLLOWER]: Reset our lease: 87405.730s
I0311 03:18:02.149765    86 replica_state.cc:1414] T c47912c0b2714f58b34c56d0e2dc9025 P 096da8680d274dba91b50831a23bfd58 [term 8 FOLLOWER]: SetLeaderNoOpCommittedUnlocked(0), committed: 7.7, received: 7.7
I0311 03:18:02.150439    86 consensus_meta.cc:317] T c47912c0b2714f58b34c56d0e2dc9025 P 096da8680d274dba91b50831a23bfd58: Updating active role from FOLLOWER to LEADER. Consensus state: current_term: 8 leader_uuid: "096da8680d274dba91b50831a23bfd58" config { opid_index: -1 peers { permanent_uuid: "096da8680d274dba91b50831a23bfd58" member_type: VOTER last_known_private_addr { host: "yb-tserver-n1" port: 9100 } cloud_info { placement_cloud: "cloud1" placement_region: "datacenter1" placement_zone: "rack1" } } }, has_pending_config = 0
I0311 03:18:02.151167    86 raft_consensus.cc:3367] T c47912c0b2714f58b34c56d0e2dc9025 P 096da8680d274dba91b50831a23bfd58 [term 8 LEADER]: Calling mark dirty synchronously for reason code NEW_LEADER_ELECTED
I0311 03:18:02.151841    86 raft_consensus.cc:1059] T c47912c0b2714f58b34c56d0e2dc9025 P 096da8680d274dba91b50831a23bfd58 [term 8 LEADER]: Becoming Leader. State: Replica: 096da8680d274dba91b50831a23bfd58, State: 1, Role: LEADER, Watermarks: {Received: 7.7 Committed: 7.7} Leader: 0.0
I0311 03:18:02.152689    41 heartbeater.cc:338] P 096da8680d274dba91b50831a23bfd58: Connected to a leader master server at yb-master-n1:7100
I0311 03:18:02.152595    86 consensus_queue.cc:271] T c47912c0b2714f58b34c56d0e2dc9025 P 096da8680d274dba91b50831a23bfd58 [LEADER]: Queue going to LEADER mode. State: All replicated op: 0.0, Majority replicated op: 7.7, Committed index: 7.7, Last applied: 7.7, Last appended: 7.7, Current term: 8, Majority size: 1, State: QUEUE_OPEN, Mode: LEADER, active raft config: opid_index: -1 peers { permanent_uuid: "096da8680d274dba91b50831a23bfd58" member_type: VOTER last_known_private_addr { host: "yb-tserver-n1" port: 9100 } cloud_info { placement_cloud: "cloud1" placement_region: "datacenter1" placement_zone: "rack1" } }
I0311 03:18:02.153407    41 heartbeater.cc:387] P 096da8680d274dba91b50831a23bfd58: Registering TS with master...
I0311 03:18:02.154033    86 raft_consensus.cc:1077] Sending NO_OP at op 7.7
I0311 03:18:02.154582    41 server_base.cc:541] Using private rpc address yb-tserver-n1
I0311 03:18:02.155841    41 server_base.cc:563] Using http address yb-tserver-n1
W0311 03:18:02.157131    91 raft_consensus.cc:1374] Leader lease expiration was not set: Illegal state (yb/consensus/replica_state.cc:1345): NoOp of current term is not committed (majority_replicated_lease_expiration_ = <uninitialized>, majority_replicated_ht_lease_expiration_ = 0)
W0311 03:18:02.158056    41 heartbeater.cc:658] P 096da8680d274dba91b50831a23bfd58: Failed to heartbeat to yb-master-n1:7100: Service unavailable (yb/tserver/heartbeater.cc:479): Master is no longer the leader: code: NOT_THE_LEADER status { code: ILLEGAL_STATE message: "Not the leader. Local UUID: e62675f7a535485386d064e83c9c9d83, Consensus state: current_term: 8 config { opid_index: -1 peers { permanent_uuid: \"e62675f7a535485386d064e83c9c9d83\" member_type: VOTER last_known_private_addr { host: \"yb-master-n1\" port: 7100 } cloud_info { placement_cloud: \"cloud1\" placement_region: \"datacenter1\" placement_zone: \"rack1\" } } }" source_file: "../../src/yb/master/scoped_leader_shared_lock.cc" source_line: 113 errors: "\000" } tries=15, num=1, masters=0x00000040152207c8 -> [[yb-master-n1:7100]], code=Service unavailable
I0311 03:18:02.158337    91 replica_state.cc:1414] T c47912c0b2714f58b34c56d0e2dc9025 P 096da8680d274dba91b50831a23bfd58 [term 8 LEADER]: SetLeaderNoOpCommittedUnlocked(1), committed: 7.7, received: 8.8
I0311 03:18:02.160517    91 replica_state.cc:784] T c47912c0b2714f58b34c56d0e2dc9025 P 096da8680d274dba91b50831a23bfd58 [term 8 LEADER]: Advanced the committed_op_id across terms. Last committed operation was: 7.7 New committed index is: 8.8
I0311 03:18:02.188060    86 raft_consensus.cc:1030] T 3a76ab24970d40ef859dfa774b11abe1 P 096da8680d274dba91b50831a23bfd58 [term 7 FOLLOWER]: ReportFailDetected: Starting NORMAL_ELECTION...
I0311 03:18:02.188817    86 raft_consensus.cc:627] T 3a76ab24970d40ef859dfa774b11abe1 P 096da8680d274dba91b50831a23bfd58 [term 7 FOLLOWER]: Triggering leader pre-election, mode=NORMAL_ELECTION
I0311 03:18:02.189622    86 raft_consensus.cc:3421] T 3a76ab24970d40ef859dfa774b11abe1 P 096da8680d274dba91b50831a23bfd58 [term 7 FOLLOWER]: Snoozing leader timeout detection for 3.116s
I0311 03:18:02.190408    86 raft_consensus.cc:667] T 3a76ab24970d40ef859dfa774b11abe1 P 096da8680d274dba91b50831a23bfd58 [term 7 FOLLOWER]: Starting pre-election with config: opid_index: -1 peers { permanent_uuid: "096da8680d274dba91b50831a23bfd58" member_type: VOTER last_known_private_addr { host: "yb-tserver-n1" port: 9100 } cloud_info { placement_cloud: "cloud1" placement_region: "datacenter1" placement_zone: "rack1" } }
I0311 03:18:02.191192    86 leader_election.cc:242] T 3a76ab24970d40ef859dfa774b11abe1 P 096da8680d274dba91b50831a23bfd58 [CANDIDATE]: Term 8 pre-election: Election decided. Result: candidate won.
I0311 03:18:02.191962    86 raft_consensus.cc:3421] T 3a76ab24970d40ef859dfa774b11abe1 P 096da8680d274dba91b50831a23bfd58 [term 7 FOLLOWER]: Snoozing leader timeout detection for 3.290s
I0311 03:18:02.195758    86 raft_consensus.cc:3314] T 3a76ab24970d40ef859dfa774b11abe1 P 096da8680d274dba91b50831a23bfd58 [term 7 FOLLOWER]: Leader pre-election won for term 8
I0311 03:18:02.196628    86 raft_consensus.cc:627] T 3a76ab24970d40ef859dfa774b11abe1 P 096da8680d274dba91b50831a23bfd58 [term 7 FOLLOWER]: Triggering leader election, mode=NORMAL_ELECTION
I0311 03:18:02.197393    86 raft_consensus.cc:3421] T 3a76ab24970d40ef859dfa774b11abe1 P 096da8680d274dba91b50831a23bfd58 [term 7 FOLLOWER]: Snoozing leader timeout detection for 3.275s
I0311 03:18:02.198043    86 raft_consensus.cc:3482] T 3a76ab24970d40ef859dfa774b11abe1 P 096da8680d274dba91b50831a23bfd58 [term 7 FOLLOWER]: Advancing to term 8
I0311 03:18:02.203523    86 consensus_meta.cc:317] T 3a76ab24970d40ef859dfa774b11abe1 P 096da8680d274dba91b50831a23bfd58: Updating active role from FOLLOWER to FOLLOWER. Consensus state: current_term: 8 leader_uuid: "" config { opid_index: -1 peers { permanent_uuid: "096da8680d274dba91b50831a23bfd58" member_type: VOTER last_known_private_addr { host: "yb-tserver-n1" port: 9100 } cloud_info { placement_cloud: "cloud1" placement_region: "datacenter1" placement_zone: "rack1" } } }, has_pending_config = 0
I0311 03:18:02.204174    86 raft_consensus.cc:667] T 3a76ab24970d40ef859dfa774b11abe1 P 096da8680d274dba91b50831a23bfd58 [term 8 FOLLOWER]: Starting election with config: opid_index: -1 peers { permanent_uuid: "096da8680d274dba91b50831a23bfd58" member_type: VOTER last_known_private_addr { host: "yb-tserver-n1" port: 9100 } cloud_info { placement_cloud: "cloud1" placement_region: "datacenter1" placement_zone: "rack1" } }
I0311 03:18:02.209316    86 leader_election.cc:242] T 3a76ab24970d40ef859dfa774b11abe1 P 096da8680d274dba91b50831a23bfd58 [CANDIDATE]: Term 8 election: Election decided. Result: candidate won.
I0311 03:18:02.209821    86 raft_consensus.cc:3421] T 3a76ab24970d40ef859dfa774b11abe1 P 096da8680d274dba91b50831a23bfd58 [term 8 FOLLOWER]: Snoozing leader timeout detection for 3.250s
I0311 03:18:02.210701    86 raft_consensus.cc:3328] T 3a76ab24970d40ef859dfa774b11abe1 P 096da8680d274dba91b50831a23bfd58 [term 8 FOLLOWER]: Leader election won for term 8
I0311 03:18:02.211364    86 replica_state.cc:1152] T 3a76ab24970d40ef859dfa774b11abe1 P 096da8680d274dba91b50831a23bfd58 [term 8 FOLLOWER]: Reset our lease: 87405.792s
I0311 03:18:02.211902    86 replica_state.cc:1414] T 3a76ab24970d40ef859dfa774b11abe1 P 096da8680d274dba91b50831a23bfd58 [term 8 FOLLOWER]: SetLeaderNoOpCommittedUnlocked(0), committed: 7.7, received: 7.7
I0311 03:18:02.212450    86 consensus_meta.cc:317] T 3a76ab24970d40ef859dfa774b11abe1 P 096da8680d274dba91b50831a23bfd58: Updating active role from FOLLOWER to LEADER. Consensus state: current_term: 8 leader_uuid: "096da8680d274dba91b50831a23bfd58" config { opid_index: -1 peers { permanent_uuid: "096da8680d274dba91b50831a23bfd58" member_type: VOTER last_known_private_addr { host: "yb-tserver-n1" port: 9100 } cloud_info { placement_cloud: "cloud1" placement_region: "datacenter1" placement_zone: "rack1" } } }, has_pending_config = 0
I0311 03:18:02.213344    86 raft_consensus.cc:3367] T 3a76ab24970d40ef859dfa774b11abe1 P 096da8680d274dba91b50831a23bfd58 [term 8 LEADER]: Calling mark dirty synchronously for reason code NEW_LEADER_ELECTED
I0311 03:18:02.213857    86 raft_consensus.cc:1059] T 3a76ab24970d40ef859dfa774b11abe1 P 096da8680d274dba91b50831a23bfd58 [term 8 LEADER]: Becoming Leader. State: Replica: 096da8680d274dba91b50831a23bfd58, State: 1, Role: LEADER, Watermarks: {Received: 7.7 Committed: 7.7} Leader: 0.0
I0311 03:18:02.214447    86 consensus_queue.cc:271] T 3a76ab24970d40ef859dfa774b11abe1 P 096da8680d274dba91b50831a23bfd58 [LEADER]: Queue going to LEADER mode. State: All replicated op: 0.0, Majority replicated op: 7.7, Committed index: 7.7, Last applied: 7.7, Last appended: 7.7, Current term: 8, Majority size: 1, State: QUEUE_OPEN, Mode: LEADER, active raft config: opid_index: -1 peers { permanent_uuid: "096da8680d274dba91b50831a23bfd58" member_type: VOTER last_known_private_addr { host: "yb-tserver-n1" port: 9100 } cloud_info { placement_cloud: "cloud1" placement_region: "datacenter1" placement_zone: "rack1" } }
I0311 03:18:02.214552    41 heartbeater.cc:338] P 096da8680d274dba91b50831a23bfd58: Connected to a leader master server at yb-master-n1:7100
I0311 03:18:02.214952    86 raft_consensus.cc:1077] Sending NO_OP at op 7.7
I0311 03:18:02.215353    41 heartbeater.cc:387] P 096da8680d274dba91b50831a23bfd58: Registering TS with master...
I0311 03:18:02.216138    41 server_base.cc:541] Using private rpc address yb-tserver-n1
I0311 03:18:02.216590    41 server_base.cc:563] Using http address yb-tserver-n1
W0311 03:18:02.217327    91 raft_consensus.cc:1374] Leader lease expiration was not set: Illegal state (yb/consensus/replica_state.cc:1345): NoOp of current term is not committed (majority_replicated_lease_expiration_ = <uninitialized>, majority_replicated_ht_lease_expiration_ = 0)
I0311 03:18:02.218369    91 replica_state.cc:1414] T 3a76ab24970d40ef859dfa774b11abe1 P 096da8680d274dba91b50831a23bfd58 [term 8 LEADER]: SetLeaderNoOpCommittedUnlocked(1), committed: 7.7, received: 8.8
W0311 03:18:02.218494    41 heartbeater.cc:658] P 096da8680d274dba91b50831a23bfd58: Failed to heartbeat to yb-master-n1:7100: Service unavailable (yb/tserver/heartbeater.cc:479): Master is no longer the leader: code: NOT_THE_LEADER status { code: ILLEGAL_STATE message: "Not the leader. Local UUID: e62675f7a535485386d064e83c9c9d83, Consensus state: current_term: 8 config { opid_index: -1 peers { permanent_uuid: \"e62675f7a535485386d064e83c9c9d83\" member_type: VOTER last_known_private_addr { host: \"yb-master-n1\" port: 7100 } cloud_info { placement_cloud: \"cloud1\" placement_region: \"datacenter1\" placement_zone: \"rack1\" } } }" source_file: "../../src/yb/master/scoped_leader_shared_lock.cc" source_line: 113 errors: "\000" } tries=16, num=1, masters=0x00000040152207c8 -> [[yb-master-n1:7100]], code=Service unavailable
I0311 03:18:02.218890    91 replica_state.cc:784] T 3a76ab24970d40ef859dfa774b11abe1 P 096da8680d274dba91b50831a23bfd58 [term 8 LEADER]: Advanced the committed_op_id across terms. Last committed operation was: 7.7 New committed index is: 8.8
I0311 03:18:02.502589    86 raft_consensus.cc:1030] T 974d5dc4624a4cc8ba8333f193777a6e P 096da8680d274dba91b50831a23bfd58 [term 7 FOLLOWER]: ReportFailDetected: Starting NORMAL_ELECTION...
I0311 03:18:02.503160    86 raft_consensus.cc:627] T 974d5dc4624a4cc8ba8333f193777a6e P 096da8680d274dba91b50831a23bfd58 [term 7 FOLLOWER]: Triggering leader pre-election, mode=NORMAL_ELECTION
I0311 03:18:02.503667    86 raft_consensus.cc:3421] T 974d5dc4624a4cc8ba8333f193777a6e P 096da8680d274dba91b50831a23bfd58 [term 7 FOLLOWER]: Snoozing leader timeout detection for 3.298s
I0311 03:18:02.504199    86 raft_consensus.cc:667] T 974d5dc4624a4cc8ba8333f193777a6e P 096da8680d274dba91b50831a23bfd58 [term 7 FOLLOWER]: Starting pre-election with config: opid_index: -1 peers { permanent_uuid: "096da8680d274dba91b50831a23bfd58" member_type: VOTER last_known_private_addr { host: "yb-tserver-n1" port: 9100 } cloud_info { placement_cloud: "cloud1" placement_region: "datacenter1" placement_zone: "rack1" } }
I0311 03:18:02.504837    86 leader_election.cc:242] T 974d5dc4624a4cc8ba8333f193777a6e P 096da8680d274dba91b50831a23bfd58 [CANDIDATE]: Term 8 pre-election: Election decided. Result: candidate won.
I0311 03:18:02.505270    86 raft_consensus.cc:3421] T 974d5dc4624a4cc8ba8333f193777a6e P 096da8680d274dba91b50831a23bfd58 [term 7 FOLLOWER]: Snoozing leader timeout detection for 3.119s
I0311 03:18:02.505828    86 raft_consensus.cc:3314] T 974d5dc4624a4cc8ba8333f193777a6e P 096da8680d274dba91b50831a23bfd58 [term 7 FOLLOWER]: Leader pre-election won for term 8
I0311 03:18:02.506292    86 raft_consensus.cc:627] T 974d5dc4624a4cc8ba8333f193777a6e P 096da8680d274dba91b50831a23bfd58 [term 7 FOLLOWER]: Triggering leader election, mode=NORMAL_ELECTION
I0311 03:18:02.506728    86 raft_consensus.cc:3421] T 974d5dc4624a4cc8ba8333f193777a6e P 096da8680d274dba91b50831a23bfd58 [term 7 FOLLOWER]: Snoozing leader timeout detection for 3.284s
I0311 03:18:02.507196    86 raft_consensus.cc:3482] T 974d5dc4624a4cc8ba8333f193777a6e P 096da8680d274dba91b50831a23bfd58 [term 7 FOLLOWER]: Advancing to term 8
I0311 03:18:02.511128    86 consensus_meta.cc:317] T 974d5dc4624a4cc8ba8333f193777a6e P 096da8680d274dba91b50831a23bfd58: Updating active role from FOLLOWER to FOLLOWER. Consensus state: current_term: 8 leader_uuid: "" config { opid_index: -1 peers { permanent_uuid: "096da8680d274dba91b50831a23bfd58" member_type: VOTER last_known_private_addr { host: "yb-tserver-n1" port: 9100 } cloud_info { placement_cloud: "cloud1" placement_region: "datacenter1" placement_zone: "rack1" } } }, has_pending_config = 0
I0311 03:18:02.511569    86 raft_consensus.cc:667] T 974d5dc4624a4cc8ba8333f193777a6e P 096da8680d274dba91b50831a23bfd58 [term 8 FOLLOWER]: Starting election with config: opid_index: -1 peers { permanent_uuid: "096da8680d274dba91b50831a23bfd58" member_type: VOTER last_known_private_addr { host: "yb-tserver-n1" port: 9100 } cloud_info { placement_cloud: "cloud1" placement_region: "datacenter1" placement_zone: "rack1" } }
I0311 03:18:02.524847    86 leader_election.cc:242] T 974d5dc4624a4cc8ba8333f193777a6e P 096da8680d274dba91b50831a23bfd58 [CANDIDATE]: Term 8 election: Election decided. Result: candidate won.
I0311 03:18:02.525333    86 raft_consensus.cc:3421] T 974d5dc4624a4cc8ba8333f193777a6e P 096da8680d274dba91b50831a23bfd58 [term 8 FOLLOWER]: Snoozing leader timeout detection for 3.296s
I0311 03:18:02.525791    86 raft_consensus.cc:3328] T 974d5dc4624a4cc8ba8333f193777a6e P 096da8680d274dba91b50831a23bfd58 [term 8 FOLLOWER]: Leader election won for term 8
I0311 03:18:02.526561    86 replica_state.cc:1152] T 974d5dc4624a4cc8ba8333f193777a6e P 096da8680d274dba91b50831a23bfd58 [term 8 FOLLOWER]: Reset our lease: 87406.107s
I0311 03:18:02.527014    86 replica_state.cc:1414] T 974d5dc4624a4cc8ba8333f193777a6e P 096da8680d274dba91b50831a23bfd58 [term 8 FOLLOWER]: SetLeaderNoOpCommittedUnlocked(0), committed: 7.7, received: 7.7
I0311 03:18:02.527444    86 consensus_meta.cc:317] T 974d5dc4624a4cc8ba8333f193777a6e P 096da8680d274dba91b50831a23bfd58: Updating active role from FOLLOWER to LEADER. Consensus state: current_term: 8 leader_uuid: "096da8680d274dba91b50831a23bfd58" config { opid_index: -1 peers { permanent_uuid: "096da8680d274dba91b50831a23bfd58" member_type: VOTER last_known_private_addr { host: "yb-tserver-n1" port: 9100 } cloud_info { placement_cloud: "cloud1" placement_region: "datacenter1" placement_zone: "rack1" } } }, has_pending_config = 0
I0311 03:18:02.527875    86 raft_consensus.cc:3367] T 974d5dc4624a4cc8ba8333f193777a6e P 096da8680d274dba91b50831a23bfd58 [term 8 LEADER]: Calling mark dirty synchronously for reason code NEW_LEADER_ELECTED
I0311 03:18:02.528328    86 raft_consensus.cc:1059] T 974d5dc4624a4cc8ba8333f193777a6e P 096da8680d274dba91b50831a23bfd58 [term 8 LEADER]: Becoming Leader. State: Replica: 096da8680d274dba91b50831a23bfd58, State: 1, Role: LEADER, Watermarks: {Received: 7.7 Committed: 7.7} Leader: 0.0
I0311 03:18:02.528733    86 consensus_queue.cc:271] T 974d5dc4624a4cc8ba8333f193777a6e P 096da8680d274dba91b50831a23bfd58 [LEADER]: Queue going to LEADER mode. State: All replicated op: 0.0, Majority replicated op: 7.7, Committed index: 7.7, Last applied: 7.7, Last appended: 7.7, Current term: 8, Majority size: 1, State: QUEUE_OPEN, Mode: LEADER, active raft config: opid_index: -1 peers { permanent_uuid: "096da8680d274dba91b50831a23bfd58" member_type: VOTER last_known_private_addr { host: "yb-tserver-n1" port: 9100 } cloud_info { placement_cloud: "cloud1" placement_region: "datacenter1" placement_zone: "rack1" } }
I0311 03:18:02.528975    41 heartbeater.cc:338] P 096da8680d274dba91b50831a23bfd58: Connected to a leader master server at yb-master-n1:7100
I0311 03:18:02.529217    86 raft_consensus.cc:1077] Sending NO_OP at op 7.7
I0311 03:18:02.529645    41 heartbeater.cc:387] P 096da8680d274dba91b50831a23bfd58: Registering TS with master...
I0311 03:18:02.530427    41 server_base.cc:541] Using private rpc address yb-tserver-n1
W0311 03:18:02.530700    91 raft_consensus.cc:1374] Leader lease expiration was not set: Illegal state (yb/consensus/replica_state.cc:1345): NoOp of current term is not committed (majority_replicated_lease_expiration_ = <uninitialized>, majority_replicated_ht_lease_expiration_ = 0)
I0311 03:18:02.530844    41 server_base.cc:563] Using http address yb-tserver-n1
I0311 03:18:02.531468    91 replica_state.cc:1414] T 974d5dc4624a4cc8ba8333f193777a6e P 096da8680d274dba91b50831a23bfd58 [term 8 LEADER]: SetLeaderNoOpCommittedUnlocked(1), committed: 7.7, received: 8.8
I0311 03:18:02.532088    91 replica_state.cc:784] T 974d5dc4624a4cc8ba8333f193777a6e P 096da8680d274dba91b50831a23bfd58 [term 8 LEADER]: Advanced the committed_op_id across terms. Last committed operation was: 7.7 New committed index is: 8.8
W0311 03:18:02.543740    41 heartbeater.cc:658] P 096da8680d274dba91b50831a23bfd58: Failed to heartbeat to yb-master-n1:7100: Service unavailable (yb/tserver/heartbeater.cc:479): Master is no longer the leader: code: NOT_THE_LEADER status { code: LEADER_NOT_READY_TO_SERVE message: "Leader not yet ready to serve requests: leader_ready_term_ = -1; cstate.current_term = 9" source_file: "../../src/yb/master/scoped_leader_shared_lock.cc" source_line: 130 errors: "\000" } tries=17, num=1, masters=0x00000040152207c8 -> [[yb-master-n1:7100]], code=Service unavailable
I0311 03:18:02.547819    86 raft_consensus.cc:1030] T 5c82d2d282b24c23a5a85eaa9b3797e3 P 096da8680d274dba91b50831a23bfd58 [term 7 FOLLOWER]: ReportFailDetected: Starting NORMAL_ELECTION...
I0311 03:18:02.548280    86 raft_consensus.cc:627] T 5c82d2d282b24c23a5a85eaa9b3797e3 P 096da8680d274dba91b50831a23bfd58 [term 7 FOLLOWER]: Triggering leader pre-election, mode=NORMAL_ELECTION
I0311 03:18:02.549055    86 raft_consensus.cc:3421] T 5c82d2d282b24c23a5a85eaa9b3797e3 P 096da8680d274dba91b50831a23bfd58 [term 7 FOLLOWER]: Snoozing leader timeout detection for 3.298s
I0311 03:18:02.549530    86 raft_consensus.cc:667] T 5c82d2d282b24c23a5a85eaa9b3797e3 P 096da8680d274dba91b50831a23bfd58 [term 7 FOLLOWER]: Starting pre-election with config: opid_index: -1 peers { permanent_uuid: "096da8680d274dba91b50831a23bfd58" member_type: VOTER last_known_private_addr { host: "yb-tserver-n1" port: 9100 } cloud_info { placement_cloud: "cloud1" placement_region: "datacenter1" placement_zone: "rack1" } }
I0311 03:18:02.549933    86 leader_election.cc:242] T 5c82d2d282b24c23a5a85eaa9b3797e3 P 096da8680d274dba91b50831a23bfd58 [CANDIDATE]: Term 8 pre-election: Election decided. Result: candidate won.
I0311 03:18:02.550402    91 raft_consensus.cc:3421] T 5c82d2d282b24c23a5a85eaa9b3797e3 P 096da8680d274dba91b50831a23bfd58 [term 7 FOLLOWER]: Snoozing leader timeout detection for 3.190s
I0311 03:18:02.550848    91 raft_consensus.cc:3314] T 5c82d2d282b24c23a5a85eaa9b3797e3 P 096da8680d274dba91b50831a23bfd58 [term 7 FOLLOWER]: Leader pre-election won for term 8
I0311 03:18:02.551234    91 raft_consensus.cc:627] T 5c82d2d282b24c23a5a85eaa9b3797e3 P 096da8680d274dba91b50831a23bfd58 [term 7 FOLLOWER]: Triggering leader election, mode=NORMAL_ELECTION
I0311 03:18:02.551704    91 raft_consensus.cc:3421] T 5c82d2d282b24c23a5a85eaa9b3797e3 P 096da8680d274dba91b50831a23bfd58 [term 7 FOLLOWER]: Snoozing leader timeout detection for 3.254s
I0311 03:18:02.552114    91 raft_consensus.cc:3482] T 5c82d2d282b24c23a5a85eaa9b3797e3 P 096da8680d274dba91b50831a23bfd58 [term 7 FOLLOWER]: Advancing to term 8
I0311 03:18:02.556345    91 consensus_meta.cc:317] T 5c82d2d282b24c23a5a85eaa9b3797e3 P 096da8680d274dba91b50831a23bfd58: Updating active role from FOLLOWER to FOLLOWER. Consensus state: current_term: 8 leader_uuid: "" config { opid_index: -1 peers { permanent_uuid: "096da8680d274dba91b50831a23bfd58" member_type: VOTER last_known_private_addr { host: "yb-tserver-n1" port: 9100 } cloud_info { placement_cloud: "cloud1" placement_region: "datacenter1" placement_zone: "rack1" } } }, has_pending_config = 0
I0311 03:18:02.556819    91 raft_consensus.cc:667] T 5c82d2d282b24c23a5a85eaa9b3797e3 P 096da8680d274dba91b50831a23bfd58 [term 8 FOLLOWER]: Starting election with config: opid_index: -1 peers { permanent_uuid: "096da8680d274dba91b50831a23bfd58" member_type: VOTER last_known_private_addr { host: "yb-tserver-n1" port: 9100 } cloud_info { placement_cloud: "cloud1" placement_region: "datacenter1" placement_zone: "rack1" } }
I0311 03:18:02.560115    91 leader_election.cc:242] T 5c82d2d282b24c23a5a85eaa9b3797e3 P 096da8680d274dba91b50831a23bfd58 [CANDIDATE]: Term 8 election: Election decided. Result: candidate won.
I0311 03:18:02.560508    11 raft_consensus.cc:3421] T 5c82d2d282b24c23a5a85eaa9b3797e3 P 096da8680d274dba91b50831a23bfd58 [term 8 FOLLOWER]: Snoozing leader timeout detection for 3.223s
I0311 03:18:02.560954    11 raft_consensus.cc:3328] T 5c82d2d282b24c23a5a85eaa9b3797e3 P 096da8680d274dba91b50831a23bfd58 [term 8 FOLLOWER]: Leader election won for term 8
I0311 03:18:02.561290    11 replica_state.cc:1152] T 5c82d2d282b24c23a5a85eaa9b3797e3 P 096da8680d274dba91b50831a23bfd58 [term 8 FOLLOWER]: Reset our lease: 87406.142s
I0311 03:18:02.561611    11 replica_state.cc:1414] T 5c82d2d282b24c23a5a85eaa9b3797e3 P 096da8680d274dba91b50831a23bfd58 [term 8 FOLLOWER]: SetLeaderNoOpCommittedUnlocked(0), committed: 7.7, received: 7.7
I0311 03:18:02.562031    11 consensus_meta.cc:317] T 5c82d2d282b24c23a5a85eaa9b3797e3 P 096da8680d274dba91b50831a23bfd58: Updating active role from FOLLOWER to LEADER. Consensus state: current_term: 8 leader_uuid: "096da8680d274dba91b50831a23bfd58" config { opid_index: -1 peers { permanent_uuid: "096da8680d274dba91b50831a23bfd58" member_type: VOTER last_known_private_addr { host: "yb-tserver-n1" port: 9100 } cloud_info { placement_cloud: "cloud1" placement_region: "datacenter1" placement_zone: "rack1" } } }, has_pending_config = 0
I0311 03:18:02.562687    11 raft_consensus.cc:3367] T 5c82d2d282b24c23a5a85eaa9b3797e3 P 096da8680d274dba91b50831a23bfd58 [term 8 LEADER]: Calling mark dirty synchronously for reason code NEW_LEADER_ELECTED
I0311 03:18:02.563082    11 raft_consensus.cc:1059] T 5c82d2d282b24c23a5a85eaa9b3797e3 P 096da8680d274dba91b50831a23bfd58 [term 8 LEADER]: Becoming Leader. State: Replica: 096da8680d274dba91b50831a23bfd58, State: 1, Role: LEADER, Watermarks: {Received: 7.7 Committed: 7.7} Leader: 0.0
I0311 03:18:02.563401    11 consensus_queue.cc:271] T 5c82d2d282b24c23a5a85eaa9b3797e3 P 096da8680d274dba91b50831a23bfd58 [LEADER]: Queue going to LEADER mode. State: All replicated op: 0.0, Majority replicated op: 7.7, Committed index: 7.7, Last applied: 7.7, Last appended: 7.7, Current term: 8, Majority size: 1, State: QUEUE_OPEN, Mode: LEADER, active raft config: opid_index: -1 peers { permanent_uuid: "096da8680d274dba91b50831a23bfd58" member_type: VOTER last_known_private_addr { host: "yb-tserver-n1" port: 9100 } cloud_info { placement_cloud: "cloud1" placement_region: "datacenter1" placement_zone: "rack1" } }
I0311 03:18:02.563555    41 heartbeater.cc:338] P 096da8680d274dba91b50831a23bfd58: Connected to a leader master server at yb-master-n1:7100
I0311 03:18:02.563727    11 raft_consensus.cc:1077] Sending NO_OP at op 7.7
I0311 03:18:02.564082    41 heartbeater.cc:387] P 096da8680d274dba91b50831a23bfd58: Registering TS with master...
I0311 03:18:02.564749    41 server_base.cc:541] Using private rpc address yb-tserver-n1
I0311 03:18:02.565125    41 server_base.cc:563] Using http address yb-tserver-n1
W0311 03:18:02.565538    86 raft_consensus.cc:1374] Leader lease expiration was not set: Illegal state (yb/consensus/replica_state.cc:1345): NoOp of current term is not committed (majority_replicated_lease_expiration_ = <uninitialized>, majority_replicated_ht_lease_expiration_ = 0)
I0311 03:18:02.566241    86 replica_state.cc:1414] T 5c82d2d282b24c23a5a85eaa9b3797e3 P 096da8680d274dba91b50831a23bfd58 [term 8 LEADER]: SetLeaderNoOpCommittedUnlocked(1), committed: 7.7, received: 8.8
I0311 03:18:02.566622    86 replica_state.cc:784] T 5c82d2d282b24c23a5a85eaa9b3797e3 P 096da8680d274dba91b50831a23bfd58 [term 8 LEADER]: Advanced the committed_op_id across terms. Last committed operation was: 7.7 New committed index is: 8.8
W0311 03:18:02.567957    41 heartbeater.cc:658] P 096da8680d274dba91b50831a23bfd58: Failed to heartbeat to yb-master-n1:7100: Service unavailable (yb/tserver/heartbeater.cc:479): Master is no longer the leader: code: NOT_THE_LEADER status { code: LEADER_NOT_READY_TO_SERVE message: "Leader not yet ready to serve requests: leader_ready_term_ = -1; cstate.current_term = 9" source_file: "../../src/yb/master/scoped_leader_shared_lock.cc" source_line: 130 errors: "\000" } tries=18, num=1, masters=0x00000040152207c8 -> [[yb-master-n1:7100]], code=Service unavailable
I0311 03:18:03.569859    41 heartbeater.cc:338] P 096da8680d274dba91b50831a23bfd58: Connected to a leader master server at yb-master-n1:7100
I0311 03:18:03.570855    41 heartbeater.cc:387] P 096da8680d274dba91b50831a23bfd58: Registering TS with master...
I0311 03:18:03.571458    41 server_base.cc:541] Using private rpc address yb-tserver-n1
I0311 03:18:03.572070    41 server_base.cc:563] Using http address yb-tserver-n1
I0311 03:18:03.592641    41 heartbeater.cc:396] P 096da8680d274dba91b50831a23bfd58: Sending a full tablet report to master...
I0311 03:18:03.635691    41 tablet_server.cc:642] Invalidating PgTableCache cache since catalog version incremented
I0311 03:18:08.405634    44 call_home.cc:78] Skipping collector MetricsCollector because it has a higher collection level than the requested one
I0311 03:18:08.407397    44 call_home.cc:78] Skipping collector RpcsCollector because it has a higher collection level than the requested one
I0311 03:18:08.417122    44 call_home.cc:221] Done with collector GFlagsCollector
I0311 03:18:08.419127    44 server_base.cc:242] Running on host: 0a8290e0ce27
I0311 03:18:08.421295    44 call_home.cc:100] Logged in user: root
I0311 03:18:08.422139    44 call_home.cc:221] Done with collector BasicCollector
I0311 03:18:08.422991    44 call_home.cc:221] Done with collector TabletsCollector
