I0311 03:37:41.727834    27 tablet_bootstrap.cc:1237] T 3a76ab24970d40ef859dfa774b11abe1 P 096da8680d274dba91b50831a23bfd58: Segment /mnt/tserver/yb-data/tserver/wals/table-929f7d28b7a2483c9b6c4652af3f6131/tablet-3a76ab24970d40ef859dfa774b11abe1/wal-000000006 cannot be used as the first segment to start replay with according to our OpId and retention criteria. However, this is already the earliest segment so we have to start replay here. We should probably investigate how we got into this situation. op_id=6.6, op_id_replay_lowest=-1.-1, first_op_time=3544782169.773s, min_seconds_to_retain_logs=660.000s, replay_from_this_or_earlier_time_was_initialized=1, *replay_from_this_or_earlier_time=3544781519.817s, is_first_op_id_low_enough=0, is_first_op_time_early_enough=0
W0311 03:37:41.726887    28 log_reader.cc:192] T 22d66049cb9c4419a35469ea8c2c36bc P 096da8680d274dba91b50831a23bfd58: Log segment /mnt/tserver/yb-data/tserver/wals/table-929f7d28b7a2483c9b6c4652af3f6131/tablet-22d66049cb9c4419a35469ea8c2c36bc/wal-000000009 was likely left in-progress after a previous crash. Will try to rebuild footer by scanning data.
I0311 03:37:41.730124    28 log_util.cc:773] Scanning /mnt/tserver/yb-data/tserver/wals/table-929f7d28b7a2483c9b6c4652af3f6131/tablet-22d66049cb9c4419a35469ea8c2c36bc/wal-000000009 for valid entry headers following offset 195...
I0311 03:37:41.726182    29 tablet_bootstrap.cc:1237] T 974d5dc4624a4cc8ba8333f193777a6e P 096da8680d274dba91b50831a23bfd58: Segment /mnt/tserver/yb-data/tserver/wals/table-929f7d28b7a2483c9b6c4652af3f6131/tablet-974d5dc4624a4cc8ba8333f193777a6e/wal-000000007 cannot be used as the first segment to start replay with according to our OpId and retention criteria. Continuing to earlier segments.op_id=7.7, op_id_replay_lowest=-1.-1, first_op_time=3978764933.334s, min_seconds_to_retain_logs=660.000s, replay_from_this_or_earlier_time_was_initialized=1, *replay_from_this_or_earlier_time=3978764279.700s, is_first_op_id_low_enough=0, is_first_op_time_early_enough=0
I0311 03:37:41.728308    27 tablet_bootstrap.cc:1250] T 3a76ab24970d40ef859dfa774b11abe1 P 096da8680d274dba91b50831a23bfd58: Bootstrap optimizer (skip_flushed_entries): will replay all segments starting from the very first one.
I0311 03:37:41.729967    17 log.cc:1342] T df17b40b75664e0aaa44ec6687a7a233 P 096da8680d274dba91b50831a23bfd58: Running Log GC on /mnt/tserver/yb-data/tserver/wals/table-929f7d28b7a2483c9b6c4652af3f6131/tablet-df17b40b75664e0aaa44ec6687a7a233: retaining ops >= 9, log segment size = 4194304
I0311 03:37:41.752251    17 log_reader.cc:522] T df17b40b75664e0aaa44ec6687a7a233 P 096da8680d274dba91b50831a23bfd58: Removed log segment sequence numbers from log reader: [6, 7, 8]
I0311 03:37:41.756623    17 log.cc:1368] T df17b40b75664e0aaa44ec6687a7a233 P 096da8680d274dba91b50831a23bfd58: Deleting log segment in path: /mnt/tserver/yb-data/tserver/wals/table-929f7d28b7a2483c9b6c4652af3f6131/tablet-df17b40b75664e0aaa44ec6687a7a233/wal-000000006 (GCed ops < 7)
I0311 03:37:41.751899    28 log_util.cc:817] Found no log entry headers
I0311 03:37:41.764472    17 log.cc:1368] T df17b40b75664e0aaa44ec6687a7a233 P 096da8680d274dba91b50831a23bfd58: Deleting log segment in path: /mnt/tserver/yb-data/tserver/wals/table-929f7d28b7a2483c9b6c4652af3f6131/tablet-df17b40b75664e0aaa44ec6687a7a233/wal-000000007 (GCed ops < 8)
I0311 03:37:41.731010    29 tablet_bootstrap.cc:1237] T 974d5dc4624a4cc8ba8333f193777a6e P 096da8680d274dba91b50831a23bfd58: Segment /mnt/tserver/yb-data/tserver/wals/table-929f7d28b7a2483c9b6c4652af3f6131/tablet-974d5dc4624a4cc8ba8333f193777a6e/wal-000000006 cannot be used as the first segment to start replay with according to our OpId and retention criteria. However, this is already the earliest segment so we have to start replay here. We should probably investigate how we got into this situation. op_id=6.6, op_id_replay_lowest=-1.-1, first_op_time=3978764930.036s, min_seconds_to_retain_logs=660.000s, replay_from_this_or_earlier_time_was_initialized=1, *replay_from_this_or_earlier_time=3978764279.700s, is_first_op_id_low_enough=0, is_first_op_time_early_enough=0
I0311 03:37:41.758741    27 tablet_bootstrap_if.cc:96] T 3a76ab24970d40ef859dfa774b11abe1 P 096da8680d274dba91b50831a23bfd58: Bootstrap replayed 1/4 log segments. Read operations: 1, overwritten operations: 0. Pending: 1 replicates. Last read committed op id: 6.6, last entry metadata: { entry_time: 3544782169.773s offset: 107 active_segment_sequence_number: 6 }, last read entry op id: 6.6
W0311 03:37:41.727495    30 log_reader.cc:192] T 5c82d2d282b24c23a5a85eaa9b3797e3 P 096da8680d274dba91b50831a23bfd58: Log segment /mnt/tserver/yb-data/tserver/wals/table-929f7d28b7a2483c9b6c4652af3f6131/tablet-5c82d2d282b24c23a5a85eaa9b3797e3/wal-000000009 was likely left in-progress after a previous crash. Will try to rebuild footer by scanning data.
I0311 03:37:41.771237    30 log_util.cc:773] Scanning /mnt/tserver/yb-data/tserver/wals/table-929f7d28b7a2483c9b6c4652af3f6131/tablet-5c82d2d282b24c23a5a85eaa9b3797e3/wal-000000009 for valid entry headers following offset 195...
I0311 03:37:41.766295    29 tablet_bootstrap.cc:1250] T 974d5dc4624a4cc8ba8333f193777a6e P 096da8680d274dba91b50831a23bfd58: Bootstrap optimizer (skip_flushed_entries): will replay all segments starting from the very first one.
I0311 03:37:41.766409    17 log.cc:1368] T df17b40b75664e0aaa44ec6687a7a233 P 096da8680d274dba91b50831a23bfd58: Deleting log segment in path: /mnt/tserver/yb-data/tserver/wals/table-929f7d28b7a2483c9b6c4652af3f6131/tablet-df17b40b75664e0aaa44ec6687a7a233/wal-000000008 (GCed ops < 9)
I0311 03:37:41.770561    27 tablet_bootstrap_if.cc:96] T 3a76ab24970d40ef859dfa774b11abe1 P 096da8680d274dba91b50831a23bfd58: Bootstrap replayed 2/4 log segments. Read operations: 2, overwritten operations: 0. Pending: 1 replicates. Last read committed op id: 7.7, last entry metadata: { entry_time: 3544782173.049s offset: 107 active_segment_sequence_number: 7 }, last read entry op id: 7.7
I0311 03:37:41.764562    28 log_util.cc:666] Ignoring partially flushed segment in write ahead log /mnt/tserver/yb-data/tserver/wals/table-929f7d28b7a2483c9b6c4652af3f6131/tablet-22d66049cb9c4419a35469ea8c2c36bc/wal-000000009 because there are no log entries following this one. The server probably crashed in the middle of writing an entry to the write-ahead log or downloaded an active log via remote bootstrap. Error detail: Corruption (yb/consensus/log_util.cc:889): Invalid checksum in log entry head header: found=0, computed=2351477386: Failed trying to read batch #3 at offset 195 for log segment /mnt/tserver/yb-data/tserver/wals/table-929f7d28b7a2483c9b6c4652af3f6131/tablet-22d66049cb9c4419a35469ea8c2c36bc/wal-000000009: Prior batch offsets: 107 167 195; Last log entries read: [REPLICATE (9.9)]
I0311 03:37:41.775846    17 maintenance_manager.cc:375] Time spent running LogGCOp(df17b40b75664e0aaa44ec6687a7a233): real 0.046s	user 0.001s	sys 0.000s
I0311 03:37:41.775924    27 tablet_bootstrap_if.cc:96] T 3a76ab24970d40ef859dfa774b11abe1 P 096da8680d274dba91b50831a23bfd58: Bootstrap replayed 3/4 log segments. Read operations: 3, overwritten operations: 0. Pending: 1 replicates. Last read committed op id: 8.8, last entry metadata: { entry_time: 3544782176.446s offset: 107 active_segment_sequence_number: 8 }, last read entry op id: 8.8
I0311 03:37:41.777817    28 log_util.cc:285] Successfully rebuilt footer for segment: /mnt/tserver/yb-data/tserver/wals/table-929f7d28b7a2483c9b6c4652af3f6131/tablet-22d66049cb9c4419a35469ea8c2c36bc/wal-000000009 (valid entries through byte offset 195)
I0311 03:37:41.782759    27 tablet_bootstrap_if.cc:96] T 3a76ab24970d40ef859dfa774b11abe1 P 096da8680d274dba91b50831a23bfd58: Bootstrap replayed 4/4 log segments. Read operations: 4, overwritten operations: 0. Pending: 1 replicates. Last read committed op id: 9.9, last entry metadata: { entry_time: 3544782179.817s offset: 107 active_segment_sequence_number: 9 }, last read entry op id: 9.9
I0311 03:37:41.782935    29 tablet_bootstrap_if.cc:96] T 974d5dc4624a4cc8ba8333f193777a6e P 096da8680d274dba91b50831a23bfd58: Bootstrap replayed 1/4 log segments. Read operations: 1, overwritten operations: 0. Pending: 1 replicates. Last read committed op id: 6.6, last entry metadata: { entry_time: 3978764930.036s offset: 107 active_segment_sequence_number: 6 }, last read entry op id: 6.6
I0311 03:37:41.783120    28 log.cc:661] T 22d66049cb9c4419a35469ea8c2c36bc P 096da8680d274dba91b50831a23bfd58: Opened existing logs. Last segment is /mnt/tserver/yb-data/tserver/wals/table-929f7d28b7a2483c9b6c4652af3f6131/tablet-22d66049cb9c4419a35469ea8c2c36bc/wal-000000009
I0311 03:37:41.783491    27 tablet_bootstrap.cc:1405] T 3a76ab24970d40ef859dfa774b11abe1 P 096da8680d274dba91b50831a23bfd58: Dumping replay state to log at the end of PlaySegments
I0311 03:37:41.783710    30 log_util.cc:817] Found no log entry headers
I0311 03:37:41.783948    29 tablet_bootstrap_if.cc:96] T 974d5dc4624a4cc8ba8333f193777a6e P 096da8680d274dba91b50831a23bfd58: Bootstrap replayed 2/4 log segments. Read operations: 2, overwritten operations: 0. Pending: 1 replicates. Last read committed op id: 7.7, last entry metadata: { entry_time: 3978764933.334s offset: 107 active_segment_sequence_number: 7 }, last read entry op id: 7.7
I0311 03:37:41.786226    29 tablet_bootstrap_if.cc:96] T 974d5dc4624a4cc8ba8333f193777a6e P 096da8680d274dba91b50831a23bfd58: Bootstrap replayed 3/4 log segments. Read operations: 3, overwritten operations: 0. Pending: 1 replicates. Last read committed op id: 8.8, last entry metadata: { entry_time: 3978764937.048s offset: 107 active_segment_sequence_number: 8 }, last read entry op id: 8.8
I0311 03:37:41.784929    27 tablet_bootstrap.cc:1101] T 3a76ab24970d40ef859dfa774b11abe1 P 096da8680d274dba91b50831a23bfd58: ReplayState: Previous OpId: 9.9, Committed OpId: 9.9, Pending Replicates: 0, Flushed Regular: -1.-1, Flushed Intents: -1.-1
I0311 03:37:41.785480    30 log_util.cc:666] Ignoring partially flushed segment in write ahead log /mnt/tserver/yb-data/tserver/wals/table-929f7d28b7a2483c9b6c4652af3f6131/tablet-5c82d2d282b24c23a5a85eaa9b3797e3/wal-000000009 because there are no log entries following this one. The server probably crashed in the middle of writing an entry to the write-ahead log or downloaded an active log via remote bootstrap. Error detail: Corruption (yb/consensus/log_util.cc:889): Invalid checksum in log entry head header: found=0, computed=2351477386: Failed trying to read batch #3 at offset 195 for log segment /mnt/tserver/yb-data/tserver/wals/table-929f7d28b7a2483c9b6c4652af3f6131/tablet-5c82d2d282b24c23a5a85eaa9b3797e3/wal-000000009: Prior batch offsets: 107 167 195; Last log entries read: [REPLICATE (9.9)]
I0311 03:37:41.784238    28 tablet_bootstrap.cc:386] T 22d66049cb9c4419a35469ea8c2c36bc P 096da8680d274dba91b50831a23bfd58: Bootstrap optimizer (skip_flushed_entries): op_id_replay_lowest=-1.-1 (regular_op_id=-1.-1, intents_op_id=-1.-1, has_intents_db=0)
I0311 03:37:41.786763    29 tablet_bootstrap_if.cc:96] T 974d5dc4624a4cc8ba8333f193777a6e P 096da8680d274dba91b50831a23bfd58: Bootstrap replayed 4/4 log segments. Read operations: 4, overwritten operations: 0. Pending: 1 replicates. Last read committed op id: 9.9, last entry metadata: { entry_time: 3978764939.700s offset: 107 active_segment_sequence_number: 9 }, last read entry op id: 9.9
I0311 03:37:41.787106    27 tablet_bootstrap.cc:1101] T 3a76ab24970d40ef859dfa774b11abe1 P 096da8680d274dba91b50831a23bfd58: Log entries applied to RocksDB: 4
I0311 03:37:41.789316    27 tablet_bootstrap.cc:1416] T 3a76ab24970d40ef859dfa774b11abe1 P 096da8680d274dba91b50831a23bfd58: Number of orphaned replicates: 0, last id: 9.9, committed id: 9.9
I0311 03:37:41.788384    28 tablet_bootstrap.cc:1237] T 22d66049cb9c4419a35469ea8c2c36bc P 096da8680d274dba91b50831a23bfd58: Segment /mnt/tserver/yb-data/tserver/wals/table-929f7d28b7a2483c9b6c4652af3f6131/tablet-22d66049cb9c4419a35469ea8c2c36bc/wal-000000009 cannot be used as the first segment to start replay with according to our OpId and retention criteria. Continuing to earlier segments.op_id=9.9, op_id_replay_lowest=-1.-1, first_op_time=7147944474.571s, min_seconds_to_retain_logs=660.000s, replay_from_this_or_earlier_time_was_initialized=0, *replay_from_this_or_earlier_time=7147943814.571s, is_first_op_id_low_enough=0, is_first_op_time_early_enough=0
I0311 03:37:41.788767    29 tablet_bootstrap.cc:1405] T 974d5dc4624a4cc8ba8333f193777a6e P 096da8680d274dba91b50831a23bfd58: Dumping replay state to log at the end of PlaySegments
I0311 03:37:41.790964    29 tablet_bootstrap.cc:1101] T 974d5dc4624a4cc8ba8333f193777a6e P 096da8680d274dba91b50831a23bfd58: ReplayState: Previous OpId: 9.9, Committed OpId: 9.9, Pending Replicates: 0, Flushed Regular: -1.-1, Flushed Intents: -1.-1
I0311 03:37:41.790508    28 tablet_bootstrap.cc:1237] T 22d66049cb9c4419a35469ea8c2c36bc P 096da8680d274dba91b50831a23bfd58: Segment /mnt/tserver/yb-data/tserver/wals/table-929f7d28b7a2483c9b6c4652af3f6131/tablet-22d66049cb9c4419a35469ea8c2c36bc/wal-000000008 cannot be used as the first segment to start replay with according to our OpId and retention criteria. Continuing to earlier segments.op_id=8.8, op_id_replay_lowest=-1.-1, first_op_time=7147944471.688s, min_seconds_to_retain_logs=660.000s, replay_from_this_or_earlier_time_was_initialized=1, *replay_from_this_or_earlier_time=7147943814.571s, is_first_op_id_low_enough=0, is_first_op_time_early_enough=0
I0311 03:37:41.787945    30 log_util.cc:285] Successfully rebuilt footer for segment: /mnt/tserver/yb-data/tserver/wals/table-929f7d28b7a2483c9b6c4652af3f6131/tablet-5c82d2d282b24c23a5a85eaa9b3797e3/wal-000000009 (valid entries through byte offset 195)
I0311 03:37:41.792560    30 log.cc:661] T 5c82d2d282b24c23a5a85eaa9b3797e3 P 096da8680d274dba91b50831a23bfd58: Opened existing logs. Last segment is /mnt/tserver/yb-data/tserver/wals/table-929f7d28b7a2483c9b6c4652af3f6131/tablet-5c82d2d282b24c23a5a85eaa9b3797e3/wal-000000009
I0311 03:37:41.793007    30 tablet_bootstrap.cc:386] T 5c82d2d282b24c23a5a85eaa9b3797e3 P 096da8680d274dba91b50831a23bfd58: Bootstrap optimizer (skip_flushed_entries): op_id_replay_lowest=-1.-1 (regular_op_id=-1.-1, intents_op_id=-1.-1, has_intents_db=0)
I0311 03:37:41.791561    29 tablet_bootstrap.cc:1101] T 974d5dc4624a4cc8ba8333f193777a6e P 096da8680d274dba91b50831a23bfd58: Log entries applied to RocksDB: 4
I0311 03:37:41.804621    29 tablet_bootstrap.cc:1416] T 974d5dc4624a4cc8ba8333f193777a6e P 096da8680d274dba91b50831a23bfd58: Number of orphaned replicates: 0, last id: 9.9, committed id: 9.9
I0311 03:37:41.793751    30 tablet_bootstrap.cc:1237] T 5c82d2d282b24c23a5a85eaa9b3797e3 P 096da8680d274dba91b50831a23bfd58: Segment /mnt/tserver/yb-data/tserver/wals/table-929f7d28b7a2483c9b6c4652af3f6131/tablet-5c82d2d282b24c23a5a85eaa9b3797e3/wal-000000009 cannot be used as the first segment to start replay with according to our OpId and retention criteria. Continuing to earlier segments.op_id=9.9, op_id_replay_lowest=-1.-1, first_op_time=3977690716.915s, min_seconds_to_retain_logs=660.000s, replay_from_this_or_earlier_time_was_initialized=0, *replay_from_this_or_earlier_time=3977690056.915s, is_first_op_id_low_enough=0, is_first_op_time_early_enough=0
I0311 03:37:41.792100    28 tablet_bootstrap.cc:1237] T 22d66049cb9c4419a35469ea8c2c36bc P 096da8680d274dba91b50831a23bfd58: Segment /mnt/tserver/yb-data/tserver/wals/table-929f7d28b7a2483c9b6c4652af3f6131/tablet-22d66049cb9c4419a35469ea8c2c36bc/wal-000000007 cannot be used as the first segment to start replay with according to our OpId and retention criteria. Continuing to earlier segments.op_id=7.7, op_id_replay_lowest=-1.-1, first_op_time=7147944468.926s, min_seconds_to_retain_logs=660.000s, replay_from_this_or_earlier_time_was_initialized=1, *replay_from_this_or_earlier_time=7147943814.571s, is_first_op_id_low_enough=0, is_first_op_time_early_enough=0
I0311 03:37:41.805423    27 tablet_bootstrap_if.cc:96] T 3a76ab24970d40ef859dfa774b11abe1 P 096da8680d274dba91b50831a23bfd58: Bootstrap complete.
I0311 03:37:41.807099    30 tablet_bootstrap.cc:1237] T 5c82d2d282b24c23a5a85eaa9b3797e3 P 096da8680d274dba91b50831a23bfd58: Segment /mnt/tserver/yb-data/tserver/wals/table-929f7d28b7a2483c9b6c4652af3f6131/tablet-5c82d2d282b24c23a5a85eaa9b3797e3/wal-000000008 cannot be used as the first segment to start replay with according to our OpId and retention criteria. Continuing to earlier segments.op_id=8.8, op_id_replay_lowest=-1.-1, first_op_time=3977690713.966s, min_seconds_to_retain_logs=660.000s, replay_from_this_or_earlier_time_was_initialized=1, *replay_from_this_or_earlier_time=3977690056.915s, is_first_op_id_low_enough=0, is_first_op_time_early_enough=0
I0311 03:37:41.807577    28 tablet_bootstrap.cc:1237] T 22d66049cb9c4419a35469ea8c2c36bc P 096da8680d274dba91b50831a23bfd58: Segment /mnt/tserver/yb-data/tserver/wals/table-929f7d28b7a2483c9b6c4652af3f6131/tablet-22d66049cb9c4419a35469ea8c2c36bc/wal-000000006 cannot be used as the first segment to start replay with according to our OpId and retention criteria. However, this is already the earliest segment so we have to start replay here. We should probably investigate how we got into this situation. op_id=6.6, op_id_replay_lowest=-1.-1, first_op_time=7147944465.645s, min_seconds_to_retain_logs=660.000s, replay_from_this_or_earlier_time_was_initialized=1, *replay_from_this_or_earlier_time=7147943814.571s, is_first_op_id_low_enough=0, is_first_op_time_early_enough=0
I0311 03:37:41.808609    28 tablet_bootstrap.cc:1250] T 22d66049cb9c4419a35469ea8c2c36bc P 096da8680d274dba91b50831a23bfd58: Bootstrap optimizer (skip_flushed_entries): will replay all segments starting from the very first one.
I0311 03:37:41.808318    30 tablet_bootstrap.cc:1237] T 5c82d2d282b24c23a5a85eaa9b3797e3 P 096da8680d274dba91b50831a23bfd58: Segment /mnt/tserver/yb-data/tserver/wals/table-929f7d28b7a2483c9b6c4652af3f6131/tablet-5c82d2d282b24c23a5a85eaa9b3797e3/wal-000000007 cannot be used as the first segment to start replay with according to our OpId and retention criteria. Continuing to earlier segments.op_id=7.7, op_id_replay_lowest=-1.-1, first_op_time=3977690710.210s, min_seconds_to_retain_logs=660.000s, replay_from_this_or_earlier_time_was_initialized=1, *replay_from_this_or_earlier_time=3977690056.915s, is_first_op_id_low_enough=0, is_first_op_time_early_enough=0
I0311 03:37:41.809722    30 tablet_bootstrap.cc:1237] T 5c82d2d282b24c23a5a85eaa9b3797e3 P 096da8680d274dba91b50831a23bfd58: Segment /mnt/tserver/yb-data/tserver/wals/table-929f7d28b7a2483c9b6c4652af3f6131/tablet-5c82d2d282b24c23a5a85eaa9b3797e3/wal-000000006 cannot be used as the first segment to start replay with according to our OpId and retention criteria. However, this is already the earliest segment so we have to start replay here. We should probably investigate how we got into this situation. op_id=6.6, op_id_replay_lowest=-1.-1, first_op_time=3977690706.917s, min_seconds_to_retain_logs=660.000s, replay_from_this_or_earlier_time_was_initialized=1, *replay_from_this_or_earlier_time=3977690056.915s, is_first_op_id_low_enough=0, is_first_op_time_early_enough=0
I0311 03:37:41.810789    29 tablet_bootstrap_if.cc:96] T 974d5dc4624a4cc8ba8333f193777a6e P 096da8680d274dba91b50831a23bfd58: Bootstrap complete.
I0311 03:37:41.810858    30 tablet_bootstrap.cc:1250] T 5c82d2d282b24c23a5a85eaa9b3797e3 P 096da8680d274dba91b50831a23bfd58: Bootstrap optimizer (skip_flushed_entries): will replay all segments starting from the very first one.
I0311 03:37:41.814059    28 tablet_bootstrap_if.cc:96] T 22d66049cb9c4419a35469ea8c2c36bc P 096da8680d274dba91b50831a23bfd58: Bootstrap replayed 1/4 log segments. Read operations: 1, overwritten operations: 0. Pending: 1 replicates. Last read committed op id: 6.6, last entry metadata: { entry_time: 7147944465.645s offset: 107 active_segment_sequence_number: 6 }, last read entry op id: 6.6
I0311 03:37:41.814548    28 tablet_bootstrap_if.cc:96] T 22d66049cb9c4419a35469ea8c2c36bc P 096da8680d274dba91b50831a23bfd58: Bootstrap replayed 2/4 log segments. Read operations: 2, overwritten operations: 0. Pending: 1 replicates. Last read committed op id: 7.7, last entry metadata: { entry_time: 7147944468.926s offset: 107 active_segment_sequence_number: 7 }, last read entry op id: 7.7
I0311 03:37:41.814931    28 tablet_bootstrap_if.cc:96] T 22d66049cb9c4419a35469ea8c2c36bc P 096da8680d274dba91b50831a23bfd58: Bootstrap replayed 3/4 log segments. Read operations: 3, overwritten operations: 0. Pending: 1 replicates. Last read committed op id: 8.8, last entry metadata: { entry_time: 7147944471.688s offset: 107 active_segment_sequence_number: 8 }, last read entry op id: 8.8
I0311 03:37:41.815460    28 tablet_bootstrap_if.cc:96] T 22d66049cb9c4419a35469ea8c2c36bc P 096da8680d274dba91b50831a23bfd58: Bootstrap replayed 4/4 log segments. Read operations: 4, overwritten operations: 0. Pending: 1 replicates. Last read committed op id: 9.9, last entry metadata: { entry_time: 7147944474.571s offset: 107 active_segment_sequence_number: 9 }, last read entry op id: 9.9
I0311 03:37:41.815932    27 log.cc:1278] T 3a76ab24970d40ef859dfa774b11abe1 P 096da8680d274dba91b50831a23bfd58: Setting log wal retention time to 0 seconds
I0311 03:37:41.816054    28 tablet_bootstrap.cc:1405] T 22d66049cb9c4419a35469ea8c2c36bc P 096da8680d274dba91b50831a23bfd58: Dumping replay state to log at the end of PlaySegments
I0311 03:37:41.817021    27 ts_tablet_manager.cc:1506] T 3a76ab24970d40ef859dfa774b11abe1 P 096da8680d274dba91b50831a23bfd58: Time spent bootstrapping tablet: real 0.328s	user 0.010s	sys 0.009s
I0311 03:37:41.817190    30 tablet_bootstrap_if.cc:96] T 5c82d2d282b24c23a5a85eaa9b3797e3 P 096da8680d274dba91b50831a23bfd58: Bootstrap replayed 1/4 log segments. Read operations: 1, overwritten operations: 0. Pending: 1 replicates. Last read committed op id: 6.6, last entry metadata: { entry_time: 3977690706.917s offset: 107 active_segment_sequence_number: 6 }, last read entry op id: 6.6
I0311 03:37:41.817543    28 tablet_bootstrap.cc:1101] T 22d66049cb9c4419a35469ea8c2c36bc P 096da8680d274dba91b50831a23bfd58: ReplayState: Previous OpId: 9.9, Committed OpId: 9.9, Pending Replicates: 0, Flushed Regular: -1.-1, Flushed Intents: -1.-1
I0311 03:37:41.818050    27 tablet_peer.cc:1033] T 3a76ab24970d40ef859dfa774b11abe1 P 096da8680d274dba91b50831a23bfd58 [state=BOOTSTRAPPING]: Setting cdc min replicated index to 9223372036854775807
I0311 03:37:41.818388    30 tablet_bootstrap_if.cc:96] T 5c82d2d282b24c23a5a85eaa9b3797e3 P 096da8680d274dba91b50831a23bfd58: Bootstrap replayed 2/4 log segments. Read operations: 2, overwritten operations: 0. Pending: 1 replicates. Last read committed op id: 7.7, last entry metadata: { entry_time: 3977690710.210s offset: 107 active_segment_sequence_number: 7 }, last read entry op id: 7.7
I0311 03:37:41.819382    28 tablet_bootstrap.cc:1101] T 22d66049cb9c4419a35469ea8c2c36bc P 096da8680d274dba91b50831a23bfd58: Log entries applied to RocksDB: 4
I0311 03:37:41.821672    28 tablet_bootstrap.cc:1416] T 22d66049cb9c4419a35469ea8c2c36bc P 096da8680d274dba91b50831a23bfd58: Number of orphaned replicates: 0, last id: 9.9, committed id: 9.9
I0311 03:37:41.821099    30 tablet_bootstrap_if.cc:96] T 5c82d2d282b24c23a5a85eaa9b3797e3 P 096da8680d274dba91b50831a23bfd58: Bootstrap replayed 3/4 log segments. Read operations: 3, overwritten operations: 0. Pending: 1 replicates. Last read committed op id: 8.8, last entry metadata: { entry_time: 3977690713.966s offset: 107 active_segment_sequence_number: 8 }, last read entry op id: 8.8
I0311 03:37:41.819972    29 log.cc:1278] T 974d5dc4624a4cc8ba8333f193777a6e P 096da8680d274dba91b50831a23bfd58: Setting log wal retention time to 0 seconds
I0311 03:37:41.823122    30 tablet_bootstrap_if.cc:96] T 5c82d2d282b24c23a5a85eaa9b3797e3 P 096da8680d274dba91b50831a23bfd58: Bootstrap replayed 4/4 log segments. Read operations: 4, overwritten operations: 0. Pending: 1 replicates. Last read committed op id: 9.9, last entry metadata: { entry_time: 3977690716.915s offset: 107 active_segment_sequence_number: 9 }, last read entry op id: 9.9
I0311 03:37:41.823937    30 tablet_bootstrap.cc:1405] T 5c82d2d282b24c23a5a85eaa9b3797e3 P 096da8680d274dba91b50831a23bfd58: Dumping replay state to log at the end of PlaySegments
I0311 03:37:41.823537    29 ts_tablet_manager.cc:1506] T 974d5dc4624a4cc8ba8333f193777a6e P 096da8680d274dba91b50831a23bfd58: Time spent bootstrapping tablet: real 0.336s	user 0.009s	sys 0.010s
I0311 03:37:41.824182    27 consensus_meta.cc:317] T 3a76ab24970d40ef859dfa774b11abe1 P 096da8680d274dba91b50831a23bfd58: Updating active role from FOLLOWER to FOLLOWER. Consensus state: current_term: 9 leader_uuid: "" config { opid_index: -1 peers { permanent_uuid: "096da8680d274dba91b50831a23bfd58" member_type: VOTER last_known_private_addr { host: "yb-tserver-n1" port: 9100 } cloud_info { placement_cloud: "cloud1" placement_region: "datacenter1" placement_zone: "rack1" } } }, has_pending_config = 0
I0311 03:37:41.824482    30 tablet_bootstrap.cc:1101] T 5c82d2d282b24c23a5a85eaa9b3797e3 P 096da8680d274dba91b50831a23bfd58: ReplayState: Previous OpId: 9.9, Committed OpId: 9.9, Pending Replicates: 0, Flushed Regular: -1.-1, Flushed Intents: -1.-1
I0311 03:37:41.825574    30 tablet_bootstrap.cc:1101] T 5c82d2d282b24c23a5a85eaa9b3797e3 P 096da8680d274dba91b50831a23bfd58: Log entries applied to RocksDB: 4
I0311 03:37:41.825196    27 raft_consensus.cc:480] T 3a76ab24970d40ef859dfa774b11abe1 P 096da8680d274dba91b50831a23bfd58 [term 9 FOLLOWER]: Replica starting. Triggering 0 pending operations. Active config: opid_index: -1 peers { permanent_uuid: "096da8680d274dba91b50831a23bfd58" member_type: VOTER last_known_private_addr { host: "yb-tserver-n1" port: 9100 } cloud_info { placement_cloud: "cloud1" placement_region: "datacenter1" placement_zone: "rack1" } }
I0311 03:37:41.825130    29 tablet_peer.cc:1033] T 974d5dc4624a4cc8ba8333f193777a6e P 096da8680d274dba91b50831a23bfd58 [state=BOOTSTRAPPING]: Setting cdc min replicated index to 9223372036854775807
I0311 03:37:41.825987    30 tablet_bootstrap.cc:1416] T 5c82d2d282b24c23a5a85eaa9b3797e3 P 096da8680d274dba91b50831a23bfd58: Number of orphaned replicates: 0, last id: 9.9, committed id: 9.9
I0311 03:37:41.826162    28 tablet_bootstrap_if.cc:96] T 22d66049cb9c4419a35469ea8c2c36bc P 096da8680d274dba91b50831a23bfd58: Bootstrap complete.
I0311 03:37:41.826373    27 raft_consensus.cc:1115] T 3a76ab24970d40ef859dfa774b11abe1 P 096da8680d274dba91b50831a23bfd58 [term 9 FOLLOWER]: Becoming Follower/Learner. State: Replica: 096da8680d274dba91b50831a23bfd58, State: 1, Role: FOLLOWER, Watermarks: {Received: 9.9 Committed: 9.9} Leader: 0.0, new leader: , initial_fd_wait: <uninitialized>
I0311 03:37:41.831656    27 consensus_meta.cc:317] T 3a76ab24970d40ef859dfa774b11abe1 P 096da8680d274dba91b50831a23bfd58: Updating active role from FOLLOWER to FOLLOWER. Consensus state: current_term: 9 leader_uuid: "" config { opid_index: -1 peers { permanent_uuid: "096da8680d274dba91b50831a23bfd58" member_type: VOTER last_known_private_addr { host: "yb-tserver-n1" port: 9100 } cloud_info { placement_cloud: "cloud1" placement_region: "datacenter1" placement_zone: "rack1" } } }, has_pending_config = 0
I0311 03:37:41.832656    27 consensus_queue.cc:289] T 3a76ab24970d40ef859dfa774b11abe1 P 096da8680d274dba91b50831a23bfd58 [NON_LEADER]: Queue going to NON_LEADER mode. State: All replicated op: 0.0, Majority replicated op: 0.0, Committed index: 0.0, Last applied: 0.0, Last appended: 9.9, Current term: 0, Majority size: -1, State: QUEUE_OPEN, Mode: NON_LEADER
I0311 03:37:41.833177    27 raft_consensus.cc:3367] T 3a76ab24970d40ef859dfa774b11abe1 P 096da8680d274dba91b50831a23bfd58 [term 9 FOLLOWER]: Calling mark dirty synchronously for reason code CONSENSUS_STARTED
I0311 03:37:41.838676    27 tablet_peer.cc:1455] T 3a76ab24970d40ef859dfa774b11abe1 P 096da8680d274dba91b50831a23bfd58 [state=RUNNING]: Changed state from BOOTSTRAPPING to RUNNING
I0311 03:37:41.839283    41 heartbeater.cc:338] P 096da8680d274dba91b50831a23bfd58: Connected to a leader master server at yb-master-n1:7100
I0311 03:37:41.839347    27 tablet_peer.cc:1344] T 3a76ab24970d40ef859dfa774b11abe1 P 096da8680d274dba91b50831a23bfd58 [state=RUNNING]: Registered log gc
I0311 03:37:41.838575    29 consensus_meta.cc:317] T 974d5dc4624a4cc8ba8333f193777a6e P 096da8680d274dba91b50831a23bfd58: Updating active role from FOLLOWER to FOLLOWER. Consensus state: current_term: 9 leader_uuid: "" config { opid_index: -1 peers { permanent_uuid: "096da8680d274dba91b50831a23bfd58" member_type: VOTER last_known_private_addr { host: "yb-tserver-n1" port: 9100 } cloud_info { placement_cloud: "cloud1" placement_region: "datacenter1" placement_zone: "rack1" } } }, has_pending_config = 0
I0311 03:37:41.839416    30 tablet_bootstrap_if.cc:96] T 5c82d2d282b24c23a5a85eaa9b3797e3 P 096da8680d274dba91b50831a23bfd58: Bootstrap complete.
I0311 03:37:41.839807    41 heartbeater.cc:387] P 096da8680d274dba91b50831a23bfd58: Registering TS with master...
I0311 03:37:41.840176    27 ts_tablet_manager.cc:1573] T 3a76ab24970d40ef859dfa774b11abe1 P 096da8680d274dba91b50831a23bfd58: Time spent starting tablet: real 0.022s	user 0.002s	sys 0.001s
I0311 03:37:41.843576    27 ts_tablet_manager.cc:2771] Deleted transition in progress opening tablet for tablet 3a76ab24970d40ef859dfa774b11abe1
I0311 03:37:41.842940    41 server_base.cc:541] Using private rpc address yb-tserver-n1
I0311 03:37:41.840677    29 raft_consensus.cc:480] T 974d5dc4624a4cc8ba8333f193777a6e P 096da8680d274dba91b50831a23bfd58 [term 9 FOLLOWER]: Replica starting. Triggering 0 pending operations. Active config: opid_index: -1 peers { permanent_uuid: "096da8680d274dba91b50831a23bfd58" member_type: VOTER last_known_private_addr { host: "yb-tserver-n1" port: 9100 } cloud_info { placement_cloud: "cloud1" placement_region: "datacenter1" placement_zone: "rack1" } }
I0311 03:37:41.844314    28 log.cc:1278] T 22d66049cb9c4419a35469ea8c2c36bc P 096da8680d274dba91b50831a23bfd58: Setting log wal retention time to 0 seconds
I0311 03:37:41.844779    41 server_base.cc:563] Using http address yb-tserver-n1
I0311 03:37:41.845203    29 raft_consensus.cc:1115] T 974d5dc4624a4cc8ba8333f193777a6e P 096da8680d274dba91b50831a23bfd58 [term 9 FOLLOWER]: Becoming Follower/Learner. State: Replica: 096da8680d274dba91b50831a23bfd58, State: 1, Role: FOLLOWER, Watermarks: {Received: 9.9 Committed: 9.9} Leader: 0.0, new leader: , initial_fd_wait: <uninitialized>
I0311 03:37:41.846647    29 consensus_meta.cc:317] T 974d5dc4624a4cc8ba8333f193777a6e P 096da8680d274dba91b50831a23bfd58: Updating active role from FOLLOWER to FOLLOWER. Consensus state: current_term: 9 leader_uuid: "" config { opid_index: -1 peers { permanent_uuid: "096da8680d274dba91b50831a23bfd58" member_type: VOTER last_known_private_addr { host: "yb-tserver-n1" port: 9100 } cloud_info { placement_cloud: "cloud1" placement_region: "datacenter1" placement_zone: "rack1" } } }, has_pending_config = 0
I0311 03:37:41.845769    28 ts_tablet_manager.cc:1506] T 22d66049cb9c4419a35469ea8c2c36bc P 096da8680d274dba91b50831a23bfd58: Time spent bootstrapping tablet: real 0.334s	user 0.010s	sys 0.010s
W0311 03:37:41.847316    41 heartbeater.cc:658] P 096da8680d274dba91b50831a23bfd58: Failed to heartbeat to yb-master-n1:7100: Service unavailable (yb/tserver/heartbeater.cc:479): Master is no longer the leader: code: NOT_THE_LEADER status { code: SERVICE_UNAVAILABLE message: "Catalog manager is not initialized. State: 1" source_file: "../../src/yb/master/scoped_leader_shared_lock.cc" source_line: 91 errors: "\000" } tries=6, num=1, masters=0x00000040152207c8 -> [[yb-master-n1:7100]], code=Service unavailable
I0311 03:37:41.848026    29 consensus_queue.cc:289] T 974d5dc4624a4cc8ba8333f193777a6e P 096da8680d274dba91b50831a23bfd58 [NON_LEADER]: Queue going to NON_LEADER mode. State: All replicated op: 0.0, Majority replicated op: 0.0, Committed index: 0.0, Last applied: 0.0, Last appended: 9.9, Current term: 0, Majority size: -1, State: QUEUE_OPEN, Mode: NON_LEADER
I0311 03:37:41.848698    28 tablet_peer.cc:1033] T 22d66049cb9c4419a35469ea8c2c36bc P 096da8680d274dba91b50831a23bfd58 [state=BOOTSTRAPPING]: Setting cdc min replicated index to 9223372036854775807
I0311 03:37:41.849545    30 log.cc:1278] T 5c82d2d282b24c23a5a85eaa9b3797e3 P 096da8680d274dba91b50831a23bfd58: Setting log wal retention time to 0 seconds
I0311 03:37:41.850220    41 heartbeater.cc:338] P 096da8680d274dba91b50831a23bfd58: Connected to a leader master server at yb-master-n1:7100
I0311 03:37:41.851801    41 heartbeater.cc:387] P 096da8680d274dba91b50831a23bfd58: Registering TS with master...
I0311 03:37:41.852089    41 server_base.cc:541] Using private rpc address yb-tserver-n1
I0311 03:37:41.850512    29 raft_consensus.cc:3367] T 974d5dc4624a4cc8ba8333f193777a6e P 096da8680d274dba91b50831a23bfd58 [term 9 FOLLOWER]: Calling mark dirty synchronously for reason code CONSENSUS_STARTED
I0311 03:37:41.851508    30 ts_tablet_manager.cc:1506] T 5c82d2d282b24c23a5a85eaa9b3797e3 P 096da8680d274dba91b50831a23bfd58: Time spent bootstrapping tablet: real 0.360s	user 0.007s	sys 0.014s
I0311 03:37:41.852703    41 server_base.cc:563] Using http address yb-tserver-n1
I0311 03:37:41.853158    29 tablet_peer.cc:1455] T 974d5dc4624a4cc8ba8333f193777a6e P 096da8680d274dba91b50831a23bfd58 [state=RUNNING]: Changed state from BOOTSTRAPPING to RUNNING
I0311 03:37:41.853909    30 tablet_peer.cc:1033] T 5c82d2d282b24c23a5a85eaa9b3797e3 P 096da8680d274dba91b50831a23bfd58 [state=BOOTSTRAPPING]: Setting cdc min replicated index to 9223372036854775807
I0311 03:37:41.855043    29 tablet_peer.cc:1344] T 974d5dc4624a4cc8ba8333f193777a6e P 096da8680d274dba91b50831a23bfd58 [state=RUNNING]: Registered log gc
I0311 03:37:41.855036    28 consensus_meta.cc:317] T 22d66049cb9c4419a35469ea8c2c36bc P 096da8680d274dba91b50831a23bfd58: Updating active role from FOLLOWER to FOLLOWER. Consensus state: current_term: 9 leader_uuid: "" config { opid_index: -1 peers { permanent_uuid: "096da8680d274dba91b50831a23bfd58" member_type: VOTER last_known_private_addr { host: "yb-tserver-n1" port: 9100 } cloud_info { placement_cloud: "cloud1" placement_region: "datacenter1" placement_zone: "rack1" } } }, has_pending_config = 0
W0311 03:37:41.855299    41 heartbeater.cc:658] P 096da8680d274dba91b50831a23bfd58: Failed to heartbeat to yb-master-n1:7100: Service unavailable (yb/tserver/heartbeater.cc:479): Master is no longer the leader: code: NOT_THE_LEADER status { code: SERVICE_UNAVAILABLE message: "Catalog manager is not initialized. State: 1" source_file: "../../src/yb/master/scoped_leader_shared_lock.cc" source_line: 91 errors: "\000" } tries=7, num=1, masters=0x00000040152207c8 -> [[yb-master-n1:7100]], code=Service unavailable
I0311 03:37:41.856258    29 ts_tablet_manager.cc:1573] T 974d5dc4624a4cc8ba8333f193777a6e P 096da8680d274dba91b50831a23bfd58: Time spent starting tablet: real 0.031s	user 0.004s	sys 0.003s
I0311 03:37:41.856613    28 raft_consensus.cc:480] T 22d66049cb9c4419a35469ea8c2c36bc P 096da8680d274dba91b50831a23bfd58 [term 9 FOLLOWER]: Replica starting. Triggering 0 pending operations. Active config: opid_index: -1 peers { permanent_uuid: "096da8680d274dba91b50831a23bfd58" member_type: VOTER last_known_private_addr { host: "yb-tserver-n1" port: 9100 } cloud_info { placement_cloud: "cloud1" placement_region: "datacenter1" placement_zone: "rack1" } }
I0311 03:37:41.858414    41 heartbeater.cc:338] P 096da8680d274dba91b50831a23bfd58: Connected to a leader master server at yb-master-n1:7100
I0311 03:37:41.858767    29 ts_tablet_manager.cc:2771] Deleted transition in progress opening tablet for tablet 974d5dc4624a4cc8ba8333f193777a6e
I0311 03:37:41.859205    28 raft_consensus.cc:1115] T 22d66049cb9c4419a35469ea8c2c36bc P 096da8680d274dba91b50831a23bfd58 [term 9 FOLLOWER]: Becoming Follower/Learner. State: Replica: 096da8680d274dba91b50831a23bfd58, State: 1, Role: FOLLOWER, Watermarks: {Received: 9.9 Committed: 9.9} Leader: 0.0, new leader: , initial_fd_wait: <uninitialized>
I0311 03:37:41.859623    41 heartbeater.cc:387] P 096da8680d274dba91b50831a23bfd58: Registering TS with master...
I0311 03:37:41.861094    41 server_base.cc:541] Using private rpc address yb-tserver-n1
I0311 03:37:41.860569    28 consensus_meta.cc:317] T 22d66049cb9c4419a35469ea8c2c36bc P 096da8680d274dba91b50831a23bfd58: Updating active role from FOLLOWER to FOLLOWER. Consensus state: current_term: 9 leader_uuid: "" config { opid_index: -1 peers { permanent_uuid: "096da8680d274dba91b50831a23bfd58" member_type: VOTER last_known_private_addr { host: "yb-tserver-n1" port: 9100 } cloud_info { placement_cloud: "cloud1" placement_region: "datacenter1" placement_zone: "rack1" } } }, has_pending_config = 0
I0311 03:37:41.859867    30 consensus_meta.cc:317] T 5c82d2d282b24c23a5a85eaa9b3797e3 P 096da8680d274dba91b50831a23bfd58: Updating active role from FOLLOWER to FOLLOWER. Consensus state: current_term: 9 leader_uuid: "" config { opid_index: -1 peers { permanent_uuid: "096da8680d274dba91b50831a23bfd58" member_type: VOTER last_known_private_addr { host: "yb-tserver-n1" port: 9100 } cloud_info { placement_cloud: "cloud1" placement_region: "datacenter1" placement_zone: "rack1" } } }, has_pending_config = 0
I0311 03:37:41.861748    41 server_base.cc:563] Using http address yb-tserver-n1
I0311 03:37:41.862124    28 consensus_queue.cc:289] T 22d66049cb9c4419a35469ea8c2c36bc P 096da8680d274dba91b50831a23bfd58 [NON_LEADER]: Queue going to NON_LEADER mode. State: All replicated op: 0.0, Majority replicated op: 0.0, Committed index: 0.0, Last applied: 0.0, Last appended: 9.9, Current term: 0, Majority size: -1, State: QUEUE_OPEN, Mode: NON_LEADER
I0311 03:37:41.862478    30 raft_consensus.cc:480] T 5c82d2d282b24c23a5a85eaa9b3797e3 P 096da8680d274dba91b50831a23bfd58 [term 9 FOLLOWER]: Replica starting. Triggering 0 pending operations. Active config: opid_index: -1 peers { permanent_uuid: "096da8680d274dba91b50831a23bfd58" member_type: VOTER last_known_private_addr { host: "yb-tserver-n1" port: 9100 } cloud_info { placement_cloud: "cloud1" placement_region: "datacenter1" placement_zone: "rack1" } }
I0311 03:37:41.863204    28 raft_consensus.cc:3367] T 22d66049cb9c4419a35469ea8c2c36bc P 096da8680d274dba91b50831a23bfd58 [term 9 FOLLOWER]: Calling mark dirty synchronously for reason code CONSENSUS_STARTED
W0311 03:37:41.863894    41 heartbeater.cc:658] P 096da8680d274dba91b50831a23bfd58: Failed to heartbeat to yb-master-n1:7100: Service unavailable (yb/tserver/heartbeater.cc:479): Master is no longer the leader: code: NOT_THE_LEADER status { code: SERVICE_UNAVAILABLE message: "Catalog manager is not initialized. State: 1" source_file: "../../src/yb/master/scoped_leader_shared_lock.cc" source_line: 91 errors: "\000" } tries=8, num=1, masters=0x00000040152207c8 -> [[yb-master-n1:7100]], code=Service unavailable
I0311 03:37:41.864025    30 raft_consensus.cc:1115] T 5c82d2d282b24c23a5a85eaa9b3797e3 P 096da8680d274dba91b50831a23bfd58 [term 9 FOLLOWER]: Becoming Follower/Learner. State: Replica: 096da8680d274dba91b50831a23bfd58, State: 1, Role: FOLLOWER, Watermarks: {Received: 9.9 Committed: 9.9} Leader: 0.0, new leader: , initial_fd_wait: <uninitialized>
I0311 03:37:41.864710    28 tablet_peer.cc:1455] T 22d66049cb9c4419a35469ea8c2c36bc P 096da8680d274dba91b50831a23bfd58 [state=RUNNING]: Changed state from BOOTSTRAPPING to RUNNING
I0311 03:37:41.866051    41 heartbeater.cc:338] P 096da8680d274dba91b50831a23bfd58: Connected to a leader master server at yb-master-n1:7100
I0311 03:37:41.866302    30 consensus_meta.cc:317] T 5c82d2d282b24c23a5a85eaa9b3797e3 P 096da8680d274dba91b50831a23bfd58: Updating active role from FOLLOWER to FOLLOWER. Consensus state: current_term: 9 leader_uuid: "" config { opid_index: -1 peers { permanent_uuid: "096da8680d274dba91b50831a23bfd58" member_type: VOTER last_known_private_addr { host: "yb-tserver-n1" port: 9100 } cloud_info { placement_cloud: "cloud1" placement_region: "datacenter1" placement_zone: "rack1" } } }, has_pending_config = 0
I0311 03:37:41.867718    28 tablet_peer.cc:1344] T 22d66049cb9c4419a35469ea8c2c36bc P 096da8680d274dba91b50831a23bfd58 [state=RUNNING]: Registered log gc
I0311 03:37:41.869230    28 ts_tablet_manager.cc:1573] T 22d66049cb9c4419a35469ea8c2c36bc P 096da8680d274dba91b50831a23bfd58: Time spent starting tablet: real 0.021s	user 0.003s	sys 0.000s
I0311 03:37:41.868892    30 consensus_queue.cc:289] T 5c82d2d282b24c23a5a85eaa9b3797e3 P 096da8680d274dba91b50831a23bfd58 [NON_LEADER]: Queue going to NON_LEADER mode. State: All replicated op: 0.0, Majority replicated op: 0.0, Committed index: 0.0, Last applied: 0.0, Last appended: 9.9, Current term: 0, Majority size: -1, State: QUEUE_OPEN, Mode: NON_LEADER
I0311 03:37:41.868193    41 heartbeater.cc:387] P 096da8680d274dba91b50831a23bfd58: Registering TS with master...
I0311 03:37:41.871466    41 server_base.cc:541] Using private rpc address yb-tserver-n1
I0311 03:37:41.872299    41 server_base.cc:563] Using http address yb-tserver-n1
I0311 03:37:41.869992    28 ts_tablet_manager.cc:2771] Deleted transition in progress opening tablet for tablet 22d66049cb9c4419a35469ea8c2c36bc
I0311 03:37:41.870393    30 raft_consensus.cc:3367] T 5c82d2d282b24c23a5a85eaa9b3797e3 P 096da8680d274dba91b50831a23bfd58 [term 9 FOLLOWER]: Calling mark dirty synchronously for reason code CONSENSUS_STARTED
W0311 03:37:41.874003    41 heartbeater.cc:658] P 096da8680d274dba91b50831a23bfd58: Failed to heartbeat to yb-master-n1:7100: Service unavailable (yb/tserver/heartbeater.cc:479): Master is no longer the leader: code: NOT_THE_LEADER status { code: SERVICE_UNAVAILABLE message: "Catalog manager is not initialized. State: 1" source_file: "../../src/yb/master/scoped_leader_shared_lock.cc" source_line: 91 errors: "\000" } tries=9, num=1, masters=0x00000040152207c8 -> [[yb-master-n1:7100]], code=Service unavailable
I0311 03:37:41.874297    30 tablet_peer.cc:1455] T 5c82d2d282b24c23a5a85eaa9b3797e3 P 096da8680d274dba91b50831a23bfd58 [state=RUNNING]: Changed state from BOOTSTRAPPING to RUNNING
I0311 03:37:41.875666    41 heartbeater.cc:338] P 096da8680d274dba91b50831a23bfd58: Connected to a leader master server at yb-master-n1:7100
I0311 03:37:41.875689    30 tablet_peer.cc:1344] T 5c82d2d282b24c23a5a85eaa9b3797e3 P 096da8680d274dba91b50831a23bfd58 [state=RUNNING]: Registered log gc
I0311 03:37:41.876504    41 heartbeater.cc:387] P 096da8680d274dba91b50831a23bfd58: Registering TS with master...
I0311 03:37:41.877034    30 ts_tablet_manager.cc:1573] T 5c82d2d282b24c23a5a85eaa9b3797e3 P 096da8680d274dba91b50831a23bfd58: Time spent starting tablet: real 0.023s	user 0.003s	sys 0.000s
I0311 03:37:41.877749    30 ts_tablet_manager.cc:2771] Deleted transition in progress opening tablet for tablet 5c82d2d282b24c23a5a85eaa9b3797e3
I0311 03:37:41.877373    41 server_base.cc:541] Using private rpc address yb-tserver-n1
I0311 03:37:41.878674    41 server_base.cc:563] Using http address yb-tserver-n1
W0311 03:37:41.880004    41 heartbeater.cc:658] P 096da8680d274dba91b50831a23bfd58: Failed to heartbeat to yb-master-n1:7100: Service unavailable (yb/tserver/heartbeater.cc:479): Master is no longer the leader: code: NOT_THE_LEADER status { code: SERVICE_UNAVAILABLE message: "Catalog manager is not initialized. State: 1" source_file: "../../src/yb/master/scoped_leader_shared_lock.cc" source_line: 91 errors: "\000" } tries=10, num=1, masters=0x00000040152207c8 -> [[yb-master-n1:7100]], code=Service unavailable
I0311 03:37:41.881184    41 heartbeater.cc:338] P 096da8680d274dba91b50831a23bfd58: Connected to a leader master server at yb-master-n1:7100
I0311 03:37:41.881582    41 heartbeater.cc:387] P 096da8680d274dba91b50831a23bfd58: Registering TS with master...
I0311 03:37:41.881928    41 server_base.cc:541] Using private rpc address yb-tserver-n1
I0311 03:37:41.882418    41 server_base.cc:563] Using http address yb-tserver-n1
W0311 03:37:41.884214    41 heartbeater.cc:658] P 096da8680d274dba91b50831a23bfd58: Failed to heartbeat to yb-master-n1:7100: Service unavailable (yb/tserver/heartbeater.cc:479): Master is no longer the leader: code: NOT_THE_LEADER status { code: SERVICE_UNAVAILABLE message: "Catalog manager is not initialized. State: 1" source_file: "../../src/yb/master/scoped_leader_shared_lock.cc" source_line: 91 errors: "\000" } tries=11, num=1, masters=0x00000040152207c8 -> [[yb-master-n1:7100]], code=Service unavailable
W0311 03:37:41.905890     8 pg_wrapper.cc:389] No hba configuration lines found, defaulting to trust all configuration.
I0311 03:37:41.921141     8 pg_wrapper.cc:528] PostgreSQL server running as pid 50
I0311 03:37:41.927609     8 server_base_options.cc:176] Updating master addrs to {yb-master-n1:7100}
I0311 03:37:41.928489     8 server_base_options.cc:176] Updating master addrs to {yb-master-n1:7100}
I0311 03:37:41.929872     8 server_base_options.cc:176] Updating master addrs to {yb-master-n1:7100}
I0311 03:37:41.930608     8 rpc_server.cc:90] yb::server::RpcServer created at 0x403153a640
I0311 03:37:41.930934     8 tablet_server_main.cc:295] Starting redis server...
I0311 03:37:41.937819     8 fs_manager.cc:383] Opened local filesystem: /mnt/tserver
uuid: "096da8680d274dba91b50831a23bfd58"
format_stamp: "Formatted at 2023-03-10 16:06:28 on ebf588942a27"
initdb_done_set_after_sys_catalog_restore: true
I0311 03:37:41.939950     8 thread_pool.cc:170] Starting thread pool { name: RedisServer queue_limit: 10000 max_workers: 1024 }
I0311 03:37:41.963634     8 service_pool.cc:153] yb.redisserver.RedisServerService: yb::rpc::ServicePoolImpl created at 0x40245dd200
I0311 03:37:41.964493     8 webserver.cc:307] Starting webserver on yb-tserver-n1:11000
I0311 03:37:41.964824     8 webserver.cc:312] Document root: /home/yugabyte/www
I0311 03:37:41.965662     8 webserver.cc:302] Webserver listen spec is 192.168.176.5:11000
I0311 03:37:41.966513     8 webserver.cc:418] Webserver started. Bound to: http://192.168.176.5:11000/
I0311 03:37:41.967046     8 service_pool.cc:153] yb.server.GenericService: yb::rpc::ServicePoolImpl created at 0x40245dd440
I0311 03:37:41.968502     8 rpc_server.cc:173] RPC server started. Bound to: 192.168.176.5:6379
I0311 03:37:41.968849     8 tablet_server_main.cc:297] Redis server successfully started.
I0311 03:37:41.969379     8 server_base_options.cc:176] Updating master addrs to {yb-master-n1:7100}
I0311 03:37:41.971935     8 server_base_options.cc:176] Updating master addrs to {yb-master-n1:7100}
I0311 03:37:41.972363     8 server_base_options.cc:176] Updating master addrs to {yb-master-n1:7100}
I0311 03:37:41.972894     8 rpc_server.cc:90] yb::server::RpcServer created at 0x403153a6e0
I0311 03:37:41.973299     8 tablet_server_main.cc:324] Starting CQL server...
I0311 03:37:41.979197     8 fs_manager.cc:383] Opened local filesystem: /mnt/tserver
uuid: "096da8680d274dba91b50831a23bfd58"
format_stamp: "Formatted at 2023-03-10 16:06:28 on ebf588942a27"
initdb_done_set_after_sys_catalog_restore: true
I0311 03:37:41.979800     8 secure.cc:147] SetupSecureContext: kExternal, 0
I0311 03:37:41.980172    17 log.cc:1342] T 22d66049cb9c4419a35469ea8c2c36bc P 096da8680d274dba91b50831a23bfd58: Running Log GC on /mnt/tserver/yb-data/tserver/wals/table-929f7d28b7a2483c9b6c4652af3f6131/tablet-22d66049cb9c4419a35469ea8c2c36bc: retaining ops >= 9, log segment size = 4194304
I0311 03:37:41.980840    17 log_reader.cc:522] T 22d66049cb9c4419a35469ea8c2c36bc P 096da8680d274dba91b50831a23bfd58: Removed log segment sequence numbers from log reader: [6, 7, 8]
I0311 03:37:41.981204    17 log.cc:1368] T 22d66049cb9c4419a35469ea8c2c36bc P 096da8680d274dba91b50831a23bfd58: Deleting log segment in path: /mnt/tserver/yb-data/tserver/wals/table-929f7d28b7a2483c9b6c4652af3f6131/tablet-22d66049cb9c4419a35469ea8c2c36bc/wal-000000006 (GCed ops < 7)
I0311 03:37:41.982034     8 thread_pool.cc:170] Starting thread pool { name: CQLServer queue_limit: 10000 max_workers: 1024 }
I0311 03:37:41.982300    17 log.cc:1368] T 22d66049cb9c4419a35469ea8c2c36bc P 096da8680d274dba91b50831a23bfd58: Deleting log segment in path: /mnt/tserver/yb-data/tserver/wals/table-929f7d28b7a2483c9b6c4652af3f6131/tablet-22d66049cb9c4419a35469ea8c2c36bc/wal-000000007 (GCed ops < 8)
I0311 03:37:41.983412    17 log.cc:1368] T 22d66049cb9c4419a35469ea8c2c36bc P 096da8680d274dba91b50831a23bfd58: Deleting log segment in path: /mnt/tserver/yb-data/tserver/wals/table-929f7d28b7a2483c9b6c4652af3f6131/tablet-22d66049cb9c4419a35469ea8c2c36bc/wal-000000008 (GCed ops < 9)
I0311 03:37:41.984462    17 maintenance_manager.cc:375] Time spent running LogGCOp(22d66049cb9c4419a35469ea8c2c36bc): real 0.004s	user 0.000s	sys 0.001s
I0311 03:37:41.986732     8 cql_service.cc:137] CQL processors limit: 26069
I0311 03:37:41.987442     8 service_pool.cc:153] yb.cqlserver.CQLServerService: yb::rpc::ServicePoolImpl created at 0x40246b66c0
I0311 03:37:41.987949     8 webserver.cc:307] Starting webserver on yb-tserver-n1:12000
I0311 03:37:41.988214     8 webserver.cc:312] Document root: /home/yugabyte/www
I0311 03:37:41.988947     8 webserver.cc:302] Webserver listen spec is 192.168.176.5:12000
I0311 03:37:41.989773     8 webserver.cc:418] Webserver started. Bound to: http://192.168.176.5:12000/
I0311 03:37:41.990381     8 service_pool.cc:153] yb.server.GenericService: yb::rpc::ServicePoolImpl created at 0x40246b6900
I0311 03:37:41.991356     8 rpc_server.cc:173] RPC server started. Bound to: 192.168.176.5:9042
I0311 03:37:41.992074     8 tablet_server_main.cc:326] CQL server successfully started.
