I0311 03:09:54.338009    28 tablet_bootstrap.cc:1237] T 3a76ab24970d40ef859dfa774b11abe1 P 096da8680d274dba91b50831a23bfd58: Segment /mnt/tserver/yb-data/tserver/wals/table-929f7d28b7a2483c9b6c4652af3f6131/tablet-3a76ab24970d40ef859dfa774b11abe1/wal-000000003 cannot be used as the first segment to start replay with according to our OpId and retention criteria. However, this is already the earliest segment so we have to start replay here. We should probably investigate how we got into this situation. op_id=3.3, op_id_replay_lowest=-1.-1, first_op_time=3544782160.848s, min_seconds_to_retain_logs=660.000s, replay_from_this_or_earlier_time_was_initialized=1, *replay_from_this_or_earlier_time=3544781503.210s, is_first_op_id_low_enough=0, is_first_op_time_early_enough=0
I0311 03:09:54.339237    30 log_util.cc:285] Successfully rebuilt footer for segment: /mnt/tserver/yb-data/tserver/wals/table-929f7d28b7a2483c9b6c4652af3f6131/tablet-974d5dc4624a4cc8ba8333f193777a6e/wal-000000004 (valid entries through byte offset 195)
I0311 03:09:54.341310    28 tablet_bootstrap.cc:1250] T 3a76ab24970d40ef859dfa774b11abe1 P 096da8680d274dba91b50831a23bfd58: Bootstrap optimizer (skip_flushed_entries): will replay all segments starting from the very first one.
I0311 03:09:54.341605    29 log_util.cc:817] Found no log entry headers
I0311 03:09:54.342406    30 log.cc:661] T 974d5dc4624a4cc8ba8333f193777a6e P 096da8680d274dba91b50831a23bfd58: Opened existing logs. Last segment is /mnt/tserver/yb-data/tserver/wals/table-929f7d28b7a2483c9b6c4652af3f6131/tablet-974d5dc4624a4cc8ba8333f193777a6e/wal-000000004
I0311 03:09:54.343930    29 log_util.cc:666] Ignoring partially flushed segment in write ahead log /mnt/tserver/yb-data/tserver/wals/table-929f7d28b7a2483c9b6c4652af3f6131/tablet-5c82d2d282b24c23a5a85eaa9b3797e3/wal-000000004 because there are no log entries following this one. The server probably crashed in the middle of writing an entry to the write-ahead log or downloaded an active log via remote bootstrap. Error detail: Corruption (yb/consensus/log_util.cc:889): Invalid checksum in log entry head header: found=0, computed=2351477386: Failed trying to read batch #3 at offset 195 for log segment /mnt/tserver/yb-data/tserver/wals/table-929f7d28b7a2483c9b6c4652af3f6131/tablet-5c82d2d282b24c23a5a85eaa9b3797e3/wal-000000004: Prior batch offsets: 107 167 195; Last log entries read: [REPLICATE (4.4)]
I0311 03:09:54.348239    29 log_util.cc:285] Successfully rebuilt footer for segment: /mnt/tserver/yb-data/tserver/wals/table-929f7d28b7a2483c9b6c4652af3f6131/tablet-5c82d2d282b24c23a5a85eaa9b3797e3/wal-000000004 (valid entries through byte offset 195)
I0311 03:09:54.346850    30 tablet_bootstrap.cc:386] T 974d5dc4624a4cc8ba8333f193777a6e P 096da8680d274dba91b50831a23bfd58: Bootstrap optimizer (skip_flushed_entries): op_id_replay_lowest=-1.-1 (regular_op_id=-1.-1, intents_op_id=-1.-1, has_intents_db=0)
I0311 03:09:54.351459    29 log.cc:661] T 5c82d2d282b24c23a5a85eaa9b3797e3 P 096da8680d274dba91b50831a23bfd58: Opened existing logs. Last segment is /mnt/tserver/yb-data/tserver/wals/table-929f7d28b7a2483c9b6c4652af3f6131/tablet-5c82d2d282b24c23a5a85eaa9b3797e3/wal-000000004
I0311 03:09:54.351727    27 log_util.cc:817] Found no log entry headers
I0311 03:09:54.352831    30 tablet_bootstrap.cc:1237] T 974d5dc4624a4cc8ba8333f193777a6e P 096da8680d274dba91b50831a23bfd58: Segment /mnt/tserver/yb-data/tserver/wals/table-929f7d28b7a2483c9b6c4652af3f6131/tablet-974d5dc4624a4cc8ba8333f193777a6e/wal-000000004 cannot be used as the first segment to start replay with according to our OpId and retention criteria. Continuing to earlier segments.op_id=4.4, op_id_replay_lowest=-1.-1, first_op_time=3978764923.789s, min_seconds_to_retain_logs=660.000s, replay_from_this_or_earlier_time_was_initialized=0, *replay_from_this_or_earlier_time=3978764263.789s, is_first_op_id_low_enough=0, is_first_op_time_early_enough=0
I0311 03:09:54.352954    28 tablet_bootstrap_if.cc:96] T 3a76ab24970d40ef859dfa774b11abe1 P 096da8680d274dba91b50831a23bfd58: Bootstrap replayed 1/2 log segments. Read operations: 1, overwritten operations: 0. Pending: 1 replicates. Last read committed op id: 3.3, last entry metadata: { entry_time: 3544782160.848s offset: 107 active_segment_sequence_number: 3 }, last read entry op id: 3.3
I0311 03:09:54.353330    29 tablet_bootstrap.cc:386] T 5c82d2d282b24c23a5a85eaa9b3797e3 P 096da8680d274dba91b50831a23bfd58: Bootstrap optimizer (skip_flushed_entries): op_id_replay_lowest=-1.-1 (regular_op_id=-1.-1, intents_op_id=-1.-1, has_intents_db=0)
I0311 03:09:54.354915    29 tablet_bootstrap.cc:1237] T 5c82d2d282b24c23a5a85eaa9b3797e3 P 096da8680d274dba91b50831a23bfd58: Segment /mnt/tserver/yb-data/tserver/wals/table-929f7d28b7a2483c9b6c4652af3f6131/tablet-5c82d2d282b24c23a5a85eaa9b3797e3/wal-000000004 cannot be used as the first segment to start replay with according to our OpId and retention criteria. Continuing to earlier segments.op_id=4.4, op_id_replay_lowest=-1.-1, first_op_time=3977690700.764s, min_seconds_to_retain_logs=660.000s, replay_from_this_or_earlier_time_was_initialized=0, *replay_from_this_or_earlier_time=3977690040.764s, is_first_op_id_low_enough=0, is_first_op_time_early_enough=0
I0311 03:09:54.354077    30 tablet_bootstrap.cc:1237] T 974d5dc4624a4cc8ba8333f193777a6e P 096da8680d274dba91b50831a23bfd58: Segment /mnt/tserver/yb-data/tserver/wals/table-929f7d28b7a2483c9b6c4652af3f6131/tablet-974d5dc4624a4cc8ba8333f193777a6e/wal-000000003 cannot be used as the first segment to start replay with according to our OpId and retention criteria. However, this is already the earliest segment so we have to start replay here. We should probably investigate how we got into this situation. op_id=3.3, op_id_replay_lowest=-1.-1, first_op_time=3978764920.199s, min_seconds_to_retain_logs=660.000s, replay_from_this_or_earlier_time_was_initialized=1, *replay_from_this_or_earlier_time=3978764263.789s, is_first_op_id_low_enough=0, is_first_op_time_early_enough=0
I0311 03:09:54.354521    28 tablet_bootstrap_if.cc:96] T 3a76ab24970d40ef859dfa774b11abe1 P 096da8680d274dba91b50831a23bfd58: Bootstrap replayed 2/2 log segments. Read operations: 2, overwritten operations: 0. Pending: 1 replicates. Last read committed op id: 4.4, last entry metadata: { entry_time: 3544782163.210s offset: 107 active_segment_sequence_number: 4 }, last read entry op id: 4.4
I0311 03:09:54.356007    28 tablet_bootstrap.cc:1405] T 3a76ab24970d40ef859dfa774b11abe1 P 096da8680d274dba91b50831a23bfd58: Dumping replay state to log at the end of PlaySegments
I0311 03:09:54.356544    28 tablet_bootstrap.cc:1101] T 3a76ab24970d40ef859dfa774b11abe1 P 096da8680d274dba91b50831a23bfd58: ReplayState: Previous OpId: 4.4, Committed OpId: 4.4, Pending Replicates: 0, Flushed Regular: -1.-1, Flushed Intents: -1.-1
I0311 03:09:54.355649    30 tablet_bootstrap.cc:1250] T 974d5dc4624a4cc8ba8333f193777a6e P 096da8680d274dba91b50831a23bfd58: Bootstrap optimizer (skip_flushed_entries): will replay all segments starting from the very first one.
I0311 03:09:54.353709    27 log_util.cc:666] Ignoring partially flushed segment in write ahead log /mnt/tserver/yb-data/tserver/wals/table-929f7d28b7a2483c9b6c4652af3f6131/tablet-22d66049cb9c4419a35469ea8c2c36bc/wal-000000004 because there are no log entries following this one. The server probably crashed in the middle of writing an entry to the write-ahead log or downloaded an active log via remote bootstrap. Error detail: Corruption (yb/consensus/log_util.cc:889): Invalid checksum in log entry head header: found=0, computed=2351477386: Failed trying to read batch #3 at offset 195 for log segment /mnt/tserver/yb-data/tserver/wals/table-929f7d28b7a2483c9b6c4652af3f6131/tablet-22d66049cb9c4419a35469ea8c2c36bc/wal-000000004: Prior batch offsets: 107 167 195; Last log entries read: [REPLICATE (4.4)]
I0311 03:09:54.355340    29 tablet_bootstrap.cc:1237] T 5c82d2d282b24c23a5a85eaa9b3797e3 P 096da8680d274dba91b50831a23bfd58: Segment /mnt/tserver/yb-data/tserver/wals/table-929f7d28b7a2483c9b6c4652af3f6131/tablet-5c82d2d282b24c23a5a85eaa9b3797e3/wal-000000003 cannot be used as the first segment to start replay with according to our OpId and retention criteria. However, this is already the earliest segment so we have to start replay here. We should probably investigate how we got into this situation. op_id=3.3, op_id_replay_lowest=-1.-1, first_op_time=3977690697.532s, min_seconds_to_retain_logs=660.000s, replay_from_this_or_earlier_time_was_initialized=1, *replay_from_this_or_earlier_time=3977690040.764s, is_first_op_id_low_enough=0, is_first_op_time_early_enough=0
I0311 03:09:54.357852    28 tablet_bootstrap.cc:1101] T 3a76ab24970d40ef859dfa774b11abe1 P 096da8680d274dba91b50831a23bfd58: Log entries applied to RocksDB: 2
I0311 03:09:54.362216    28 tablet_bootstrap.cc:1416] T 3a76ab24970d40ef859dfa774b11abe1 P 096da8680d274dba91b50831a23bfd58: Number of orphaned replicates: 0, last id: 4.4, committed id: 4.4
I0311 03:09:54.361791    29 tablet_bootstrap.cc:1250] T 5c82d2d282b24c23a5a85eaa9b3797e3 P 096da8680d274dba91b50831a23bfd58: Bootstrap optimizer (skip_flushed_entries): will replay all segments starting from the very first one.
I0311 03:09:54.361342    27 log_util.cc:285] Successfully rebuilt footer for segment: /mnt/tserver/yb-data/tserver/wals/table-929f7d28b7a2483c9b6c4652af3f6131/tablet-22d66049cb9c4419a35469ea8c2c36bc/wal-000000004 (valid entries through byte offset 195)
I0311 03:09:54.363675    27 log.cc:661] T 22d66049cb9c4419a35469ea8c2c36bc P 096da8680d274dba91b50831a23bfd58: Opened existing logs. Last segment is /mnt/tserver/yb-data/tserver/wals/table-929f7d28b7a2483c9b6c4652af3f6131/tablet-22d66049cb9c4419a35469ea8c2c36bc/wal-000000004
I0311 03:09:54.364292    30 tablet_bootstrap_if.cc:96] T 974d5dc4624a4cc8ba8333f193777a6e P 096da8680d274dba91b50831a23bfd58: Bootstrap replayed 1/2 log segments. Read operations: 1, overwritten operations: 0. Pending: 1 replicates. Last read committed op id: 3.3, last entry metadata: { entry_time: 3978764920.199s offset: 107 active_segment_sequence_number: 3 }, last read entry op id: 3.3
I0311 03:09:54.364305    27 tablet_bootstrap.cc:386] T 22d66049cb9c4419a35469ea8c2c36bc P 096da8680d274dba91b50831a23bfd58: Bootstrap optimizer (skip_flushed_entries): op_id_replay_lowest=-1.-1 (regular_op_id=-1.-1, intents_op_id=-1.-1, has_intents_db=0)
I0311 03:09:54.364820    30 tablet_bootstrap_if.cc:96] T 974d5dc4624a4cc8ba8333f193777a6e P 096da8680d274dba91b50831a23bfd58: Bootstrap replayed 2/2 log segments. Read operations: 2, overwritten operations: 0. Pending: 1 replicates. Last read committed op id: 4.4, last entry metadata: { entry_time: 3978764923.789s offset: 107 active_segment_sequence_number: 4 }, last read entry op id: 4.4
I0311 03:09:54.365818    27 tablet_bootstrap.cc:1237] T 22d66049cb9c4419a35469ea8c2c36bc P 096da8680d274dba91b50831a23bfd58: Segment /mnt/tserver/yb-data/tserver/wals/table-929f7d28b7a2483c9b6c4652af3f6131/tablet-22d66049cb9c4419a35469ea8c2c36bc/wal-000000004 cannot be used as the first segment to start replay with according to our OpId and retention criteria. Continuing to earlier segments.op_id=4.4, op_id_replay_lowest=-1.-1, first_op_time=7147944459.011s, min_seconds_to_retain_logs=660.000s, replay_from_this_or_earlier_time_was_initialized=0, *replay_from_this_or_earlier_time=7147943799.011s, is_first_op_id_low_enough=0, is_first_op_time_early_enough=0
I0311 03:09:54.366693    30 tablet_bootstrap.cc:1405] T 974d5dc4624a4cc8ba8333f193777a6e P 096da8680d274dba91b50831a23bfd58: Dumping replay state to log at the end of PlaySegments
I0311 03:09:54.369362    30 tablet_bootstrap.cc:1101] T 974d5dc4624a4cc8ba8333f193777a6e P 096da8680d274dba91b50831a23bfd58: ReplayState: Previous OpId: 4.4, Committed OpId: 4.4, Pending Replicates: 0, Flushed Regular: -1.-1, Flushed Intents: -1.-1
I0311 03:09:54.369771    30 tablet_bootstrap.cc:1101] T 974d5dc4624a4cc8ba8333f193777a6e P 096da8680d274dba91b50831a23bfd58: Log entries applied to RocksDB: 2
I0311 03:09:54.370318    30 tablet_bootstrap.cc:1416] T 974d5dc4624a4cc8ba8333f193777a6e P 096da8680d274dba91b50831a23bfd58: Number of orphaned replicates: 0, last id: 4.4, committed id: 4.4
I0311 03:09:54.368191    29 tablet_bootstrap_if.cc:96] T 5c82d2d282b24c23a5a85eaa9b3797e3 P 096da8680d274dba91b50831a23bfd58: Bootstrap replayed 1/2 log segments. Read operations: 1, overwritten operations: 0. Pending: 1 replicates. Last read committed op id: 3.3, last entry metadata: { entry_time: 3977690697.532s offset: 107 active_segment_sequence_number: 3 }, last read entry op id: 3.3
I0311 03:09:54.371196    29 tablet_bootstrap_if.cc:96] T 5c82d2d282b24c23a5a85eaa9b3797e3 P 096da8680d274dba91b50831a23bfd58: Bootstrap replayed 2/2 log segments. Read operations: 2, overwritten operations: 0. Pending: 1 replicates. Last read committed op id: 4.4, last entry metadata: { entry_time: 3977690700.764s offset: 107 active_segment_sequence_number: 4 }, last read entry op id: 4.4
I0311 03:09:54.368045    27 tablet_bootstrap.cc:1237] T 22d66049cb9c4419a35469ea8c2c36bc P 096da8680d274dba91b50831a23bfd58: Segment /mnt/tserver/yb-data/tserver/wals/table-929f7d28b7a2483c9b6c4652af3f6131/tablet-22d66049cb9c4419a35469ea8c2c36bc/wal-000000003 cannot be used as the first segment to start replay with according to our OpId and retention criteria. However, this is already the earliest segment so we have to start replay here. We should probably investigate how we got into this situation. op_id=3.3, op_id_replay_lowest=-1.-1, first_op_time=7147944455.506s, min_seconds_to_retain_logs=660.000s, replay_from_this_or_earlier_time_was_initialized=1, *replay_from_this_or_earlier_time=7147943799.011s, is_first_op_id_low_enough=0, is_first_op_time_early_enough=0
I0311 03:09:54.370038    28 tablet_bootstrap_if.cc:96] T 3a76ab24970d40ef859dfa774b11abe1 P 096da8680d274dba91b50831a23bfd58: Bootstrap complete.
I0311 03:09:54.371775    29 tablet_bootstrap.cc:1405] T 5c82d2d282b24c23a5a85eaa9b3797e3 P 096da8680d274dba91b50831a23bfd58: Dumping replay state to log at the end of PlaySegments
I0311 03:09:54.375811    29 tablet_bootstrap.cc:1101] T 5c82d2d282b24c23a5a85eaa9b3797e3 P 096da8680d274dba91b50831a23bfd58: ReplayState: Previous OpId: 4.4, Committed OpId: 4.4, Pending Replicates: 0, Flushed Regular: -1.-1, Flushed Intents: -1.-1
I0311 03:09:54.376200    29 tablet_bootstrap.cc:1101] T 5c82d2d282b24c23a5a85eaa9b3797e3 P 096da8680d274dba91b50831a23bfd58: Log entries applied to RocksDB: 2
I0311 03:09:54.376762    29 tablet_bootstrap.cc:1416] T 5c82d2d282b24c23a5a85eaa9b3797e3 P 096da8680d274dba91b50831a23bfd58: Number of orphaned replicates: 0, last id: 4.4, committed id: 4.4
I0311 03:09:54.373332    27 tablet_bootstrap.cc:1250] T 22d66049cb9c4419a35469ea8c2c36bc P 096da8680d274dba91b50831a23bfd58: Bootstrap optimizer (skip_flushed_entries): will replay all segments starting from the very first one.
I0311 03:09:54.377669    30 tablet_bootstrap_if.cc:96] T 974d5dc4624a4cc8ba8333f193777a6e P 096da8680d274dba91b50831a23bfd58: Bootstrap complete.
I0311 03:09:54.381894    28 log.cc:1278] T 3a76ab24970d40ef859dfa774b11abe1 P 096da8680d274dba91b50831a23bfd58: Setting log wal retention time to 0 seconds
I0311 03:09:54.381959    27 tablet_bootstrap_if.cc:96] T 22d66049cb9c4419a35469ea8c2c36bc P 096da8680d274dba91b50831a23bfd58: Bootstrap replayed 1/2 log segments. Read operations: 1, overwritten operations: 0. Pending: 1 replicates. Last read committed op id: 3.3, last entry metadata: { entry_time: 7147944455.506s offset: 107 active_segment_sequence_number: 3 }, last read entry op id: 3.3
I0311 03:09:54.383165    27 tablet_bootstrap_if.cc:96] T 22d66049cb9c4419a35469ea8c2c36bc P 096da8680d274dba91b50831a23bfd58: Bootstrap replayed 2/2 log segments. Read operations: 2, overwritten operations: 0. Pending: 1 replicates. Last read committed op id: 4.4, last entry metadata: { entry_time: 7147944459.011s offset: 107 active_segment_sequence_number: 4 }, last read entry op id: 4.4
I0311 03:09:54.382768    28 ts_tablet_manager.cc:1506] T 3a76ab24970d40ef859dfa774b11abe1 P 096da8680d274dba91b50831a23bfd58: Time spent bootstrapping tablet: real 0.233s	user 0.008s	sys 0.009s
I0311 03:09:54.382344    29 tablet_bootstrap_if.cc:96] T 5c82d2d282b24c23a5a85eaa9b3797e3 P 096da8680d274dba91b50831a23bfd58: Bootstrap complete.
I0311 03:09:54.383715    27 tablet_bootstrap.cc:1405] T 22d66049cb9c4419a35469ea8c2c36bc P 096da8680d274dba91b50831a23bfd58: Dumping replay state to log at the end of PlaySegments
I0311 03:09:54.384480    28 tablet_peer.cc:1033] T 3a76ab24970d40ef859dfa774b11abe1 P 096da8680d274dba91b50831a23bfd58 [state=BOOTSTRAPPING]: Setting cdc min replicated index to 9223372036854775807
I0311 03:09:54.384821    30 log.cc:1278] T 974d5dc4624a4cc8ba8333f193777a6e P 096da8680d274dba91b50831a23bfd58: Setting log wal retention time to 0 seconds
I0311 03:09:54.385277    27 tablet_bootstrap.cc:1101] T 22d66049cb9c4419a35469ea8c2c36bc P 096da8680d274dba91b50831a23bfd58: ReplayState: Previous OpId: 4.4, Committed OpId: 4.4, Pending Replicates: 0, Flushed Regular: -1.-1, Flushed Intents: -1.-1
I0311 03:09:54.389425    27 tablet_bootstrap.cc:1101] T 22d66049cb9c4419a35469ea8c2c36bc P 096da8680d274dba91b50831a23bfd58: Log entries applied to RocksDB: 2
I0311 03:09:54.389942    27 tablet_bootstrap.cc:1416] T 22d66049cb9c4419a35469ea8c2c36bc P 096da8680d274dba91b50831a23bfd58: Number of orphaned replicates: 0, last id: 4.4, committed id: 4.4
I0311 03:09:54.386981    30 ts_tablet_manager.cc:1506] T 974d5dc4624a4cc8ba8333f193777a6e P 096da8680d274dba91b50831a23bfd58: Time spent bootstrapping tablet: real 0.238s	user 0.007s	sys 0.006s
I0311 03:09:54.391129    30 tablet_peer.cc:1033] T 974d5dc4624a4cc8ba8333f193777a6e P 096da8680d274dba91b50831a23bfd58 [state=BOOTSTRAPPING]: Setting cdc min replicated index to 9223372036854775807
I0311 03:09:54.392412    28 consensus_meta.cc:317] T 3a76ab24970d40ef859dfa774b11abe1 P 096da8680d274dba91b50831a23bfd58: Updating active role from FOLLOWER to FOLLOWER. Consensus state: current_term: 4 leader_uuid: "" config { opid_index: -1 peers { permanent_uuid: "096da8680d274dba91b50831a23bfd58" member_type: VOTER last_known_private_addr { host: "yb-tserver-n1" port: 9100 } cloud_info { placement_cloud: "cloud1" placement_region: "datacenter1" placement_zone: "rack1" } } }, has_pending_config = 0
I0311 03:09:54.393100    28 raft_consensus.cc:480] T 3a76ab24970d40ef859dfa774b11abe1 P 096da8680d274dba91b50831a23bfd58 [term 4 FOLLOWER]: Replica starting. Triggering 0 pending operations. Active config: opid_index: -1 peers { permanent_uuid: "096da8680d274dba91b50831a23bfd58" member_type: VOTER last_known_private_addr { host: "yb-tserver-n1" port: 9100 } cloud_info { placement_cloud: "cloud1" placement_region: "datacenter1" placement_zone: "rack1" } }
I0311 03:09:54.393369    29 log.cc:1278] T 5c82d2d282b24c23a5a85eaa9b3797e3 P 096da8680d274dba91b50831a23bfd58: Setting log wal retention time to 0 seconds
I0311 03:09:54.393572    28 raft_consensus.cc:1115] T 3a76ab24970d40ef859dfa774b11abe1 P 096da8680d274dba91b50831a23bfd58 [term 4 FOLLOWER]: Becoming Follower/Learner. State: Replica: 096da8680d274dba91b50831a23bfd58, State: 1, Role: FOLLOWER, Watermarks: {Received: 4.4 Committed: 4.4} Leader: 0.0, new leader: , initial_fd_wait: <uninitialized>
I0311 03:09:54.394248    29 ts_tablet_manager.cc:1506] T 5c82d2d282b24c23a5a85eaa9b3797e3 P 096da8680d274dba91b50831a23bfd58: Time spent bootstrapping tablet: real 0.244s	user 0.003s	sys 0.021s
I0311 03:09:54.396176    29 tablet_peer.cc:1033] T 5c82d2d282b24c23a5a85eaa9b3797e3 P 096da8680d274dba91b50831a23bfd58 [state=BOOTSTRAPPING]: Setting cdc min replicated index to 9223372036854775807
I0311 03:09:54.395373    27 tablet_bootstrap_if.cc:96] T 22d66049cb9c4419a35469ea8c2c36bc P 096da8680d274dba91b50831a23bfd58: Bootstrap complete.
I0311 03:09:54.395221    28 consensus_meta.cc:317] T 3a76ab24970d40ef859dfa774b11abe1 P 096da8680d274dba91b50831a23bfd58: Updating active role from FOLLOWER to FOLLOWER. Consensus state: current_term: 4 leader_uuid: "" config { opid_index: -1 peers { permanent_uuid: "096da8680d274dba91b50831a23bfd58" member_type: VOTER last_known_private_addr { host: "yb-tserver-n1" port: 9100 } cloud_info { placement_cloud: "cloud1" placement_region: "datacenter1" placement_zone: "rack1" } } }, has_pending_config = 0
I0311 03:09:54.396847    30 consensus_meta.cc:317] T 974d5dc4624a4cc8ba8333f193777a6e P 096da8680d274dba91b50831a23bfd58: Updating active role from FOLLOWER to FOLLOWER. Consensus state: current_term: 4 leader_uuid: "" config { opid_index: -1 peers { permanent_uuid: "096da8680d274dba91b50831a23bfd58" member_type: VOTER last_known_private_addr { host: "yb-tserver-n1" port: 9100 } cloud_info { placement_cloud: "cloud1" placement_region: "datacenter1" placement_zone: "rack1" } } }, has_pending_config = 0
I0311 03:09:54.397565    28 consensus_queue.cc:289] T 3a76ab24970d40ef859dfa774b11abe1 P 096da8680d274dba91b50831a23bfd58 [NON_LEADER]: Queue going to NON_LEADER mode. State: All replicated op: 0.0, Majority replicated op: 0.0, Committed index: 0.0, Last applied: 0.0, Last appended: 4.4, Current term: 0, Majority size: -1, State: QUEUE_OPEN, Mode: NON_LEADER
I0311 03:09:54.397862    30 raft_consensus.cc:480] T 974d5dc4624a4cc8ba8333f193777a6e P 096da8680d274dba91b50831a23bfd58 [term 4 FOLLOWER]: Replica starting. Triggering 0 pending operations. Active config: opid_index: -1 peers { permanent_uuid: "096da8680d274dba91b50831a23bfd58" member_type: VOTER last_known_private_addr { host: "yb-tserver-n1" port: 9100 } cloud_info { placement_cloud: "cloud1" placement_region: "datacenter1" placement_zone: "rack1" } }
I0311 03:09:54.398345    28 raft_consensus.cc:3367] T 3a76ab24970d40ef859dfa774b11abe1 P 096da8680d274dba91b50831a23bfd58 [term 4 FOLLOWER]: Calling mark dirty synchronously for reason code CONSENSUS_STARTED
I0311 03:09:54.399044    28 tablet_peer.cc:1455] T 3a76ab24970d40ef859dfa774b11abe1 P 096da8680d274dba91b50831a23bfd58 [state=RUNNING]: Changed state from BOOTSTRAPPING to RUNNING
I0311 03:09:54.399489    28 tablet_peer.cc:1344] T 3a76ab24970d40ef859dfa774b11abe1 P 096da8680d274dba91b50831a23bfd58 [state=RUNNING]: Registered log gc
I0311 03:09:54.399993    28 ts_tablet_manager.cc:1573] T 3a76ab24970d40ef859dfa774b11abe1 P 096da8680d274dba91b50831a23bfd58: Time spent starting tablet: real 0.016s	user 0.001s	sys 0.002s
I0311 03:09:54.398761    30 raft_consensus.cc:1115] T 974d5dc4624a4cc8ba8333f193777a6e P 096da8680d274dba91b50831a23bfd58 [term 4 FOLLOWER]: Becoming Follower/Learner. State: Replica: 096da8680d274dba91b50831a23bfd58, State: 1, Role: FOLLOWER, Watermarks: {Received: 4.4 Committed: 4.4} Leader: 0.0, new leader: , initial_fd_wait: <uninitialized>
I0311 03:09:54.400046    41 heartbeater.cc:338] P 096da8680d274dba91b50831a23bfd58: Connected to a leader master server at yb-master-n1:7100
I0311 03:09:54.401713    28 ts_tablet_manager.cc:2771] Deleted transition in progress opening tablet for tablet 3a76ab24970d40ef859dfa774b11abe1
I0311 03:09:54.402012    29 consensus_meta.cc:317] T 5c82d2d282b24c23a5a85eaa9b3797e3 P 096da8680d274dba91b50831a23bfd58: Updating active role from FOLLOWER to FOLLOWER. Consensus state: current_term: 4 leader_uuid: "" config { opid_index: -1 peers { permanent_uuid: "096da8680d274dba91b50831a23bfd58" member_type: VOTER last_known_private_addr { host: "yb-tserver-n1" port: 9100 } cloud_info { placement_cloud: "cloud1" placement_region: "datacenter1" placement_zone: "rack1" } } }, has_pending_config = 0
I0311 03:09:54.404711    27 log.cc:1278] T 22d66049cb9c4419a35469ea8c2c36bc P 096da8680d274dba91b50831a23bfd58: Setting log wal retention time to 0 seconds
I0311 03:09:54.402729    41 heartbeater.cc:387] P 096da8680d274dba91b50831a23bfd58: Registering TS with master...
I0311 03:09:54.402227    30 consensus_meta.cc:317] T 974d5dc4624a4cc8ba8333f193777a6e P 096da8680d274dba91b50831a23bfd58: Updating active role from FOLLOWER to FOLLOWER. Consensus state: current_term: 4 leader_uuid: "" config { opid_index: -1 peers { permanent_uuid: "096da8680d274dba91b50831a23bfd58" member_type: VOTER last_known_private_addr { host: "yb-tserver-n1" port: 9100 } cloud_info { placement_cloud: "cloud1" placement_region: "datacenter1" placement_zone: "rack1" } } }, has_pending_config = 0
I0311 03:09:54.404747    29 raft_consensus.cc:480] T 5c82d2d282b24c23a5a85eaa9b3797e3 P 096da8680d274dba91b50831a23bfd58 [term 4 FOLLOWER]: Replica starting. Triggering 0 pending operations. Active config: opid_index: -1 peers { permanent_uuid: "096da8680d274dba91b50831a23bfd58" member_type: VOTER last_known_private_addr { host: "yb-tserver-n1" port: 9100 } cloud_info { placement_cloud: "cloud1" placement_region: "datacenter1" placement_zone: "rack1" } }
I0311 03:09:54.405073    27 ts_tablet_manager.cc:1506] T 22d66049cb9c4419a35469ea8c2c36bc P 096da8680d274dba91b50831a23bfd58: Time spent bootstrapping tablet: real 0.246s	user 0.011s	sys 0.006s
I0311 03:09:54.405411    41 server_base.cc:541] Using private rpc address yb-tserver-n1
I0311 03:09:54.405709    30 consensus_queue.cc:289] T 974d5dc4624a4cc8ba8333f193777a6e P 096da8680d274dba91b50831a23bfd58 [NON_LEADER]: Queue going to NON_LEADER mode. State: All replicated op: 0.0, Majority replicated op: 0.0, Committed index: 0.0, Last applied: 0.0, Last appended: 4.4, Current term: 0, Majority size: -1, State: QUEUE_OPEN, Mode: NON_LEADER
I0311 03:09:54.407312    30 raft_consensus.cc:3367] T 974d5dc4624a4cc8ba8333f193777a6e P 096da8680d274dba91b50831a23bfd58 [term 4 FOLLOWER]: Calling mark dirty synchronously for reason code CONSENSUS_STARTED
I0311 03:09:54.406831    27 tablet_peer.cc:1033] T 22d66049cb9c4419a35469ea8c2c36bc P 096da8680d274dba91b50831a23bfd58 [state=BOOTSTRAPPING]: Setting cdc min replicated index to 9223372036854775807
I0311 03:09:54.407095    41 server_base.cc:563] Using http address yb-tserver-n1
I0311 03:09:54.406236    29 raft_consensus.cc:1115] T 5c82d2d282b24c23a5a85eaa9b3797e3 P 096da8680d274dba91b50831a23bfd58 [term 4 FOLLOWER]: Becoming Follower/Learner. State: Replica: 096da8680d274dba91b50831a23bfd58, State: 1, Role: FOLLOWER, Watermarks: {Received: 4.4 Committed: 4.4} Leader: 0.0, new leader: , initial_fd_wait: <uninitialized>
I0311 03:09:54.407599    30 tablet_peer.cc:1455] T 974d5dc4624a4cc8ba8333f193777a6e P 096da8680d274dba91b50831a23bfd58 [state=RUNNING]: Changed state from BOOTSTRAPPING to RUNNING
I0311 03:09:54.409631    29 consensus_meta.cc:317] T 5c82d2d282b24c23a5a85eaa9b3797e3 P 096da8680d274dba91b50831a23bfd58: Updating active role from FOLLOWER to FOLLOWER. Consensus state: current_term: 4 leader_uuid: "" config { opid_index: -1 peers { permanent_uuid: "096da8680d274dba91b50831a23bfd58" member_type: VOTER last_known_private_addr { host: "yb-tserver-n1" port: 9100 } cloud_info { placement_cloud: "cloud1" placement_region: "datacenter1" placement_zone: "rack1" } } }, has_pending_config = 0
W0311 03:09:54.410120    41 heartbeater.cc:658] P 096da8680d274dba91b50831a23bfd58: Failed to heartbeat to yb-master-n1:7100: Service unavailable (yb/tserver/heartbeater.cc:479): Master is no longer the leader: code: NOT_THE_LEADER status { code: SERVICE_UNAVAILABLE message: "Catalog manager is not initialized. State: 1" source_file: "../../src/yb/master/scoped_leader_shared_lock.cc" source_line: 91 errors: "\000" } tries=4, num=1, masters=0x00000040152207c8 -> [[yb-master-n1:7100]], code=Service unavailable
I0311 03:09:54.410323    30 tablet_peer.cc:1344] T 974d5dc4624a4cc8ba8333f193777a6e P 096da8680d274dba91b50831a23bfd58 [state=RUNNING]: Registered log gc
I0311 03:09:54.410702    29 consensus_queue.cc:289] T 5c82d2d282b24c23a5a85eaa9b3797e3 P 096da8680d274dba91b50831a23bfd58 [NON_LEADER]: Queue going to NON_LEADER mode. State: All replicated op: 0.0, Majority replicated op: 0.0, Committed index: 0.0, Last applied: 0.0, Last appended: 4.4, Current term: 0, Majority size: -1, State: QUEUE_OPEN, Mode: NON_LEADER
I0311 03:09:54.413015    41 heartbeater.cc:338] P 096da8680d274dba91b50831a23bfd58: Connected to a leader master server at yb-master-n1:7100
I0311 03:09:54.413163    30 ts_tablet_manager.cc:1573] T 974d5dc4624a4cc8ba8333f193777a6e P 096da8680d274dba91b50831a23bfd58: Time spent starting tablet: real 0.022s	user 0.002s	sys 0.001s
I0311 03:09:54.413584    29 raft_consensus.cc:3367] T 5c82d2d282b24c23a5a85eaa9b3797e3 P 096da8680d274dba91b50831a23bfd58 [term 4 FOLLOWER]: Calling mark dirty synchronously for reason code CONSENSUS_STARTED
I0311 03:09:54.413506    27 consensus_meta.cc:317] T 22d66049cb9c4419a35469ea8c2c36bc P 096da8680d274dba91b50831a23bfd58: Updating active role from FOLLOWER to FOLLOWER. Consensus state: current_term: 4 leader_uuid: "" config { opid_index: -1 peers { permanent_uuid: "096da8680d274dba91b50831a23bfd58" member_type: VOTER last_known_private_addr { host: "yb-tserver-n1" port: 9100 } cloud_info { placement_cloud: "cloud1" placement_region: "datacenter1" placement_zone: "rack1" } } }, has_pending_config = 0
I0311 03:09:54.413973    41 heartbeater.cc:387] P 096da8680d274dba91b50831a23bfd58: Registering TS with master...
I0311 03:09:54.414337    30 ts_tablet_manager.cc:2771] Deleted transition in progress opening tablet for tablet 974d5dc4624a4cc8ba8333f193777a6e
I0311 03:09:54.414801    29 tablet_peer.cc:1455] T 5c82d2d282b24c23a5a85eaa9b3797e3 P 096da8680d274dba91b50831a23bfd58 [state=RUNNING]: Changed state from BOOTSTRAPPING to RUNNING
I0311 03:09:54.415181    27 raft_consensus.cc:480] T 22d66049cb9c4419a35469ea8c2c36bc P 096da8680d274dba91b50831a23bfd58 [term 4 FOLLOWER]: Replica starting. Triggering 0 pending operations. Active config: opid_index: -1 peers { permanent_uuid: "096da8680d274dba91b50831a23bfd58" member_type: VOTER last_known_private_addr { host: "yb-tserver-n1" port: 9100 } cloud_info { placement_cloud: "cloud1" placement_region: "datacenter1" placement_zone: "rack1" } }
I0311 03:09:54.415491    41 server_base.cc:541] Using private rpc address yb-tserver-n1
I0311 03:09:54.416297    29 tablet_peer.cc:1344] T 5c82d2d282b24c23a5a85eaa9b3797e3 P 096da8680d274dba91b50831a23bfd58 [state=RUNNING]: Registered log gc
I0311 03:09:54.416546    27 raft_consensus.cc:1115] T 22d66049cb9c4419a35469ea8c2c36bc P 096da8680d274dba91b50831a23bfd58 [term 4 FOLLOWER]: Becoming Follower/Learner. State: Replica: 096da8680d274dba91b50831a23bfd58, State: 1, Role: FOLLOWER, Watermarks: {Received: 4.4 Committed: 4.4} Leader: 0.0, new leader: , initial_fd_wait: <uninitialized>
I0311 03:09:54.416965    41 server_base.cc:563] Using http address yb-tserver-n1
I0311 03:09:54.417271    29 ts_tablet_manager.cc:1573] T 5c82d2d282b24c23a5a85eaa9b3797e3 P 096da8680d274dba91b50831a23bfd58: Time spent starting tablet: real 0.021s	user 0.002s	sys 0.001s
I0311 03:09:54.418673    29 ts_tablet_manager.cc:2771] Deleted transition in progress opening tablet for tablet 5c82d2d282b24c23a5a85eaa9b3797e3
I0311 03:09:54.417608    27 consensus_meta.cc:317] T 22d66049cb9c4419a35469ea8c2c36bc P 096da8680d274dba91b50831a23bfd58: Updating active role from FOLLOWER to FOLLOWER. Consensus state: current_term: 4 leader_uuid: "" config { opid_index: -1 peers { permanent_uuid: "096da8680d274dba91b50831a23bfd58" member_type: VOTER last_known_private_addr { host: "yb-tserver-n1" port: 9100 } cloud_info { placement_cloud: "cloud1" placement_region: "datacenter1" placement_zone: "rack1" } } }, has_pending_config = 0
W0311 03:09:54.419128    41 heartbeater.cc:658] P 096da8680d274dba91b50831a23bfd58: Failed to heartbeat to yb-master-n1:7100: Service unavailable (yb/tserver/heartbeater.cc:479): Master is no longer the leader: code: NOT_THE_LEADER status { code: SERVICE_UNAVAILABLE message: "Catalog manager is not initialized. State: 1" source_file: "../../src/yb/master/scoped_leader_shared_lock.cc" source_line: 91 errors: "\000" } tries=5, num=1, masters=0x00000040152207c8 -> [[yb-master-n1:7100]], code=Service unavailable
I0311 03:09:54.420140    27 consensus_queue.cc:289] T 22d66049cb9c4419a35469ea8c2c36bc P 096da8680d274dba91b50831a23bfd58 [NON_LEADER]: Queue going to NON_LEADER mode. State: All replicated op: 0.0, Majority replicated op: 0.0, Committed index: 0.0, Last applied: 0.0, Last appended: 4.4, Current term: 0, Majority size: -1, State: QUEUE_OPEN, Mode: NON_LEADER
I0311 03:09:54.421495    27 raft_consensus.cc:3367] T 22d66049cb9c4419a35469ea8c2c36bc P 096da8680d274dba91b50831a23bfd58 [term 4 FOLLOWER]: Calling mark dirty synchronously for reason code CONSENSUS_STARTED
I0311 03:09:54.421633    41 heartbeater.cc:338] P 096da8680d274dba91b50831a23bfd58: Connected to a leader master server at yb-master-n1:7100
I0311 03:09:54.422641    41 heartbeater.cc:387] P 096da8680d274dba91b50831a23bfd58: Registering TS with master...
I0311 03:09:54.422295    27 tablet_peer.cc:1455] T 22d66049cb9c4419a35469ea8c2c36bc P 096da8680d274dba91b50831a23bfd58 [state=RUNNING]: Changed state from BOOTSTRAPPING to RUNNING
I0311 03:09:54.422995    41 server_base.cc:541] Using private rpc address yb-tserver-n1
I0311 03:09:54.423339    27 tablet_peer.cc:1344] T 22d66049cb9c4419a35469ea8c2c36bc P 096da8680d274dba91b50831a23bfd58 [state=RUNNING]: Registered log gc
I0311 03:09:54.423730    41 server_base.cc:563] Using http address yb-tserver-n1
I0311 03:09:54.424125    27 ts_tablet_manager.cc:1573] T 22d66049cb9c4419a35469ea8c2c36bc P 096da8680d274dba91b50831a23bfd58: Time spent starting tablet: real 0.018s	user 0.002s	sys 0.001s
I0311 03:09:54.424823    27 ts_tablet_manager.cc:2771] Deleted transition in progress opening tablet for tablet 22d66049cb9c4419a35469ea8c2c36bc
W0311 03:09:54.425506    41 heartbeater.cc:658] P 096da8680d274dba91b50831a23bfd58: Failed to heartbeat to yb-master-n1:7100: Service unavailable (yb/tserver/heartbeater.cc:479): Master is no longer the leader: code: NOT_THE_LEADER status { code: SERVICE_UNAVAILABLE message: "Catalog manager is not initialized. State: 1" source_file: "../../src/yb/master/scoped_leader_shared_lock.cc" source_line: 91 errors: "\000" } tries=6, num=1, masters=0x00000040152207c8 -> [[yb-master-n1:7100]], code=Service unavailable
I0311 03:09:54.427129    41 heartbeater.cc:338] P 096da8680d274dba91b50831a23bfd58: Connected to a leader master server at yb-master-n1:7100
I0311 03:09:54.427731    41 heartbeater.cc:387] P 096da8680d274dba91b50831a23bfd58: Registering TS with master...
I0311 03:09:54.428076    41 server_base.cc:541] Using private rpc address yb-tserver-n1
I0311 03:09:54.428426    41 server_base.cc:563] Using http address yb-tserver-n1
W0311 03:09:54.429809    41 heartbeater.cc:658] P 096da8680d274dba91b50831a23bfd58: Failed to heartbeat to yb-master-n1:7100: Service unavailable (yb/tserver/heartbeater.cc:479): Master is no longer the leader: code: NOT_THE_LEADER status { code: SERVICE_UNAVAILABLE message: "Catalog manager is not initialized. State: 1" source_file: "../../src/yb/master/scoped_leader_shared_lock.cc" source_line: 91 errors: "\000" } tries=7, num=1, masters=0x00000040152207c8 -> [[yb-master-n1:7100]], code=Service unavailable
I0311 03:09:54.489392    17 log.cc:1342] T 22d66049cb9c4419a35469ea8c2c36bc P 096da8680d274dba91b50831a23bfd58: Running Log GC on /mnt/tserver/yb-data/tserver/wals/table-929f7d28b7a2483c9b6c4652af3f6131/tablet-22d66049cb9c4419a35469ea8c2c36bc: retaining ops >= 4, log segment size = 4194304
I0311 03:09:54.490002    17 log_reader.cc:522] T 22d66049cb9c4419a35469ea8c2c36bc P 096da8680d274dba91b50831a23bfd58: Removed log segment sequence numbers from log reader: [3]
I0311 03:09:54.490473    17 log.cc:1368] T 22d66049cb9c4419a35469ea8c2c36bc P 096da8680d274dba91b50831a23bfd58: Deleting log segment in path: /mnt/tserver/yb-data/tserver/wals/table-929f7d28b7a2483c9b6c4652af3f6131/tablet-22d66049cb9c4419a35469ea8c2c36bc/wal-000000003 (GCed ops < 4)
I0311 03:09:54.492369    17 maintenance_manager.cc:375] Time spent running LogGCOp(22d66049cb9c4419a35469ea8c2c36bc): real 0.003s	user 0.000s	sys 0.000s
W0311 03:09:54.512174     8 pg_wrapper.cc:389] No hba configuration lines found, defaulting to trust all configuration.
I0311 03:09:54.527534     8 pg_wrapper.cc:528] PostgreSQL server running as pid 51
I0311 03:09:54.529834     8 server_base_options.cc:176] Updating master addrs to {yb-master-n1:7100}
I0311 03:09:54.531396     8 server_base_options.cc:176] Updating master addrs to {yb-master-n1:7100}
I0311 03:09:54.533268     8 server_base_options.cc:176] Updating master addrs to {yb-master-n1:7100}
I0311 03:09:54.535517     8 rpc_server.cc:90] yb::server::RpcServer created at 0x401562ab40
I0311 03:09:54.535950     8 tablet_server_main.cc:295] Starting redis server...
I0311 03:09:54.543140     8 fs_manager.cc:383] Opened local filesystem: /mnt/tserver
uuid: "096da8680d274dba91b50831a23bfd58"
format_stamp: "Formatted at 2023-03-10 16:06:28 on ebf588942a27"
initdb_done_set_after_sys_catalog_restore: true
I0311 03:09:54.546067     8 thread_pool.cc:170] Starting thread pool { name: RedisServer queue_limit: 10000 max_workers: 1024 }
I0311 03:09:54.570787     8 service_pool.cc:153] yb.redisserver.RedisServerService: yb::rpc::ServicePoolImpl created at 0x40153b98c0
I0311 03:09:54.572326     8 webserver.cc:307] Starting webserver on yb-tserver-n1:11000
I0311 03:09:54.572911     8 webserver.cc:312] Document root: /home/yugabyte/www
I0311 03:09:54.574898     8 webserver.cc:302] Webserver listen spec is 192.168.96.5:11000
I0311 03:09:54.576699     8 webserver.cc:418] Webserver started. Bound to: http://192.168.96.5:11000/
I0311 03:09:54.577636     8 service_pool.cc:153] yb.server.GenericService: yb::rpc::ServicePoolImpl created at 0x40153b9b00
I0311 03:09:54.579753     8 rpc_server.cc:173] RPC server started. Bound to: 192.168.96.5:6379
I0311 03:09:54.580507     8 tablet_server_main.cc:297] Redis server successfully started.
I0311 03:09:54.581456     8 server_base_options.cc:176] Updating master addrs to {yb-master-n1:7100}
I0311 03:09:54.582207     8 server_base_options.cc:176] Updating master addrs to {yb-master-n1:7100}
I0311 03:09:54.582921     8 server_base_options.cc:176] Updating master addrs to {yb-master-n1:7100}
I0311 03:09:54.583679     8 rpc_server.cc:90] yb::server::RpcServer created at 0x401562abe0
I0311 03:09:54.584282     8 tablet_server_main.cc:324] Starting CQL server...
I0311 03:09:54.595822     8 fs_manager.cc:383] Opened local filesystem: /mnt/tserver
uuid: "096da8680d274dba91b50831a23bfd58"
format_stamp: "Formatted at 2023-03-10 16:06:28 on ebf588942a27"
initdb_done_set_after_sys_catalog_restore: true
I0311 03:09:54.596949     8 secure.cc:147] SetupSecureContext: kExternal, 0
I0311 03:09:54.599973     8 thread_pool.cc:170] Starting thread pool { name: CQLServer queue_limit: 10000 max_workers: 1024 }
I0311 03:09:54.616998     8 cql_service.cc:137] CQL processors limit: 26069
I0311 03:09:54.618533     8 service_pool.cc:153] yb.cqlserver.CQLServerService: yb::rpc::ServicePoolImpl created at 0x40156eed80
I0311 03:09:54.619397     8 webserver.cc:307] Starting webserver on yb-tserver-n1:12000
I0311 03:09:54.619920     8 webserver.cc:312] Document root: /home/yugabyte/www
I0311 03:09:54.621865     8 webserver.cc:302] Webserver listen spec is 192.168.96.5:12000
I0311 03:09:54.623370     8 webserver.cc:418] Webserver started. Bound to: http://192.168.96.5:12000/
I0311 03:09:54.624554     8 service_pool.cc:153] yb.server.GenericService: yb::rpc::ServicePoolImpl created at 0x40156eefc0
I0311 03:09:54.625950     8 rpc_server.cc:173] RPC server started. Bound to: 192.168.96.5:9042
I0311 03:09:54.627188     8 tablet_server_main.cc:326] CQL server successfully started.
I0311 03:09:54.739730    17 log.cc:1342] T 3a76ab24970d40ef859dfa774b11abe1 P 096da8680d274dba91b50831a23bfd58: Running Log GC on /mnt/tserver/yb-data/tserver/wals/table-929f7d28b7a2483c9b6c4652af3f6131/tablet-3a76ab24970d40ef859dfa774b11abe1: retaining ops >= 4, log segment size = 4194304
I0311 03:09:54.741041    17 log_reader.cc:522] T 3a76ab24970d40ef859dfa774b11abe1 P 096da8680d274dba91b50831a23bfd58: Removed log segment sequence numbers from log reader: [3]
I0311 03:09:54.741501    17 log.cc:1368] T 3a76ab24970d40ef859dfa774b11abe1 P 096da8680d274dba91b50831a23bfd58: Deleting log segment in path: /mnt/tserver/yb-data/tserver/wals/table-929f7d28b7a2483c9b6c4652af3f6131/tablet-3a76ab24970d40ef859dfa774b11abe1/wal-000000003 (GCed ops < 4)
I0311 03:09:54.743104    17 maintenance_manager.cc:375] Time spent running LogGCOp(3a76ab24970d40ef859dfa774b11abe1): real 0.003s	user 0.001s	sys 0.000s
I0311 03:09:54.989894    17 log.cc:1342] T 5c82d2d282b24c23a5a85eaa9b3797e3 P 096da8680d274dba91b50831a23bfd58: Running Log GC on /mnt/tserver/yb-data/tserver/wals/table-929f7d28b7a2483c9b6c4652af3f6131/tablet-5c82d2d282b24c23a5a85eaa9b3797e3: retaining ops >= 4, log segment size = 4194304
I0311 03:09:54.990536    17 log_reader.cc:522] T 5c82d2d282b24c23a5a85eaa9b3797e3 P 096da8680d274dba91b50831a23bfd58: Removed log segment sequence numbers from log reader: [3]
I0311 03:09:54.990963    17 log.cc:1368] T 5c82d2d282b24c23a5a85eaa9b3797e3 P 096da8680d274dba91b50831a23bfd58: Deleting log segment in path: /mnt/tserver/yb-data/tserver/wals/table-929f7d28b7a2483c9b6c4652af3f6131/tablet-5c82d2d282b24c23a5a85eaa9b3797e3/wal-000000003 (GCed ops < 4)
I0311 03:09:54.992439    17 maintenance_manager.cc:375] Time spent running LogGCOp(5c82d2d282b24c23a5a85eaa9b3797e3): real 0.003s	user 0.001s	sys 0.000s
I0311 03:09:55.240085    17 log.cc:1342] T 974d5dc4624a4cc8ba8333f193777a6e P 096da8680d274dba91b50831a23bfd58: Running Log GC on /mnt/tserver/yb-data/tserver/wals/table-929f7d28b7a2483c9b6c4652af3f6131/tablet-974d5dc4624a4cc8ba8333f193777a6e: retaining ops >= 4, log segment size = 4194304
I0311 03:09:55.240474    17 log_reader.cc:522] T 974d5dc4624a4cc8ba8333f193777a6e P 096da8680d274dba91b50831a23bfd58: Removed log segment sequence numbers from log reader: [3]
I0311 03:09:55.240818    17 log.cc:1368] T 974d5dc4624a4cc8ba8333f193777a6e P 096da8680d274dba91b50831a23bfd58: Deleting log segment in path: /mnt/tserver/yb-data/tserver/wals/table-929f7d28b7a2483c9b6c4652af3f6131/tablet-974d5dc4624a4cc8ba8333f193777a6e/wal-000000003 (GCed ops < 4)
I0311 03:09:55.241888    17 maintenance_manager.cc:375] Time spent running LogGCOp(974d5dc4624a4cc8ba8333f193777a6e): real 0.002s	user 0.000s	sys 0.000s
I0311 03:09:55.441880    41 heartbeater.cc:338] P 096da8680d274dba91b50831a23bfd58: Connected to a leader master server at yb-master-n1:7100
I0311 03:09:55.443043    41 heartbeater.cc:387] P 096da8680d274dba91b50831a23bfd58: Registering TS with master...
I0311 03:09:55.443842    41 server_base.cc:541] Using private rpc address yb-tserver-n1
I0311 03:09:55.444793    41 server_base.cc:563] Using http address yb-tserver-n1
W0311 03:09:55.448027    41 heartbeater.cc:658] P 096da8680d274dba91b50831a23bfd58: Failed to heartbeat to yb-master-n1:7100: Service unavailable (yb/tserver/heartbeater.cc:479): Master is no longer the leader: code: NOT_THE_LEADER status { code: ILLEGAL_STATE message: "Not the leader. Local UUID: e62675f7a535485386d064e83c9c9d83, Consensus state: current_term: 4 config { opid_index: -1 peers { permanent_uuid: \"e62675f7a535485386d064e83c9c9d83\" member_type: VOTER last_known_private_addr { host: \"yb-master-n1\" port: 7100 } cloud_info { placement_cloud: \"cloud1\" placement_region: \"datacenter1\" placement_zone: \"rack1\" } } }" source_file: "../../src/yb/master/scoped_leader_shared_lock.cc" source_line: 113 errors: "\000" } tries=8, num=1, masters=0x00000040152207c8 -> [[yb-master-n1:7100]], code=Service unavailable
I0311 03:09:55.493850    17 log.cc:1342] T df17b40b75664e0aaa44ec6687a7a233 P 096da8680d274dba91b50831a23bfd58: Running Log GC on /mnt/tserver/yb-data/tserver/wals/table-929f7d28b7a2483c9b6c4652af3f6131/tablet-df17b40b75664e0aaa44ec6687a7a233: retaining ops >= 4, log segment size = 4194304
I0311 03:09:55.495859    17 log_reader.cc:522] T df17b40b75664e0aaa44ec6687a7a233 P 096da8680d274dba91b50831a23bfd58: Removed log segment sequence numbers from log reader: [3]
I0311 03:09:55.496632    17 log.cc:1368] T df17b40b75664e0aaa44ec6687a7a233 P 096da8680d274dba91b50831a23bfd58: Deleting log segment in path: /mnt/tserver/yb-data/tserver/wals/table-929f7d28b7a2483c9b6c4652af3f6131/tablet-df17b40b75664e0aaa44ec6687a7a233/wal-000000003 (GCed ops < 4)
I0311 03:09:55.498503    17 maintenance_manager.cc:375] Time spent running LogGCOp(df17b40b75664e0aaa44ec6687a7a233): real 0.005s	user 0.001s	sys 0.000s
I0311 03:09:55.748241    17 log.cc:1342] T e778eac89ca24f2993340a6d09c687f8 P 096da8680d274dba91b50831a23bfd58: Running Log GC on /mnt/tserver/yb-data/tserver/wals/table-929f7d28b7a2483c9b6c4652af3f6131/tablet-e778eac89ca24f2993340a6d09c687f8: retaining ops >= 4, log segment size = 4194304
I0311 03:09:55.753396    17 log_reader.cc:522] T e778eac89ca24f2993340a6d09c687f8 P 096da8680d274dba91b50831a23bfd58: Removed log segment sequence numbers from log reader: [3]
I0311 03:09:55.759339    17 log.cc:1368] T e778eac89ca24f2993340a6d09c687f8 P 096da8680d274dba91b50831a23bfd58: Deleting log segment in path: /mnt/tserver/yb-data/tserver/wals/table-929f7d28b7a2483c9b6c4652af3f6131/tablet-e778eac89ca24f2993340a6d09c687f8/wal-000000003 (GCed ops < 4)
I0311 03:09:55.773344    17 maintenance_manager.cc:375] Time spent running LogGCOp(e778eac89ca24f2993340a6d09c687f8): real 0.025s	user 0.003s	sys 0.003s
I0311 03:09:55.999155    17 log.cc:1342] T ef19613afa234c5d943034489b070927 P 096da8680d274dba91b50831a23bfd58: Running Log GC on /mnt/tserver/yb-data/tserver/wals/table-929f7d28b7a2483c9b6c4652af3f6131/tablet-ef19613afa234c5d943034489b070927: retaining ops >= 4, log segment size = 4194304
I0311 03:09:56.001458    17 log_reader.cc:522] T ef19613afa234c5d943034489b070927 P 096da8680d274dba91b50831a23bfd58: Removed log segment sequence numbers from log reader: [3]
I0311 03:09:56.007117    17 log.cc:1368] T ef19613afa234c5d943034489b070927 P 096da8680d274dba91b50831a23bfd58: Deleting log segment in path: /mnt/tserver/yb-data/tserver/wals/table-929f7d28b7a2483c9b6c4652af3f6131/tablet-ef19613afa234c5d943034489b070927/wal-000000003 (GCed ops < 4)
I0311 03:09:56.014191    17 maintenance_manager.cc:375] Time spent running LogGCOp(ef19613afa234c5d943034489b070927): real 0.015s	user 0.001s	sys 0.003s
I0311 03:09:56.403656    11 raft_consensus.cc:1030] T df17b40b75664e0aaa44ec6687a7a233 P 096da8680d274dba91b50831a23bfd58 [term 4 FOLLOWER]: ReportFailDetected: Starting NORMAL_ELECTION...
I0311 03:09:56.409108    11 raft_consensus.cc:627] T df17b40b75664e0aaa44ec6687a7a233 P 096da8680d274dba91b50831a23bfd58 [term 4 FOLLOWER]: Triggering leader pre-election, mode=NORMAL_ELECTION
I0311 03:09:56.413039    11 raft_consensus.cc:3421] T df17b40b75664e0aaa44ec6687a7a233 P 096da8680d274dba91b50831a23bfd58 [term 4 FOLLOWER]: Snoozing leader timeout detection for 3.041s
I0311 03:09:56.414674    11 raft_consensus.cc:667] T df17b40b75664e0aaa44ec6687a7a233 P 096da8680d274dba91b50831a23bfd58 [term 4 FOLLOWER]: Starting pre-election with config: opid_index: -1 peers { permanent_uuid: "096da8680d274dba91b50831a23bfd58" member_type: VOTER last_known_private_addr { host: "yb-tserver-n1" port: 9100 } cloud_info { placement_cloud: "cloud1" placement_region: "datacenter1" placement_zone: "rack1" } }
I0311 03:09:56.419485    11 leader_election.cc:242] T df17b40b75664e0aaa44ec6687a7a233 P 096da8680d274dba91b50831a23bfd58 [CANDIDATE]: Term 5 pre-election: Election decided. Result: candidate won.
I0311 03:09:56.423331    88 raft_consensus.cc:3421] T df17b40b75664e0aaa44ec6687a7a233 P 096da8680d274dba91b50831a23bfd58 [term 4 FOLLOWER]: Snoozing leader timeout detection for 3.102s
I0311 03:09:56.424556    88 raft_consensus.cc:3314] T df17b40b75664e0aaa44ec6687a7a233 P 096da8680d274dba91b50831a23bfd58 [term 4 FOLLOWER]: Leader pre-election won for term 5
I0311 03:09:56.425231    88 raft_consensus.cc:627] T df17b40b75664e0aaa44ec6687a7a233 P 096da8680d274dba91b50831a23bfd58 [term 4 FOLLOWER]: Triggering leader election, mode=NORMAL_ELECTION
I0311 03:09:56.426271    88 raft_consensus.cc:3421] T df17b40b75664e0aaa44ec6687a7a233 P 096da8680d274dba91b50831a23bfd58 [term 4 FOLLOWER]: Snoozing leader timeout detection for 3.112s
I0311 03:09:56.426801    88 raft_consensus.cc:3482] T df17b40b75664e0aaa44ec6687a7a233 P 096da8680d274dba91b50831a23bfd58 [term 4 FOLLOWER]: Advancing to term 5
I0311 03:09:56.431679    88 consensus_meta.cc:317] T df17b40b75664e0aaa44ec6687a7a233 P 096da8680d274dba91b50831a23bfd58: Updating active role from FOLLOWER to FOLLOWER. Consensus state: current_term: 5 leader_uuid: "" config { opid_index: -1 peers { permanent_uuid: "096da8680d274dba91b50831a23bfd58" member_type: VOTER last_known_private_addr { host: "yb-tserver-n1" port: 9100 } cloud_info { placement_cloud: "cloud1" placement_region: "datacenter1" placement_zone: "rack1" } } }, has_pending_config = 0
I0311 03:09:56.432520    88 raft_consensus.cc:667] T df17b40b75664e0aaa44ec6687a7a233 P 096da8680d274dba91b50831a23bfd58 [term 5 FOLLOWER]: Starting election with config: opid_index: -1 peers { permanent_uuid: "096da8680d274dba91b50831a23bfd58" member_type: VOTER last_known_private_addr { host: "yb-tserver-n1" port: 9100 } cloud_info { placement_cloud: "cloud1" placement_region: "datacenter1" placement_zone: "rack1" } }
I0311 03:09:56.436733    88 leader_election.cc:242] T df17b40b75664e0aaa44ec6687a7a233 P 096da8680d274dba91b50831a23bfd58 [CANDIDATE]: Term 5 election: Election decided. Result: candidate won.
I0311 03:09:56.437350    11 raft_consensus.cc:3421] T df17b40b75664e0aaa44ec6687a7a233 P 096da8680d274dba91b50831a23bfd58 [term 5 FOLLOWER]: Snoozing leader timeout detection for 3.253s
I0311 03:09:56.437953    11 raft_consensus.cc:3328] T df17b40b75664e0aaa44ec6687a7a233 P 096da8680d274dba91b50831a23bfd58 [term 5 FOLLOWER]: Leader election won for term 5
