I0310 18:55:56.250926    29 ts_tablet_manager.cc:1573] T 3a76ab24970d40ef859dfa774b11abe1 P 096da8680d274dba91b50831a23bfd58: Time spent starting tablet: real 0.020s	user 0.002s	sys 0.001s
I0310 18:55:56.251315    28 consensus_meta.cc:317] T 5c82d2d282b24c23a5a85eaa9b3797e3 P 096da8680d274dba91b50831a23bfd58: Updating active role from FOLLOWER to FOLLOWER. Consensus state: current_term: 1 leader_uuid: "" config { opid_index: -1 peers { permanent_uuid: "096da8680d274dba91b50831a23bfd58" member_type: VOTER last_known_private_addr { host: "yb-tserver-n1" port: 9100 } cloud_info { placement_cloud: "cloud1" placement_region: "datacenter1" placement_zone: "rack1" } } }, has_pending_config = 0
W0310 18:55:56.250716    45 heartbeater.cc:658] P 096da8680d274dba91b50831a23bfd58: Failed to heartbeat to yb-master-n1:7100: Service unavailable (yb/tserver/heartbeater.cc:479): Master is no longer the leader: code: NOT_THE_LEADER status { code: SERVICE_UNAVAILABLE message: "Catalog manager is not initialized. State: 1" source_file: "../../src/yb/master/scoped_leader_shared_lock.cc" source_line: 91 errors: "\000" } tries=4, num=1, masters=0x00000040152207c8 -> [[yb-master-n1:7100]], code=Service unavailable
I0310 18:55:56.253087    31 consensus_meta.cc:317] T 974d5dc4624a4cc8ba8333f193777a6e P 096da8680d274dba91b50831a23bfd58: Updating active role from FOLLOWER to FOLLOWER. Consensus state: current_term: 1 leader_uuid: "" config { opid_index: -1 peers { permanent_uuid: "096da8680d274dba91b50831a23bfd58" member_type: VOTER last_known_private_addr { host: "yb-tserver-n1" port: 9100 } cloud_info { placement_cloud: "cloud1" placement_region: "datacenter1" placement_zone: "rack1" } } }, has_pending_config = 0
I0310 18:55:56.254289    29 ts_tablet_manager.cc:2771] Deleted transition in progress opening tablet for tablet 3a76ab24970d40ef859dfa774b11abe1
I0310 18:55:56.254885    28 consensus_queue.cc:289] T 5c82d2d282b24c23a5a85eaa9b3797e3 P 096da8680d274dba91b50831a23bfd58 [NON_LEADER]: Queue going to NON_LEADER mode. State: All replicated op: 0.0, Majority replicated op: 0.0, Committed index: 0.0, Last applied: 0.0, Last appended: 1.1, Current term: 0, Majority size: -1, State: QUEUE_OPEN, Mode: NON_LEADER
I0310 18:55:56.256597    31 consensus_queue.cc:289] T 974d5dc4624a4cc8ba8333f193777a6e P 096da8680d274dba91b50831a23bfd58 [NON_LEADER]: Queue going to NON_LEADER mode. State: All replicated op: 0.0, Majority replicated op: 0.0, Committed index: 0.0, Last applied: 0.0, Last appended: 1.1, Current term: 0, Majority size: -1, State: QUEUE_OPEN, Mode: NON_LEADER
I0310 18:55:56.256604    45 heartbeater.cc:338] P 096da8680d274dba91b50831a23bfd58: Connected to a leader master server at yb-master-n1:7100
I0310 18:55:56.257505    28 raft_consensus.cc:3367] T 5c82d2d282b24c23a5a85eaa9b3797e3 P 096da8680d274dba91b50831a23bfd58 [term 1 FOLLOWER]: Calling mark dirty synchronously for reason code CONSENSUS_STARTED
I0310 18:55:56.259460    31 raft_consensus.cc:3367] T 974d5dc4624a4cc8ba8333f193777a6e P 096da8680d274dba91b50831a23bfd58 [term 1 FOLLOWER]: Calling mark dirty synchronously for reason code CONSENSUS_STARTED
I0310 18:55:56.260149    45 heartbeater.cc:387] P 096da8680d274dba91b50831a23bfd58: Registering TS with master...
I0310 18:55:56.260522    28 tablet_peer.cc:1455] T 5c82d2d282b24c23a5a85eaa9b3797e3 P 096da8680d274dba91b50831a23bfd58 [state=RUNNING]: Changed state from BOOTSTRAPPING to RUNNING
I0310 18:55:56.260900    31 tablet_peer.cc:1455] T 974d5dc4624a4cc8ba8333f193777a6e P 096da8680d274dba91b50831a23bfd58 [state=RUNNING]: Changed state from BOOTSTRAPPING to RUNNING
I0310 18:55:56.261217    45 server_base.cc:541] Using private rpc address yb-tserver-n1
I0310 18:55:56.261714    28 tablet_peer.cc:1344] T 5c82d2d282b24c23a5a85eaa9b3797e3 P 096da8680d274dba91b50831a23bfd58 [state=RUNNING]: Registered log gc
I0310 18:55:56.272634    31 tablet_peer.cc:1344] T 974d5dc4624a4cc8ba8333f193777a6e P 096da8680d274dba91b50831a23bfd58 [state=RUNNING]: Registered log gc
I0310 18:55:56.274057    45 server_base.cc:563] Using http address yb-tserver-n1
I0310 18:55:56.275133    28 ts_tablet_manager.cc:1573] T 5c82d2d282b24c23a5a85eaa9b3797e3 P 096da8680d274dba91b50831a23bfd58: Time spent starting tablet: real 0.038s	user 0.003s	sys 0.000s
I0310 18:55:56.275543    31 ts_tablet_manager.cc:1573] T 974d5dc4624a4cc8ba8333f193777a6e P 096da8680d274dba91b50831a23bfd58: Time spent starting tablet: real 0.035s	user 0.003s	sys 0.000s
I0310 18:55:56.276453    28 ts_tablet_manager.cc:2771] Deleted transition in progress opening tablet for tablet 5c82d2d282b24c23a5a85eaa9b3797e3
I0310 18:55:56.276846    31 ts_tablet_manager.cc:2771] Deleted transition in progress opening tablet for tablet 974d5dc4624a4cc8ba8333f193777a6e
W0310 18:55:56.278251    45 heartbeater.cc:658] P 096da8680d274dba91b50831a23bfd58: Failed to heartbeat to yb-master-n1:7100: Service unavailable (yb/tserver/heartbeater.cc:479): Master is no longer the leader: code: NOT_THE_LEADER status { code: SERVICE_UNAVAILABLE message: "Catalog manager is not initialized. State: 1" source_file: "../../src/yb/master/scoped_leader_shared_lock.cc" source_line: 91 errors: "\000" } tries=5, num=1, masters=0x00000040152207c8 -> [[yb-master-n1:7100]], code=Service unavailable
I0310 18:55:56.279711    45 heartbeater.cc:338] P 096da8680d274dba91b50831a23bfd58: Connected to a leader master server at yb-master-n1:7100
I0310 18:55:56.280130    45 heartbeater.cc:387] P 096da8680d274dba91b50831a23bfd58: Registering TS with master...
I0310 18:55:56.280486    45 server_base.cc:541] Using private rpc address yb-tserver-n1
I0310 18:55:56.280802    45 server_base.cc:563] Using http address yb-tserver-n1
W0310 18:55:56.283154    45 heartbeater.cc:658] P 096da8680d274dba91b50831a23bfd58: Failed to heartbeat to yb-master-n1:7100: Service unavailable (yb/tserver/heartbeater.cc:479): Master is no longer the leader: code: NOT_THE_LEADER status { code: SERVICE_UNAVAILABLE message: "Catalog manager is not initialized. State: 1" source_file: "../../src/yb/master/scoped_leader_shared_lock.cc" source_line: 91 errors: "\000" } tries=6, num=1, masters=0x00000040152207c8 -> [[yb-master-n1:7100]], code=Service unavailable
W0310 18:55:56.441398     9 pg_wrapper.cc:389] No hba configuration lines found, defaulting to trust all configuration.
I0310 18:55:56.457242     9 pg_wrapper.cc:528] PostgreSQL server running as pid 54
I0310 18:55:56.459578     9 server_base_options.cc:176] Updating master addrs to {yb-master-n1:7100}
I0310 18:55:56.461877     9 server_base_options.cc:176] Updating master addrs to {yb-master-n1:7100}
I0310 18:55:56.465011     9 server_base_options.cc:176] Updating master addrs to {yb-master-n1:7100}
I0310 18:55:56.465853     9 rpc_server.cc:90] yb::server::RpcServer created at 0x40156ccaa0
I0310 18:55:56.466826     9 tablet_server_main.cc:295] Starting redis server...
I0310 18:55:56.477670     9 fs_manager.cc:383] Opened local filesystem: /mnt/tserver
uuid: "096da8680d274dba91b50831a23bfd58"
format_stamp: "Formatted at 2023-03-10 16:06:28 on ebf588942a27"
initdb_done_set_after_sys_catalog_restore: true
I0310 18:55:56.479904     9 thread_pool.cc:170] Starting thread pool { name: RedisServer queue_limit: 10000 max_workers: 1024 }
I0310 18:55:56.491369     9 service_pool.cc:153] yb.redisserver.RedisServerService: yb::rpc::ServicePoolImpl created at 0x4015561680
I0310 18:55:56.492345     9 webserver.cc:307] Starting webserver on yb-tserver-n1:11000
I0310 18:55:56.492766     9 webserver.cc:312] Document root: /home/yugabyte/www
I0310 18:55:56.493623     9 webserver.cc:302] Webserver listen spec is 172.31.0.5:11000
I0310 18:55:56.494498     9 webserver.cc:418] Webserver started. Bound to: http://172.31.0.5:11000/
I0310 18:55:56.495159     9 service_pool.cc:153] yb.server.GenericService: yb::rpc::ServicePoolImpl created at 0x40155618c0
I0310 18:55:56.496673     9 rpc_server.cc:173] RPC server started. Bound to: 172.31.0.5:6379
I0310 18:55:56.497049     9 tablet_server_main.cc:297] Redis server successfully started.
I0310 18:55:56.497668     9 server_base_options.cc:176] Updating master addrs to {yb-master-n1:7100}
I0310 18:55:56.498224     9 server_base_options.cc:176] Updating master addrs to {yb-master-n1:7100}
I0310 18:55:56.498786     9 server_base_options.cc:176] Updating master addrs to {yb-master-n1:7100}
I0310 18:55:56.499550     9 rpc_server.cc:90] yb::server::RpcServer created at 0x40156ccb40
I0310 18:55:56.500124     9 tablet_server_main.cc:324] Starting CQL server...
I0310 18:55:56.506883     9 fs_manager.cc:383] Opened local filesystem: /mnt/tserver
uuid: "096da8680d274dba91b50831a23bfd58"
format_stamp: "Formatted at 2023-03-10 16:06:28 on ebf588942a27"
initdb_done_set_after_sys_catalog_restore: true
I0310 18:55:56.507491     9 secure.cc:147] SetupSecureContext: kExternal, 0
I0310 18:55:56.510861     9 thread_pool.cc:170] Starting thread pool { name: CQLServer queue_limit: 10000 max_workers: 1024 }
I0310 18:55:56.518378     9 cql_service.cc:137] CQL processors limit: 26069
I0310 18:55:56.519364     9 service_pool.cc:153] yb.cqlserver.CQLServerService: yb::rpc::ServicePoolImpl created at 0x403d8d0b40
I0310 18:55:56.520066     9 webserver.cc:307] Starting webserver on yb-tserver-n1:12000
I0310 18:55:56.520524     9 webserver.cc:312] Document root: /home/yugabyte/www
I0310 18:55:56.521510     9 webserver.cc:302] Webserver listen spec is 172.31.0.5:12000
I0310 18:55:56.522469     9 webserver.cc:418] Webserver started. Bound to: http://172.31.0.5:12000/
I0310 18:55:56.523095     9 service_pool.cc:153] yb.server.GenericService: yb::rpc::ServicePoolImpl created at 0x403d8d0d80
I0310 18:55:56.524111     9 rpc_server.cc:173] RPC server started. Bound to: 172.31.0.5:9042
I0310 18:55:56.524724     9 tablet_server_main.cc:326] CQL server successfully started.
I0310 18:55:57.285781    45 heartbeater.cc:338] P 096da8680d274dba91b50831a23bfd58: Connected to a leader master server at yb-master-n1:7100
I0310 18:55:57.286764    45 heartbeater.cc:387] P 096da8680d274dba91b50831a23bfd58: Registering TS with master...
I0310 18:55:57.287307    45 server_base.cc:541] Using private rpc address yb-tserver-n1
I0310 18:55:57.287838    45 server_base.cc:563] Using http address yb-tserver-n1
W0310 18:55:57.290784    45 heartbeater.cc:658] P 096da8680d274dba91b50831a23bfd58: Failed to heartbeat to yb-master-n1:7100: Service unavailable (yb/tserver/heartbeater.cc:479): Master is no longer the leader: code: NOT_THE_LEADER status { code: ILLEGAL_STATE message: "Not the leader. Local UUID: e62675f7a535485386d064e83c9c9d83, Consensus state: current_term: 1 config { opid_index: -1 peers { permanent_uuid: \"e62675f7a535485386d064e83c9c9d83\" member_type: VOTER last_known_private_addr { host: \"yb-master-n1\" port: 7100 } cloud_info { placement_cloud: \"cloud1\" placement_region: \"datacenter1\" placement_zone: \"rack1\" } } }" source_file: "../../src/yb/master/scoped_leader_shared_lock.cc" source_line: 113 errors: "\000" } tries=7, num=1, masters=0x00000040152207c8 -> [[yb-master-n1:7100]], code=Service unavailable
I0310 18:55:58.301720    45 heartbeater.cc:338] P 096da8680d274dba91b50831a23bfd58: Connected to a leader master server at yb-master-n1:7100
I0310 18:55:58.308226    45 heartbeater.cc:387] P 096da8680d274dba91b50831a23bfd58: Registering TS with master...
I0310 18:55:58.310053    45 server_base.cc:541] Using private rpc address yb-tserver-n1
I0310 18:55:58.312719    45 server_base.cc:563] Using http address yb-tserver-n1
W0310 18:55:58.319672    45 heartbeater.cc:658] P 096da8680d274dba91b50831a23bfd58: Failed to heartbeat to yb-master-n1:7100: Service unavailable (yb/tserver/heartbeater.cc:479): Master is no longer the leader: code: NOT_THE_LEADER status { code: ILLEGAL_STATE message: "Not the leader. Local UUID: e62675f7a535485386d064e83c9c9d83, Consensus state: current_term: 1 config { opid_index: -1 peers { permanent_uuid: \"e62675f7a535485386d064e83c9c9d83\" member_type: VOTER last_known_private_addr { host: \"yb-master-n1\" port: 7100 } cloud_info { placement_cloud: \"cloud1\" placement_region: \"datacenter1\" placement_zone: \"rack1\" } } }" source_file: "../../src/yb/master/scoped_leader_shared_lock.cc" source_line: 113 errors: "\000" } tries=8, num=1, masters=0x00000040152207c8 -> [[yb-master-n1:7100]], code=Service unavailable
I0310 18:55:58.794059    12 raft_consensus.cc:1030] T 22d66049cb9c4419a35469ea8c2c36bc P 096da8680d274dba91b50831a23bfd58 [term 1 FOLLOWER]: ReportFailDetected: Starting NORMAL_ELECTION...
I0310 18:55:58.801169    12 raft_consensus.cc:627] T 22d66049cb9c4419a35469ea8c2c36bc P 096da8680d274dba91b50831a23bfd58 [term 1 FOLLOWER]: Triggering leader pre-election, mode=NORMAL_ELECTION
I0310 18:55:58.809506    12 raft_consensus.cc:3421] T 22d66049cb9c4419a35469ea8c2c36bc P 096da8680d274dba91b50831a23bfd58 [term 1 FOLLOWER]: Snoozing leader timeout detection for 3.204s
I0310 18:55:58.815169    12 raft_consensus.cc:667] T 22d66049cb9c4419a35469ea8c2c36bc P 096da8680d274dba91b50831a23bfd58 [term 1 FOLLOWER]: Starting pre-election with config: opid_index: -1 peers { permanent_uuid: "096da8680d274dba91b50831a23bfd58" member_type: VOTER last_known_private_addr { host: "yb-tserver-n1" port: 9100 } cloud_info { placement_cloud: "cloud1" placement_region: "datacenter1" placement_zone: "rack1" } }
I0310 18:55:58.821666    12 leader_election.cc:242] T 22d66049cb9c4419a35469ea8c2c36bc P 096da8680d274dba91b50831a23bfd58 [CANDIDATE]: Term 2 pre-election: Election decided. Result: candidate won.
I0310 18:55:58.824785    91 raft_consensus.cc:3421] T 22d66049cb9c4419a35469ea8c2c36bc P 096da8680d274dba91b50831a23bfd58 [term 1 FOLLOWER]: Snoozing leader timeout detection for 3.256s
I0310 18:55:58.826282    91 raft_consensus.cc:3314] T 22d66049cb9c4419a35469ea8c2c36bc P 096da8680d274dba91b50831a23bfd58 [term 1 FOLLOWER]: Leader pre-election won for term 2
I0310 18:55:58.827447    91 raft_consensus.cc:627] T 22d66049cb9c4419a35469ea8c2c36bc P 096da8680d274dba91b50831a23bfd58 [term 1 FOLLOWER]: Triggering leader election, mode=NORMAL_ELECTION
I0310 18:55:58.828423    91 raft_consensus.cc:3421] T 22d66049cb9c4419a35469ea8c2c36bc P 096da8680d274dba91b50831a23bfd58 [term 1 FOLLOWER]: Snoozing leader timeout detection for 3.127s
I0310 18:55:58.829643    91 raft_consensus.cc:3482] T 22d66049cb9c4419a35469ea8c2c36bc P 096da8680d274dba91b50831a23bfd58 [term 1 FOLLOWER]: Advancing to term 2
I0310 18:55:58.848204    91 consensus_meta.cc:317] T 22d66049cb9c4419a35469ea8c2c36bc P 096da8680d274dba91b50831a23bfd58: Updating active role from FOLLOWER to FOLLOWER. Consensus state: current_term: 2 leader_uuid: "" config { opid_index: -1 peers { permanent_uuid: "096da8680d274dba91b50831a23bfd58" member_type: VOTER last_known_private_addr { host: "yb-tserver-n1" port: 9100 } cloud_info { placement_cloud: "cloud1" placement_region: "datacenter1" placement_zone: "rack1" } } }, has_pending_config = 0
I0310 18:55:58.849381    91 raft_consensus.cc:667] T 22d66049cb9c4419a35469ea8c2c36bc P 096da8680d274dba91b50831a23bfd58 [term 2 FOLLOWER]: Starting election with config: opid_index: -1 peers { permanent_uuid: "096da8680d274dba91b50831a23bfd58" member_type: VOTER last_known_private_addr { host: "yb-tserver-n1" port: 9100 } cloud_info { placement_cloud: "cloud1" placement_region: "datacenter1" placement_zone: "rack1" } }
I0310 18:55:58.857280    91 leader_election.cc:242] T 22d66049cb9c4419a35469ea8c2c36bc P 096da8680d274dba91b50831a23bfd58 [CANDIDATE]: Term 2 election: Election decided. Result: candidate won.
I0310 18:55:58.858176    12 raft_consensus.cc:3421] T 22d66049cb9c4419a35469ea8c2c36bc P 096da8680d274dba91b50831a23bfd58 [term 2 FOLLOWER]: Snoozing leader timeout detection for 3.168s
I0310 18:55:58.859000    12 raft_consensus.cc:3328] T 22d66049cb9c4419a35469ea8c2c36bc P 096da8680d274dba91b50831a23bfd58 [term 2 FOLLOWER]: Leader election won for term 2
I0310 18:55:58.859737    12 replica_state.cc:1152] T 22d66049cb9c4419a35469ea8c2c36bc P 096da8680d274dba91b50831a23bfd58 [term 2 FOLLOWER]: Reset our lease: 67623.613s
I0310 18:55:58.860502    12 replica_state.cc:1414] T 22d66049cb9c4419a35469ea8c2c36bc P 096da8680d274dba91b50831a23bfd58 [term 2 FOLLOWER]: SetLeaderNoOpCommittedUnlocked(0), committed: 1.1, received: 1.1
I0310 18:55:58.861683    12 consensus_meta.cc:317] T 22d66049cb9c4419a35469ea8c2c36bc P 096da8680d274dba91b50831a23bfd58: Updating active role from FOLLOWER to LEADER. Consensus state: current_term: 2 leader_uuid: "096da8680d274dba91b50831a23bfd58" config { opid_index: -1 peers { permanent_uuid: "096da8680d274dba91b50831a23bfd58" member_type: VOTER last_known_private_addr { host: "yb-tserver-n1" port: 9100 } cloud_info { placement_cloud: "cloud1" placement_region: "datacenter1" placement_zone: "rack1" } } }, has_pending_config = 0
I0310 18:55:58.862695    12 raft_consensus.cc:3367] T 22d66049cb9c4419a35469ea8c2c36bc P 096da8680d274dba91b50831a23bfd58 [term 2 LEADER]: Calling mark dirty synchronously for reason code NEW_LEADER_ELECTED
I0310 18:55:58.864123    12 raft_consensus.cc:1059] T 22d66049cb9c4419a35469ea8c2c36bc P 096da8680d274dba91b50831a23bfd58 [term 2 LEADER]: Becoming Leader. State: Replica: 096da8680d274dba91b50831a23bfd58, State: 1, Role: LEADER, Watermarks: {Received: 1.1 Committed: 1.1} Leader: 0.0
I0310 18:55:58.865494    45 heartbeater.cc:338] P 096da8680d274dba91b50831a23bfd58: Connected to a leader master server at yb-master-n1:7100
I0310 18:55:58.866688    12 consensus_queue.cc:271] T 22d66049cb9c4419a35469ea8c2c36bc P 096da8680d274dba91b50831a23bfd58 [LEADER]: Queue going to LEADER mode. State: All replicated op: 0.0, Majority replicated op: 1.1, Committed index: 1.1, Last applied: 1.1, Last appended: 1.1, Current term: 2, Majority size: 1, State: QUEUE_OPEN, Mode: LEADER, active raft config: opid_index: -1 peers { permanent_uuid: "096da8680d274dba91b50831a23bfd58" member_type: VOTER last_known_private_addr { host: "yb-tserver-n1" port: 9100 } cloud_info { placement_cloud: "cloud1" placement_region: "datacenter1" placement_zone: "rack1" } }
I0310 18:55:58.867645    45 heartbeater.cc:387] P 096da8680d274dba91b50831a23bfd58: Registering TS with master...
I0310 18:55:58.869016    45 server_base.cc:541] Using private rpc address yb-tserver-n1
I0310 18:55:58.869017    12 raft_consensus.cc:1077] Sending NO_OP at op 1.1
I0310 18:55:58.869673    45 server_base.cc:563] Using http address yb-tserver-n1
W0310 18:55:58.875541    45 heartbeater.cc:658] P 096da8680d274dba91b50831a23bfd58: Failed to heartbeat to yb-master-n1:7100: Service unavailable (yb/tserver/heartbeater.cc:479): Master is no longer the leader: code: NOT_THE_LEADER status { code: ILLEGAL_STATE message: "Not the leader. Local UUID: e62675f7a535485386d064e83c9c9d83, Consensus state: current_term: 1 config { opid_index: -1 peers { permanent_uuid: \"e62675f7a535485386d064e83c9c9d83\" member_type: VOTER last_known_private_addr { host: \"yb-master-n1\" port: 7100 } cloud_info { placement_cloud: \"cloud1\" placement_region: \"datacenter1\" placement_zone: \"rack1\" } } }" source_file: "../../src/yb/master/scoped_leader_shared_lock.cc" source_line: 113 errors: "\000" } tries=9, num=1, masters=0x00000040152207c8 -> [[yb-master-n1:7100]], code=Service unavailable
W0310 18:55:58.880517    91 raft_consensus.cc:1374] Leader lease expiration was not set: Illegal state (yb/consensus/replica_state.cc:1345): NoOp of current term is not committed (majority_replicated_lease_expiration_ = <uninitialized>, majority_replicated_ht_lease_expiration_ = 0)
I0310 18:55:58.883116    91 replica_state.cc:1414] T 22d66049cb9c4419a35469ea8c2c36bc P 096da8680d274dba91b50831a23bfd58 [term 2 LEADER]: SetLeaderNoOpCommittedUnlocked(1), committed: 1.1, received: 2.2
I0310 18:55:58.884018    91 replica_state.cc:784] T 22d66049cb9c4419a35469ea8c2c36bc P 096da8680d274dba91b50831a23bfd58 [term 2 LEADER]: Advanced the committed_op_id across terms. Last committed operation was: 1.1 New committed index is: 2.2
I0310 18:55:58.985004    91 raft_consensus.cc:1030] T 3a76ab24970d40ef859dfa774b11abe1 P 096da8680d274dba91b50831a23bfd58 [term 1 FOLLOWER]: ReportFailDetected: Starting NORMAL_ELECTION...
I0310 18:55:58.986634    91 raft_consensus.cc:627] T 3a76ab24970d40ef859dfa774b11abe1 P 096da8680d274dba91b50831a23bfd58 [term 1 FOLLOWER]: Triggering leader pre-election, mode=NORMAL_ELECTION
I0310 18:55:58.987814    91 raft_consensus.cc:3421] T 3a76ab24970d40ef859dfa774b11abe1 P 096da8680d274dba91b50831a23bfd58 [term 1 FOLLOWER]: Snoozing leader timeout detection for 3.002s
I0310 18:55:58.989189    91 raft_consensus.cc:667] T 3a76ab24970d40ef859dfa774b11abe1 P 096da8680d274dba91b50831a23bfd58 [term 1 FOLLOWER]: Starting pre-election with config: opid_index: -1 peers { permanent_uuid: "096da8680d274dba91b50831a23bfd58" member_type: VOTER last_known_private_addr { host: "yb-tserver-n1" port: 9100 } cloud_info { placement_cloud: "cloud1" placement_region: "datacenter1" placement_zone: "rack1" } }
I0310 18:55:58.990377    91 leader_election.cc:242] T 3a76ab24970d40ef859dfa774b11abe1 P 096da8680d274dba91b50831a23bfd58 [CANDIDATE]: Term 2 pre-election: Election decided. Result: candidate won.
I0310 18:55:58.991400    12 raft_consensus.cc:3421] T 3a76ab24970d40ef859dfa774b11abe1 P 096da8680d274dba91b50831a23bfd58 [term 1 FOLLOWER]: Snoozing leader timeout detection for 3.297s
I0310 18:55:58.992455    12 raft_consensus.cc:3314] T 3a76ab24970d40ef859dfa774b11abe1 P 096da8680d274dba91b50831a23bfd58 [term 1 FOLLOWER]: Leader pre-election won for term 2
I0310 18:55:58.993484    12 raft_consensus.cc:627] T 3a76ab24970d40ef859dfa774b11abe1 P 096da8680d274dba91b50831a23bfd58 [term 1 FOLLOWER]: Triggering leader election, mode=NORMAL_ELECTION
I0310 18:55:58.994419    12 raft_consensus.cc:3421] T 3a76ab24970d40ef859dfa774b11abe1 P 096da8680d274dba91b50831a23bfd58 [term 1 FOLLOWER]: Snoozing leader timeout detection for 3.176s
I0310 18:55:58.995369    12 raft_consensus.cc:3482] T 3a76ab24970d40ef859dfa774b11abe1 P 096da8680d274dba91b50831a23bfd58 [term 1 FOLLOWER]: Advancing to term 2
I0310 18:55:59.002607    12 consensus_meta.cc:317] T 3a76ab24970d40ef859dfa774b11abe1 P 096da8680d274dba91b50831a23bfd58: Updating active role from FOLLOWER to FOLLOWER. Consensus state: current_term: 2 leader_uuid: "" config { opid_index: -1 peers { permanent_uuid: "096da8680d274dba91b50831a23bfd58" member_type: VOTER last_known_private_addr { host: "yb-tserver-n1" port: 9100 } cloud_info { placement_cloud: "cloud1" placement_region: "datacenter1" placement_zone: "rack1" } } }, has_pending_config = 0
I0310 18:55:59.003509    12 raft_consensus.cc:667] T 3a76ab24970d40ef859dfa774b11abe1 P 096da8680d274dba91b50831a23bfd58 [term 2 FOLLOWER]: Starting election with config: opid_index: -1 peers { permanent_uuid: "096da8680d274dba91b50831a23bfd58" member_type: VOTER last_known_private_addr { host: "yb-tserver-n1" port: 9100 } cloud_info { placement_cloud: "cloud1" placement_region: "datacenter1" placement_zone: "rack1" } }
I0310 18:55:59.010249    12 leader_election.cc:242] T 3a76ab24970d40ef859dfa774b11abe1 P 096da8680d274dba91b50831a23bfd58 [CANDIDATE]: Term 2 election: Election decided. Result: candidate won.
I0310 18:55:59.011564    12 raft_consensus.cc:3421] T 3a76ab24970d40ef859dfa774b11abe1 P 096da8680d274dba91b50831a23bfd58 [term 2 FOLLOWER]: Snoozing leader timeout detection for 3.041s
I0310 18:55:59.012207    12 raft_consensus.cc:3328] T 3a76ab24970d40ef859dfa774b11abe1 P 096da8680d274dba91b50831a23bfd58 [term 2 FOLLOWER]: Leader election won for term 2
I0310 18:55:59.012859    12 replica_state.cc:1152] T 3a76ab24970d40ef859dfa774b11abe1 P 096da8680d274dba91b50831a23bfd58 [term 2 FOLLOWER]: Reset our lease: 67623.766s
I0310 18:55:59.013557    12 replica_state.cc:1414] T 3a76ab24970d40ef859dfa774b11abe1 P 096da8680d274dba91b50831a23bfd58 [term 2 FOLLOWER]: SetLeaderNoOpCommittedUnlocked(0), committed: 1.1, received: 1.1
I0310 18:55:59.014103    12 consensus_meta.cc:317] T 3a76ab24970d40ef859dfa774b11abe1 P 096da8680d274dba91b50831a23bfd58: Updating active role from FOLLOWER to LEADER. Consensus state: current_term: 2 leader_uuid: "096da8680d274dba91b50831a23bfd58" config { opid_index: -1 peers { permanent_uuid: "096da8680d274dba91b50831a23bfd58" member_type: VOTER last_known_private_addr { host: "yb-tserver-n1" port: 9100 } cloud_info { placement_cloud: "cloud1" placement_region: "datacenter1" placement_zone: "rack1" } } }, has_pending_config = 0
I0310 18:55:59.014729    12 raft_consensus.cc:3367] T 3a76ab24970d40ef859dfa774b11abe1 P 096da8680d274dba91b50831a23bfd58 [term 2 LEADER]: Calling mark dirty synchronously for reason code NEW_LEADER_ELECTED
I0310 18:55:59.015167    12 raft_consensus.cc:1059] T 3a76ab24970d40ef859dfa774b11abe1 P 096da8680d274dba91b50831a23bfd58 [term 2 LEADER]: Becoming Leader. State: Replica: 096da8680d274dba91b50831a23bfd58, State: 1, Role: LEADER, Watermarks: {Received: 1.1 Committed: 1.1} Leader: 0.0
I0310 18:55:59.015789    12 consensus_queue.cc:271] T 3a76ab24970d40ef859dfa774b11abe1 P 096da8680d274dba91b50831a23bfd58 [LEADER]: Queue going to LEADER mode. State: All replicated op: 0.0, Majority replicated op: 1.1, Committed index: 1.1, Last applied: 1.1, Last appended: 1.1, Current term: 2, Majority size: 1, State: QUEUE_OPEN, Mode: LEADER, active raft config: opid_index: -1 peers { permanent_uuid: "096da8680d274dba91b50831a23bfd58" member_type: VOTER last_known_private_addr { host: "yb-tserver-n1" port: 9100 } cloud_info { placement_cloud: "cloud1" placement_region: "datacenter1" placement_zone: "rack1" } }
I0310 18:55:59.015926    45 heartbeater.cc:338] P 096da8680d274dba91b50831a23bfd58: Connected to a leader master server at yb-master-n1:7100
I0310 18:55:59.016393    12 raft_consensus.cc:1077] Sending NO_OP at op 1.1
I0310 18:55:59.016791    45 heartbeater.cc:387] P 096da8680d274dba91b50831a23bfd58: Registering TS with master...
I0310 18:55:59.018143    45 server_base.cc:541] Using private rpc address yb-tserver-n1
I0310 18:55:59.018784    45 server_base.cc:563] Using http address yb-tserver-n1
W0310 18:55:59.019078    91 raft_consensus.cc:1374] Leader lease expiration was not set: Illegal state (yb/consensus/replica_state.cc:1345): NoOp of current term is not committed (majority_replicated_lease_expiration_ = <uninitialized>, majority_replicated_ht_lease_expiration_ = 0)
I0310 18:55:59.020324    91 replica_state.cc:1414] T 3a76ab24970d40ef859dfa774b11abe1 P 096da8680d274dba91b50831a23bfd58 [term 2 LEADER]: SetLeaderNoOpCommittedUnlocked(1), committed: 1.1, received: 2.2
I0310 18:55:59.020901    91 replica_state.cc:784] T 3a76ab24970d40ef859dfa774b11abe1 P 096da8680d274dba91b50831a23bfd58 [term 2 LEADER]: Advanced the committed_op_id across terms. Last committed operation was: 1.1 New committed index is: 2.2
W0310 18:55:59.022878    45 heartbeater.cc:658] P 096da8680d274dba91b50831a23bfd58: Failed to heartbeat to yb-master-n1:7100: Service unavailable (yb/tserver/heartbeater.cc:479): Master is no longer the leader: code: NOT_THE_LEADER status { code: ILLEGAL_STATE message: "Not the leader. Local UUID: e62675f7a535485386d064e83c9c9d83, Consensus state: current_term: 1 config { opid_index: -1 peers { permanent_uuid: \"e62675f7a535485386d064e83c9c9d83\" member_type: VOTER last_known_private_addr { host: \"yb-master-n1\" port: 7100 } cloud_info { placement_cloud: \"cloud1\" placement_region: \"datacenter1\" placement_zone: \"rack1\" } } }" source_file: "../../src/yb/master/scoped_leader_shared_lock.cc" source_line: 113 errors: "\000" } tries=10, num=1, masters=0x00000040152207c8 -> [[yb-master-n1:7100]], code=Service unavailable
I0310 18:55:59.211213    91 raft_consensus.cc:1030] T df17b40b75664e0aaa44ec6687a7a233 P 096da8680d274dba91b50831a23bfd58 [term 1 FOLLOWER]: ReportFailDetected: Starting NORMAL_ELECTION...
I0310 18:55:59.216614    91 raft_consensus.cc:627] T df17b40b75664e0aaa44ec6687a7a233 P 096da8680d274dba91b50831a23bfd58 [term 1 FOLLOWER]: Triggering leader pre-election, mode=NORMAL_ELECTION
I0310 18:55:59.221762    91 raft_consensus.cc:3421] T df17b40b75664e0aaa44ec6687a7a233 P 096da8680d274dba91b50831a23bfd58 [term 1 FOLLOWER]: Snoozing leader timeout detection for 3.164s
I0310 18:55:59.238490    91 raft_consensus.cc:667] T df17b40b75664e0aaa44ec6687a7a233 P 096da8680d274dba91b50831a23bfd58 [term 1 FOLLOWER]: Starting pre-election with config: opid_index: -1 peers { permanent_uuid: "096da8680d274dba91b50831a23bfd58" member_type: VOTER last_known_private_addr { host: "yb-tserver-n1" port: 9100 } cloud_info { placement_cloud: "cloud1" placement_region: "datacenter1" placement_zone: "rack1" } }
I0310 18:55:59.239959    91 leader_election.cc:242] T df17b40b75664e0aaa44ec6687a7a233 P 096da8680d274dba91b50831a23bfd58 [CANDIDATE]: Term 2 pre-election: Election decided. Result: candidate won.
I0310 18:55:59.240756    12 raft_consensus.cc:3421] T df17b40b75664e0aaa44ec6687a7a233 P 096da8680d274dba91b50831a23bfd58 [term 1 FOLLOWER]: Snoozing leader timeout detection for 3.020s
I0310 18:55:59.241303    12 raft_consensus.cc:3314] T df17b40b75664e0aaa44ec6687a7a233 P 096da8680d274dba91b50831a23bfd58 [term 1 FOLLOWER]: Leader pre-election won for term 2
I0310 18:55:59.241868    12 raft_consensus.cc:627] T df17b40b75664e0aaa44ec6687a7a233 P 096da8680d274dba91b50831a23bfd58 [term 1 FOLLOWER]: Triggering leader election, mode=NORMAL_ELECTION
I0310 18:55:59.242317    12 raft_consensus.cc:3421] T df17b40b75664e0aaa44ec6687a7a233 P 096da8680d274dba91b50831a23bfd58 [term 1 FOLLOWER]: Snoozing leader timeout detection for 3.180s
I0310 18:55:59.242930    12 raft_consensus.cc:3482] T df17b40b75664e0aaa44ec6687a7a233 P 096da8680d274dba91b50831a23bfd58 [term 1 FOLLOWER]: Advancing to term 2
I0310 18:55:59.250546    12 consensus_meta.cc:317] T df17b40b75664e0aaa44ec6687a7a233 P 096da8680d274dba91b50831a23bfd58: Updating active role from FOLLOWER to FOLLOWER. Consensus state: current_term: 2 leader_uuid: "" config { opid_index: -1 peers { permanent_uuid: "096da8680d274dba91b50831a23bfd58" member_type: VOTER last_known_private_addr { host: "yb-tserver-n1" port: 9100 } cloud_info { placement_cloud: "cloud1" placement_region: "datacenter1" placement_zone: "rack1" } } }, has_pending_config = 0
I0310 18:55:59.251230    12 raft_consensus.cc:667] T df17b40b75664e0aaa44ec6687a7a233 P 096da8680d274dba91b50831a23bfd58 [term 2 FOLLOWER]: Starting election with config: opid_index: -1 peers { permanent_uuid: "096da8680d274dba91b50831a23bfd58" member_type: VOTER last_known_private_addr { host: "yb-tserver-n1" port: 9100 } cloud_info { placement_cloud: "cloud1" placement_region: "datacenter1" placement_zone: "rack1" } }
I0310 18:55:59.256903    12 leader_election.cc:242] T df17b40b75664e0aaa44ec6687a7a233 P 096da8680d274dba91b50831a23bfd58 [CANDIDATE]: Term 2 election: Election decided. Result: candidate won.
I0310 18:55:59.257690    12 raft_consensus.cc:3421] T df17b40b75664e0aaa44ec6687a7a233 P 096da8680d274dba91b50831a23bfd58 [term 2 FOLLOWER]: Snoozing leader timeout detection for 3.125s
I0310 18:55:59.258270    12 raft_consensus.cc:3328] T df17b40b75664e0aaa44ec6687a7a233 P 096da8680d274dba91b50831a23bfd58 [term 2 FOLLOWER]: Leader election won for term 2
I0310 18:55:59.258899    12 replica_state.cc:1152] T df17b40b75664e0aaa44ec6687a7a233 P 096da8680d274dba91b50831a23bfd58 [term 2 FOLLOWER]: Reset our lease: 67624.012s
I0310 18:55:59.260169    12 replica_state.cc:1414] T df17b40b75664e0aaa44ec6687a7a233 P 096da8680d274dba91b50831a23bfd58 [term 2 FOLLOWER]: SetLeaderNoOpCommittedUnlocked(0), committed: 1.1, received: 1.1
I0310 18:55:59.261030    12 consensus_meta.cc:317] T df17b40b75664e0aaa44ec6687a7a233 P 096da8680d274dba91b50831a23bfd58: Updating active role from FOLLOWER to LEADER. Consensus state: current_term: 2 leader_uuid: "096da8680d274dba91b50831a23bfd58" config { opid_index: -1 peers { permanent_uuid: "096da8680d274dba91b50831a23bfd58" member_type: VOTER last_known_private_addr { host: "yb-tserver-n1" port: 9100 } cloud_info { placement_cloud: "cloud1" placement_region: "datacenter1" placement_zone: "rack1" } } }, has_pending_config = 0
I0310 18:55:59.261873    12 raft_consensus.cc:3367] T df17b40b75664e0aaa44ec6687a7a233 P 096da8680d274dba91b50831a23bfd58 [term 2 LEADER]: Calling mark dirty synchronously for reason code NEW_LEADER_ELECTED
I0310 18:55:59.262588    12 raft_consensus.cc:1059] T df17b40b75664e0aaa44ec6687a7a233 P 096da8680d274dba91b50831a23bfd58 [term 2 LEADER]: Becoming Leader. State: Replica: 096da8680d274dba91b50831a23bfd58, State: 1, Role: LEADER, Watermarks: {Received: 1.1 Committed: 1.1} Leader: 0.0
I0310 18:55:59.263223    12 consensus_queue.cc:271] T df17b40b75664e0aaa44ec6687a7a233 P 096da8680d274dba91b50831a23bfd58 [LEADER]: Queue going to LEADER mode. State: All replicated op: 0.0, Majority replicated op: 1.1, Committed index: 1.1, Last applied: 1.1, Last appended: 1.1, Current term: 2, Majority size: 1, State: QUEUE_OPEN, Mode: LEADER, active raft config: opid_index: -1 peers { permanent_uuid: "096da8680d274dba91b50831a23bfd58" member_type: VOTER last_known_private_addr { host: "yb-tserver-n1" port: 9100 } cloud_info { placement_cloud: "cloud1" placement_region: "datacenter1" placement_zone: "rack1" } }
I0310 18:55:59.263459    45 heartbeater.cc:338] P 096da8680d274dba91b50831a23bfd58: Connected to a leader master server at yb-master-n1:7100
I0310 18:55:59.264075    12 raft_consensus.cc:1077] Sending NO_OP at op 1.1
I0310 18:55:59.264752    45 heartbeater.cc:387] P 096da8680d274dba91b50831a23bfd58: Registering TS with master...
I0310 18:55:59.265822    45 server_base.cc:541] Using private rpc address yb-tserver-n1
I0310 18:55:59.266513    45 server_base.cc:563] Using http address yb-tserver-n1
W0310 18:55:59.270648    91 raft_consensus.cc:1374] Leader lease expiration was not set: Illegal state (yb/consensus/replica_state.cc:1345): NoOp of current term is not committed (majority_replicated_lease_expiration_ = <uninitialized>, majority_replicated_ht_lease_expiration_ = 0)
W0310 18:55:59.271382    45 heartbeater.cc:658] P 096da8680d274dba91b50831a23bfd58: Failed to heartbeat to yb-master-n1:7100: Service unavailable (yb/tserver/heartbeater.cc:479): Master is no longer the leader: code: NOT_THE_LEADER status { code: ILLEGAL_STATE message: "Not the leader. Local UUID: e62675f7a535485386d064e83c9c9d83, Consensus state: current_term: 1 config { opid_index: -1 peers { permanent_uuid: \"e62675f7a535485386d064e83c9c9d83\" member_type: VOTER last_known_private_addr { host: \"yb-master-n1\" port: 7100 } cloud_info { placement_cloud: \"cloud1\" placement_region: \"datacenter1\" placement_zone: \"rack1\" } } }" source_file: "../../src/yb/master/scoped_leader_shared_lock.cc" source_line: 113 errors: "\000" } tries=11, num=1, masters=0x00000040152207c8 -> [[yb-master-n1:7100]], code=Service unavailable
I0310 18:55:59.272053    91 replica_state.cc:1414] T df17b40b75664e0aaa44ec6687a7a233 P 096da8680d274dba91b50831a23bfd58 [term 2 LEADER]: SetLeaderNoOpCommittedUnlocked(1), committed: 1.1, received: 2.2
I0310 18:55:59.273795    91 replica_state.cc:784] T df17b40b75664e0aaa44ec6687a7a233 P 096da8680d274dba91b50831a23bfd58 [term 2 LEADER]: Advanced the committed_op_id across terms. Last committed operation was: 1.1 New committed index is: 2.2
I0310 18:55:59.285854    91 raft_consensus.cc:1030] T 974d5dc4624a4cc8ba8333f193777a6e P 096da8680d274dba91b50831a23bfd58 [term 1 FOLLOWER]: ReportFailDetected: Starting NORMAL_ELECTION...
I0310 18:55:59.287684    91 raft_consensus.cc:627] T 974d5dc4624a4cc8ba8333f193777a6e P 096da8680d274dba91b50831a23bfd58 [term 1 FOLLOWER]: Triggering leader pre-election, mode=NORMAL_ELECTION
I0310 18:55:59.288388    91 raft_consensus.cc:3421] T 974d5dc4624a4cc8ba8333f193777a6e P 096da8680d274dba91b50831a23bfd58 [term 1 FOLLOWER]: Snoozing leader timeout detection for 3.067s
I0310 18:55:59.289151    91 raft_consensus.cc:667] T 974d5dc4624a4cc8ba8333f193777a6e P 096da8680d274dba91b50831a23bfd58 [term 1 FOLLOWER]: Starting pre-election with config: opid_index: -1 peers { permanent_uuid: "096da8680d274dba91b50831a23bfd58" member_type: VOTER last_known_private_addr { host: "yb-tserver-n1" port: 9100 } cloud_info { placement_cloud: "cloud1" placement_region: "datacenter1" placement_zone: "rack1" } }
I0310 18:55:59.290081    91 leader_election.cc:242] T 974d5dc4624a4cc8ba8333f193777a6e P 096da8680d274dba91b50831a23bfd58 [CANDIDATE]: Term 2 pre-election: Election decided. Result: candidate won.
I0310 18:55:59.290966    12 raft_consensus.cc:3421] T 974d5dc4624a4cc8ba8333f193777a6e P 096da8680d274dba91b50831a23bfd58 [term 1 FOLLOWER]: Snoozing leader timeout detection for 3.127s
I0310 18:55:59.291770    12 raft_consensus.cc:3314] T 974d5dc4624a4cc8ba8333f193777a6e P 096da8680d274dba91b50831a23bfd58 [term 1 FOLLOWER]: Leader pre-election won for term 2
I0310 18:55:59.292518    12 raft_consensus.cc:627] T 974d5dc4624a4cc8ba8333f193777a6e P 096da8680d274dba91b50831a23bfd58 [term 1 FOLLOWER]: Triggering leader election, mode=NORMAL_ELECTION
I0310 18:55:59.293363    12 raft_consensus.cc:3421] T 974d5dc4624a4cc8ba8333f193777a6e P 096da8680d274dba91b50831a23bfd58 [term 1 FOLLOWER]: Snoozing leader timeout detection for 3.209s
I0310 18:55:59.294145    12 raft_consensus.cc:3482] T 974d5dc4624a4cc8ba8333f193777a6e P 096da8680d274dba91b50831a23bfd58 [term 1 FOLLOWER]: Advancing to term 2
I0310 18:55:59.300959    12 consensus_meta.cc:317] T 974d5dc4624a4cc8ba8333f193777a6e P 096da8680d274dba91b50831a23bfd58: Updating active role from FOLLOWER to FOLLOWER. Consensus state: current_term: 2 leader_uuid: "" config { opid_index: -1 peers { permanent_uuid: "096da8680d274dba91b50831a23bfd58" member_type: VOTER last_known_private_addr { host: "yb-tserver-n1" port: 9100 } cloud_info { placement_cloud: "cloud1" placement_region: "datacenter1" placement_zone: "rack1" } } }, has_pending_config = 0
I0310 18:55:59.301705    12 raft_consensus.cc:667] T 974d5dc4624a4cc8ba8333f193777a6e P 096da8680d274dba91b50831a23bfd58 [term 2 FOLLOWER]: Starting election with config: opid_index: -1 peers { permanent_uuid: "096da8680d274dba91b50831a23bfd58" member_type: VOTER last_known_private_addr { host: "yb-tserver-n1" port: 9100 } cloud_info { placement_cloud: "cloud1" placement_region: "datacenter1" placement_zone: "rack1" } }
I0310 18:55:59.307143    12 leader_election.cc:242] T 974d5dc4624a4cc8ba8333f193777a6e P 096da8680d274dba91b50831a23bfd58 [CANDIDATE]: Term 2 election: Election decided. Result: candidate won.
I0310 18:55:59.307938    91 raft_consensus.cc:3421] T 974d5dc4624a4cc8ba8333f193777a6e P 096da8680d274dba91b50831a23bfd58 [term 2 FOLLOWER]: Snoozing leader timeout detection for 3.053s
I0310 18:55:59.312702    91 raft_consensus.cc:3328] T 974d5dc4624a4cc8ba8333f193777a6e P 096da8680d274dba91b50831a23bfd58 [term 2 FOLLOWER]: Leader election won for term 2
I0310 18:55:59.313252    91 replica_state.cc:1152] T 974d5dc4624a4cc8ba8333f193777a6e P 096da8680d274dba91b50831a23bfd58 [term 2 FOLLOWER]: Reset our lease: 67624.067s
I0310 18:55:59.313942    91 replica_state.cc:1414] T 974d5dc4624a4cc8ba8333f193777a6e P 096da8680d274dba91b50831a23bfd58 [term 2 FOLLOWER]: SetLeaderNoOpCommittedUnlocked(0), committed: 1.1, received: 1.1
I0310 18:55:59.314563    91 consensus_meta.cc:317] T 974d5dc4624a4cc8ba8333f193777a6e P 096da8680d274dba91b50831a23bfd58: Updating active role from FOLLOWER to LEADER. Consensus state: current_term: 2 leader_uuid: "096da8680d274dba91b50831a23bfd58" config { opid_index: -1 peers { permanent_uuid: "096da8680d274dba91b50831a23bfd58" member_type: VOTER last_known_private_addr { host: "yb-tserver-n1" port: 9100 } cloud_info { placement_cloud: "cloud1" placement_region: "datacenter1" placement_zone: "rack1" } } }, has_pending_config = 0
I0310 18:55:59.315655    91 raft_consensus.cc:3367] T 974d5dc4624a4cc8ba8333f193777a6e P 096da8680d274dba91b50831a23bfd58 [term 2 LEADER]: Calling mark dirty synchronously for reason code NEW_LEADER_ELECTED
I0310 18:55:59.316200    91 raft_consensus.cc:1059] T 974d5dc4624a4cc8ba8333f193777a6e P 096da8680d274dba91b50831a23bfd58 [term 2 LEADER]: Becoming Leader. State: Replica: 096da8680d274dba91b50831a23bfd58, State: 1, Role: LEADER, Watermarks: {Received: 1.1 Committed: 1.1} Leader: 0.0
I0310 18:55:59.316857    91 consensus_queue.cc:271] T 974d5dc4624a4cc8ba8333f193777a6e P 096da8680d274dba91b50831a23bfd58 [LEADER]: Queue going to LEADER mode. State: All replicated op: 0.0, Majority replicated op: 1.1, Committed index: 1.1, Last applied: 1.1, Last appended: 1.1, Current term: 2, Majority size: 1, State: QUEUE_OPEN, Mode: LEADER, active raft config: opid_index: -1 peers { permanent_uuid: "096da8680d274dba91b50831a23bfd58" member_type: VOTER last_known_private_addr { host: "yb-tserver-n1" port: 9100 } cloud_info { placement_cloud: "cloud1" placement_region: "datacenter1" placement_zone: "rack1" } }
I0310 18:55:59.317108    45 heartbeater.cc:338] P 096da8680d274dba91b50831a23bfd58: Connected to a leader master server at yb-master-n1:7100
I0310 18:55:59.317576    91 raft_consensus.cc:1077] Sending NO_OP at op 1.1
I0310 18:55:59.318039    45 heartbeater.cc:387] P 096da8680d274dba91b50831a23bfd58: Registering TS with master...
I0310 18:55:59.319224    45 server_base.cc:541] Using private rpc address yb-tserver-n1
I0310 18:55:59.319741    45 server_base.cc:563] Using http address yb-tserver-n1
W0310 18:55:59.320320    12 raft_consensus.cc:1374] Leader lease expiration was not set: Illegal state (yb/consensus/replica_state.cc:1345): NoOp of current term is not committed (majority_replicated_lease_expiration_ = <uninitialized>, majority_replicated_ht_lease_expiration_ = 0)
I0310 18:55:59.321266    12 replica_state.cc:1414] T 974d5dc4624a4cc8ba8333f193777a6e P 096da8680d274dba91b50831a23bfd58 [term 2 LEADER]: SetLeaderNoOpCommittedUnlocked(1), committed: 1.1, received: 2.2
I0310 18:55:59.321696    12 replica_state.cc:784] T 974d5dc4624a4cc8ba8333f193777a6e P 096da8680d274dba91b50831a23bfd58 [term 2 LEADER]: Advanced the committed_op_id across terms. Last committed operation was: 1.1 New committed index is: 2.2
W0310 18:55:59.329152    45 heartbeater.cc:658] P 096da8680d274dba91b50831a23bfd58: Failed to heartbeat to yb-master-n1:7100: Service unavailable (yb/tserver/heartbeater.cc:479): Master is no longer the leader: code: NOT_THE_LEADER status { code: LEADER_NOT_READY_TO_SERVE message: "Leader not yet replicated NoOp to be ready to serve requests" source_file: "../../src/yb/consensus/consensus.cc" source_line: 166 errors: "\000" } tries=12, num=1, masters=0x00000040152207c8 -> [[yb-master-n1:7100]], code=Service unavailable
I0310 18:55:59.332878    12 raft_consensus.cc:1030] T ef19613afa234c5d943034489b070927 P 096da8680d274dba91b50831a23bfd58 [term 1 FOLLOWER]: ReportFailDetected: Starting NORMAL_ELECTION...
I0310 18:55:59.333463    12 raft_consensus.cc:627] T ef19613afa234c5d943034489b070927 P 096da8680d274dba91b50831a23bfd58 [term 1 FOLLOWER]: Triggering leader pre-election, mode=NORMAL_ELECTION
I0310 18:55:59.333921    12 raft_consensus.cc:3421] T ef19613afa234c5d943034489b070927 P 096da8680d274dba91b50831a23bfd58 [term 1 FOLLOWER]: Snoozing leader timeout detection for 3.026s
I0310 18:55:59.334365    12 raft_consensus.cc:667] T ef19613afa234c5d943034489b070927 P 096da8680d274dba91b50831a23bfd58 [term 1 FOLLOWER]: Starting pre-election with config: opid_index: -1 peers { permanent_uuid: "096da8680d274dba91b50831a23bfd58" member_type: VOTER last_known_private_addr { host: "yb-tserver-n1" port: 9100 } cloud_info { placement_cloud: "cloud1" placement_region: "datacenter1" placement_zone: "rack1" } }
I0310 18:55:59.335222    12 leader_election.cc:242] T ef19613afa234c5d943034489b070927 P 096da8680d274dba91b50831a23bfd58 [CANDIDATE]: Term 2 pre-election: Election decided. Result: candidate won.
I0310 18:55:59.335680    12 raft_consensus.cc:3421] T ef19613afa234c5d943034489b070927 P 096da8680d274dba91b50831a23bfd58 [term 1 FOLLOWER]: Snoozing leader timeout detection for 3.285s
I0310 18:55:59.336128    12 raft_consensus.cc:3314] T ef19613afa234c5d943034489b070927 P 096da8680d274dba91b50831a23bfd58 [term 1 FOLLOWER]: Leader pre-election won for term 2
I0310 18:55:59.336568    12 raft_consensus.cc:627] T ef19613afa234c5d943034489b070927 P 096da8680d274dba91b50831a23bfd58 [term 1 FOLLOWER]: Triggering leader election, mode=NORMAL_ELECTION
I0310 18:55:59.337018    12 raft_consensus.cc:3421] T ef19613afa234c5d943034489b070927 P 096da8680d274dba91b50831a23bfd58 [term 1 FOLLOWER]: Snoozing leader timeout detection for 3.074s
I0310 18:55:59.337453    12 raft_consensus.cc:3482] T ef19613afa234c5d943034489b070927 P 096da8680d274dba91b50831a23bfd58 [term 1 FOLLOWER]: Advancing to term 2
I0310 18:55:59.352008    12 consensus_meta.cc:317] T ef19613afa234c5d943034489b070927 P 096da8680d274dba91b50831a23bfd58: Updating active role from FOLLOWER to FOLLOWER. Consensus state: current_term: 2 leader_uuid: "" config { opid_index: -1 peers { permanent_uuid: "096da8680d274dba91b50831a23bfd58" member_type: VOTER last_known_private_addr { host: "yb-tserver-n1" port: 9100 } cloud_info { placement_cloud: "cloud1" placement_region: "datacenter1" placement_zone: "rack1" } } }, has_pending_config = 0
I0310 18:55:59.352681    12 raft_consensus.cc:667] T ef19613afa234c5d943034489b070927 P 096da8680d274dba91b50831a23bfd58 [term 2 FOLLOWER]: Starting election with config: opid_index: -1 peers { permanent_uuid: "096da8680d274dba91b50831a23bfd58" member_type: VOTER last_known_private_addr { host: "yb-tserver-n1" port: 9100 } cloud_info { placement_cloud: "cloud1" placement_region: "datacenter1" placement_zone: "rack1" } }
I0310 18:55:59.371408    12 leader_election.cc:242] T ef19613afa234c5d943034489b070927 P 096da8680d274dba91b50831a23bfd58 [CANDIDATE]: Term 2 election: Election decided. Result: candidate won.
I0310 18:55:59.371963    12 raft_consensus.cc:3421] T ef19613afa234c5d943034489b070927 P 096da8680d274dba91b50831a23bfd58 [term 2 FOLLOWER]: Snoozing leader timeout detection for 3.155s
I0310 18:55:59.372407    12 raft_consensus.cc:3328] T ef19613afa234c5d943034489b070927 P 096da8680d274dba91b50831a23bfd58 [term 2 FOLLOWER]: Leader election won for term 2
I0310 18:55:59.372818    12 replica_state.cc:1152] T ef19613afa234c5d943034489b070927 P 096da8680d274dba91b50831a23bfd58 [term 2 FOLLOWER]: Reset our lease: 67624.126s
I0310 18:55:59.373291    12 replica_state.cc:1414] T ef19613afa234c5d943034489b070927 P 096da8680d274dba91b50831a23bfd58 [term 2 FOLLOWER]: SetLeaderNoOpCommittedUnlocked(0), committed: 1.1, received: 1.1
I0310 18:55:59.373806    12 consensus_meta.cc:317] T ef19613afa234c5d943034489b070927 P 096da8680d274dba91b50831a23bfd58: Updating active role from FOLLOWER to LEADER. Consensus state: current_term: 2 leader_uuid: "096da8680d274dba91b50831a23bfd58" config { opid_index: -1 peers { permanent_uuid: "096da8680d274dba91b50831a23bfd58" member_type: VOTER last_known_private_addr { host: "yb-tserver-n1" port: 9100 } cloud_info { placement_cloud: "cloud1" placement_region: "datacenter1" placement_zone: "rack1" } } }, has_pending_config = 0
I0310 18:55:59.374307    12 raft_consensus.cc:3367] T ef19613afa234c5d943034489b070927 P 096da8680d274dba91b50831a23bfd58 [term 2 LEADER]: Calling mark dirty synchronously for reason code NEW_LEADER_ELECTED
I0310 18:55:59.374701    12 raft_consensus.cc:1059] T ef19613afa234c5d943034489b070927 P 096da8680d274dba91b50831a23bfd58 [term 2 LEADER]: Becoming Leader. State: Replica: 096da8680d274dba91b50831a23bfd58, State: 1, Role: LEADER, Watermarks: {Received: 1.1 Committed: 1.1} Leader: 0.0
I0310 18:55:59.375114    12 consensus_queue.cc:271] T ef19613afa234c5d943034489b070927 P 096da8680d274dba91b50831a23bfd58 [LEADER]: Queue going to LEADER mode. State: All replicated op: 0.0, Majority replicated op: 1.1, Committed index: 1.1, Last applied: 1.1, Last appended: 1.1, Current term: 2, Majority size: 1, State: QUEUE_OPEN, Mode: LEADER, active raft config: opid_index: -1 peers { permanent_uuid: "096da8680d274dba91b50831a23bfd58" member_type: VOTER last_known_private_addr { host: "yb-tserver-n1" port: 9100 } cloud_info { placement_cloud: "cloud1" placement_region: "datacenter1" placement_zone: "rack1" } }
I0310 18:55:59.377619    12 raft_consensus.cc:1077] Sending NO_OP at op 1.1
W0310 18:55:59.379793    91 raft_consensus.cc:1374] Leader lease expiration was not set: Illegal state (yb/consensus/replica_state.cc:1345): NoOp of current term is not committed (majority_replicated_lease_expiration_ = <uninitialized>, majority_replicated_ht_lease_expiration_ = 0)
I0310 18:55:59.381759    91 replica_state.cc:1414] T ef19613afa234c5d943034489b070927 P 096da8680d274dba91b50831a23bfd58 [term 2 LEADER]: SetLeaderNoOpCommittedUnlocked(1), committed: 1.1, received: 2.2
I0310 18:55:59.382478    91 replica_state.cc:784] T ef19613afa234c5d943034489b070927 P 096da8680d274dba91b50831a23bfd58 [term 2 LEADER]: Advanced the committed_op_id across terms. Last committed operation was: 1.1 New committed index is: 2.2
I0310 18:55:59.393501    45 heartbeater.cc:338] P 096da8680d274dba91b50831a23bfd58: Connected to a leader master server at yb-master-n1:7100
I0310 18:55:59.394367    45 heartbeater.cc:387] P 096da8680d274dba91b50831a23bfd58: Registering TS with master...
I0310 18:55:59.394912    45 server_base.cc:541] Using private rpc address yb-tserver-n1
I0310 18:55:59.395375    45 server_base.cc:563] Using http address yb-tserver-n1
