I0311 03:15:05.977241    29 tablet_bootstrap_if.cc:96] T df17b40b75664e0aaa44ec6687a7a233 P 096da8680d274dba91b50831a23bfd58: Bootstrap replayed 2/2 log segments. Read operations: 2, overwritten operations: 0. Pending: 1 replicates. Last read committed op id: 6.6, last entry metadata: { entry_time: 3990591271.744s offset: 107 active_segment_sequence_number: 6 }, last read entry op id: 6.6
I0311 03:15:05.979846     8 rpc_server.cc:173] RPC server started. Bound to: 192.168.128.5:9100
I0311 03:15:05.980428    30 tablet_bootstrap.cc:1405] T c47912c0b2714f58b34c56d0e2dc9025 P 096da8680d274dba91b50831a23bfd58: Dumping replay state to log at the end of PlaySegments
I0311 03:15:05.980966    27 tablet_bootstrap.cc:1405] T ef19613afa234c5d943034489b070927 P 096da8680d274dba91b50831a23bfd58: Dumping replay state to log at the end of PlaySegments
I0311 03:15:05.981505    28 tablet_bootstrap_if.cc:96] T e778eac89ca24f2993340a6d09c687f8 P 096da8680d274dba91b50831a23bfd58: Bootstrap replayed 2/2 log segments. Read operations: 2, overwritten operations: 0. Pending: 1 replicates. Last read committed op id: 6.6, last entry metadata: { entry_time: 3919098792.977s offset: 107 active_segment_sequence_number: 6 }, last read entry op id: 6.6
I0311 03:15:05.981868    29 tablet_bootstrap.cc:1405] T df17b40b75664e0aaa44ec6687a7a233 P 096da8680d274dba91b50831a23bfd58: Dumping replay state to log at the end of PlaySegments
I0311 03:15:05.983860    29 tablet_bootstrap.cc:1101] T df17b40b75664e0aaa44ec6687a7a233 P 096da8680d274dba91b50831a23bfd58: ReplayState: Previous OpId: 6.6, Committed OpId: 6.6, Pending Replicates: 0, Flushed Regular: -1.-1, Flushed Intents: -1.-1
I0311 03:15:05.983175    30 tablet_bootstrap.cc:1101] T c47912c0b2714f58b34c56d0e2dc9025 P 096da8680d274dba91b50831a23bfd58: ReplayState: Previous OpId: 6.6, Committed OpId: 6.6, Pending Replicates: 0, Flushed Regular: -1.-1, Flushed Intents: -1.-1
I0311 03:15:05.984570    30 tablet_bootstrap.cc:1101] T c47912c0b2714f58b34c56d0e2dc9025 P 096da8680d274dba91b50831a23bfd58: Log entries applied to RocksDB: 2
I0311 03:15:05.983196    27 tablet_bootstrap.cc:1101] T ef19613afa234c5d943034489b070927 P 096da8680d274dba91b50831a23bfd58: ReplayState: Previous OpId: 6.6, Committed OpId: 6.6, Pending Replicates: 0, Flushed Regular: -1.-1, Flushed Intents: -1.-1
I0311 03:15:05.982841    39 async_initializer.cc:82] Starting to init ybclient
I0311 03:15:05.983898     8 db_server_base.cc:68] Node information: { hostname: '5521b036e510', rpc_ip: '192.168.128.5', webserver_ip: '192.168.128.5', uuid: '096da8680d274dba91b50831a23bfd58' }
I0311 03:15:05.984247    29 tablet_bootstrap.cc:1101] T df17b40b75664e0aaa44ec6687a7a233 P 096da8680d274dba91b50831a23bfd58: Log entries applied to RocksDB: 2
I0311 03:15:05.983462    28 tablet_bootstrap.cc:1405] T e778eac89ca24f2993340a6d09c687f8 P 096da8680d274dba91b50831a23bfd58: Dumping replay state to log at the end of PlaySegments
I0311 03:15:05.984910    30 tablet_bootstrap.cc:1416] T c47912c0b2714f58b34c56d0e2dc9025 P 096da8680d274dba91b50831a23bfd58: Number of orphaned replicates: 0, last id: 6.6, committed id: 6.6
I0311 03:15:05.985198    27 tablet_bootstrap.cc:1101] T ef19613afa234c5d943034489b070927 P 096da8680d274dba91b50831a23bfd58: Log entries applied to RocksDB: 2
I0311 03:15:05.987970    27 tablet_bootstrap.cc:1416] T ef19613afa234c5d943034489b070927 P 096da8680d274dba91b50831a23bfd58: Number of orphaned replicates: 0, last id: 6.6, committed id: 6.6
I0311 03:15:05.986969    29 tablet_bootstrap.cc:1416] T df17b40b75664e0aaa44ec6687a7a233 P 096da8680d274dba91b50831a23bfd58: Number of orphaned replicates: 0, last id: 6.6, committed id: 6.6
I0311 03:15:05.987010     8 ts_tablet_manager.cc:637] Split tablets cleanup monitor started...
I0311 03:15:05.987380    28 tablet_bootstrap.cc:1101] T e778eac89ca24f2993340a6d09c687f8 P 096da8680d274dba91b50831a23bfd58: ReplayState: Previous OpId: 6.6, Committed OpId: 6.6, Pending Replicates: 0, Flushed Regular: -1.-1, Flushed Intents: -1.-1
I0311 03:15:05.990841    28 tablet_bootstrap.cc:1101] T e778eac89ca24f2993340a6d09c687f8 P 096da8680d274dba91b50831a23bfd58: Log entries applied to RocksDB: 2
I0311 03:15:05.990561     8 ts_tablet_manager.cc:647] Tablet data verification is disabled by verify_tablet_data_interval_sec flag set to 0
I0311 03:15:05.986768    40 client-internal.cc:2304] New master addresses: [yb-master-n1:7100]
I0311 03:15:05.991317    28 tablet_bootstrap.cc:1416] T e778eac89ca24f2993340a6d09c687f8 P 096da8680d274dba91b50831a23bfd58: Number of orphaned replicates: 0, last id: 6.6, committed id: 6.6
I0311 03:15:05.992036     8 ts_tablet_manager.cc:653] Old metrics cleanup task started...
I0311 03:15:05.992870    39 async_initializer.cc:86] Successfully built ybclient
I0311 03:15:05.996809     8 tablet_server_main.cc:237] Tablet server successfully started.
I0311 03:15:06.004186     8 pg_wrapper.cc:575] Data directory /mnt/tserver/pg_data already exists, skipping initdb
I0311 03:15:06.005424     8 tablet_server_main.cc:276] Starting PostgreSQL server listening on yb-tserver-n1, port 5433
I0311 03:15:06.006597    28 tablet_bootstrap_if.cc:96] T e778eac89ca24f2993340a6d09c687f8 P 096da8680d274dba91b50831a23bfd58: Bootstrap complete.
I0311 03:15:06.006644    27 tablet_bootstrap_if.cc:96] T ef19613afa234c5d943034489b070927 P 096da8680d274dba91b50831a23bfd58: Bootstrap complete.
I0311 03:15:06.006706    29 tablet_bootstrap_if.cc:96] T df17b40b75664e0aaa44ec6687a7a233 P 096da8680d274dba91b50831a23bfd58: Bootstrap complete.
I0311 03:15:06.007606    30 tablet_bootstrap_if.cc:96] T c47912c0b2714f58b34c56d0e2dc9025 P 096da8680d274dba91b50831a23bfd58: Bootstrap complete.
W0311 03:15:06.015803     8 pg_wrapper.cc:753] Killing older postgres process: 51
I0311 03:15:06.024103     8 pg_wrapper.cc:723] Starting PostgreSQL server
I0311 03:15:06.038748    27 log.cc:1278] T ef19613afa234c5d943034489b070927 P 096da8680d274dba91b50831a23bfd58: Setting log wal retention time to 0 seconds
I0311 03:15:06.039418    29 log.cc:1278] T df17b40b75664e0aaa44ec6687a7a233 P 096da8680d274dba91b50831a23bfd58: Setting log wal retention time to 0 seconds
I0311 03:15:06.044703    41 heartbeater.cc:338] P 096da8680d274dba91b50831a23bfd58: Connected to a leader master server at yb-master-n1:7100
I0311 03:15:06.049146    30 log.cc:1278] T c47912c0b2714f58b34c56d0e2dc9025 P 096da8680d274dba91b50831a23bfd58: Setting log wal retention time to 0 seconds
I0311 03:15:06.051208    30 ts_tablet_manager.cc:1506] T c47912c0b2714f58b34c56d0e2dc9025 P 096da8680d274dba91b50831a23bfd58: Time spent bootstrapping tablet: real 0.249s	user 0.017s	sys 0.016s
I0311 03:15:06.050119    28 log.cc:1278] T e778eac89ca24f2993340a6d09c687f8 P 096da8680d274dba91b50831a23bfd58: Setting log wal retention time to 0 seconds
I0311 03:15:06.049989    29 ts_tablet_manager.cc:1506] T df17b40b75664e0aaa44ec6687a7a233 P 096da8680d274dba91b50831a23bfd58: Time spent bootstrapping tablet: real 0.249s	user 0.029s	sys 0.011s
I0311 03:15:06.049808    27 ts_tablet_manager.cc:1506] T ef19613afa234c5d943034489b070927 P 096da8680d274dba91b50831a23bfd58: Time spent bootstrapping tablet: real 0.248s	user 0.019s	sys 0.015s
I0311 03:15:06.052028    41 heartbeater.cc:387] P 096da8680d274dba91b50831a23bfd58: Registering TS with master...
I0311 03:15:06.052348    28 ts_tablet_manager.cc:1506] T e778eac89ca24f2993340a6d09c687f8 P 096da8680d274dba91b50831a23bfd58: Time spent bootstrapping tablet: real 0.251s	user 0.023s	sys 0.016s
I0311 03:15:06.053660    41 server_base.cc:541] Using private rpc address yb-tserver-n1
I0311 03:15:06.054925    41 server_base.cc:563] Using http address yb-tserver-n1
I0311 03:15:06.071321    30 tablet_peer.cc:1033] T c47912c0b2714f58b34c56d0e2dc9025 P 096da8680d274dba91b50831a23bfd58 [state=BOOTSTRAPPING]: Setting cdc min replicated index to 9223372036854775807
I0311 03:15:06.071177    29 tablet_peer.cc:1033] T df17b40b75664e0aaa44ec6687a7a233 P 096da8680d274dba91b50831a23bfd58 [state=BOOTSTRAPPING]: Setting cdc min replicated index to 9223372036854775807
I0311 03:15:06.071030    27 tablet_peer.cc:1033] T ef19613afa234c5d943034489b070927 P 096da8680d274dba91b50831a23bfd58 [state=BOOTSTRAPPING]: Setting cdc min replicated index to 9223372036854775807
I0311 03:15:06.071074    28 tablet_peer.cc:1033] T e778eac89ca24f2993340a6d09c687f8 P 096da8680d274dba91b50831a23bfd58 [state=BOOTSTRAPPING]: Setting cdc min replicated index to 9223372036854775807
I0311 03:15:06.111920    29 consensus_meta.cc:317] T df17b40b75664e0aaa44ec6687a7a233 P 096da8680d274dba91b50831a23bfd58: Updating active role from FOLLOWER to FOLLOWER. Consensus state: current_term: 6 leader_uuid: "" config { opid_index: -1 peers { permanent_uuid: "096da8680d274dba91b50831a23bfd58" member_type: VOTER last_known_private_addr { host: "yb-tserver-n1" port: 9100 } cloud_info { placement_cloud: "cloud1" placement_region: "datacenter1" placement_zone: "rack1" } } }, has_pending_config = 0
I0311 03:15:06.112644    28 consensus_meta.cc:317] T e778eac89ca24f2993340a6d09c687f8 P 096da8680d274dba91b50831a23bfd58: Updating active role from FOLLOWER to FOLLOWER. Consensus state: current_term: 6 leader_uuid: "" config { opid_index: -1 peers { permanent_uuid: "096da8680d274dba91b50831a23bfd58" member_type: VOTER last_known_private_addr { host: "yb-tserver-n1" port: 9100 } cloud_info { placement_cloud: "cloud1" placement_region: "datacenter1" placement_zone: "rack1" } } }, has_pending_config = 0
I0311 03:15:06.111919    30 consensus_meta.cc:317] T c47912c0b2714f58b34c56d0e2dc9025 P 096da8680d274dba91b50831a23bfd58: Updating active role from FOLLOWER to FOLLOWER. Consensus state: current_term: 6 leader_uuid: "" config { opid_index: -1 peers { permanent_uuid: "096da8680d274dba91b50831a23bfd58" member_type: VOTER last_known_private_addr { host: "yb-tserver-n1" port: 9100 } cloud_info { placement_cloud: "cloud1" placement_region: "datacenter1" placement_zone: "rack1" } } }, has_pending_config = 0
I0311 03:15:06.114264    30 raft_consensus.cc:480] T c47912c0b2714f58b34c56d0e2dc9025 P 096da8680d274dba91b50831a23bfd58 [term 6 FOLLOWER]: Replica starting. Triggering 0 pending operations. Active config: opid_index: -1 peers { permanent_uuid: "096da8680d274dba91b50831a23bfd58" member_type: VOTER last_known_private_addr { host: "yb-tserver-n1" port: 9100 } cloud_info { placement_cloud: "cloud1" placement_region: "datacenter1" placement_zone: "rack1" } }
I0311 03:15:06.113715    28 raft_consensus.cc:480] T e778eac89ca24f2993340a6d09c687f8 P 096da8680d274dba91b50831a23bfd58 [term 6 FOLLOWER]: Replica starting. Triggering 0 pending operations. Active config: opid_index: -1 peers { permanent_uuid: "096da8680d274dba91b50831a23bfd58" member_type: VOTER last_known_private_addr { host: "yb-tserver-n1" port: 9100 } cloud_info { placement_cloud: "cloud1" placement_region: "datacenter1" placement_zone: "rack1" } }
I0311 03:15:06.113224    27 consensus_meta.cc:317] T ef19613afa234c5d943034489b070927 P 096da8680d274dba91b50831a23bfd58: Updating active role from FOLLOWER to FOLLOWER. Consensus state: current_term: 6 leader_uuid: "" config { opid_index: -1 peers { permanent_uuid: "096da8680d274dba91b50831a23bfd58" member_type: VOTER last_known_private_addr { host: "yb-tserver-n1" port: 9100 } cloud_info { placement_cloud: "cloud1" placement_region: "datacenter1" placement_zone: "rack1" } } }, has_pending_config = 0
I0311 03:15:06.113077    29 raft_consensus.cc:480] T df17b40b75664e0aaa44ec6687a7a233 P 096da8680d274dba91b50831a23bfd58 [term 6 FOLLOWER]: Replica starting. Triggering 0 pending operations. Active config: opid_index: -1 peers { permanent_uuid: "096da8680d274dba91b50831a23bfd58" member_type: VOTER last_known_private_addr { host: "yb-tserver-n1" port: 9100 } cloud_info { placement_cloud: "cloud1" placement_region: "datacenter1" placement_zone: "rack1" } }
I0311 03:15:06.117987    27 raft_consensus.cc:480] T ef19613afa234c5d943034489b070927 P 096da8680d274dba91b50831a23bfd58 [term 6 FOLLOWER]: Replica starting. Triggering 0 pending operations. Active config: opid_index: -1 peers { permanent_uuid: "096da8680d274dba91b50831a23bfd58" member_type: VOTER last_known_private_addr { host: "yb-tserver-n1" port: 9100 } cloud_info { placement_cloud: "cloud1" placement_region: "datacenter1" placement_zone: "rack1" } }
I0311 03:15:06.117949    28 raft_consensus.cc:1115] T e778eac89ca24f2993340a6d09c687f8 P 096da8680d274dba91b50831a23bfd58 [term 6 FOLLOWER]: Becoming Follower/Learner. State: Replica: 096da8680d274dba91b50831a23bfd58, State: 1, Role: FOLLOWER, Watermarks: {Received: 6.6 Committed: 6.6} Leader: 0.0, new leader: , initial_fd_wait: <uninitialized>
I0311 03:15:06.119680    28 consensus_meta.cc:317] T e778eac89ca24f2993340a6d09c687f8 P 096da8680d274dba91b50831a23bfd58: Updating active role from FOLLOWER to FOLLOWER. Consensus state: current_term: 6 leader_uuid: "" config { opid_index: -1 peers { permanent_uuid: "096da8680d274dba91b50831a23bfd58" member_type: VOTER last_known_private_addr { host: "yb-tserver-n1" port: 9100 } cloud_info { placement_cloud: "cloud1" placement_region: "datacenter1" placement_zone: "rack1" } } }, has_pending_config = 0
I0311 03:15:06.118902    29 raft_consensus.cc:1115] T df17b40b75664e0aaa44ec6687a7a233 P 096da8680d274dba91b50831a23bfd58 [term 6 FOLLOWER]: Becoming Follower/Learner. State: Replica: 096da8680d274dba91b50831a23bfd58, State: 1, Role: FOLLOWER, Watermarks: {Received: 6.6 Committed: 6.6} Leader: 0.0, new leader: , initial_fd_wait: <uninitialized>
I0311 03:15:06.119163    27 raft_consensus.cc:1115] T ef19613afa234c5d943034489b070927 P 096da8680d274dba91b50831a23bfd58 [term 6 FOLLOWER]: Becoming Follower/Learner. State: Replica: 096da8680d274dba91b50831a23bfd58, State: 1, Role: FOLLOWER, Watermarks: {Received: 6.6 Committed: 6.6} Leader: 0.0, new leader: , initial_fd_wait: <uninitialized>
I0311 03:15:06.117810    30 raft_consensus.cc:1115] T c47912c0b2714f58b34c56d0e2dc9025 P 096da8680d274dba91b50831a23bfd58 [term 6 FOLLOWER]: Becoming Follower/Learner. State: Replica: 096da8680d274dba91b50831a23bfd58, State: 1, Role: FOLLOWER, Watermarks: {Received: 6.6 Committed: 6.6} Leader: 0.0, new leader: , initial_fd_wait: <uninitialized>
I0311 03:15:06.120761    29 consensus_meta.cc:317] T df17b40b75664e0aaa44ec6687a7a233 P 096da8680d274dba91b50831a23bfd58: Updating active role from FOLLOWER to FOLLOWER. Consensus state: current_term: 6 leader_uuid: "" config { opid_index: -1 peers { permanent_uuid: "096da8680d274dba91b50831a23bfd58" member_type: VOTER last_known_private_addr { host: "yb-tserver-n1" port: 9100 } cloud_info { placement_cloud: "cloud1" placement_region: "datacenter1" placement_zone: "rack1" } } }, has_pending_config = 0
I0311 03:15:06.121021    28 consensus_queue.cc:289] T e778eac89ca24f2993340a6d09c687f8 P 096da8680d274dba91b50831a23bfd58 [NON_LEADER]: Queue going to NON_LEADER mode. State: All replicated op: 0.0, Majority replicated op: 0.0, Committed index: 0.0, Last applied: 0.0, Last appended: 6.6, Current term: 0, Majority size: -1, State: QUEUE_OPEN, Mode: NON_LEADER
I0311 03:15:06.121479    30 consensus_meta.cc:317] T c47912c0b2714f58b34c56d0e2dc9025 P 096da8680d274dba91b50831a23bfd58: Updating active role from FOLLOWER to FOLLOWER. Consensus state: current_term: 6 leader_uuid: "" config { opid_index: -1 peers { permanent_uuid: "096da8680d274dba91b50831a23bfd58" member_type: VOTER last_known_private_addr { host: "yb-tserver-n1" port: 9100 } cloud_info { placement_cloud: "cloud1" placement_region: "datacenter1" placement_zone: "rack1" } } }, has_pending_config = 0
I0311 03:15:06.122936    30 consensus_queue.cc:289] T c47912c0b2714f58b34c56d0e2dc9025 P 096da8680d274dba91b50831a23bfd58 [NON_LEADER]: Queue going to NON_LEADER mode. State: All replicated op: 0.0, Majority replicated op: 0.0, Committed index: 0.0, Last applied: 0.0, Last appended: 6.6, Current term: 0, Majority size: -1, State: QUEUE_OPEN, Mode: NON_LEADER
I0311 03:15:06.121062    27 consensus_meta.cc:317] T ef19613afa234c5d943034489b070927 P 096da8680d274dba91b50831a23bfd58: Updating active role from FOLLOWER to FOLLOWER. Consensus state: current_term: 6 leader_uuid: "" config { opid_index: -1 peers { permanent_uuid: "096da8680d274dba91b50831a23bfd58" member_type: VOTER last_known_private_addr { host: "yb-tserver-n1" port: 9100 } cloud_info { placement_cloud: "cloud1" placement_region: "datacenter1" placement_zone: "rack1" } } }, has_pending_config = 0
I0311 03:15:06.122493    28 raft_consensus.cc:3367] T e778eac89ca24f2993340a6d09c687f8 P 096da8680d274dba91b50831a23bfd58 [term 6 FOLLOWER]: Calling mark dirty synchronously for reason code CONSENSUS_STARTED
I0311 03:15:06.121840    29 consensus_queue.cc:289] T df17b40b75664e0aaa44ec6687a7a233 P 096da8680d274dba91b50831a23bfd58 [NON_LEADER]: Queue going to NON_LEADER mode. State: All replicated op: 0.0, Majority replicated op: 0.0, Committed index: 0.0, Last applied: 0.0, Last appended: 6.6, Current term: 0, Majority size: -1, State: QUEUE_OPEN, Mode: NON_LEADER
I0311 03:15:06.124249    30 raft_consensus.cc:3367] T c47912c0b2714f58b34c56d0e2dc9025 P 096da8680d274dba91b50831a23bfd58 [term 6 FOLLOWER]: Calling mark dirty synchronously for reason code CONSENSUS_STARTED
I0311 03:15:06.124923    27 consensus_queue.cc:289] T ef19613afa234c5d943034489b070927 P 096da8680d274dba91b50831a23bfd58 [NON_LEADER]: Queue going to NON_LEADER mode. State: All replicated op: 0.0, Majority replicated op: 0.0, Committed index: 0.0, Last applied: 0.0, Last appended: 6.6, Current term: 0, Majority size: -1, State: QUEUE_OPEN, Mode: NON_LEADER
I0311 03:15:06.127156    29 raft_consensus.cc:3367] T df17b40b75664e0aaa44ec6687a7a233 P 096da8680d274dba91b50831a23bfd58 [term 6 FOLLOWER]: Calling mark dirty synchronously for reason code CONSENSUS_STARTED
I0311 03:15:06.132781    29 tablet_peer.cc:1455] T df17b40b75664e0aaa44ec6687a7a233 P 096da8680d274dba91b50831a23bfd58 [state=RUNNING]: Changed state from BOOTSTRAPPING to RUNNING
I0311 03:15:06.127740    30 tablet_peer.cc:1455] T c47912c0b2714f58b34c56d0e2dc9025 P 096da8680d274dba91b50831a23bfd58 [state=RUNNING]: Changed state from BOOTSTRAPPING to RUNNING
I0311 03:15:06.128307    27 raft_consensus.cc:3367] T ef19613afa234c5d943034489b070927 P 096da8680d274dba91b50831a23bfd58 [term 6 FOLLOWER]: Calling mark dirty synchronously for reason code CONSENSUS_STARTED
W0311 03:15:06.132586    41 heartbeater.cc:658] P 096da8680d274dba91b50831a23bfd58: Failed to heartbeat to yb-master-n1:7100: Service unavailable (yb/tserver/heartbeater.cc:479): Master is no longer the leader: code: NOT_THE_LEADER status { code: SERVICE_UNAVAILABLE message: "Catalog manager is not initialized. State: 1" source_file: "../../src/yb/master/scoped_leader_shared_lock.cc" source_line: 91 errors: "\000" } tries=0, num=1, masters=0x00000040152207c8 -> [[yb-master-n1:7100]], code=Service unavailable
I0311 03:15:06.138703    30 tablet_peer.cc:1344] T c47912c0b2714f58b34c56d0e2dc9025 P 096da8680d274dba91b50831a23bfd58 [state=RUNNING]: Registered log gc
I0311 03:15:06.139160    30 ts_tablet_manager.cc:1573] T c47912c0b2714f58b34c56d0e2dc9025 P 096da8680d274dba91b50831a23bfd58: Time spent starting tablet: real 0.087s	user 0.019s	sys 0.005s
I0311 03:15:06.138517    27 tablet_peer.cc:1455] T ef19613afa234c5d943034489b070927 P 096da8680d274dba91b50831a23bfd58 [state=RUNNING]: Changed state from BOOTSTRAPPING to RUNNING
I0311 03:15:06.127303    28 tablet_peer.cc:1455] T e778eac89ca24f2993340a6d09c687f8 P 096da8680d274dba91b50831a23bfd58 [state=RUNNING]: Changed state from BOOTSTRAPPING to RUNNING
I0311 03:15:06.138033    29 tablet_peer.cc:1344] T df17b40b75664e0aaa44ec6687a7a233 P 096da8680d274dba91b50831a23bfd58 [state=RUNNING]: Registered log gc
I0311 03:15:06.140193    27 tablet_peer.cc:1344] T ef19613afa234c5d943034489b070927 P 096da8680d274dba91b50831a23bfd58 [state=RUNNING]: Registered log gc
I0311 03:15:06.140312    30 ts_tablet_manager.cc:2771] Deleted transition in progress opening tablet for tablet c47912c0b2714f58b34c56d0e2dc9025
I0311 03:15:06.140597    28 tablet_peer.cc:1344] T e778eac89ca24f2993340a6d09c687f8 P 096da8680d274dba91b50831a23bfd58 [state=RUNNING]: Registered log gc
I0311 03:15:06.141786    41 heartbeater.cc:338] P 096da8680d274dba91b50831a23bfd58: Connected to a leader master server at yb-master-n1:7100
I0311 03:15:06.141894    29 ts_tablet_manager.cc:1573] T df17b40b75664e0aaa44ec6687a7a233 P 096da8680d274dba91b50831a23bfd58: Time spent starting tablet: real 0.089s	user 0.017s	sys 0.011s
I0311 03:15:06.142798    27 ts_tablet_manager.cc:1573] T ef19613afa234c5d943034489b070927 P 096da8680d274dba91b50831a23bfd58: Time spent starting tablet: real 0.090s	user 0.010s	sys 0.010s
I0311 03:15:06.143348    30 ts_tablet_manager.cc:1478] T 974d5dc4624a4cc8ba8333f193777a6e P 096da8680d274dba91b50831a23bfd58: Bootstrapping tablet
I0311 03:15:06.143700    28 ts_tablet_manager.cc:1573] T e778eac89ca24f2993340a6d09c687f8 P 096da8680d274dba91b50831a23bfd58: Time spent starting tablet: real 0.090s	user 0.010s	sys 0.013s
I0311 03:15:06.146255    28 ts_tablet_manager.cc:2771] Deleted transition in progress opening tablet for tablet e778eac89ca24f2993340a6d09c687f8
I0311 03:15:06.146730    28 ts_tablet_manager.cc:1478] T 5c82d2d282b24c23a5a85eaa9b3797e3 P 096da8680d274dba91b50831a23bfd58: Bootstrapping tablet
I0311 03:15:06.145203    27 ts_tablet_manager.cc:2771] Deleted transition in progress opening tablet for tablet ef19613afa234c5d943034489b070927
I0311 03:15:06.148483    27 ts_tablet_manager.cc:1478] T 3a76ab24970d40ef859dfa774b11abe1 P 096da8680d274dba91b50831a23bfd58: Bootstrapping tablet
I0311 03:15:06.144695    29 ts_tablet_manager.cc:2771] Deleted transition in progress opening tablet for tablet df17b40b75664e0aaa44ec6687a7a233
I0311 03:15:06.144217    41 heartbeater.cc:387] P 096da8680d274dba91b50831a23bfd58: Registering TS with master...
I0311 03:15:06.148561    30 consensus_meta.cc:317] T 974d5dc4624a4cc8ba8333f193777a6e P 096da8680d274dba91b50831a23bfd58: Updating active role from UNKNOWN_ROLE to FOLLOWER. Consensus state: current_term: 6 leader_uuid: "" config { opid_index: -1 peers { permanent_uuid: "096da8680d274dba91b50831a23bfd58" member_type: VOTER last_known_private_addr { host: "yb-tserver-n1" port: 9100 } cloud_info { placement_cloud: "cloud1" placement_region: "datacenter1" placement_zone: "rack1" } } }, has_pending_config = 0
I0311 03:15:06.150771    29 ts_tablet_manager.cc:1478] T 22d66049cb9c4419a35469ea8c2c36bc P 096da8680d274dba91b50831a23bfd58: Bootstrapping tablet
I0311 03:15:06.151816    41 server_base.cc:541] Using private rpc address yb-tserver-n1
I0311 03:15:06.152410    28 consensus_meta.cc:317] T 5c82d2d282b24c23a5a85eaa9b3797e3 P 096da8680d274dba91b50831a23bfd58: Updating active role from UNKNOWN_ROLE to FOLLOWER. Consensus state: current_term: 6 leader_uuid: "" config { opid_index: -1 peers { permanent_uuid: "096da8680d274dba91b50831a23bfd58" member_type: VOTER last_known_private_addr { host: "yb-tserver-n1" port: 9100 } cloud_info { placement_cloud: "cloud1" placement_region: "datacenter1" placement_zone: "rack1" } } }, has_pending_config = 0
I0311 03:15:06.156453    28 tablet_peer.cc:1455] T 5c82d2d282b24c23a5a85eaa9b3797e3 P 096da8680d274dba91b50831a23bfd58 [state=BOOTSTRAPPING]: Changed state from NOT_STARTED to BOOTSTRAPPING
I0311 03:15:06.158980    28 tablet_bootstrap_if.cc:96] T 5c82d2d282b24c23a5a85eaa9b3797e3 P 096da8680d274dba91b50831a23bfd58: Bootstrap starting.
I0311 03:15:06.155642    27 consensus_meta.cc:317] T 3a76ab24970d40ef859dfa774b11abe1 P 096da8680d274dba91b50831a23bfd58: Updating active role from UNKNOWN_ROLE to FOLLOWER. Consensus state: current_term: 6 leader_uuid: "" config { opid_index: -1 peers { permanent_uuid: "096da8680d274dba91b50831a23bfd58" member_type: VOTER last_known_private_addr { host: "yb-tserver-n1" port: 9100 } cloud_info { placement_cloud: "cloud1" placement_region: "datacenter1" placement_zone: "rack1" } } }, has_pending_config = 0
I0311 03:15:06.152822    30 tablet_peer.cc:1455] T 974d5dc4624a4cc8ba8333f193777a6e P 096da8680d274dba91b50831a23bfd58 [state=BOOTSTRAPPING]: Changed state from NOT_STARTED to BOOTSTRAPPING
I0311 03:15:06.155493    41 server_base.cc:563] Using http address yb-tserver-n1
I0311 03:15:06.159953    29 consensus_meta.cc:317] T 22d66049cb9c4419a35469ea8c2c36bc P 096da8680d274dba91b50831a23bfd58: Updating active role from UNKNOWN_ROLE to FOLLOWER. Consensus state: current_term: 6 leader_uuid: "" config { opid_index: -1 peers { permanent_uuid: "096da8680d274dba91b50831a23bfd58" member_type: VOTER last_known_private_addr { host: "yb-tserver-n1" port: 9100 } cloud_info { placement_cloud: "cloud1" placement_region: "datacenter1" placement_zone: "rack1" } } }, has_pending_config = 0
I0311 03:15:06.160230    28 tablet.cc:455] T 5c82d2d282b24c23a5a85eaa9b3797e3 P 096da8680d274dba91b50831a23bfd58: Schema version for transactions is 0
I0311 03:15:06.161763    27 tablet_peer.cc:1455] T 3a76ab24970d40ef859dfa774b11abe1 P 096da8680d274dba91b50831a23bfd58 [state=BOOTSTRAPPING]: Changed state from NOT_STARTED to BOOTSTRAPPING
I0311 03:15:06.162616    30 tablet_bootstrap_if.cc:96] T 974d5dc4624a4cc8ba8333f193777a6e P 096da8680d274dba91b50831a23bfd58: Bootstrap starting.
I0311 03:15:06.164094    29 tablet_peer.cc:1455] T 22d66049cb9c4419a35469ea8c2c36bc P 096da8680d274dba91b50831a23bfd58 [state=BOOTSTRAPPING]: Changed state from NOT_STARTED to BOOTSTRAPPING
I0311 03:15:06.178022    29 tablet_bootstrap_if.cc:96] T 22d66049cb9c4419a35469ea8c2c36bc P 096da8680d274dba91b50831a23bfd58: Bootstrap starting.
I0311 03:15:06.176043    27 tablet_bootstrap_if.cc:96] T 3a76ab24970d40ef859dfa774b11abe1 P 096da8680d274dba91b50831a23bfd58: Bootstrap starting.
I0311 03:15:06.175619    28 tablet_bootstrap.cc:639] T 5c82d2d282b24c23a5a85eaa9b3797e3 P 096da8680d274dba91b50831a23bfd58: Time spent opening tablet: real 0.000s	user 0.000s	sys 0.000s
I0311 03:15:06.178375    30 tablet.cc:455] T 974d5dc4624a4cc8ba8333f193777a6e P 096da8680d274dba91b50831a23bfd58: Schema version for transactions is 0
I0311 03:15:06.180472    30 tablet_bootstrap.cc:639] T 974d5dc4624a4cc8ba8333f193777a6e P 096da8680d274dba91b50831a23bfd58: Time spent opening tablet: real 0.000s	user 0.000s	sys 0.000s
I0311 03:15:06.179854    27 tablet.cc:455] T 3a76ab24970d40ef859dfa774b11abe1 P 096da8680d274dba91b50831a23bfd58: Schema version for transactions is 0
I0311 03:15:06.179307    29 tablet.cc:455] T 22d66049cb9c4419a35469ea8c2c36bc P 096da8680d274dba91b50831a23bfd58: Schema version for transactions is 0
I0311 03:15:06.185986    29 tablet_bootstrap.cc:639] T 22d66049cb9c4419a35469ea8c2c36bc P 096da8680d274dba91b50831a23bfd58: Time spent opening tablet: real 0.000s	user 0.000s	sys 0.000s
I0311 03:15:06.184947    27 tablet_bootstrap.cc:639] T 3a76ab24970d40ef859dfa774b11abe1 P 096da8680d274dba91b50831a23bfd58: Time spent opening tablet: real 0.000s	user 0.000s	sys 0.000s
W0311 03:15:06.180676    41 heartbeater.cc:658] P 096da8680d274dba91b50831a23bfd58: Failed to heartbeat to yb-master-n1:7100: Service unavailable (yb/tserver/heartbeater.cc:479): Master is no longer the leader: code: NOT_THE_LEADER status { code: SERVICE_UNAVAILABLE message: "Catalog manager is not initialized. State: 1" source_file: "../../src/yb/master/scoped_leader_shared_lock.cc" source_line: 91 errors: "\000" } tries=1, num=1, masters=0x00000040152207c8 -> [[yb-master-n1:7100]], code=Service unavailable
I0311 03:15:06.186272    28 tablet_bootstrap.cc:716] T 5c82d2d282b24c23a5a85eaa9b3797e3 P 096da8680d274dba91b50831a23bfd58: Will attempt to recover log segment /mnt/tserver/yb-data/tserver/wals/table-929f7d28b7a2483c9b6c4652af3f6131/tablet-5c82d2d282b24c23a5a85eaa9b3797e3/wal-000000005
I0311 03:15:06.193545    30 tablet_bootstrap.cc:716] T 974d5dc4624a4cc8ba8333f193777a6e P 096da8680d274dba91b50831a23bfd58: Will attempt to recover log segment /mnt/tserver/yb-data/tserver/wals/table-929f7d28b7a2483c9b6c4652af3f6131/tablet-974d5dc4624a4cc8ba8333f193777a6e/wal-000000005
I0311 03:15:06.218930    41 heartbeater.cc:338] P 096da8680d274dba91b50831a23bfd58: Connected to a leader master server at yb-master-n1:7100
I0311 03:15:06.219947    28 tablet_bootstrap.cc:716] T 5c82d2d282b24c23a5a85eaa9b3797e3 P 096da8680d274dba91b50831a23bfd58: Will attempt to recover log segment /mnt/tserver/yb-data/tserver/wals/table-929f7d28b7a2483c9b6c4652af3f6131/tablet-5c82d2d282b24c23a5a85eaa9b3797e3/wal-000000006
I0311 03:15:06.221621    28 tablet_bootstrap.cc:1127] T 5c82d2d282b24c23a5a85eaa9b3797e3 P 096da8680d274dba91b50831a23bfd58: Flushed DocDB OpIds: { regular: -1.-1 intents: -1.-1 }
I0311 03:15:06.222116    28 tablet_bootstrap.cc:1288] T 5c82d2d282b24c23a5a85eaa9b3797e3 P 096da8680d274dba91b50831a23bfd58: Max persistent index in RocksDB's SSTables before bootstrap: regular RocksDB: -1.-1; intents RocksDB: -1.-1
I0311 03:15:06.220294    30 tablet_bootstrap.cc:716] T 974d5dc4624a4cc8ba8333f193777a6e P 096da8680d274dba91b50831a23bfd58: Will attempt to recover log segment /mnt/tserver/yb-data/tserver/wals/table-929f7d28b7a2483c9b6c4652af3f6131/tablet-974d5dc4624a4cc8ba8333f193777a6e/wal-000000006
I0311 03:15:06.221187    41 heartbeater.cc:387] P 096da8680d274dba91b50831a23bfd58: Registering TS with master...
I0311 03:15:06.220002    27 tablet_bootstrap.cc:716] T 3a76ab24970d40ef859dfa774b11abe1 P 096da8680d274dba91b50831a23bfd58: Will attempt to recover log segment /mnt/tserver/yb-data/tserver/wals/table-929f7d28b7a2483c9b6c4652af3f6131/tablet-3a76ab24970d40ef859dfa774b11abe1/wal-000000005
I0311 03:15:06.224457    27 tablet_bootstrap.cc:716] T 3a76ab24970d40ef859dfa774b11abe1 P 096da8680d274dba91b50831a23bfd58: Will attempt to recover log segment /mnt/tserver/yb-data/tserver/wals/table-929f7d28b7a2483c9b6c4652af3f6131/tablet-3a76ab24970d40ef859dfa774b11abe1/wal-000000006
I0311 03:15:06.224982    27 tablet_bootstrap.cc:1127] T 3a76ab24970d40ef859dfa774b11abe1 P 096da8680d274dba91b50831a23bfd58: Flushed DocDB OpIds: { regular: -1.-1 intents: -1.-1 }
I0311 03:15:06.223501    41 server_base.cc:541] Using private rpc address yb-tserver-n1
I0311 03:15:06.226850    41 server_base.cc:563] Using http address yb-tserver-n1
I0311 03:15:06.220233    29 tablet_bootstrap.cc:716] T 22d66049cb9c4419a35469ea8c2c36bc P 096da8680d274dba91b50831a23bfd58: Will attempt to recover log segment /mnt/tserver/yb-data/tserver/wals/table-929f7d28b7a2483c9b6c4652af3f6131/tablet-22d66049cb9c4419a35469ea8c2c36bc/wal-000000005
I0311 03:15:06.222934    30 tablet_bootstrap.cc:1127] T 974d5dc4624a4cc8ba8333f193777a6e P 096da8680d274dba91b50831a23bfd58: Flushed DocDB OpIds: { regular: -1.-1 intents: -1.-1 }
I0311 03:15:06.225898    27 tablet_bootstrap.cc:1288] T 3a76ab24970d40ef859dfa774b11abe1 P 096da8680d274dba91b50831a23bfd58: Max persistent index in RocksDB's SSTables before bootstrap: regular RocksDB: -1.-1; intents RocksDB: -1.-1
I0311 03:15:06.224068    28 log.cc:1278] T 5c82d2d282b24c23a5a85eaa9b3797e3 P 096da8680d274dba91b50831a23bfd58: Setting log wal retention time to 0 seconds
I0311 03:15:06.228629    29 tablet_bootstrap.cc:716] T 22d66049cb9c4419a35469ea8c2c36bc P 096da8680d274dba91b50831a23bfd58: Will attempt to recover log segment /mnt/tserver/yb-data/tserver/wals/table-929f7d28b7a2483c9b6c4652af3f6131/tablet-22d66049cb9c4419a35469ea8c2c36bc/wal-000000006
I0311 03:15:06.230862    29 tablet_bootstrap.cc:1127] T 22d66049cb9c4419a35469ea8c2c36bc P 096da8680d274dba91b50831a23bfd58: Flushed DocDB OpIds: { regular: -1.-1 intents: -1.-1 }
I0311 03:15:06.230948    27 log.cc:1278] T 3a76ab24970d40ef859dfa774b11abe1 P 096da8680d274dba91b50831a23bfd58: Setting log wal retention time to 0 seconds
I0311 03:15:06.229382    30 tablet_bootstrap.cc:1288] T 974d5dc4624a4cc8ba8333f193777a6e P 096da8680d274dba91b50831a23bfd58: Max persistent index in RocksDB's SSTables before bootstrap: regular RocksDB: -1.-1; intents RocksDB: -1.-1
I0311 03:15:06.231446    29 tablet_bootstrap.cc:1288] T 22d66049cb9c4419a35469ea8c2c36bc P 096da8680d274dba91b50831a23bfd58: Max persistent index in RocksDB's SSTables before bootstrap: regular RocksDB: -1.-1; intents RocksDB: -1.-1
W0311 03:15:06.231834    41 heartbeater.cc:658] P 096da8680d274dba91b50831a23bfd58: Failed to heartbeat to yb-master-n1:7100: Service unavailable (yb/tserver/heartbeater.cc:479): Master is no longer the leader: code: NOT_THE_LEADER status { code: SERVICE_UNAVAILABLE message: "Catalog manager is not initialized. State: 1" source_file: "../../src/yb/master/scoped_leader_shared_lock.cc" source_line: 91 errors: "\000" } tries=2, num=1, masters=0x00000040152207c8 -> [[yb-master-n1:7100]], code=Service unavailable
I0311 03:15:06.235843    30 log.cc:1278] T 974d5dc4624a4cc8ba8333f193777a6e P 096da8680d274dba91b50831a23bfd58: Setting log wal retention time to 0 seconds
I0311 03:15:06.236471    29 log.cc:1278] T 22d66049cb9c4419a35469ea8c2c36bc P 096da8680d274dba91b50831a23bfd58: Setting log wal retention time to 0 seconds
W0311 03:15:06.236840    41 heartbeater.cc:361] P 096da8680d274dba91b50831a23bfd58: Failed 3 heartbeats in a row: no longer allowing fast heartbeat attempts.
I0311 03:15:06.255606    41 heartbeater.cc:338] P 096da8680d274dba91b50831a23bfd58: Connected to a leader master server at yb-master-n1:7100
I0311 03:15:06.267218    41 heartbeater.cc:387] P 096da8680d274dba91b50831a23bfd58: Registering TS with master...
W0311 03:15:06.267594    28 log_util.cc:240] Could not read footer for segment: /mnt/tserver/yb-data/tserver/wals/table-929f7d28b7a2483c9b6c4652af3f6131/tablet-5c82d2d282b24c23a5a85eaa9b3797e3/wal-000000005: Not found (yb/consensus/log_util.cc:554): Footer not found. Footer magic doesn't match
I0311 03:15:06.267747    41 server_base.cc:541] Using private rpc address yb-tserver-n1
W0311 03:15:06.268296    27 log_util.cc:240] Could not read footer for segment: /mnt/tserver/yb-data/tserver/wals/table-929f7d28b7a2483c9b6c4652af3f6131/tablet-3a76ab24970d40ef859dfa774b11abe1/wal-000000005: Not found (yb/consensus/log_util.cc:554): Footer not found. Footer magic doesn't match
W0311 03:15:06.268648    28 log_reader.cc:192] T 5c82d2d282b24c23a5a85eaa9b3797e3 P 096da8680d274dba91b50831a23bfd58: Log segment /mnt/tserver/yb-data/tserver/wals/table-929f7d28b7a2483c9b6c4652af3f6131/tablet-5c82d2d282b24c23a5a85eaa9b3797e3/wal-000000005 was likely left in-progress after a previous crash. Will try to rebuild footer by scanning data.
I0311 03:15:06.269282    41 server_base.cc:563] Using http address yb-tserver-n1
W0311 03:15:06.271266    27 log_reader.cc:192] T 3a76ab24970d40ef859dfa774b11abe1 P 096da8680d274dba91b50831a23bfd58: Log segment /mnt/tserver/yb-data/tserver/wals/table-929f7d28b7a2483c9b6c4652af3f6131/tablet-3a76ab24970d40ef859dfa774b11abe1/wal-000000005 was likely left in-progress after a previous crash. Will try to rebuild footer by scanning data.
W0311 03:15:06.271214    30 log_util.cc:240] Could not read footer for segment: /mnt/tserver/yb-data/tserver/wals/table-929f7d28b7a2483c9b6c4652af3f6131/tablet-974d5dc4624a4cc8ba8333f193777a6e/wal-000000005: Not found (yb/consensus/log_util.cc:554): Footer not found. Footer magic doesn't match
W0311 03:15:06.275885    30 log_reader.cc:192] T 974d5dc4624a4cc8ba8333f193777a6e P 096da8680d274dba91b50831a23bfd58: Log segment /mnt/tserver/yb-data/tserver/wals/table-929f7d28b7a2483c9b6c4652af3f6131/tablet-974d5dc4624a4cc8ba8333f193777a6e/wal-000000005 was likely left in-progress after a previous crash. Will try to rebuild footer by scanning data.
I0311 03:15:06.272435    28 log_util.cc:773] Scanning /mnt/tserver/yb-data/tserver/wals/table-929f7d28b7a2483c9b6c4652af3f6131/tablet-5c82d2d282b24c23a5a85eaa9b3797e3/wal-000000005 for valid entry headers following offset 195...
W0311 03:15:06.277534    41 heartbeater.cc:658] P 096da8680d274dba91b50831a23bfd58: Failed to heartbeat to yb-master-n1:7100: Service unavailable (yb/tserver/heartbeater.cc:479): Master is no longer the leader: code: NOT_THE_LEADER status { code: SERVICE_UNAVAILABLE message: "Catalog manager is not initialized. State: 1" source_file: "../../src/yb/master/scoped_leader_shared_lock.cc" source_line: 91 errors: "\000" } tries=3, num=1, masters=0x00000040152207c8 -> [[yb-master-n1:7100]], code=Service unavailable
W0311 03:15:06.272125    29 log_util.cc:240] Could not read footer for segment: /mnt/tserver/yb-data/tserver/wals/table-929f7d28b7a2483c9b6c4652af3f6131/tablet-22d66049cb9c4419a35469ea8c2c36bc/wal-000000005: Not found (yb/consensus/log_util.cc:554): Footer not found. Footer magic doesn't match
I0311 03:15:06.277227    30 log_util.cc:773] Scanning /mnt/tserver/yb-data/tserver/wals/table-929f7d28b7a2483c9b6c4652af3f6131/tablet-974d5dc4624a4cc8ba8333f193777a6e/wal-000000005 for valid entry headers following offset 195...
I0311 03:15:06.273913    27 log_util.cc:773] Scanning /mnt/tserver/yb-data/tserver/wals/table-929f7d28b7a2483c9b6c4652af3f6131/tablet-3a76ab24970d40ef859dfa774b11abe1/wal-000000005 for valid entry headers following offset 195...
W0311 03:15:06.281370    29 log_reader.cc:192] T 22d66049cb9c4419a35469ea8c2c36bc P 096da8680d274dba91b50831a23bfd58: Log segment /mnt/tserver/yb-data/tserver/wals/table-929f7d28b7a2483c9b6c4652af3f6131/tablet-22d66049cb9c4419a35469ea8c2c36bc/wal-000000005 was likely left in-progress after a previous crash. Will try to rebuild footer by scanning data.
I0311 03:15:06.295615    29 log_util.cc:773] Scanning /mnt/tserver/yb-data/tserver/wals/table-929f7d28b7a2483c9b6c4652af3f6131/tablet-22d66049cb9c4419a35469ea8c2c36bc/wal-000000005 for valid entry headers following offset 195...
I0311 03:15:06.300952    28 log_util.cc:817] Found no log entry headers
I0311 03:15:06.304514    28 log_util.cc:666] Ignoring partially flushed segment in write ahead log /mnt/tserver/yb-data/tserver/wals/table-929f7d28b7a2483c9b6c4652af3f6131/tablet-5c82d2d282b24c23a5a85eaa9b3797e3/wal-000000005 because there are no log entries following this one. The server probably crashed in the middle of writing an entry to the write-ahead log or downloaded an active log via remote bootstrap. Error detail: Corruption (yb/consensus/log_util.cc:889): Invalid checksum in log entry head header: found=0, computed=2351477386: Failed trying to read batch #3 at offset 195 for log segment /mnt/tserver/yb-data/tserver/wals/table-929f7d28b7a2483c9b6c4652af3f6131/tablet-5c82d2d282b24c23a5a85eaa9b3797e3/wal-000000005: Prior batch offsets: 107 167 195; Last log entries read: [REPLICATE (5.5)]
I0311 03:15:06.306133    28 log_util.cc:285] Successfully rebuilt footer for segment: /mnt/tserver/yb-data/tserver/wals/table-929f7d28b7a2483c9b6c4652af3f6131/tablet-5c82d2d282b24c23a5a85eaa9b3797e3/wal-000000005 (valid entries through byte offset 195)
I0311 03:15:06.309531    30 log_util.cc:817] Found no log entry headers
I0311 03:15:06.311584    30 log_util.cc:666] Ignoring partially flushed segment in write ahead log /mnt/tserver/yb-data/tserver/wals/table-929f7d28b7a2483c9b6c4652af3f6131/tablet-974d5dc4624a4cc8ba8333f193777a6e/wal-000000005 because there are no log entries following this one. The server probably crashed in the middle of writing an entry to the write-ahead log or downloaded an active log via remote bootstrap. Error detail: Corruption (yb/consensus/log_util.cc:889): Invalid checksum in log entry head header: found=0, computed=2351477386: Failed trying to read batch #3 at offset 195 for log segment /mnt/tserver/yb-data/tserver/wals/table-929f7d28b7a2483c9b6c4652af3f6131/tablet-974d5dc4624a4cc8ba8333f193777a6e/wal-000000005: Prior batch offsets: 107 167 195; Last log entries read: [REPLICATE (5.5)]
I0311 03:15:06.310374    27 log_util.cc:817] Found no log entry headers
I0311 03:15:06.313050    30 log_util.cc:285] Successfully rebuilt footer for segment: /mnt/tserver/yb-data/tserver/wals/table-929f7d28b7a2483c9b6c4652af3f6131/tablet-974d5dc4624a4cc8ba8333f193777a6e/wal-000000005 (valid entries through byte offset 195)
I0311 03:15:06.314337    29 log_util.cc:817] Found no log entry headers
I0311 03:15:06.314319    27 log_util.cc:666] Ignoring partially flushed segment in write ahead log /mnt/tserver/yb-data/tserver/wals/table-929f7d28b7a2483c9b6c4652af3f6131/tablet-3a76ab24970d40ef859dfa774b11abe1/wal-000000005 because there are no log entries following this one. The server probably crashed in the middle of writing an entry to the write-ahead log or downloaded an active log via remote bootstrap. Error detail: Corruption (yb/consensus/log_util.cc:889): Invalid checksum in log entry head header: found=0, computed=2351477386: Failed trying to read batch #3 at offset 195 for log segment /mnt/tserver/yb-data/tserver/wals/table-929f7d28b7a2483c9b6c4652af3f6131/tablet-3a76ab24970d40ef859dfa774b11abe1/wal-000000005: Prior batch offsets: 107 167 195; Last log entries read: [REPLICATE (5.5)]
W0311 03:15:06.315325    28 log_util.cc:240] Could not read footer for segment: /mnt/tserver/yb-data/tserver/wals/table-929f7d28b7a2483c9b6c4652af3f6131/tablet-5c82d2d282b24c23a5a85eaa9b3797e3/wal-000000006: Not found (yb/consensus/log_util.cc:554): Footer not found. Footer magic doesn't match
I0311 03:15:06.315500    29 log_util.cc:666] Ignoring partially flushed segment in write ahead log /mnt/tserver/yb-data/tserver/wals/table-929f7d28b7a2483c9b6c4652af3f6131/tablet-22d66049cb9c4419a35469ea8c2c36bc/wal-000000005 because there are no log entries following this one. The server probably crashed in the middle of writing an entry to the write-ahead log or downloaded an active log via remote bootstrap. Error detail: Corruption (yb/consensus/log_util.cc:889): Invalid checksum in log entry head header: found=0, computed=2351477386: Failed trying to read batch #3 at offset 195 for log segment /mnt/tserver/yb-data/tserver/wals/table-929f7d28b7a2483c9b6c4652af3f6131/tablet-22d66049cb9c4419a35469ea8c2c36bc/wal-000000005: Prior batch offsets: 107 167 195; Last log entries read: [REPLICATE (5.5)]
I0311 03:15:06.315879    27 log_util.cc:285] Successfully rebuilt footer for segment: /mnt/tserver/yb-data/tserver/wals/table-929f7d28b7a2483c9b6c4652af3f6131/tablet-3a76ab24970d40ef859dfa774b11abe1/wal-000000005 (valid entries through byte offset 195)
W0311 03:15:06.316759    28 log_reader.cc:192] T 5c82d2d282b24c23a5a85eaa9b3797e3 P 096da8680d274dba91b50831a23bfd58: Log segment /mnt/tserver/yb-data/tserver/wals/table-929f7d28b7a2483c9b6c4652af3f6131/tablet-5c82d2d282b24c23a5a85eaa9b3797e3/wal-000000006 was likely left in-progress after a previous crash. Will try to rebuild footer by scanning data.
I0311 03:15:06.323613    28 log_util.cc:773] Scanning /mnt/tserver/yb-data/tserver/wals/table-929f7d28b7a2483c9b6c4652af3f6131/tablet-5c82d2d282b24c23a5a85eaa9b3797e3/wal-000000006 for valid entry headers following offset 195...
W0311 03:15:06.317843    30 log_util.cc:240] Could not read footer for segment: /mnt/tserver/yb-data/tserver/wals/table-929f7d28b7a2483c9b6c4652af3f6131/tablet-974d5dc4624a4cc8ba8333f193777a6e/wal-000000006: Not found (yb/consensus/log_util.cc:554): Footer not found. Footer magic doesn't match
I0311 03:15:06.317106    29 log_util.cc:285] Successfully rebuilt footer for segment: /mnt/tserver/yb-data/tserver/wals/table-929f7d28b7a2483c9b6c4652af3f6131/tablet-22d66049cb9c4419a35469ea8c2c36bc/wal-000000005 (valid entries through byte offset 195)
W0311 03:15:06.327625    27 log_util.cc:240] Could not read footer for segment: /mnt/tserver/yb-data/tserver/wals/table-929f7d28b7a2483c9b6c4652af3f6131/tablet-3a76ab24970d40ef859dfa774b11abe1/wal-000000006: Not found (yb/consensus/log_util.cc:554): Footer not found. Footer magic doesn't match
W0311 03:15:06.327667    30 log_reader.cc:192] T 974d5dc4624a4cc8ba8333f193777a6e P 096da8680d274dba91b50831a23bfd58: Log segment /mnt/tserver/yb-data/tserver/wals/table-929f7d28b7a2483c9b6c4652af3f6131/tablet-974d5dc4624a4cc8ba8333f193777a6e/wal-000000006 was likely left in-progress after a previous crash. Will try to rebuild footer by scanning data.
I0311 03:15:06.332484    30 log_util.cc:773] Scanning /mnt/tserver/yb-data/tserver/wals/table-929f7d28b7a2483c9b6c4652af3f6131/tablet-974d5dc4624a4cc8ba8333f193777a6e/wal-000000006 for valid entry headers following offset 195...
W0311 03:15:06.330031    27 log_reader.cc:192] T 3a76ab24970d40ef859dfa774b11abe1 P 096da8680d274dba91b50831a23bfd58: Log segment /mnt/tserver/yb-data/tserver/wals/table-929f7d28b7a2483c9b6c4652af3f6131/tablet-3a76ab24970d40ef859dfa774b11abe1/wal-000000006 was likely left in-progress after a previous crash. Will try to rebuild footer by scanning data.
I0311 03:15:06.335237    28 log_util.cc:817] Found no log entry headers
I0311 03:15:06.342048    28 log_util.cc:666] Ignoring partially flushed segment in write ahead log /mnt/tserver/yb-data/tserver/wals/table-929f7d28b7a2483c9b6c4652af3f6131/tablet-5c82d2d282b24c23a5a85eaa9b3797e3/wal-000000006 because there are no log entries following this one. The server probably crashed in the middle of writing an entry to the write-ahead log or downloaded an active log via remote bootstrap. Error detail: Corruption (yb/consensus/log_util.cc:889): Invalid checksum in log entry head header: found=0, computed=2351477386: Failed trying to read batch #3 at offset 195 for log segment /mnt/tserver/yb-data/tserver/wals/table-929f7d28b7a2483c9b6c4652af3f6131/tablet-5c82d2d282b24c23a5a85eaa9b3797e3/wal-000000006: Prior batch offsets: 107 167 195; Last log entries read: [REPLICATE (6.6)]
I0311 03:15:06.340190    27 log_util.cc:773] Scanning /mnt/tserver/yb-data/tserver/wals/table-929f7d28b7a2483c9b6c4652af3f6131/tablet-3a76ab24970d40ef859dfa774b11abe1/wal-000000006 for valid entry headers following offset 195...
W0311 03:15:06.337136    29 log_util.cc:240] Could not read footer for segment: /mnt/tserver/yb-data/tserver/wals/table-929f7d28b7a2483c9b6c4652af3f6131/tablet-22d66049cb9c4419a35469ea8c2c36bc/wal-000000006: Not found (yb/consensus/log_util.cc:554): Footer not found. Footer magic doesn't match
W0311 03:15:06.345054    29 log_reader.cc:192] T 22d66049cb9c4419a35469ea8c2c36bc P 096da8680d274dba91b50831a23bfd58: Log segment /mnt/tserver/yb-data/tserver/wals/table-929f7d28b7a2483c9b6c4652af3f6131/tablet-22d66049cb9c4419a35469ea8c2c36bc/wal-000000006 was likely left in-progress after a previous crash. Will try to rebuild footer by scanning data.
I0311 03:15:06.343214    30 log_util.cc:817] Found no log entry headers
I0311 03:15:06.342682    28 log_util.cc:285] Successfully rebuilt footer for segment: /mnt/tserver/yb-data/tserver/wals/table-929f7d28b7a2483c9b6c4652af3f6131/tablet-5c82d2d282b24c23a5a85eaa9b3797e3/wal-000000006 (valid entries through byte offset 195)
I0311 03:15:06.356254    28 log.cc:661] T 5c82d2d282b24c23a5a85eaa9b3797e3 P 096da8680d274dba91b50831a23bfd58: Opened existing logs. Last segment is /mnt/tserver/yb-data/tserver/wals/table-929f7d28b7a2483c9b6c4652af3f6131/tablet-5c82d2d282b24c23a5a85eaa9b3797e3/wal-000000006
I0311 03:15:06.347570    30 log_util.cc:666] Ignoring partially flushed segment in write ahead log /mnt/tserver/yb-data/tserver/wals/table-929f7d28b7a2483c9b6c4652af3f6131/tablet-974d5dc4624a4cc8ba8333f193777a6e/wal-000000006 because there are no log entries following this one. The server probably crashed in the middle of writing an entry to the write-ahead log or downloaded an active log via remote bootstrap. Error detail: Corruption (yb/consensus/log_util.cc:889): Invalid checksum in log entry head header: found=0, computed=2351477386: Failed trying to read batch #3 at offset 195 for log segment /mnt/tserver/yb-data/tserver/wals/table-929f7d28b7a2483c9b6c4652af3f6131/tablet-974d5dc4624a4cc8ba8333f193777a6e/wal-000000006: Prior batch offsets: 107 167 195; Last log entries read: [REPLICATE (6.6)]
I0311 03:15:06.346673    29 log_util.cc:773] Scanning /mnt/tserver/yb-data/tserver/wals/table-929f7d28b7a2483c9b6c4652af3f6131/tablet-22d66049cb9c4419a35469ea8c2c36bc/wal-000000006 for valid entry headers following offset 195...
I0311 03:15:06.357347    28 tablet_bootstrap.cc:386] T 5c82d2d282b24c23a5a85eaa9b3797e3 P 096da8680d274dba91b50831a23bfd58: Bootstrap optimizer (skip_flushed_entries): op_id_replay_lowest=-1.-1 (regular_op_id=-1.-1, intents_op_id=-1.-1, has_intents_db=0)
I0311 03:15:06.359898    28 tablet_bootstrap.cc:1237] T 5c82d2d282b24c23a5a85eaa9b3797e3 P 096da8680d274dba91b50831a23bfd58: Segment /mnt/tserver/yb-data/tserver/wals/table-929f7d28b7a2483c9b6c4652af3f6131/tablet-5c82d2d282b24c23a5a85eaa9b3797e3/wal-000000006 cannot be used as the first segment to start replay with according to our OpId and retention criteria. Continuing to earlier segments.op_id=6.6, op_id_replay_lowest=-1.-1, first_op_time=3977690706.917s, min_seconds_to_retain_logs=660.000s, replay_from_this_or_earlier_time_was_initialized=0, *replay_from_this_or_earlier_time=3977690046.917s, is_first_op_id_low_enough=0, is_first_op_time_early_enough=0
I0311 03:15:06.358314    30 log_util.cc:285] Successfully rebuilt footer for segment: /mnt/tserver/yb-data/tserver/wals/table-929f7d28b7a2483c9b6c4652af3f6131/tablet-974d5dc4624a4cc8ba8333f193777a6e/wal-000000006 (valid entries through byte offset 195)
I0311 03:15:06.362454    30 log.cc:661] T 974d5dc4624a4cc8ba8333f193777a6e P 096da8680d274dba91b50831a23bfd58: Opened existing logs. Last segment is /mnt/tserver/yb-data/tserver/wals/table-929f7d28b7a2483c9b6c4652af3f6131/tablet-974d5dc4624a4cc8ba8333f193777a6e/wal-000000006
I0311 03:15:06.363145    30 tablet_bootstrap.cc:386] T 974d5dc4624a4cc8ba8333f193777a6e P 096da8680d274dba91b50831a23bfd58: Bootstrap optimizer (skip_flushed_entries): op_id_replay_lowest=-1.-1 (regular_op_id=-1.-1, intents_op_id=-1.-1, has_intents_db=0)
