I0311 03:14:10.764462    29 log_util.cc:666] Ignoring partially flushed segment in write ahead log /mnt/tserver/yb-data/tserver/wals/table-929f7d28b7a2483c9b6c4652af3f6131/tablet-5c82d2d282b24c23a5a85eaa9b3797e3/wal-000000005 because there are no log entries following this one. The server probably crashed in the middle of writing an entry to the write-ahead log or downloaded an active log via remote bootstrap. Error detail: Corruption (yb/consensus/log_util.cc:889): Invalid checksum in log entry head header: found=0, computed=2351477386: Failed trying to read batch #3 at offset 195 for log segment /mnt/tserver/yb-data/tserver/wals/table-929f7d28b7a2483c9b6c4652af3f6131/tablet-5c82d2d282b24c23a5a85eaa9b3797e3/wal-000000005: Prior batch offsets: 107 167 195; Last log entries read: [REPLICATE (5.5)]
I0311 03:14:10.765887    30 tablet_bootstrap.cc:1250] T 3a76ab24970d40ef859dfa774b11abe1 P 096da8680d274dba91b50831a23bfd58: Bootstrap optimizer (skip_flushed_entries): will replay all segments starting from the very first one.
I0311 03:14:10.768117    28 log_util.cc:666] Ignoring partially flushed segment in write ahead log /mnt/tserver/yb-data/tserver/wals/table-929f7d28b7a2483c9b6c4652af3f6131/tablet-974d5dc4624a4cc8ba8333f193777a6e/wal-000000005 because there are no log entries following this one. The server probably crashed in the middle of writing an entry to the write-ahead log or downloaded an active log via remote bootstrap. Error detail: Corruption (yb/consensus/log_util.cc:889): Invalid checksum in log entry head header: found=0, computed=2351477386: Failed trying to read batch #3 at offset 195 for log segment /mnt/tserver/yb-data/tserver/wals/table-929f7d28b7a2483c9b6c4652af3f6131/tablet-974d5dc4624a4cc8ba8333f193777a6e/wal-000000005: Prior batch offsets: 107 167 195; Last log entries read: [REPLICATE (5.5)]
I0311 03:14:10.770167    29 log_util.cc:285] Successfully rebuilt footer for segment: /mnt/tserver/yb-data/tserver/wals/table-929f7d28b7a2483c9b6c4652af3f6131/tablet-5c82d2d282b24c23a5a85eaa9b3797e3/wal-000000005 (valid entries through byte offset 195)
I0311 03:14:10.771880    29 log.cc:661] T 5c82d2d282b24c23a5a85eaa9b3797e3 P 096da8680d274dba91b50831a23bfd58: Opened existing logs. Last segment is /mnt/tserver/yb-data/tserver/wals/table-929f7d28b7a2483c9b6c4652af3f6131/tablet-5c82d2d282b24c23a5a85eaa9b3797e3/wal-000000005
I0311 03:14:10.772253    29 tablet_bootstrap.cc:386] T 5c82d2d282b24c23a5a85eaa9b3797e3 P 096da8680d274dba91b50831a23bfd58: Bootstrap optimizer (skip_flushed_entries): op_id_replay_lowest=-1.-1 (regular_op_id=-1.-1, intents_op_id=-1.-1, has_intents_db=0)
I0311 03:14:10.770574    27 log_util.cc:817] Found no log entry headers
I0311 03:14:10.771436    28 log_util.cc:285] Successfully rebuilt footer for segment: /mnt/tserver/yb-data/tserver/wals/table-929f7d28b7a2483c9b6c4652af3f6131/tablet-974d5dc4624a4cc8ba8333f193777a6e/wal-000000005 (valid entries through byte offset 195)
I0311 03:14:10.772892    29 tablet_bootstrap.cc:1237] T 5c82d2d282b24c23a5a85eaa9b3797e3 P 096da8680d274dba91b50831a23bfd58: Segment /mnt/tserver/yb-data/tserver/wals/table-929f7d28b7a2483c9b6c4652af3f6131/tablet-5c82d2d282b24c23a5a85eaa9b3797e3/wal-000000005 cannot be used as the first segment to start replay with according to our OpId and retention criteria. Continuing to earlier segments.op_id=5.5, op_id_replay_lowest=-1.-1, first_op_time=3977690703.997s, min_seconds_to_retain_logs=660.000s, replay_from_this_or_earlier_time_was_initialized=0, *replay_from_this_or_earlier_time=3977690043.997s, is_first_op_id_low_enough=0, is_first_op_time_early_enough=0
I0311 03:14:10.773317    27 log_util.cc:666] Ignoring partially flushed segment in write ahead log /mnt/tserver/yb-data/tserver/wals/table-929f7d28b7a2483c9b6c4652af3f6131/tablet-22d66049cb9c4419a35469ea8c2c36bc/wal-000000005 because there are no log entries following this one. The server probably crashed in the middle of writing an entry to the write-ahead log or downloaded an active log via remote bootstrap. Error detail: Corruption (yb/consensus/log_util.cc:889): Invalid checksum in log entry head header: found=0, computed=2351477386: Failed trying to read batch #3 at offset 195 for log segment /mnt/tserver/yb-data/tserver/wals/table-929f7d28b7a2483c9b6c4652af3f6131/tablet-22d66049cb9c4419a35469ea8c2c36bc/wal-000000005: Prior batch offsets: 107 167 195; Last log entries read: [REPLICATE (5.5)]
I0311 03:14:10.776302    27 log_util.cc:285] Successfully rebuilt footer for segment: /mnt/tserver/yb-data/tserver/wals/table-929f7d28b7a2483c9b6c4652af3f6131/tablet-22d66049cb9c4419a35469ea8c2c36bc/wal-000000005 (valid entries through byte offset 195)
I0311 03:14:10.775229    30 tablet_bootstrap_if.cc:96] T 3a76ab24970d40ef859dfa774b11abe1 P 096da8680d274dba91b50831a23bfd58: Bootstrap replayed 1/2 log segments. Read operations: 1, overwritten operations: 0. Pending: 1 replicates. Last read committed op id: 4.4, last entry metadata: { entry_time: 3544782163.210s offset: 107 active_segment_sequence_number: 4 }, last read entry op id: 4.4
I0311 03:14:10.775815    29 tablet_bootstrap.cc:1237] T 5c82d2d282b24c23a5a85eaa9b3797e3 P 096da8680d274dba91b50831a23bfd58: Segment /mnt/tserver/yb-data/tserver/wals/table-929f7d28b7a2483c9b6c4652af3f6131/tablet-5c82d2d282b24c23a5a85eaa9b3797e3/wal-000000004 cannot be used as the first segment to start replay with according to our OpId and retention criteria. However, this is already the earliest segment so we have to start replay here. We should probably investigate how we got into this situation. op_id=4.4, op_id_replay_lowest=-1.-1, first_op_time=3977690700.764s, min_seconds_to_retain_logs=660.000s, replay_from_this_or_earlier_time_was_initialized=1, *replay_from_this_or_earlier_time=3977690043.997s, is_first_op_id_low_enough=0, is_first_op_time_early_enough=0
I0311 03:14:10.780354    29 tablet_bootstrap.cc:1250] T 5c82d2d282b24c23a5a85eaa9b3797e3 P 096da8680d274dba91b50831a23bfd58: Bootstrap optimizer (skip_flushed_entries): will replay all segments starting from the very first one.
I0311 03:14:10.776906    27 log.cc:661] T 22d66049cb9c4419a35469ea8c2c36bc P 096da8680d274dba91b50831a23bfd58: Opened existing logs. Last segment is /mnt/tserver/yb-data/tserver/wals/table-929f7d28b7a2483c9b6c4652af3f6131/tablet-22d66049cb9c4419a35469ea8c2c36bc/wal-000000005
I0311 03:14:10.778230    30 tablet_bootstrap_if.cc:96] T 3a76ab24970d40ef859dfa774b11abe1 P 096da8680d274dba91b50831a23bfd58: Bootstrap replayed 2/2 log segments. Read operations: 2, overwritten operations: 0. Pending: 1 replicates. Last read committed op id: 5.5, last entry metadata: { entry_time: 3544782166.377s offset: 107 active_segment_sequence_number: 5 }, last read entry op id: 5.5
I0311 03:14:10.775205    28 log.cc:661] T 974d5dc4624a4cc8ba8333f193777a6e P 096da8680d274dba91b50831a23bfd58: Opened existing logs. Last segment is /mnt/tserver/yb-data/tserver/wals/table-929f7d28b7a2483c9b6c4652af3f6131/tablet-974d5dc4624a4cc8ba8333f193777a6e/wal-000000005
I0311 03:14:10.784965    28 tablet_bootstrap.cc:386] T 974d5dc4624a4cc8ba8333f193777a6e P 096da8680d274dba91b50831a23bfd58: Bootstrap optimizer (skip_flushed_entries): op_id_replay_lowest=-1.-1 (regular_op_id=-1.-1, intents_op_id=-1.-1, has_intents_db=0)
I0311 03:14:10.783874    30 tablet_bootstrap.cc:1405] T 3a76ab24970d40ef859dfa774b11abe1 P 096da8680d274dba91b50831a23bfd58: Dumping replay state to log at the end of PlaySegments
I0311 03:14:10.782730    27 tablet_bootstrap.cc:386] T 22d66049cb9c4419a35469ea8c2c36bc P 096da8680d274dba91b50831a23bfd58: Bootstrap optimizer (skip_flushed_entries): op_id_replay_lowest=-1.-1 (regular_op_id=-1.-1, intents_op_id=-1.-1, has_intents_db=0)
I0311 03:14:10.785471    28 tablet_bootstrap.cc:1237] T 974d5dc4624a4cc8ba8333f193777a6e P 096da8680d274dba91b50831a23bfd58: Segment /mnt/tserver/yb-data/tserver/wals/table-929f7d28b7a2483c9b6c4652af3f6131/tablet-974d5dc4624a4cc8ba8333f193777a6e/wal-000000005 cannot be used as the first segment to start replay with according to our OpId and retention criteria. Continuing to earlier segments.op_id=5.5, op_id_replay_lowest=-1.-1, first_op_time=3978764927.003s, min_seconds_to_retain_logs=660.000s, replay_from_this_or_earlier_time_was_initialized=0, *replay_from_this_or_earlier_time=3978764267.003s, is_first_op_id_low_enough=0, is_first_op_time_early_enough=0
I0311 03:14:10.785941    30 tablet_bootstrap.cc:1101] T 3a76ab24970d40ef859dfa774b11abe1 P 096da8680d274dba91b50831a23bfd58: ReplayState: Previous OpId: 5.5, Committed OpId: 5.5, Pending Replicates: 0, Flushed Regular: -1.-1, Flushed Intents: -1.-1
I0311 03:14:10.786888    27 tablet_bootstrap.cc:1237] T 22d66049cb9c4419a35469ea8c2c36bc P 096da8680d274dba91b50831a23bfd58: Segment /mnt/tserver/yb-data/tserver/wals/table-929f7d28b7a2483c9b6c4652af3f6131/tablet-22d66049cb9c4419a35469ea8c2c36bc/wal-000000005 cannot be used as the first segment to start replay with according to our OpId and retention criteria. Continuing to earlier segments.op_id=5.5, op_id_replay_lowest=-1.-1, first_op_time=7147944462.201s, min_seconds_to_retain_logs=660.000s, replay_from_this_or_earlier_time_was_initialized=0, *replay_from_this_or_earlier_time=7147943802.201s, is_first_op_id_low_enough=0, is_first_op_time_early_enough=0
I0311 03:14:10.787560    28 tablet_bootstrap.cc:1237] T 974d5dc4624a4cc8ba8333f193777a6e P 096da8680d274dba91b50831a23bfd58: Segment /mnt/tserver/yb-data/tserver/wals/table-929f7d28b7a2483c9b6c4652af3f6131/tablet-974d5dc4624a4cc8ba8333f193777a6e/wal-000000004 cannot be used as the first segment to start replay with according to our OpId and retention criteria. However, this is already the earliest segment so we have to start replay here. We should probably investigate how we got into this situation. op_id=4.4, op_id_replay_lowest=-1.-1, first_op_time=3978764923.789s, min_seconds_to_retain_logs=660.000s, replay_from_this_or_earlier_time_was_initialized=1, *replay_from_this_or_earlier_time=3978764267.003s, is_first_op_id_low_enough=0, is_first_op_time_early_enough=0
I0311 03:14:10.787933    30 tablet_bootstrap.cc:1101] T 3a76ab24970d40ef859dfa774b11abe1 P 096da8680d274dba91b50831a23bfd58: Log entries applied to RocksDB: 2
I0311 03:14:10.788659    27 tablet_bootstrap.cc:1237] T 22d66049cb9c4419a35469ea8c2c36bc P 096da8680d274dba91b50831a23bfd58: Segment /mnt/tserver/yb-data/tserver/wals/table-929f7d28b7a2483c9b6c4652af3f6131/tablet-22d66049cb9c4419a35469ea8c2c36bc/wal-000000004 cannot be used as the first segment to start replay with according to our OpId and retention criteria. However, this is already the earliest segment so we have to start replay here. We should probably investigate how we got into this situation. op_id=4.4, op_id_replay_lowest=-1.-1, first_op_time=7147944459.011s, min_seconds_to_retain_logs=660.000s, replay_from_this_or_earlier_time_was_initialized=1, *replay_from_this_or_earlier_time=7147943802.201s, is_first_op_id_low_enough=0, is_first_op_time_early_enough=0
I0311 03:14:10.789394    28 tablet_bootstrap.cc:1250] T 974d5dc4624a4cc8ba8333f193777a6e P 096da8680d274dba91b50831a23bfd58: Bootstrap optimizer (skip_flushed_entries): will replay all segments starting from the very first one.
I0311 03:14:10.789772    29 tablet_bootstrap_if.cc:96] T 5c82d2d282b24c23a5a85eaa9b3797e3 P 096da8680d274dba91b50831a23bfd58: Bootstrap replayed 1/2 log segments. Read operations: 1, overwritten operations: 0. Pending: 1 replicates. Last read committed op id: 4.4, last entry metadata: { entry_time: 3977690700.764s offset: 107 active_segment_sequence_number: 4 }, last read entry op id: 4.4
I0311 03:14:10.790438    30 tablet_bootstrap.cc:1416] T 3a76ab24970d40ef859dfa774b11abe1 P 096da8680d274dba91b50831a23bfd58: Number of orphaned replicates: 0, last id: 5.5, committed id: 5.5
I0311 03:14:10.791054    27 tablet_bootstrap.cc:1250] T 22d66049cb9c4419a35469ea8c2c36bc P 096da8680d274dba91b50831a23bfd58: Bootstrap optimizer (skip_flushed_entries): will replay all segments starting from the very first one.
I0311 03:14:10.793952    29 tablet_bootstrap_if.cc:96] T 5c82d2d282b24c23a5a85eaa9b3797e3 P 096da8680d274dba91b50831a23bfd58: Bootstrap replayed 2/2 log segments. Read operations: 2, overwritten operations: 0. Pending: 1 replicates. Last read committed op id: 5.5, last entry metadata: { entry_time: 3977690703.997s offset: 107 active_segment_sequence_number: 5 }, last read entry op id: 5.5
I0311 03:14:10.796288    29 tablet_bootstrap.cc:1405] T 5c82d2d282b24c23a5a85eaa9b3797e3 P 096da8680d274dba91b50831a23bfd58: Dumping replay state to log at the end of PlaySegments
I0311 03:14:10.802913    29 tablet_bootstrap.cc:1101] T 5c82d2d282b24c23a5a85eaa9b3797e3 P 096da8680d274dba91b50831a23bfd58: ReplayState: Previous OpId: 5.5, Committed OpId: 5.5, Pending Replicates: 0, Flushed Regular: -1.-1, Flushed Intents: -1.-1
I0311 03:14:10.804875    29 tablet_bootstrap.cc:1101] T 5c82d2d282b24c23a5a85eaa9b3797e3 P 096da8680d274dba91b50831a23bfd58: Log entries applied to RocksDB: 2
I0311 03:14:10.806488    29 tablet_bootstrap.cc:1416] T 5c82d2d282b24c23a5a85eaa9b3797e3 P 096da8680d274dba91b50831a23bfd58: Number of orphaned replicates: 0, last id: 5.5, committed id: 5.5
I0311 03:14:10.805828    28 tablet_bootstrap_if.cc:96] T 974d5dc4624a4cc8ba8333f193777a6e P 096da8680d274dba91b50831a23bfd58: Bootstrap replayed 1/2 log segments. Read operations: 1, overwritten operations: 0. Pending: 1 replicates. Last read committed op id: 4.4, last entry metadata: { entry_time: 3978764923.789s offset: 107 active_segment_sequence_number: 4 }, last read entry op id: 4.4
I0311 03:14:10.808799    27 tablet_bootstrap_if.cc:96] T 22d66049cb9c4419a35469ea8c2c36bc P 096da8680d274dba91b50831a23bfd58: Bootstrap replayed 1/2 log segments. Read operations: 1, overwritten operations: 0. Pending: 1 replicates. Last read committed op id: 4.4, last entry metadata: { entry_time: 7147944459.011s offset: 107 active_segment_sequence_number: 4 }, last read entry op id: 4.4
I0311 03:14:10.809607    28 tablet_bootstrap_if.cc:96] T 974d5dc4624a4cc8ba8333f193777a6e P 096da8680d274dba91b50831a23bfd58: Bootstrap replayed 2/2 log segments. Read operations: 2, overwritten operations: 0. Pending: 1 replicates. Last read committed op id: 5.5, last entry metadata: { entry_time: 3978764927.003s offset: 107 active_segment_sequence_number: 5 }, last read entry op id: 5.5
I0311 03:14:10.809896    27 tablet_bootstrap_if.cc:96] T 22d66049cb9c4419a35469ea8c2c36bc P 096da8680d274dba91b50831a23bfd58: Bootstrap replayed 2/2 log segments. Read operations: 2, overwritten operations: 0. Pending: 1 replicates. Last read committed op id: 5.5, last entry metadata: { entry_time: 7147944462.201s offset: 107 active_segment_sequence_number: 5 }, last read entry op id: 5.5
I0311 03:14:10.810278    28 tablet_bootstrap.cc:1405] T 974d5dc4624a4cc8ba8333f193777a6e P 096da8680d274dba91b50831a23bfd58: Dumping replay state to log at the end of PlaySegments
I0311 03:14:10.810298    30 tablet_bootstrap_if.cc:96] T 3a76ab24970d40ef859dfa774b11abe1 P 096da8680d274dba91b50831a23bfd58: Bootstrap complete.
I0311 03:14:10.810644    27 tablet_bootstrap.cc:1405] T 22d66049cb9c4419a35469ea8c2c36bc P 096da8680d274dba91b50831a23bfd58: Dumping replay state to log at the end of PlaySegments
I0311 03:14:10.811031    28 tablet_bootstrap.cc:1101] T 974d5dc4624a4cc8ba8333f193777a6e P 096da8680d274dba91b50831a23bfd58: ReplayState: Previous OpId: 5.5, Committed OpId: 5.5, Pending Replicates: 0, Flushed Regular: -1.-1, Flushed Intents: -1.-1
I0311 03:14:10.812840    28 tablet_bootstrap.cc:1101] T 974d5dc4624a4cc8ba8333f193777a6e P 096da8680d274dba91b50831a23bfd58: Log entries applied to RocksDB: 2
I0311 03:14:10.813454    28 tablet_bootstrap.cc:1416] T 974d5dc4624a4cc8ba8333f193777a6e P 096da8680d274dba91b50831a23bfd58: Number of orphaned replicates: 0, last id: 5.5, committed id: 5.5
I0311 03:14:10.812536    27 tablet_bootstrap.cc:1101] T 22d66049cb9c4419a35469ea8c2c36bc P 096da8680d274dba91b50831a23bfd58: ReplayState: Previous OpId: 5.5, Committed OpId: 5.5, Pending Replicates: 0, Flushed Regular: -1.-1, Flushed Intents: -1.-1
I0311 03:14:10.815683    27 tablet_bootstrap.cc:1101] T 22d66049cb9c4419a35469ea8c2c36bc P 096da8680d274dba91b50831a23bfd58: Log entries applied to RocksDB: 2
I0311 03:14:10.814044    29 tablet_bootstrap_if.cc:96] T 5c82d2d282b24c23a5a85eaa9b3797e3 P 096da8680d274dba91b50831a23bfd58: Bootstrap complete.
I0311 03:14:10.816550    27 tablet_bootstrap.cc:1416] T 22d66049cb9c4419a35469ea8c2c36bc P 096da8680d274dba91b50831a23bfd58: Number of orphaned replicates: 0, last id: 5.5, committed id: 5.5
I0311 03:14:10.822703    28 tablet_bootstrap_if.cc:96] T 974d5dc4624a4cc8ba8333f193777a6e P 096da8680d274dba91b50831a23bfd58: Bootstrap complete.
I0311 03:14:10.824190    27 tablet_bootstrap_if.cc:96] T 22d66049cb9c4419a35469ea8c2c36bc P 096da8680d274dba91b50831a23bfd58: Bootstrap complete.
I0311 03:14:10.827829    29 log.cc:1278] T 5c82d2d282b24c23a5a85eaa9b3797e3 P 096da8680d274dba91b50831a23bfd58: Setting log wal retention time to 0 seconds
I0311 03:14:10.828454    29 ts_tablet_manager.cc:1506] T 5c82d2d282b24c23a5a85eaa9b3797e3 P 096da8680d274dba91b50831a23bfd58: Time spent bootstrapping tablet: real 0.218s	user 0.007s	sys 0.010s
I0311 03:14:10.829351    29 tablet_peer.cc:1033] T 5c82d2d282b24c23a5a85eaa9b3797e3 P 096da8680d274dba91b50831a23bfd58 [state=BOOTSTRAPPING]: Setting cdc min replicated index to 9223372036854775807
I0311 03:14:10.829579    30 log.cc:1278] T 3a76ab24970d40ef859dfa774b11abe1 P 096da8680d274dba91b50831a23bfd58: Setting log wal retention time to 0 seconds
I0311 03:14:10.830382    30 ts_tablet_manager.cc:1506] T 3a76ab24970d40ef859dfa774b11abe1 P 096da8680d274dba91b50831a23bfd58: Time spent bootstrapping tablet: real 0.219s	user 0.007s	sys 0.007s
I0311 03:14:10.832136    30 tablet_peer.cc:1033] T 3a76ab24970d40ef859dfa774b11abe1 P 096da8680d274dba91b50831a23bfd58 [state=BOOTSTRAPPING]: Setting cdc min replicated index to 9223372036854775807
I0311 03:14:10.835335    27 log.cc:1278] T 22d66049cb9c4419a35469ea8c2c36bc P 096da8680d274dba91b50831a23bfd58: Setting log wal retention time to 0 seconds
I0311 03:14:10.835595    28 log.cc:1278] T 974d5dc4624a4cc8ba8333f193777a6e P 096da8680d274dba91b50831a23bfd58: Setting log wal retention time to 0 seconds
I0311 03:14:10.835886    27 ts_tablet_manager.cc:1506] T 22d66049cb9c4419a35469ea8c2c36bc P 096da8680d274dba91b50831a23bfd58: Time spent bootstrapping tablet: real 0.216s	user 0.007s	sys 0.009s
I0311 03:14:10.836356    28 ts_tablet_manager.cc:1506] T 974d5dc4624a4cc8ba8333f193777a6e P 096da8680d274dba91b50831a23bfd58: Time spent bootstrapping tablet: real 0.228s	user 0.008s	sys 0.008s
I0311 03:14:10.837162    27 tablet_peer.cc:1033] T 22d66049cb9c4419a35469ea8c2c36bc P 096da8680d274dba91b50831a23bfd58 [state=BOOTSTRAPPING]: Setting cdc min replicated index to 9223372036854775807
I0311 03:14:10.837802    28 tablet_peer.cc:1033] T 974d5dc4624a4cc8ba8333f193777a6e P 096da8680d274dba91b50831a23bfd58 [state=BOOTSTRAPPING]: Setting cdc min replicated index to 9223372036854775807
I0311 03:14:10.837996    29 consensus_meta.cc:317] T 5c82d2d282b24c23a5a85eaa9b3797e3 P 096da8680d274dba91b50831a23bfd58: Updating active role from FOLLOWER to FOLLOWER. Consensus state: current_term: 5 leader_uuid: "" config { opid_index: -1 peers { permanent_uuid: "096da8680d274dba91b50831a23bfd58" member_type: VOTER last_known_private_addr { host: "yb-tserver-n1" port: 9100 } cloud_info { placement_cloud: "cloud1" placement_region: "datacenter1" placement_zone: "rack1" } } }, has_pending_config = 0
I0311 03:14:10.838706    30 consensus_meta.cc:317] T 3a76ab24970d40ef859dfa774b11abe1 P 096da8680d274dba91b50831a23bfd58: Updating active role from FOLLOWER to FOLLOWER. Consensus state: current_term: 5 leader_uuid: "" config { opid_index: -1 peers { permanent_uuid: "096da8680d274dba91b50831a23bfd58" member_type: VOTER last_known_private_addr { host: "yb-tserver-n1" port: 9100 } cloud_info { placement_cloud: "cloud1" placement_region: "datacenter1" placement_zone: "rack1" } } }, has_pending_config = 0
I0311 03:14:10.840441    29 raft_consensus.cc:480] T 5c82d2d282b24c23a5a85eaa9b3797e3 P 096da8680d274dba91b50831a23bfd58 [term 5 FOLLOWER]: Replica starting. Triggering 0 pending operations. Active config: opid_index: -1 peers { permanent_uuid: "096da8680d274dba91b50831a23bfd58" member_type: VOTER last_known_private_addr { host: "yb-tserver-n1" port: 9100 } cloud_info { placement_cloud: "cloud1" placement_region: "datacenter1" placement_zone: "rack1" } }
I0311 03:14:10.841850    30 raft_consensus.cc:480] T 3a76ab24970d40ef859dfa774b11abe1 P 096da8680d274dba91b50831a23bfd58 [term 5 FOLLOWER]: Replica starting. Triggering 0 pending operations. Active config: opid_index: -1 peers { permanent_uuid: "096da8680d274dba91b50831a23bfd58" member_type: VOTER last_known_private_addr { host: "yb-tserver-n1" port: 9100 } cloud_info { placement_cloud: "cloud1" placement_region: "datacenter1" placement_zone: "rack1" } }
I0311 03:14:10.842463    29 raft_consensus.cc:1115] T 5c82d2d282b24c23a5a85eaa9b3797e3 P 096da8680d274dba91b50831a23bfd58 [term 5 FOLLOWER]: Becoming Follower/Learner. State: Replica: 096da8680d274dba91b50831a23bfd58, State: 1, Role: FOLLOWER, Watermarks: {Received: 5.5 Committed: 5.5} Leader: 0.0, new leader: , initial_fd_wait: <uninitialized>
I0311 03:14:10.844475    29 consensus_meta.cc:317] T 5c82d2d282b24c23a5a85eaa9b3797e3 P 096da8680d274dba91b50831a23bfd58: Updating active role from FOLLOWER to FOLLOWER. Consensus state: current_term: 5 leader_uuid: "" config { opid_index: -1 peers { permanent_uuid: "096da8680d274dba91b50831a23bfd58" member_type: VOTER last_known_private_addr { host: "yb-tserver-n1" port: 9100 } cloud_info { placement_cloud: "cloud1" placement_region: "datacenter1" placement_zone: "rack1" } } }, has_pending_config = 0
I0311 03:14:10.845085    29 consensus_queue.cc:289] T 5c82d2d282b24c23a5a85eaa9b3797e3 P 096da8680d274dba91b50831a23bfd58 [NON_LEADER]: Queue going to NON_LEADER mode. State: All replicated op: 0.0, Majority replicated op: 0.0, Committed index: 0.0, Last applied: 0.0, Last appended: 5.5, Current term: 0, Majority size: -1, State: QUEUE_OPEN, Mode: NON_LEADER
I0311 03:14:10.845144    27 consensus_meta.cc:317] T 22d66049cb9c4419a35469ea8c2c36bc P 096da8680d274dba91b50831a23bfd58: Updating active role from FOLLOWER to FOLLOWER. Consensus state: current_term: 5 leader_uuid: "" config { opid_index: -1 peers { permanent_uuid: "096da8680d274dba91b50831a23bfd58" member_type: VOTER last_known_private_addr { host: "yb-tserver-n1" port: 9100 } cloud_info { placement_cloud: "cloud1" placement_region: "datacenter1" placement_zone: "rack1" } } }, has_pending_config = 0
I0311 03:14:10.843050    30 raft_consensus.cc:1115] T 3a76ab24970d40ef859dfa774b11abe1 P 096da8680d274dba91b50831a23bfd58 [term 5 FOLLOWER]: Becoming Follower/Learner. State: Replica: 096da8680d274dba91b50831a23bfd58, State: 1, Role: FOLLOWER, Watermarks: {Received: 5.5 Committed: 5.5} Leader: 0.0, new leader: , initial_fd_wait: <uninitialized>
I0311 03:14:10.845520    29 raft_consensus.cc:3367] T 5c82d2d282b24c23a5a85eaa9b3797e3 P 096da8680d274dba91b50831a23bfd58 [term 5 FOLLOWER]: Calling mark dirty synchronously for reason code CONSENSUS_STARTED
I0311 03:14:10.845839    27 raft_consensus.cc:480] T 22d66049cb9c4419a35469ea8c2c36bc P 096da8680d274dba91b50831a23bfd58 [term 5 FOLLOWER]: Replica starting. Triggering 0 pending operations. Active config: opid_index: -1 peers { permanent_uuid: "096da8680d274dba91b50831a23bfd58" member_type: VOTER last_known_private_addr { host: "yb-tserver-n1" port: 9100 } cloud_info { placement_cloud: "cloud1" placement_region: "datacenter1" placement_zone: "rack1" } }
I0311 03:14:10.847534    27 raft_consensus.cc:1115] T 22d66049cb9c4419a35469ea8c2c36bc P 096da8680d274dba91b50831a23bfd58 [term 5 FOLLOWER]: Becoming Follower/Learner. State: Replica: 096da8680d274dba91b50831a23bfd58, State: 1, Role: FOLLOWER, Watermarks: {Received: 5.5 Committed: 5.5} Leader: 0.0, new leader: , initial_fd_wait: <uninitialized>
I0311 03:14:10.846204    30 consensus_meta.cc:317] T 3a76ab24970d40ef859dfa774b11abe1 P 096da8680d274dba91b50831a23bfd58: Updating active role from FOLLOWER to FOLLOWER. Consensus state: current_term: 5 leader_uuid: "" config { opid_index: -1 peers { permanent_uuid: "096da8680d274dba91b50831a23bfd58" member_type: VOTER last_known_private_addr { host: "yb-tserver-n1" port: 9100 } cloud_info { placement_cloud: "cloud1" placement_region: "datacenter1" placement_zone: "rack1" } } }, has_pending_config = 0
I0311 03:14:10.846518    29 tablet_peer.cc:1455] T 5c82d2d282b24c23a5a85eaa9b3797e3 P 096da8680d274dba91b50831a23bfd58 [state=RUNNING]: Changed state from BOOTSTRAPPING to RUNNING
I0311 03:14:10.848811    29 tablet_peer.cc:1344] T 5c82d2d282b24c23a5a85eaa9b3797e3 P 096da8680d274dba91b50831a23bfd58 [state=RUNNING]: Registered log gc
I0311 03:14:10.847764    41 heartbeater.cc:338] P 096da8680d274dba91b50831a23bfd58: Connected to a leader master server at yb-master-n1:7100
I0311 03:14:10.847970    27 consensus_meta.cc:317] T 22d66049cb9c4419a35469ea8c2c36bc P 096da8680d274dba91b50831a23bfd58: Updating active role from FOLLOWER to FOLLOWER. Consensus state: current_term: 5 leader_uuid: "" config { opid_index: -1 peers { permanent_uuid: "096da8680d274dba91b50831a23bfd58" member_type: VOTER last_known_private_addr { host: "yb-tserver-n1" port: 9100 } cloud_info { placement_cloud: "cloud1" placement_region: "datacenter1" placement_zone: "rack1" } } }, has_pending_config = 0
I0311 03:14:10.850077    27 consensus_queue.cc:289] T 22d66049cb9c4419a35469ea8c2c36bc P 096da8680d274dba91b50831a23bfd58 [NON_LEADER]: Queue going to NON_LEADER mode. State: All replicated op: 0.0, Majority replicated op: 0.0, Committed index: 0.0, Last applied: 0.0, Last appended: 5.5, Current term: 0, Majority size: -1, State: QUEUE_OPEN, Mode: NON_LEADER
I0311 03:14:10.845865    28 consensus_meta.cc:317] T 974d5dc4624a4cc8ba8333f193777a6e P 096da8680d274dba91b50831a23bfd58: Updating active role from FOLLOWER to FOLLOWER. Consensus state: current_term: 5 leader_uuid: "" config { opid_index: -1 peers { permanent_uuid: "096da8680d274dba91b50831a23bfd58" member_type: VOTER last_known_private_addr { host: "yb-tserver-n1" port: 9100 } cloud_info { placement_cloud: "cloud1" placement_region: "datacenter1" placement_zone: "rack1" } } }, has_pending_config = 0
I0311 03:14:10.849273    29 ts_tablet_manager.cc:1573] T 5c82d2d282b24c23a5a85eaa9b3797e3 P 096da8680d274dba91b50831a23bfd58: Time spent starting tablet: real 0.020s	user 0.003s	sys 0.000s
I0311 03:14:10.849606    41 heartbeater.cc:387] P 096da8680d274dba91b50831a23bfd58: Registering TS with master...
I0311 03:14:10.848335    30 consensus_queue.cc:289] T 3a76ab24970d40ef859dfa774b11abe1 P 096da8680d274dba91b50831a23bfd58 [NON_LEADER]: Queue going to NON_LEADER mode. State: All replicated op: 0.0, Majority replicated op: 0.0, Committed index: 0.0, Last applied: 0.0, Last appended: 5.5, Current term: 0, Majority size: -1, State: QUEUE_OPEN, Mode: NON_LEADER
I0311 03:14:10.850482    27 raft_consensus.cc:3367] T 22d66049cb9c4419a35469ea8c2c36bc P 096da8680d274dba91b50831a23bfd58 [term 5 FOLLOWER]: Calling mark dirty synchronously for reason code CONSENSUS_STARTED
I0311 03:14:10.850972    28 raft_consensus.cc:480] T 974d5dc4624a4cc8ba8333f193777a6e P 096da8680d274dba91b50831a23bfd58 [term 5 FOLLOWER]: Replica starting. Triggering 0 pending operations. Active config: opid_index: -1 peers { permanent_uuid: "096da8680d274dba91b50831a23bfd58" member_type: VOTER last_known_private_addr { host: "yb-tserver-n1" port: 9100 } cloud_info { placement_cloud: "cloud1" placement_region: "datacenter1" placement_zone: "rack1" } }
I0311 03:14:10.853271    28 raft_consensus.cc:1115] T 974d5dc4624a4cc8ba8333f193777a6e P 096da8680d274dba91b50831a23bfd58 [term 5 FOLLOWER]: Becoming Follower/Learner. State: Replica: 096da8680d274dba91b50831a23bfd58, State: 1, Role: FOLLOWER, Watermarks: {Received: 5.5 Committed: 5.5} Leader: 0.0, new leader: , initial_fd_wait: <uninitialized>
I0311 03:14:10.851763    41 server_base.cc:541] Using private rpc address yb-tserver-n1
I0311 03:14:10.852154    30 raft_consensus.cc:3367] T 3a76ab24970d40ef859dfa774b11abe1 P 096da8680d274dba91b50831a23bfd58 [term 5 FOLLOWER]: Calling mark dirty synchronously for reason code CONSENSUS_STARTED
I0311 03:14:10.852574    27 tablet_peer.cc:1455] T 22d66049cb9c4419a35469ea8c2c36bc P 096da8680d274dba91b50831a23bfd58 [state=RUNNING]: Changed state from BOOTSTRAPPING to RUNNING
I0311 03:14:10.851379    29 ts_tablet_manager.cc:2771] Deleted transition in progress opening tablet for tablet 5c82d2d282b24c23a5a85eaa9b3797e3
I0311 03:14:10.853719    28 consensus_meta.cc:317] T 974d5dc4624a4cc8ba8333f193777a6e P 096da8680d274dba91b50831a23bfd58: Updating active role from FOLLOWER to FOLLOWER. Consensus state: current_term: 5 leader_uuid: "" config { opid_index: -1 peers { permanent_uuid: "096da8680d274dba91b50831a23bfd58" member_type: VOTER last_known_private_addr { host: "yb-tserver-n1" port: 9100 } cloud_info { placement_cloud: "cloud1" placement_region: "datacenter1" placement_zone: "rack1" } } }, has_pending_config = 0
I0311 03:14:10.854254    41 server_base.cc:563] Using http address yb-tserver-n1
I0311 03:14:10.854584    30 tablet_peer.cc:1455] T 3a76ab24970d40ef859dfa774b11abe1 P 096da8680d274dba91b50831a23bfd58 [state=RUNNING]: Changed state from BOOTSTRAPPING to RUNNING
I0311 03:14:10.855131    27 tablet_peer.cc:1344] T 22d66049cb9c4419a35469ea8c2c36bc P 096da8680d274dba91b50831a23bfd58 [state=RUNNING]: Registered log gc
I0311 03:14:10.855677    28 consensus_queue.cc:289] T 974d5dc4624a4cc8ba8333f193777a6e P 096da8680d274dba91b50831a23bfd58 [NON_LEADER]: Queue going to NON_LEADER mode. State: All replicated op: 0.0, Majority replicated op: 0.0, Committed index: 0.0, Last applied: 0.0, Last appended: 5.5, Current term: 0, Majority size: -1, State: QUEUE_OPEN, Mode: NON_LEADER
I0311 03:14:10.857544    28 raft_consensus.cc:3367] T 974d5dc4624a4cc8ba8333f193777a6e P 096da8680d274dba91b50831a23bfd58 [term 5 FOLLOWER]: Calling mark dirty synchronously for reason code CONSENSUS_STARTED
I0311 03:14:10.857039    27 ts_tablet_manager.cc:1573] T 22d66049cb9c4419a35469ea8c2c36bc P 096da8680d274dba91b50831a23bfd58: Time spent starting tablet: real 0.020s	user 0.003s	sys 0.000s
I0311 03:14:10.858578    27 ts_tablet_manager.cc:2771] Deleted transition in progress opening tablet for tablet 22d66049cb9c4419a35469ea8c2c36bc
W0311 03:14:10.858002    41 heartbeater.cc:658] P 096da8680d274dba91b50831a23bfd58: Failed to heartbeat to yb-master-n1:7100: Service unavailable (yb/tserver/heartbeater.cc:479): Master is no longer the leader: code: NOT_THE_LEADER status { code: SERVICE_UNAVAILABLE message: "Catalog manager is not initialized. State: 1" source_file: "../../src/yb/master/scoped_leader_shared_lock.cc" source_line: 91 errors: "\000" } tries=4, num=1, masters=0x00000040152207c8 -> [[yb-master-n1:7100]], code=Service unavailable
I0311 03:14:10.858143    28 tablet_peer.cc:1455] T 974d5dc4624a4cc8ba8333f193777a6e P 096da8680d274dba91b50831a23bfd58 [state=RUNNING]: Changed state from BOOTSTRAPPING to RUNNING
I0311 03:14:10.856684    30 tablet_peer.cc:1344] T 3a76ab24970d40ef859dfa774b11abe1 P 096da8680d274dba91b50831a23bfd58 [state=RUNNING]: Registered log gc
I0311 03:14:10.860388    28 tablet_peer.cc:1344] T 974d5dc4624a4cc8ba8333f193777a6e P 096da8680d274dba91b50831a23bfd58 [state=RUNNING]: Registered log gc
I0311 03:14:10.860535    41 heartbeater.cc:338] P 096da8680d274dba91b50831a23bfd58: Connected to a leader master server at yb-master-n1:7100
I0311 03:14:10.860700    30 ts_tablet_manager.cc:1573] T 3a76ab24970d40ef859dfa774b11abe1 P 096da8680d274dba91b50831a23bfd58: Time spent starting tablet: real 0.029s	user 0.003s	sys 0.000s
I0311 03:14:10.872540    30 ts_tablet_manager.cc:2771] Deleted transition in progress opening tablet for tablet 3a76ab24970d40ef859dfa774b11abe1
I0311 03:14:10.872182    41 heartbeater.cc:387] P 096da8680d274dba91b50831a23bfd58: Registering TS with master...
I0311 03:14:10.871716    28 ts_tablet_manager.cc:1573] T 974d5dc4624a4cc8ba8333f193777a6e P 096da8680d274dba91b50831a23bfd58: Time spent starting tablet: real 0.034s	user 0.001s	sys 0.001s
I0311 03:14:10.873296    41 server_base.cc:541] Using private rpc address yb-tserver-n1
I0311 03:14:10.873752    28 ts_tablet_manager.cc:2771] Deleted transition in progress opening tablet for tablet 974d5dc4624a4cc8ba8333f193777a6e
I0311 03:14:10.874558    41 server_base.cc:563] Using http address yb-tserver-n1
W0311 03:14:10.878072    41 heartbeater.cc:658] P 096da8680d274dba91b50831a23bfd58: Failed to heartbeat to yb-master-n1:7100: Service unavailable (yb/tserver/heartbeater.cc:479): Master is no longer the leader: code: NOT_THE_LEADER status { code: SERVICE_UNAVAILABLE message: "Catalog manager is not initialized. State: 1" source_file: "../../src/yb/master/scoped_leader_shared_lock.cc" source_line: 91 errors: "\000" } tries=5, num=1, masters=0x00000040152207c8 -> [[yb-master-n1:7100]], code=Service unavailable
I0311 03:14:10.879334    41 heartbeater.cc:338] P 096da8680d274dba91b50831a23bfd58: Connected to a leader master server at yb-master-n1:7100
I0311 03:14:10.879865    41 heartbeater.cc:387] P 096da8680d274dba91b50831a23bfd58: Registering TS with master...
I0311 03:14:10.880508    41 server_base.cc:541] Using private rpc address yb-tserver-n1
I0311 03:14:10.881006    41 server_base.cc:563] Using http address yb-tserver-n1
W0311 03:14:10.884232    41 heartbeater.cc:658] P 096da8680d274dba91b50831a23bfd58: Failed to heartbeat to yb-master-n1:7100: Service unavailable (yb/tserver/heartbeater.cc:479): Master is no longer the leader: code: NOT_THE_LEADER status { code: SERVICE_UNAVAILABLE message: "Catalog manager is not initialized. State: 1" source_file: "../../src/yb/master/scoped_leader_shared_lock.cc" source_line: 91 errors: "\000" } tries=6, num=1, masters=0x00000040152207c8 -> [[yb-master-n1:7100]], code=Service unavailable
I0311 03:14:10.917507    17 log.cc:1342] T 22d66049cb9c4419a35469ea8c2c36bc P 096da8680d274dba91b50831a23bfd58: Running Log GC on /mnt/tserver/yb-data/tserver/wals/table-929f7d28b7a2483c9b6c4652af3f6131/tablet-22d66049cb9c4419a35469ea8c2c36bc: retaining ops >= 5, log segment size = 4194304
I0311 03:14:10.918025    17 log_reader.cc:522] T 22d66049cb9c4419a35469ea8c2c36bc P 096da8680d274dba91b50831a23bfd58: Removed log segment sequence numbers from log reader: [4]
I0311 03:14:10.918424    17 log.cc:1368] T 22d66049cb9c4419a35469ea8c2c36bc P 096da8680d274dba91b50831a23bfd58: Deleting log segment in path: /mnt/tserver/yb-data/tserver/wals/table-929f7d28b7a2483c9b6c4652af3f6131/tablet-22d66049cb9c4419a35469ea8c2c36bc/wal-000000004 (GCed ops < 5)
I0311 03:14:10.919652    17 maintenance_manager.cc:375] Time spent running LogGCOp(22d66049cb9c4419a35469ea8c2c36bc): real 0.002s	user 0.000s	sys 0.000s
W0311 03:14:11.015828     8 pg_wrapper.cc:389] No hba configuration lines found, defaulting to trust all configuration.
I0311 03:14:11.031908     8 pg_wrapper.cc:528] PostgreSQL server running as pid 51
I0311 03:14:11.034413     8 server_base_options.cc:176] Updating master addrs to {yb-master-n1:7100}
I0311 03:14:11.041640     8 server_base_options.cc:176] Updating master addrs to {yb-master-n1:7100}
I0311 03:14:11.043709     8 server_base_options.cc:176] Updating master addrs to {yb-master-n1:7100}
I0311 03:14:11.044754     8 rpc_server.cc:90] yb::server::RpcServer created at 0x402467a960
I0311 03:14:11.045631     8 tablet_server_main.cc:295] Starting redis server...
I0311 03:14:11.054126     8 fs_manager.cc:383] Opened local filesystem: /mnt/tserver
uuid: "096da8680d274dba91b50831a23bfd58"
format_stamp: "Formatted at 2023-03-10 16:06:28 on ebf588942a27"
initdb_done_set_after_sys_catalog_restore: true
I0311 03:14:11.056341     8 thread_pool.cc:170] Starting thread pool { name: RedisServer queue_limit: 10000 max_workers: 1024 }
I0311 03:14:11.069412     8 service_pool.cc:153] yb.redisserver.RedisServerService: yb::rpc::ServicePoolImpl created at 0x40155618c0
I0311 03:14:11.070390     8 webserver.cc:307] Starting webserver on yb-tserver-n1:11000
I0311 03:14:11.070750     8 webserver.cc:312] Document root: /home/yugabyte/www
I0311 03:14:11.071794     8 webserver.cc:302] Webserver listen spec is 192.168.112.5:11000
I0311 03:14:11.072646     8 webserver.cc:418] Webserver started. Bound to: http://192.168.112.5:11000/
I0311 03:14:11.073266     8 service_pool.cc:153] yb.server.GenericService: yb::rpc::ServicePoolImpl created at 0x4015561b00
I0311 03:14:11.074635     8 rpc_server.cc:173] RPC server started. Bound to: 192.168.112.5:6379
I0311 03:14:11.075181     8 tablet_server_main.cc:297] Redis server successfully started.
I0311 03:14:11.075918     8 server_base_options.cc:176] Updating master addrs to {yb-master-n1:7100}
I0311 03:14:11.076540     8 server_base_options.cc:176] Updating master addrs to {yb-master-n1:7100}
I0311 03:14:11.077131     8 server_base_options.cc:176] Updating master addrs to {yb-master-n1:7100}
I0311 03:14:11.077816     8 rpc_server.cc:90] yb::server::RpcServer created at 0x402467aa00
I0311 03:14:11.078441     8 tablet_server_main.cc:324] Starting CQL server...
I0311 03:14:11.085601     8 fs_manager.cc:383] Opened local filesystem: /mnt/tserver
uuid: "096da8680d274dba91b50831a23bfd58"
format_stamp: "Formatted at 2023-03-10 16:06:28 on ebf588942a27"
initdb_done_set_after_sys_catalog_restore: true
I0311 03:14:11.086287     8 secure.cc:147] SetupSecureContext: kExternal, 0
I0311 03:14:11.088410     8 thread_pool.cc:170] Starting thread pool { name: CQLServer queue_limit: 10000 max_workers: 1024 }
I0311 03:14:11.112748     8 cql_service.cc:137] CQL processors limit: 26069
I0311 03:14:11.113867     8 service_pool.cc:153] yb.cqlserver.CQLServerService: yb::rpc::ServicePoolImpl created at 0x4031d26d80
I0311 03:14:11.114620     8 webserver.cc:307] Starting webserver on yb-tserver-n1:12000
I0311 03:14:11.115144     8 webserver.cc:312] Document root: /home/yugabyte/www
I0311 03:14:11.116189     8 webserver.cc:302] Webserver listen spec is 192.168.112.5:12000
I0311 03:14:11.117200     8 webserver.cc:418] Webserver started. Bound to: http://192.168.112.5:12000/
I0311 03:14:11.117936     8 service_pool.cc:153] yb.server.GenericService: yb::rpc::ServicePoolImpl created at 0x4031d26fc0
I0311 03:14:11.118867     8 rpc_server.cc:173] RPC server started. Bound to: 192.168.112.5:9042
I0311 03:14:11.119473     8 tablet_server_main.cc:326] CQL server successfully started.
I0311 03:14:11.167896    17 log.cc:1342] T 3a76ab24970d40ef859dfa774b11abe1 P 096da8680d274dba91b50831a23bfd58: Running Log GC on /mnt/tserver/yb-data/tserver/wals/table-929f7d28b7a2483c9b6c4652af3f6131/tablet-3a76ab24970d40ef859dfa774b11abe1: retaining ops >= 5, log segment size = 4194304
I0311 03:14:11.168792    17 log_reader.cc:522] T 3a76ab24970d40ef859dfa774b11abe1 P 096da8680d274dba91b50831a23bfd58: Removed log segment sequence numbers from log reader: [4]
I0311 03:14:11.169277    17 log.cc:1368] T 3a76ab24970d40ef859dfa774b11abe1 P 096da8680d274dba91b50831a23bfd58: Deleting log segment in path: /mnt/tserver/yb-data/tserver/wals/table-929f7d28b7a2483c9b6c4652af3f6131/tablet-3a76ab24970d40ef859dfa774b11abe1/wal-000000004 (GCed ops < 5)
I0311 03:14:11.170624    17 maintenance_manager.cc:375] Time spent running LogGCOp(3a76ab24970d40ef859dfa774b11abe1): real 0.003s	user 0.001s	sys 0.000s
I0311 03:14:11.418016    17 log.cc:1342] T 5c82d2d282b24c23a5a85eaa9b3797e3 P 096da8680d274dba91b50831a23bfd58: Running Log GC on /mnt/tserver/yb-data/tserver/wals/table-929f7d28b7a2483c9b6c4652af3f6131/tablet-5c82d2d282b24c23a5a85eaa9b3797e3: retaining ops >= 5, log segment size = 4194304
I0311 03:14:11.418848    17 log_reader.cc:522] T 5c82d2d282b24c23a5a85eaa9b3797e3 P 096da8680d274dba91b50831a23bfd58: Removed log segment sequence numbers from log reader: [4]
I0311 03:14:11.419315    17 log.cc:1368] T 5c82d2d282b24c23a5a85eaa9b3797e3 P 096da8680d274dba91b50831a23bfd58: Deleting log segment in path: /mnt/tserver/yb-data/tserver/wals/table-929f7d28b7a2483c9b6c4652af3f6131/tablet-5c82d2d282b24c23a5a85eaa9b3797e3/wal-000000004 (GCed ops < 5)
I0311 03:14:11.420692    17 maintenance_manager.cc:375] Time spent running LogGCOp(5c82d2d282b24c23a5a85eaa9b3797e3): real 0.003s	user 0.000s	sys 0.000s
I0311 03:14:11.668365    17 log.cc:1342] T 974d5dc4624a4cc8ba8333f193777a6e P 096da8680d274dba91b50831a23bfd58: Running Log GC on /mnt/tserver/yb-data/tserver/wals/table-929f7d28b7a2483c9b6c4652af3f6131/tablet-974d5dc4624a4cc8ba8333f193777a6e: retaining ops >= 5, log segment size = 4194304
I0311 03:14:11.668787    17 log_reader.cc:522] T 974d5dc4624a4cc8ba8333f193777a6e P 096da8680d274dba91b50831a23bfd58: Removed log segment sequence numbers from log reader: [4]
I0311 03:14:11.669109    17 log.cc:1368] T 974d5dc4624a4cc8ba8333f193777a6e P 096da8680d274dba91b50831a23bfd58: Deleting log segment in path: /mnt/tserver/yb-data/tserver/wals/table-929f7d28b7a2483c9b6c4652af3f6131/tablet-974d5dc4624a4cc8ba8333f193777a6e/wal-000000004 (GCed ops < 5)
I0311 03:14:11.670279    17 maintenance_manager.cc:375] Time spent running LogGCOp(974d5dc4624a4cc8ba8333f193777a6e): real 0.002s	user 0.000s	sys 0.000s
I0311 03:14:11.896245    41 heartbeater.cc:338] P 096da8680d274dba91b50831a23bfd58: Connected to a leader master server at yb-master-n1:7100
I0311 03:14:11.902421    41 heartbeater.cc:387] P 096da8680d274dba91b50831a23bfd58: Registering TS with master...
I0311 03:14:11.903337    41 server_base.cc:541] Using private rpc address yb-tserver-n1
I0311 03:14:11.904214    41 server_base.cc:563] Using http address yb-tserver-n1
W0311 03:14:11.909386    41 heartbeater.cc:658] P 096da8680d274dba91b50831a23bfd58: Failed to heartbeat to yb-master-n1:7100: Service unavailable (yb/tserver/heartbeater.cc:479): Master is no longer the leader: code: NOT_THE_LEADER status { code: ILLEGAL_STATE message: "Not the leader. Local UUID: e62675f7a535485386d064e83c9c9d83, Consensus state: current_term: 5 config { opid_index: -1 peers { permanent_uuid: \"e62675f7a535485386d064e83c9c9d83\" member_type: VOTER last_known_private_addr { host: \"yb-master-n1\" port: 7100 } cloud_info { placement_cloud: \"cloud1\" placement_region: \"datacenter1\" placement_zone: \"rack1\" } } }" source_file: "../../src/yb/master/scoped_leader_shared_lock.cc" source_line: 113 errors: "\000" } tries=7, num=1, masters=0x00000040152207c8 -> [[yb-master-n1:7100]], code=Service unavailable
I0311 03:14:11.919735    17 log.cc:1342] T df17b40b75664e0aaa44ec6687a7a233 P 096da8680d274dba91b50831a23bfd58: Running Log GC on /mnt/tserver/yb-data/tserver/wals/table-929f7d28b7a2483c9b6c4652af3f6131/tablet-df17b40b75664e0aaa44ec6687a7a233: retaining ops >= 5, log segment size = 4194304
I0311 03:14:11.920833    17 log_reader.cc:522] T df17b40b75664e0aaa44ec6687a7a233 P 096da8680d274dba91b50831a23bfd58: Removed log segment sequence numbers from log reader: [4]
I0311 03:14:11.921595    17 log.cc:1368] T df17b40b75664e0aaa44ec6687a7a233 P 096da8680d274dba91b50831a23bfd58: Deleting log segment in path: /mnt/tserver/yb-data/tserver/wals/table-929f7d28b7a2483c9b6c4652af3f6131/tablet-df17b40b75664e0aaa44ec6687a7a233/wal-000000004 (GCed ops < 5)
I0311 03:14:11.923856    17 maintenance_manager.cc:375] Time spent running LogGCOp(df17b40b75664e0aaa44ec6687a7a233): real 0.004s	user 0.001s	sys 0.000s
I0311 03:14:12.170960    17 log.cc:1342] T e778eac89ca24f2993340a6d09c687f8 P 096da8680d274dba91b50831a23bfd58: Running Log GC on /mnt/tserver/yb-data/tserver/wals/table-929f7d28b7a2483c9b6c4652af3f6131/tablet-e778eac89ca24f2993340a6d09c687f8: retaining ops >= 5, log segment size = 4194304
I0311 03:14:12.176990    17 log_reader.cc:522] T e778eac89ca24f2993340a6d09c687f8 P 096da8680d274dba91b50831a23bfd58: Removed log segment sequence numbers from log reader: [4]
I0311 03:14:12.178756    17 log.cc:1368] T e778eac89ca24f2993340a6d09c687f8 P 096da8680d274dba91b50831a23bfd58: Deleting log segment in path: /mnt/tserver/yb-data/tserver/wals/table-929f7d28b7a2483c9b6c4652af3f6131/tablet-e778eac89ca24f2993340a6d09c687f8/wal-000000004 (GCed ops < 5)
I0311 03:14:12.185904    17 maintenance_manager.cc:375] Time spent running LogGCOp(e778eac89ca24f2993340a6d09c687f8): real 0.015s	user 0.002s	sys 0.000s
I0311 03:14:12.422194    17 log.cc:1342] T ef19613afa234c5d943034489b070927 P 096da8680d274dba91b50831a23bfd58: Running Log GC on /mnt/tserver/yb-data/tserver/wals/table-929f7d28b7a2483c9b6c4652af3f6131/tablet-ef19613afa234c5d943034489b070927: retaining ops >= 5, log segment size = 4194304
I0311 03:14:12.423349    17 log_reader.cc:522] T ef19613afa234c5d943034489b070927 P 096da8680d274dba91b50831a23bfd58: Removed log segment sequence numbers from log reader: [4]
I0311 03:14:12.423991    17 log.cc:1368] T ef19613afa234c5d943034489b070927 P 096da8680d274dba91b50831a23bfd58: Deleting log segment in path: /mnt/tserver/yb-data/tserver/wals/table-929f7d28b7a2483c9b6c4652af3f6131/tablet-ef19613afa234c5d943034489b070927/wal-000000004 (GCed ops < 5)
I0311 03:14:12.425863    17 maintenance_manager.cc:375] Time spent running LogGCOp(ef19613afa234c5d943034489b070927): real 0.004s	user 0.000s	sys 0.000s
I0311 03:14:12.834015    11 raft_consensus.cc:1030] T e778eac89ca24f2993340a6d09c687f8 P 096da8680d274dba91b50831a23bfd58 [term 5 FOLLOWER]: ReportFailDetected: Starting NORMAL_ELECTION...
I0311 03:14:12.850853    11 raft_consensus.cc:627] T e778eac89ca24f2993340a6d09c687f8 P 096da8680d274dba91b50831a23bfd58 [term 5 FOLLOWER]: Triggering leader pre-election, mode=NORMAL_ELECTION
I0311 03:14:12.852417    11 raft_consensus.cc:3421] T e778eac89ca24f2993340a6d09c687f8 P 096da8680d274dba91b50831a23bfd58 [term 5 FOLLOWER]: Snoozing leader timeout detection for 3.029s
I0311 03:14:12.853868    11 raft_consensus.cc:667] T e778eac89ca24f2993340a6d09c687f8 P 096da8680d274dba91b50831a23bfd58 [term 5 FOLLOWER]: Starting pre-election with config: opid_index: -1 peers { permanent_uuid: "096da8680d274dba91b50831a23bfd58" member_type: VOTER last_known_private_addr { host: "yb-tserver-n1" port: 9100 } cloud_info { placement_cloud: "cloud1" placement_region: "datacenter1" placement_zone: "rack1" } }
I0311 03:14:12.857909    11 leader_election.cc:242] T e778eac89ca24f2993340a6d09c687f8 P 096da8680d274dba91b50831a23bfd58 [CANDIDATE]: Term 6 pre-election: Election decided. Result: candidate won.
I0311 03:14:12.862856    88 raft_consensus.cc:3421] T e778eac89ca24f2993340a6d09c687f8 P 096da8680d274dba91b50831a23bfd58 [term 5 FOLLOWER]: Snoozing leader timeout detection for 3.119s
I0311 03:14:12.864670    88 raft_consensus.cc:3314] T e778eac89ca24f2993340a6d09c687f8 P 096da8680d274dba91b50831a23bfd58 [term 5 FOLLOWER]: Leader pre-election won for term 6
I0311 03:14:12.866017    88 raft_consensus.cc:627] T e778eac89ca24f2993340a6d09c687f8 P 096da8680d274dba91b50831a23bfd58 [term 5 FOLLOWER]: Triggering leader election, mode=NORMAL_ELECTION
I0311 03:14:12.867272    88 raft_consensus.cc:3421] T e778eac89ca24f2993340a6d09c687f8 P 096da8680d274dba91b50831a23bfd58 [term 5 FOLLOWER]: Snoozing leader timeout detection for 3.286s
I0311 03:14:12.868527    88 raft_consensus.cc:3482] T e778eac89ca24f2993340a6d09c687f8 P 096da8680d274dba91b50831a23bfd58 [term 5 FOLLOWER]: Advancing to term 6
I0311 03:14:12.879338    88 consensus_meta.cc:317] T e778eac89ca24f2993340a6d09c687f8 P 096da8680d274dba91b50831a23bfd58: Updating active role from FOLLOWER to FOLLOWER. Consensus state: current_term: 6 leader_uuid: "" config { opid_index: -1 peers { permanent_uuid: "096da8680d274dba91b50831a23bfd58" member_type: VOTER last_known_private_addr { host: "yb-tserver-n1" port: 9100 } cloud_info { placement_cloud: "cloud1" placement_region: "datacenter1" placement_zone: "rack1" } } }, has_pending_config = 0
I0311 03:14:12.881441    88 raft_consensus.cc:667] T e778eac89ca24f2993340a6d09c687f8 P 096da8680d274dba91b50831a23bfd58 [term 6 FOLLOWER]: Starting election with config: opid_index: -1 peers { permanent_uuid: "096da8680d274dba91b50831a23bfd58" member_type: VOTER last_known_private_addr { host: "yb-tserver-n1" port: 9100 } cloud_info { placement_cloud: "cloud1" placement_region: "datacenter1" placement_zone: "rack1" } }
I0311 03:14:12.889330    88 leader_election.cc:242] T e778eac89ca24f2993340a6d09c687f8 P 096da8680d274dba91b50831a23bfd58 [CANDIDATE]: Term 6 election: Election decided. Result: candidate won.
I0311 03:14:12.890074    11 raft_consensus.cc:3421] T e778eac89ca24f2993340a6d09c687f8 P 096da8680d274dba91b50831a23bfd58 [term 6 FOLLOWER]: Snoozing leader timeout detection for 3.224s
I0311 03:14:12.890877    11 raft_consensus.cc:3328] T e778eac89ca24f2993340a6d09c687f8 P 096da8680d274dba91b50831a23bfd58 [term 6 FOLLOWER]: Leader election won for term 6
I0311 03:14:12.891716    11 replica_state.cc:1152] T e778eac89ca24f2993340a6d09c687f8 P 096da8680d274dba91b50831a23bfd58 [term 6 FOLLOWER]: Reset our lease: 87176.469s
I0311 03:14:12.892549    11 replica_state.cc:1414] T e778eac89ca24f2993340a6d09c687f8 P 096da8680d274dba91b50831a23bfd58 [term 6 FOLLOWER]: SetLeaderNoOpCommittedUnlocked(0), committed: 5.5, received: 5.5
I0311 03:14:12.893607    11 consensus_meta.cc:317] T e778eac89ca24f2993340a6d09c687f8 P 096da8680d274dba91b50831a23bfd58: Updating active role from FOLLOWER to LEADER. Consensus state: current_term: 6 leader_uuid: "096da8680d274dba91b50831a23bfd58" config { opid_index: -1 peers { permanent_uuid: "096da8680d274dba91b50831a23bfd58" member_type: VOTER last_known_private_addr { host: "yb-tserver-n1" port: 9100 } cloud_info { placement_cloud: "cloud1" placement_region: "datacenter1" placement_zone: "rack1" } } }, has_pending_config = 0
