I0311 03:37:42.230479    17 log.cc:1342] T 3a76ab24970d40ef859dfa774b11abe1 P 096da8680d274dba91b50831a23bfd58: Running Log GC on /mnt/tserver/yb-data/tserver/wals/table-929f7d28b7a2483c9b6c4652af3f6131/tablet-3a76ab24970d40ef859dfa774b11abe1: retaining ops >= 9, log segment size = 4194304
I0311 03:37:42.231192    17 log_reader.cc:522] T 3a76ab24970d40ef859dfa774b11abe1 P 096da8680d274dba91b50831a23bfd58: Removed log segment sequence numbers from log reader: [6, 7, 8]
I0311 03:37:42.231659    17 log.cc:1368] T 3a76ab24970d40ef859dfa774b11abe1 P 096da8680d274dba91b50831a23bfd58: Deleting log segment in path: /mnt/tserver/yb-data/tserver/wals/table-929f7d28b7a2483c9b6c4652af3f6131/tablet-3a76ab24970d40ef859dfa774b11abe1/wal-000000006 (GCed ops < 7)
I0311 03:37:42.232813    17 log.cc:1368] T 3a76ab24970d40ef859dfa774b11abe1 P 096da8680d274dba91b50831a23bfd58: Deleting log segment in path: /mnt/tserver/yb-data/tserver/wals/table-929f7d28b7a2483c9b6c4652af3f6131/tablet-3a76ab24970d40ef859dfa774b11abe1/wal-000000007 (GCed ops < 8)
I0311 03:37:42.233858    17 log.cc:1368] T 3a76ab24970d40ef859dfa774b11abe1 P 096da8680d274dba91b50831a23bfd58: Deleting log segment in path: /mnt/tserver/yb-data/tserver/wals/table-929f7d28b7a2483c9b6c4652af3f6131/tablet-3a76ab24970d40ef859dfa774b11abe1/wal-000000008 (GCed ops < 9)
I0311 03:37:42.238420    17 maintenance_manager.cc:375] Time spent running LogGCOp(3a76ab24970d40ef859dfa774b11abe1): real 0.008s	user 0.001s	sys 0.000s
I0311 03:37:42.480604    17 log.cc:1342] T 5c82d2d282b24c23a5a85eaa9b3797e3 P 096da8680d274dba91b50831a23bfd58: Running Log GC on /mnt/tserver/yb-data/tserver/wals/table-929f7d28b7a2483c9b6c4652af3f6131/tablet-5c82d2d282b24c23a5a85eaa9b3797e3: retaining ops >= 9, log segment size = 4194304
I0311 03:37:42.481398    17 log_reader.cc:522] T 5c82d2d282b24c23a5a85eaa9b3797e3 P 096da8680d274dba91b50831a23bfd58: Removed log segment sequence numbers from log reader: [6, 7, 8]
I0311 03:37:42.481724    17 log.cc:1368] T 5c82d2d282b24c23a5a85eaa9b3797e3 P 096da8680d274dba91b50831a23bfd58: Deleting log segment in path: /mnt/tserver/yb-data/tserver/wals/table-929f7d28b7a2483c9b6c4652af3f6131/tablet-5c82d2d282b24c23a5a85eaa9b3797e3/wal-000000006 (GCed ops < 7)
I0311 03:37:42.482827    17 log.cc:1368] T 5c82d2d282b24c23a5a85eaa9b3797e3 P 096da8680d274dba91b50831a23bfd58: Deleting log segment in path: /mnt/tserver/yb-data/tserver/wals/table-929f7d28b7a2483c9b6c4652af3f6131/tablet-5c82d2d282b24c23a5a85eaa9b3797e3/wal-000000007 (GCed ops < 8)
I0311 03:37:42.483664    17 log.cc:1368] T 5c82d2d282b24c23a5a85eaa9b3797e3 P 096da8680d274dba91b50831a23bfd58: Deleting log segment in path: /mnt/tserver/yb-data/tserver/wals/table-929f7d28b7a2483c9b6c4652af3f6131/tablet-5c82d2d282b24c23a5a85eaa9b3797e3/wal-000000008 (GCed ops < 9)
I0311 03:37:42.484647    17 maintenance_manager.cc:375] Time spent running LogGCOp(5c82d2d282b24c23a5a85eaa9b3797e3): real 0.004s	user 0.001s	sys 0.000s
W0311 03:37:42.539577    52 pg_wrapper.cc:817] PostgreSQL server exited with code 256
I0311 03:37:42.540792    52 pg_wrapper.cc:833] Restarting PostgreSQL server
I0311 03:37:42.730808    17 log.cc:1342] T 974d5dc4624a4cc8ba8333f193777a6e P 096da8680d274dba91b50831a23bfd58: Running Log GC on /mnt/tserver/yb-data/tserver/wals/table-929f7d28b7a2483c9b6c4652af3f6131/tablet-974d5dc4624a4cc8ba8333f193777a6e: retaining ops >= 9, log segment size = 4194304
I0311 03:37:42.731330    17 log_reader.cc:522] T 974d5dc4624a4cc8ba8333f193777a6e P 096da8680d274dba91b50831a23bfd58: Removed log segment sequence numbers from log reader: [6, 7, 8]
I0311 03:37:42.731884    17 log.cc:1368] T 974d5dc4624a4cc8ba8333f193777a6e P 096da8680d274dba91b50831a23bfd58: Deleting log segment in path: /mnt/tserver/yb-data/tserver/wals/table-929f7d28b7a2483c9b6c4652af3f6131/tablet-974d5dc4624a4cc8ba8333f193777a6e/wal-000000006 (GCed ops < 7)
I0311 03:37:42.733961    17 log.cc:1368] T 974d5dc4624a4cc8ba8333f193777a6e P 096da8680d274dba91b50831a23bfd58: Deleting log segment in path: /mnt/tserver/yb-data/tserver/wals/table-929f7d28b7a2483c9b6c4652af3f6131/tablet-974d5dc4624a4cc8ba8333f193777a6e/wal-000000007 (GCed ops < 8)
I0311 03:37:42.735376    17 log.cc:1368] T 974d5dc4624a4cc8ba8333f193777a6e P 096da8680d274dba91b50831a23bfd58: Deleting log segment in path: /mnt/tserver/yb-data/tserver/wals/table-929f7d28b7a2483c9b6c4652af3f6131/tablet-974d5dc4624a4cc8ba8333f193777a6e/wal-000000008 (GCed ops < 9)
I0311 03:37:42.736987    17 maintenance_manager.cc:375] Time spent running LogGCOp(974d5dc4624a4cc8ba8333f193777a6e): real 0.006s	user 0.001s	sys 0.000s
W0311 03:37:42.782567    52 pg_wrapper.cc:389] No hba configuration lines found, defaulting to trust all configuration.
I0311 03:37:42.795600    52 pg_wrapper.cc:528] PostgreSQL server running as pid 76
I0311 03:37:42.886690    41 heartbeater.cc:338] P 096da8680d274dba91b50831a23bfd58: Connected to a leader master server at yb-master-n1:7100
I0311 03:37:42.887598    41 heartbeater.cc:387] P 096da8680d274dba91b50831a23bfd58: Registering TS with master...
I0311 03:37:42.888170    41 server_base.cc:541] Using private rpc address yb-tserver-n1
I0311 03:37:42.888657    41 server_base.cc:563] Using http address yb-tserver-n1
W0311 03:37:42.890836    41 heartbeater.cc:658] P 096da8680d274dba91b50831a23bfd58: Failed to heartbeat to yb-master-n1:7100: Service unavailable (yb/tserver/heartbeater.cc:479): Master is no longer the leader: code: NOT_THE_LEADER status { code: ILLEGAL_STATE message: "Not the leader. Local UUID: e62675f7a535485386d064e83c9c9d83, Consensus state: current_term: 10 config { opid_index: -1 peers { permanent_uuid: \"e62675f7a535485386d064e83c9c9d83\" member_type: VOTER last_known_private_addr { host: \"yb-master-n1\" port: 7100 } cloud_info { placement_cloud: \"cloud1\" placement_region: \"datacenter1\" placement_zone: \"rack1\" } } }" source_file: "../../src/yb/master/scoped_leader_shared_lock.cc" source_line: 113 errors: "\000" } tries=12, num=1, masters=0x00000040152207c8 -> [[yb-master-n1:7100]], code=Service unavailable
I0311 03:37:42.982213    17 log.cc:1342] T e778eac89ca24f2993340a6d09c687f8 P 096da8680d274dba91b50831a23bfd58: Running Log GC on /mnt/tserver/yb-data/tserver/wals/table-929f7d28b7a2483c9b6c4652af3f6131/tablet-e778eac89ca24f2993340a6d09c687f8: retaining ops >= 9, log segment size = 4194304
I0311 03:37:42.983000    17 log_reader.cc:522] T e778eac89ca24f2993340a6d09c687f8 P 096da8680d274dba91b50831a23bfd58: Removed log segment sequence numbers from log reader: [6, 7, 8]
I0311 03:37:42.983470    17 log.cc:1368] T e778eac89ca24f2993340a6d09c687f8 P 096da8680d274dba91b50831a23bfd58: Deleting log segment in path: /mnt/tserver/yb-data/tserver/wals/table-929f7d28b7a2483c9b6c4652af3f6131/tablet-e778eac89ca24f2993340a6d09c687f8/wal-000000006 (GCed ops < 7)
I0311 03:37:42.984838    17 log.cc:1368] T e778eac89ca24f2993340a6d09c687f8 P 096da8680d274dba91b50831a23bfd58: Deleting log segment in path: /mnt/tserver/yb-data/tserver/wals/table-929f7d28b7a2483c9b6c4652af3f6131/tablet-e778eac89ca24f2993340a6d09c687f8/wal-000000007 (GCed ops < 8)
I0311 03:37:42.985906    17 log.cc:1368] T e778eac89ca24f2993340a6d09c687f8 P 096da8680d274dba91b50831a23bfd58: Deleting log segment in path: /mnt/tserver/yb-data/tserver/wals/table-929f7d28b7a2483c9b6c4652af3f6131/tablet-e778eac89ca24f2993340a6d09c687f8/wal-000000008 (GCed ops < 9)
I0311 03:37:42.988554    17 maintenance_manager.cc:375] Time spent running LogGCOp(e778eac89ca24f2993340a6d09c687f8): real 0.006s	user 0.001s	sys 0.000s
I0311 03:37:43.232553    17 log.cc:1342] T ef19613afa234c5d943034489b070927 P 096da8680d274dba91b50831a23bfd58: Running Log GC on /mnt/tserver/yb-data/tserver/wals/table-929f7d28b7a2483c9b6c4652af3f6131/tablet-ef19613afa234c5d943034489b070927: retaining ops >= 9, log segment size = 4194304
I0311 03:37:43.233464    17 log_reader.cc:522] T ef19613afa234c5d943034489b070927 P 096da8680d274dba91b50831a23bfd58: Removed log segment sequence numbers from log reader: [6, 7, 8]
I0311 03:37:43.234055    17 log.cc:1368] T ef19613afa234c5d943034489b070927 P 096da8680d274dba91b50831a23bfd58: Deleting log segment in path: /mnt/tserver/yb-data/tserver/wals/table-929f7d28b7a2483c9b6c4652af3f6131/tablet-ef19613afa234c5d943034489b070927/wal-000000006 (GCed ops < 7)
I0311 03:37:43.240054    17 log.cc:1368] T ef19613afa234c5d943034489b070927 P 096da8680d274dba91b50831a23bfd58: Deleting log segment in path: /mnt/tserver/yb-data/tserver/wals/table-929f7d28b7a2483c9b6c4652af3f6131/tablet-ef19613afa234c5d943034489b070927/wal-000000007 (GCed ops < 8)
I0311 03:37:43.241366    17 log.cc:1368] T ef19613afa234c5d943034489b070927 P 096da8680d274dba91b50831a23bfd58: Deleting log segment in path: /mnt/tserver/yb-data/tserver/wals/table-929f7d28b7a2483c9b6c4652af3f6131/tablet-ef19613afa234c5d943034489b070927/wal-000000008 (GCed ops < 9)
I0311 03:37:43.242475    17 maintenance_manager.cc:375] Time spent running LogGCOp(ef19613afa234c5d943034489b070927): real 0.010s	user 0.001s	sys 0.001s
I0311 03:37:43.892982    41 heartbeater.cc:338] P 096da8680d274dba91b50831a23bfd58: Connected to a leader master server at yb-master-n1:7100
I0311 03:37:43.894316    41 heartbeater.cc:387] P 096da8680d274dba91b50831a23bfd58: Registering TS with master...
I0311 03:37:43.894814    41 server_base.cc:541] Using private rpc address yb-tserver-n1
I0311 03:37:43.895347    41 server_base.cc:563] Using http address yb-tserver-n1
W0311 03:37:43.897032    41 heartbeater.cc:658] P 096da8680d274dba91b50831a23bfd58: Failed to heartbeat to yb-master-n1:7100: Service unavailable (yb/tserver/heartbeater.cc:479): Master is no longer the leader: code: NOT_THE_LEADER status { code: ILLEGAL_STATE message: "Not the leader. Local UUID: e62675f7a535485386d064e83c9c9d83, Consensus state: current_term: 10 config { opid_index: -1 peers { permanent_uuid: \"e62675f7a535485386d064e83c9c9d83\" member_type: VOTER last_known_private_addr { host: \"yb-master-n1\" port: 7100 } cloud_info { placement_cloud: \"cloud1\" placement_region: \"datacenter1\" placement_zone: \"rack1\" } } }" source_file: "../../src/yb/master/scoped_leader_shared_lock.cc" source_line: 113 errors: "\000" } tries=13, num=1, masters=0x00000040152207c8 -> [[yb-master-n1:7100]], code=Service unavailable
I0311 03:37:43.928609    11 raft_consensus.cc:1030] T ef19613afa234c5d943034489b070927 P 096da8680d274dba91b50831a23bfd58 [term 9 FOLLOWER]: ReportFailDetected: Starting NORMAL_ELECTION...
I0311 03:37:43.929888    11 raft_consensus.cc:627] T ef19613afa234c5d943034489b070927 P 096da8680d274dba91b50831a23bfd58 [term 9 FOLLOWER]: Triggering leader pre-election, mode=NORMAL_ELECTION
I0311 03:37:43.930689    11 raft_consensus.cc:3421] T ef19613afa234c5d943034489b070927 P 096da8680d274dba91b50831a23bfd58 [term 9 FOLLOWER]: Snoozing leader timeout detection for 3.090s
I0311 03:37:43.931407    11 raft_consensus.cc:667] T ef19613afa234c5d943034489b070927 P 096da8680d274dba91b50831a23bfd58 [term 9 FOLLOWER]: Starting pre-election with config: opid_index: -1 peers { permanent_uuid: "096da8680d274dba91b50831a23bfd58" member_type: VOTER last_known_private_addr { host: "yb-tserver-n1" port: 9100 } cloud_info { placement_cloud: "cloud1" placement_region: "datacenter1" placement_zone: "rack1" } }
I0311 03:37:43.933095    11 leader_election.cc:242] T ef19613afa234c5d943034489b070927 P 096da8680d274dba91b50831a23bfd58 [CANDIDATE]: Term 10 pre-election: Election decided. Result: candidate won.
I0311 03:37:43.934976    90 raft_consensus.cc:3421] T ef19613afa234c5d943034489b070927 P 096da8680d274dba91b50831a23bfd58 [term 9 FOLLOWER]: Snoozing leader timeout detection for 3.141s
I0311 03:37:43.935607    90 raft_consensus.cc:3314] T ef19613afa234c5d943034489b070927 P 096da8680d274dba91b50831a23bfd58 [term 9 FOLLOWER]: Leader pre-election won for term 10
I0311 03:37:43.936069    90 raft_consensus.cc:627] T ef19613afa234c5d943034489b070927 P 096da8680d274dba91b50831a23bfd58 [term 9 FOLLOWER]: Triggering leader election, mode=NORMAL_ELECTION
I0311 03:37:43.936542    90 raft_consensus.cc:3421] T ef19613afa234c5d943034489b070927 P 096da8680d274dba91b50831a23bfd58 [term 9 FOLLOWER]: Snoozing leader timeout detection for 3.277s
I0311 03:37:43.937014    90 raft_consensus.cc:3482] T ef19613afa234c5d943034489b070927 P 096da8680d274dba91b50831a23bfd58 [term 9 FOLLOWER]: Advancing to term 10
I0311 03:37:43.941396    90 consensus_meta.cc:317] T ef19613afa234c5d943034489b070927 P 096da8680d274dba91b50831a23bfd58: Updating active role from FOLLOWER to FOLLOWER. Consensus state: current_term: 10 leader_uuid: "" config { opid_index: -1 peers { permanent_uuid: "096da8680d274dba91b50831a23bfd58" member_type: VOTER last_known_private_addr { host: "yb-tserver-n1" port: 9100 } cloud_info { placement_cloud: "cloud1" placement_region: "datacenter1" placement_zone: "rack1" } } }, has_pending_config = 0
I0311 03:37:43.941905    90 raft_consensus.cc:667] T ef19613afa234c5d943034489b070927 P 096da8680d274dba91b50831a23bfd58 [term 10 FOLLOWER]: Starting election with config: opid_index: -1 peers { permanent_uuid: "096da8680d274dba91b50831a23bfd58" member_type: VOTER last_known_private_addr { host: "yb-tserver-n1" port: 9100 } cloud_info { placement_cloud: "cloud1" placement_region: "datacenter1" placement_zone: "rack1" } }
I0311 03:37:43.944964    90 leader_election.cc:242] T ef19613afa234c5d943034489b070927 P 096da8680d274dba91b50831a23bfd58 [CANDIDATE]: Term 10 election: Election decided. Result: candidate won.
I0311 03:37:43.945317    11 raft_consensus.cc:3421] T ef19613afa234c5d943034489b070927 P 096da8680d274dba91b50831a23bfd58 [term 10 FOLLOWER]: Snoozing leader timeout detection for 3.179s
I0311 03:37:43.945735    11 raft_consensus.cc:3328] T ef19613afa234c5d943034489b070927 P 096da8680d274dba91b50831a23bfd58 [term 10 FOLLOWER]: Leader election won for term 10
I0311 03:37:43.946174    11 replica_state.cc:1152] T ef19613afa234c5d943034489b070927 P 096da8680d274dba91b50831a23bfd58 [term 10 FOLLOWER]: Reset our lease: 12.446s
I0311 03:37:43.946774    11 replica_state.cc:1414] T ef19613afa234c5d943034489b070927 P 096da8680d274dba91b50831a23bfd58 [term 10 FOLLOWER]: SetLeaderNoOpCommittedUnlocked(0), committed: 9.9, received: 9.9
I0311 03:37:43.947260    11 consensus_meta.cc:317] T ef19613afa234c5d943034489b070927 P 096da8680d274dba91b50831a23bfd58: Updating active role from FOLLOWER to LEADER. Consensus state: current_term: 10 leader_uuid: "096da8680d274dba91b50831a23bfd58" config { opid_index: -1 peers { permanent_uuid: "096da8680d274dba91b50831a23bfd58" member_type: VOTER last_known_private_addr { host: "yb-tserver-n1" port: 9100 } cloud_info { placement_cloud: "cloud1" placement_region: "datacenter1" placement_zone: "rack1" } } }, has_pending_config = 0
I0311 03:37:43.947710    11 raft_consensus.cc:3367] T ef19613afa234c5d943034489b070927 P 096da8680d274dba91b50831a23bfd58 [term 10 LEADER]: Calling mark dirty synchronously for reason code NEW_LEADER_ELECTED
I0311 03:37:43.948396    11 raft_consensus.cc:1059] T ef19613afa234c5d943034489b070927 P 096da8680d274dba91b50831a23bfd58 [term 10 LEADER]: Becoming Leader. State: Replica: 096da8680d274dba91b50831a23bfd58, State: 1, Role: LEADER, Watermarks: {Received: 9.9 Committed: 9.9} Leader: 0.0
I0311 03:37:43.948827    41 heartbeater.cc:338] P 096da8680d274dba91b50831a23bfd58: Connected to a leader master server at yb-master-n1:7100
I0311 03:37:43.949259    41 heartbeater.cc:387] P 096da8680d274dba91b50831a23bfd58: Registering TS with master...
I0311 03:37:43.949685    41 server_base.cc:541] Using private rpc address yb-tserver-n1
I0311 03:37:43.949465    11 consensus_queue.cc:271] T ef19613afa234c5d943034489b070927 P 096da8680d274dba91b50831a23bfd58 [LEADER]: Queue going to LEADER mode. State: All replicated op: 0.0, Majority replicated op: 9.9, Committed index: 9.9, Last applied: 9.9, Last appended: 9.9, Current term: 10, Majority size: 1, State: QUEUE_OPEN, Mode: LEADER, active raft config: opid_index: -1 peers { permanent_uuid: "096da8680d274dba91b50831a23bfd58" member_type: VOTER last_known_private_addr { host: "yb-tserver-n1" port: 9100 } cloud_info { placement_cloud: "cloud1" placement_region: "datacenter1" placement_zone: "rack1" } }
I0311 03:37:43.950032    41 server_base.cc:563] Using http address yb-tserver-n1
I0311 03:37:43.950726    11 raft_consensus.cc:1077] Sending NO_OP at op 9.9
W0311 03:37:43.954627    41 heartbeater.cc:658] P 096da8680d274dba91b50831a23bfd58: Failed to heartbeat to yb-master-n1:7100: Service unavailable (yb/tserver/heartbeater.cc:479): Master is no longer the leader: code: NOT_THE_LEADER status { code: ILLEGAL_STATE message: "Not the leader. Local UUID: e62675f7a535485386d064e83c9c9d83, Consensus state: current_term: 10 config { opid_index: -1 peers { permanent_uuid: \"e62675f7a535485386d064e83c9c9d83\" member_type: VOTER last_known_private_addr { host: \"yb-master-n1\" port: 7100 } cloud_info { placement_cloud: \"cloud1\" placement_region: \"datacenter1\" placement_zone: \"rack1\" } } }" source_file: "../../src/yb/master/scoped_leader_shared_lock.cc" source_line: 113 errors: "\000" } tries=14, num=1, masters=0x00000040152207c8 -> [[yb-master-n1:7100]], code=Service unavailable
W0311 03:37:43.958271    90 raft_consensus.cc:1374] Leader lease expiration was not set: Illegal state (yb/consensus/replica_state.cc:1345): NoOp of current term is not committed (majority_replicated_lease_expiration_ = <uninitialized>, majority_replicated_ht_lease_expiration_ = 0)
I0311 03:37:43.958444    11 raft_consensus.cc:1030] T df17b40b75664e0aaa44ec6687a7a233 P 096da8680d274dba91b50831a23bfd58 [term 9 FOLLOWER]: ReportFailDetected: Starting NORMAL_ELECTION...
I0311 03:37:43.959535    11 raft_consensus.cc:627] T df17b40b75664e0aaa44ec6687a7a233 P 096da8680d274dba91b50831a23bfd58 [term 9 FOLLOWER]: Triggering leader pre-election, mode=NORMAL_ELECTION
I0311 03:37:43.959753    90 replica_state.cc:1414] T ef19613afa234c5d943034489b070927 P 096da8680d274dba91b50831a23bfd58 [term 10 LEADER]: SetLeaderNoOpCommittedUnlocked(1), committed: 9.9, received: 10.10
I0311 03:37:43.959936    11 raft_consensus.cc:3421] T df17b40b75664e0aaa44ec6687a7a233 P 096da8680d274dba91b50831a23bfd58 [term 9 FOLLOWER]: Snoozing leader timeout detection for 3.036s
I0311 03:37:43.960876    90 replica_state.cc:784] T ef19613afa234c5d943034489b070927 P 096da8680d274dba91b50831a23bfd58 [term 10 LEADER]: Advanced the committed_op_id across terms. Last committed operation was: 9.9 New committed index is: 10.10
I0311 03:37:43.960922    11 raft_consensus.cc:667] T df17b40b75664e0aaa44ec6687a7a233 P 096da8680d274dba91b50831a23bfd58 [term 9 FOLLOWER]: Starting pre-election with config: opid_index: -1 peers { permanent_uuid: "096da8680d274dba91b50831a23bfd58" member_type: VOTER last_known_private_addr { host: "yb-tserver-n1" port: 9100 } cloud_info { placement_cloud: "cloud1" placement_region: "datacenter1" placement_zone: "rack1" } }
I0311 03:37:43.961741    11 leader_election.cc:242] T df17b40b75664e0aaa44ec6687a7a233 P 096da8680d274dba91b50831a23bfd58 [CANDIDATE]: Term 10 pre-election: Election decided. Result: candidate won.
I0311 03:37:43.962574    93 raft_consensus.cc:3421] T df17b40b75664e0aaa44ec6687a7a233 P 096da8680d274dba91b50831a23bfd58 [term 9 FOLLOWER]: Snoozing leader timeout detection for 3.265s
I0311 03:37:43.963084    93 raft_consensus.cc:3314] T df17b40b75664e0aaa44ec6687a7a233 P 096da8680d274dba91b50831a23bfd58 [term 9 FOLLOWER]: Leader pre-election won for term 10
I0311 03:37:43.963413    93 raft_consensus.cc:627] T df17b40b75664e0aaa44ec6687a7a233 P 096da8680d274dba91b50831a23bfd58 [term 9 FOLLOWER]: Triggering leader election, mode=NORMAL_ELECTION
I0311 03:37:43.963757    93 raft_consensus.cc:3421] T df17b40b75664e0aaa44ec6687a7a233 P 096da8680d274dba91b50831a23bfd58 [term 9 FOLLOWER]: Snoozing leader timeout detection for 3.214s
I0311 03:37:43.964109    93 raft_consensus.cc:3482] T df17b40b75664e0aaa44ec6687a7a233 P 096da8680d274dba91b50831a23bfd58 [term 9 FOLLOWER]: Advancing to term 10
I0311 03:37:43.967514    93 consensus_meta.cc:317] T df17b40b75664e0aaa44ec6687a7a233 P 096da8680d274dba91b50831a23bfd58: Updating active role from FOLLOWER to FOLLOWER. Consensus state: current_term: 10 leader_uuid: "" config { opid_index: -1 peers { permanent_uuid: "096da8680d274dba91b50831a23bfd58" member_type: VOTER last_known_private_addr { host: "yb-tserver-n1" port: 9100 } cloud_info { placement_cloud: "cloud1" placement_region: "datacenter1" placement_zone: "rack1" } } }, has_pending_config = 0
I0311 03:37:43.968017    93 raft_consensus.cc:667] T df17b40b75664e0aaa44ec6687a7a233 P 096da8680d274dba91b50831a23bfd58 [term 10 FOLLOWER]: Starting election with config: opid_index: -1 peers { permanent_uuid: "096da8680d274dba91b50831a23bfd58" member_type: VOTER last_known_private_addr { host: "yb-tserver-n1" port: 9100 } cloud_info { placement_cloud: "cloud1" placement_region: "datacenter1" placement_zone: "rack1" } }
I0311 03:37:43.970459    93 leader_election.cc:242] T df17b40b75664e0aaa44ec6687a7a233 P 096da8680d274dba91b50831a23bfd58 [CANDIDATE]: Term 10 election: Election decided. Result: candidate won.
I0311 03:37:43.970798    93 raft_consensus.cc:3421] T df17b40b75664e0aaa44ec6687a7a233 P 096da8680d274dba91b50831a23bfd58 [term 10 FOLLOWER]: Snoozing leader timeout detection for 3.112s
I0311 03:37:43.971076    93 raft_consensus.cc:3328] T df17b40b75664e0aaa44ec6687a7a233 P 096da8680d274dba91b50831a23bfd58 [term 10 FOLLOWER]: Leader election won for term 10
I0311 03:37:43.971341    93 replica_state.cc:1152] T df17b40b75664e0aaa44ec6687a7a233 P 096da8680d274dba91b50831a23bfd58 [term 10 FOLLOWER]: Reset our lease: 12.471s
I0311 03:37:43.971616    93 replica_state.cc:1414] T df17b40b75664e0aaa44ec6687a7a233 P 096da8680d274dba91b50831a23bfd58 [term 10 FOLLOWER]: SetLeaderNoOpCommittedUnlocked(0), committed: 9.9, received: 9.9
I0311 03:37:43.971899    93 consensus_meta.cc:317] T df17b40b75664e0aaa44ec6687a7a233 P 096da8680d274dba91b50831a23bfd58: Updating active role from FOLLOWER to LEADER. Consensus state: current_term: 10 leader_uuid: "096da8680d274dba91b50831a23bfd58" config { opid_index: -1 peers { permanent_uuid: "096da8680d274dba91b50831a23bfd58" member_type: VOTER last_known_private_addr { host: "yb-tserver-n1" port: 9100 } cloud_info { placement_cloud: "cloud1" placement_region: "datacenter1" placement_zone: "rack1" } } }, has_pending_config = 0
I0311 03:37:43.972411    93 raft_consensus.cc:3367] T df17b40b75664e0aaa44ec6687a7a233 P 096da8680d274dba91b50831a23bfd58 [term 10 LEADER]: Calling mark dirty synchronously for reason code NEW_LEADER_ELECTED
I0311 03:37:43.972680    93 raft_consensus.cc:1059] T df17b40b75664e0aaa44ec6687a7a233 P 096da8680d274dba91b50831a23bfd58 [term 10 LEADER]: Becoming Leader. State: Replica: 096da8680d274dba91b50831a23bfd58, State: 1, Role: LEADER, Watermarks: {Received: 9.9 Committed: 9.9} Leader: 0.0
I0311 03:37:43.972991    93 consensus_queue.cc:271] T df17b40b75664e0aaa44ec6687a7a233 P 096da8680d274dba91b50831a23bfd58 [LEADER]: Queue going to LEADER mode. State: All replicated op: 0.0, Majority replicated op: 9.9, Committed index: 9.9, Last applied: 9.9, Last appended: 9.9, Current term: 10, Majority size: 1, State: QUEUE_OPEN, Mode: LEADER, active raft config: opid_index: -1 peers { permanent_uuid: "096da8680d274dba91b50831a23bfd58" member_type: VOTER last_known_private_addr { host: "yb-tserver-n1" port: 9100 } cloud_info { placement_cloud: "cloud1" placement_region: "datacenter1" placement_zone: "rack1" } }
I0311 03:37:43.973241    41 heartbeater.cc:338] P 096da8680d274dba91b50831a23bfd58: Connected to a leader master server at yb-master-n1:7100
I0311 03:37:43.973390    93 raft_consensus.cc:1077] Sending NO_OP at op 9.9
I0311 03:37:43.973623    41 heartbeater.cc:387] P 096da8680d274dba91b50831a23bfd58: Registering TS with master...
I0311 03:37:43.974093    41 server_base.cc:541] Using private rpc address yb-tserver-n1
I0311 03:37:43.974403    41 server_base.cc:563] Using http address yb-tserver-n1
W0311 03:37:43.974988    11 raft_consensus.cc:1374] Leader lease expiration was not set: Illegal state (yb/consensus/replica_state.cc:1345): NoOp of current term is not committed (majority_replicated_lease_expiration_ = <uninitialized>, majority_replicated_ht_lease_expiration_ = 0)
I0311 03:37:43.975684    11 replica_state.cc:1414] T df17b40b75664e0aaa44ec6687a7a233 P 096da8680d274dba91b50831a23bfd58 [term 10 LEADER]: SetLeaderNoOpCommittedUnlocked(1), committed: 9.9, received: 10.10
W0311 03:37:43.975749    41 heartbeater.cc:658] P 096da8680d274dba91b50831a23bfd58: Failed to heartbeat to yb-master-n1:7100: Service unavailable (yb/tserver/heartbeater.cc:479): Master is no longer the leader: code: NOT_THE_LEADER status { code: ILLEGAL_STATE message: "Not the leader. Local UUID: e62675f7a535485386d064e83c9c9d83, Consensus state: current_term: 10 config { opid_index: -1 peers { permanent_uuid: \"e62675f7a535485386d064e83c9c9d83\" member_type: VOTER last_known_private_addr { host: \"yb-master-n1\" port: 7100 } cloud_info { placement_cloud: \"cloud1\" placement_region: \"datacenter1\" placement_zone: \"rack1\" } } }" source_file: "../../src/yb/master/scoped_leader_shared_lock.cc" source_line: 113 errors: "\000" } tries=15, num=1, masters=0x00000040152207c8 -> [[yb-master-n1:7100]], code=Service unavailable
I0311 03:37:43.976035    11 replica_state.cc:784] T df17b40b75664e0aaa44ec6687a7a233 P 096da8680d274dba91b50831a23bfd58 [term 10 LEADER]: Advanced the committed_op_id across terms. Last committed operation was: 9.9 New committed index is: 10.10
I0311 03:37:44.189947    93 raft_consensus.cc:1030] T 22d66049cb9c4419a35469ea8c2c36bc P 096da8680d274dba91b50831a23bfd58 [term 9 FOLLOWER]: ReportFailDetected: Starting NORMAL_ELECTION...
I0311 03:37:44.197230    93 raft_consensus.cc:627] T 22d66049cb9c4419a35469ea8c2c36bc P 096da8680d274dba91b50831a23bfd58 [term 9 FOLLOWER]: Triggering leader pre-election, mode=NORMAL_ELECTION
I0311 03:37:44.199717    93 raft_consensus.cc:3421] T 22d66049cb9c4419a35469ea8c2c36bc P 096da8680d274dba91b50831a23bfd58 [term 9 FOLLOWER]: Snoozing leader timeout detection for 3.290s
I0311 03:37:44.203684    93 raft_consensus.cc:667] T 22d66049cb9c4419a35469ea8c2c36bc P 096da8680d274dba91b50831a23bfd58 [term 9 FOLLOWER]: Starting pre-election with config: opid_index: -1 peers { permanent_uuid: "096da8680d274dba91b50831a23bfd58" member_type: VOTER last_known_private_addr { host: "yb-tserver-n1" port: 9100 } cloud_info { placement_cloud: "cloud1" placement_region: "datacenter1" placement_zone: "rack1" } }
I0311 03:37:44.207213    93 leader_election.cc:242] T 22d66049cb9c4419a35469ea8c2c36bc P 096da8680d274dba91b50831a23bfd58 [CANDIDATE]: Term 10 pre-election: Election decided. Result: candidate won.
I0311 03:37:44.209398    93 raft_consensus.cc:3421] T 22d66049cb9c4419a35469ea8c2c36bc P 096da8680d274dba91b50831a23bfd58 [term 9 FOLLOWER]: Snoozing leader timeout detection for 3.177s
I0311 03:37:44.210867    93 raft_consensus.cc:3314] T 22d66049cb9c4419a35469ea8c2c36bc P 096da8680d274dba91b50831a23bfd58 [term 9 FOLLOWER]: Leader pre-election won for term 10
I0311 03:37:44.211889    93 raft_consensus.cc:627] T 22d66049cb9c4419a35469ea8c2c36bc P 096da8680d274dba91b50831a23bfd58 [term 9 FOLLOWER]: Triggering leader election, mode=NORMAL_ELECTION
I0311 03:37:44.212853    93 raft_consensus.cc:3421] T 22d66049cb9c4419a35469ea8c2c36bc P 096da8680d274dba91b50831a23bfd58 [term 9 FOLLOWER]: Snoozing leader timeout detection for 3.029s
I0311 03:37:44.213877    93 raft_consensus.cc:3482] T 22d66049cb9c4419a35469ea8c2c36bc P 096da8680d274dba91b50831a23bfd58 [term 9 FOLLOWER]: Advancing to term 10
I0311 03:37:44.222718    93 consensus_meta.cc:317] T 22d66049cb9c4419a35469ea8c2c36bc P 096da8680d274dba91b50831a23bfd58: Updating active role from FOLLOWER to FOLLOWER. Consensus state: current_term: 10 leader_uuid: "" config { opid_index: -1 peers { permanent_uuid: "096da8680d274dba91b50831a23bfd58" member_type: VOTER last_known_private_addr { host: "yb-tserver-n1" port: 9100 } cloud_info { placement_cloud: "cloud1" placement_region: "datacenter1" placement_zone: "rack1" } } }, has_pending_config = 0
I0311 03:37:44.223750    93 raft_consensus.cc:667] T 22d66049cb9c4419a35469ea8c2c36bc P 096da8680d274dba91b50831a23bfd58 [term 10 FOLLOWER]: Starting election with config: opid_index: -1 peers { permanent_uuid: "096da8680d274dba91b50831a23bfd58" member_type: VOTER last_known_private_addr { host: "yb-tserver-n1" port: 9100 } cloud_info { placement_cloud: "cloud1" placement_region: "datacenter1" placement_zone: "rack1" } }
I0311 03:37:44.230264    93 leader_election.cc:242] T 22d66049cb9c4419a35469ea8c2c36bc P 096da8680d274dba91b50831a23bfd58 [CANDIDATE]: Term 10 election: Election decided. Result: candidate won.
I0311 03:37:44.230984    93 raft_consensus.cc:3421] T 22d66049cb9c4419a35469ea8c2c36bc P 096da8680d274dba91b50831a23bfd58 [term 10 FOLLOWER]: Snoozing leader timeout detection for 3.017s
I0311 03:37:44.231698    93 raft_consensus.cc:3328] T 22d66049cb9c4419a35469ea8c2c36bc P 096da8680d274dba91b50831a23bfd58 [term 10 FOLLOWER]: Leader election won for term 10
I0311 03:37:44.232313    93 replica_state.cc:1152] T 22d66049cb9c4419a35469ea8c2c36bc P 096da8680d274dba91b50831a23bfd58 [term 10 FOLLOWER]: Reset our lease: 12.732s
I0311 03:37:44.232975    93 replica_state.cc:1414] T 22d66049cb9c4419a35469ea8c2c36bc P 096da8680d274dba91b50831a23bfd58 [term 10 FOLLOWER]: SetLeaderNoOpCommittedUnlocked(0), committed: 9.9, received: 9.9
I0311 03:37:44.233610    93 consensus_meta.cc:317] T 22d66049cb9c4419a35469ea8c2c36bc P 096da8680d274dba91b50831a23bfd58: Updating active role from FOLLOWER to LEADER. Consensus state: current_term: 10 leader_uuid: "096da8680d274dba91b50831a23bfd58" config { opid_index: -1 peers { permanent_uuid: "096da8680d274dba91b50831a23bfd58" member_type: VOTER last_known_private_addr { host: "yb-tserver-n1" port: 9100 } cloud_info { placement_cloud: "cloud1" placement_region: "datacenter1" placement_zone: "rack1" } } }, has_pending_config = 0
I0311 03:37:44.234270    93 raft_consensus.cc:3367] T 22d66049cb9c4419a35469ea8c2c36bc P 096da8680d274dba91b50831a23bfd58 [term 10 LEADER]: Calling mark dirty synchronously for reason code NEW_LEADER_ELECTED
I0311 03:37:44.235354    93 raft_consensus.cc:1059] T 22d66049cb9c4419a35469ea8c2c36bc P 096da8680d274dba91b50831a23bfd58 [term 10 LEADER]: Becoming Leader. State: Replica: 096da8680d274dba91b50831a23bfd58, State: 1, Role: LEADER, Watermarks: {Received: 9.9 Committed: 9.9} Leader: 0.0
I0311 03:37:44.236507    41 heartbeater.cc:338] P 096da8680d274dba91b50831a23bfd58: Connected to a leader master server at yb-master-n1:7100
I0311 03:37:44.236423    93 consensus_queue.cc:271] T 22d66049cb9c4419a35469ea8c2c36bc P 096da8680d274dba91b50831a23bfd58 [LEADER]: Queue going to LEADER mode. State: All replicated op: 0.0, Majority replicated op: 9.9, Committed index: 9.9, Last applied: 9.9, Last appended: 9.9, Current term: 10, Majority size: 1, State: QUEUE_OPEN, Mode: LEADER, active raft config: opid_index: -1 peers { permanent_uuid: "096da8680d274dba91b50831a23bfd58" member_type: VOTER last_known_private_addr { host: "yb-tserver-n1" port: 9100 } cloud_info { placement_cloud: "cloud1" placement_region: "datacenter1" placement_zone: "rack1" } }
I0311 03:37:44.237040    41 heartbeater.cc:387] P 096da8680d274dba91b50831a23bfd58: Registering TS with master...
I0311 03:37:44.237614    93 raft_consensus.cc:1077] Sending NO_OP at op 9.9
I0311 03:37:44.238101    41 server_base.cc:541] Using private rpc address yb-tserver-n1
I0311 03:37:44.239120    41 server_base.cc:563] Using http address yb-tserver-n1
W0311 03:37:44.240716    11 raft_consensus.cc:1374] Leader lease expiration was not set: Illegal state (yb/consensus/replica_state.cc:1345): NoOp of current term is not committed (majority_replicated_lease_expiration_ = <uninitialized>, majority_replicated_ht_lease_expiration_ = 0)
W0311 03:37:44.241727    41 heartbeater.cc:658] P 096da8680d274dba91b50831a23bfd58: Failed to heartbeat to yb-master-n1:7100: Service unavailable (yb/tserver/heartbeater.cc:479): Master is no longer the leader: code: NOT_THE_LEADER status { code: ILLEGAL_STATE message: "Not the leader. Local UUID: e62675f7a535485386d064e83c9c9d83, Consensus state: current_term: 10 config { opid_index: -1 peers { permanent_uuid: \"e62675f7a535485386d064e83c9c9d83\" member_type: VOTER last_known_private_addr { host: \"yb-master-n1\" port: 7100 } cloud_info { placement_cloud: \"cloud1\" placement_region: \"datacenter1\" placement_zone: \"rack1\" } } }" source_file: "../../src/yb/master/scoped_leader_shared_lock.cc" source_line: 113 errors: "\000" } tries=16, num=1, masters=0x00000040152207c8 -> [[yb-master-n1:7100]], code=Service unavailable
I0311 03:37:44.241789    11 replica_state.cc:1414] T 22d66049cb9c4419a35469ea8c2c36bc P 096da8680d274dba91b50831a23bfd58 [term 10 LEADER]: SetLeaderNoOpCommittedUnlocked(1), committed: 9.9, received: 10.10
I0311 03:37:44.244005    11 replica_state.cc:784] T 22d66049cb9c4419a35469ea8c2c36bc P 096da8680d274dba91b50831a23bfd58 [term 10 LEADER]: Advanced the committed_op_id across terms. Last committed operation was: 9.9 New committed index is: 10.10
I0311 03:37:44.759713    11 raft_consensus.cc:1030] T c47912c0b2714f58b34c56d0e2dc9025 P 096da8680d274dba91b50831a23bfd58 [term 9 FOLLOWER]: ReportFailDetected: Starting NORMAL_ELECTION...
I0311 03:37:44.762220    11 raft_consensus.cc:627] T c47912c0b2714f58b34c56d0e2dc9025 P 096da8680d274dba91b50831a23bfd58 [term 9 FOLLOWER]: Triggering leader pre-election, mode=NORMAL_ELECTION
I0311 03:37:44.764670    11 raft_consensus.cc:3421] T c47912c0b2714f58b34c56d0e2dc9025 P 096da8680d274dba91b50831a23bfd58 [term 9 FOLLOWER]: Snoozing leader timeout detection for 3.181s
I0311 03:37:44.767303    11 raft_consensus.cc:667] T c47912c0b2714f58b34c56d0e2dc9025 P 096da8680d274dba91b50831a23bfd58 [term 9 FOLLOWER]: Starting pre-election with config: opid_index: -1 peers { permanent_uuid: "096da8680d274dba91b50831a23bfd58" member_type: VOTER last_known_private_addr { host: "yb-tserver-n1" port: 9100 } cloud_info { placement_cloud: "cloud1" placement_region: "datacenter1" placement_zone: "rack1" } }
I0311 03:37:44.770964    11 leader_election.cc:242] T c47912c0b2714f58b34c56d0e2dc9025 P 096da8680d274dba91b50831a23bfd58 [CANDIDATE]: Term 10 pre-election: Election decided. Result: candidate won.
I0311 03:37:44.775787    11 raft_consensus.cc:3421] T c47912c0b2714f58b34c56d0e2dc9025 P 096da8680d274dba91b50831a23bfd58 [term 9 FOLLOWER]: Snoozing leader timeout detection for 3.281s
I0311 03:37:44.777406    11 raft_consensus.cc:3314] T c47912c0b2714f58b34c56d0e2dc9025 P 096da8680d274dba91b50831a23bfd58 [term 9 FOLLOWER]: Leader pre-election won for term 10
I0311 03:37:44.778582    11 raft_consensus.cc:627] T c47912c0b2714f58b34c56d0e2dc9025 P 096da8680d274dba91b50831a23bfd58 [term 9 FOLLOWER]: Triggering leader election, mode=NORMAL_ELECTION
I0311 03:37:44.779688    11 raft_consensus.cc:3421] T c47912c0b2714f58b34c56d0e2dc9025 P 096da8680d274dba91b50831a23bfd58 [term 9 FOLLOWER]: Snoozing leader timeout detection for 3.019s
I0311 03:37:44.780794    11 raft_consensus.cc:3482] T c47912c0b2714f58b34c56d0e2dc9025 P 096da8680d274dba91b50831a23bfd58 [term 9 FOLLOWER]: Advancing to term 10
I0311 03:37:44.790531    11 consensus_meta.cc:317] T c47912c0b2714f58b34c56d0e2dc9025 P 096da8680d274dba91b50831a23bfd58: Updating active role from FOLLOWER to FOLLOWER. Consensus state: current_term: 10 leader_uuid: "" config { opid_index: -1 peers { permanent_uuid: "096da8680d274dba91b50831a23bfd58" member_type: VOTER last_known_private_addr { host: "yb-tserver-n1" port: 9100 } cloud_info { placement_cloud: "cloud1" placement_region: "datacenter1" placement_zone: "rack1" } } }, has_pending_config = 0
I0311 03:37:44.791764    11 raft_consensus.cc:667] T c47912c0b2714f58b34c56d0e2dc9025 P 096da8680d274dba91b50831a23bfd58 [term 10 FOLLOWER]: Starting election with config: opid_index: -1 peers { permanent_uuid: "096da8680d274dba91b50831a23bfd58" member_type: VOTER last_known_private_addr { host: "yb-tserver-n1" port: 9100 } cloud_info { placement_cloud: "cloud1" placement_region: "datacenter1" placement_zone: "rack1" } }
I0311 03:37:44.798875    11 leader_election.cc:242] T c47912c0b2714f58b34c56d0e2dc9025 P 096da8680d274dba91b50831a23bfd58 [CANDIDATE]: Term 10 election: Election decided. Result: candidate won.
I0311 03:37:44.799723    11 raft_consensus.cc:3421] T c47912c0b2714f58b34c56d0e2dc9025 P 096da8680d274dba91b50831a23bfd58 [term 10 FOLLOWER]: Snoozing leader timeout detection for 3.278s
I0311 03:37:44.800591    11 raft_consensus.cc:3328] T c47912c0b2714f58b34c56d0e2dc9025 P 096da8680d274dba91b50831a23bfd58 [term 10 FOLLOWER]: Leader election won for term 10
I0311 03:37:44.801249    11 replica_state.cc:1152] T c47912c0b2714f58b34c56d0e2dc9025 P 096da8680d274dba91b50831a23bfd58 [term 10 FOLLOWER]: Reset our lease: 13.301s
I0311 03:37:44.801851    11 replica_state.cc:1414] T c47912c0b2714f58b34c56d0e2dc9025 P 096da8680d274dba91b50831a23bfd58 [term 10 FOLLOWER]: SetLeaderNoOpCommittedUnlocked(0), committed: 9.9, received: 9.9
I0311 03:37:44.802484    11 consensus_meta.cc:317] T c47912c0b2714f58b34c56d0e2dc9025 P 096da8680d274dba91b50831a23bfd58: Updating active role from FOLLOWER to LEADER. Consensus state: current_term: 10 leader_uuid: "096da8680d274dba91b50831a23bfd58" config { opid_index: -1 peers { permanent_uuid: "096da8680d274dba91b50831a23bfd58" member_type: VOTER last_known_private_addr { host: "yb-tserver-n1" port: 9100 } cloud_info { placement_cloud: "cloud1" placement_region: "datacenter1" placement_zone: "rack1" } } }, has_pending_config = 0
I0311 03:37:44.803107    11 raft_consensus.cc:3367] T c47912c0b2714f58b34c56d0e2dc9025 P 096da8680d274dba91b50831a23bfd58 [term 10 LEADER]: Calling mark dirty synchronously for reason code NEW_LEADER_ELECTED
I0311 03:37:44.804265    11 raft_consensus.cc:1059] T c47912c0b2714f58b34c56d0e2dc9025 P 096da8680d274dba91b50831a23bfd58 [term 10 LEADER]: Becoming Leader. State: Replica: 096da8680d274dba91b50831a23bfd58, State: 1, Role: LEADER, Watermarks: {Received: 9.9 Committed: 9.9} Leader: 0.0
I0311 03:37:44.805178    41 heartbeater.cc:338] P 096da8680d274dba91b50831a23bfd58: Connected to a leader master server at yb-master-n1:7100
I0311 03:37:44.805119    11 consensus_queue.cc:271] T c47912c0b2714f58b34c56d0e2dc9025 P 096da8680d274dba91b50831a23bfd58 [LEADER]: Queue going to LEADER mode. State: All replicated op: 0.0, Majority replicated op: 9.9, Committed index: 9.9, Last applied: 9.9, Last appended: 9.9, Current term: 10, Majority size: 1, State: QUEUE_OPEN, Mode: LEADER, active raft config: opid_index: -1 peers { permanent_uuid: "096da8680d274dba91b50831a23bfd58" member_type: VOTER last_known_private_addr { host: "yb-tserver-n1" port: 9100 } cloud_info { placement_cloud: "cloud1" placement_region: "datacenter1" placement_zone: "rack1" } }
I0311 03:37:44.805894    41 heartbeater.cc:387] P 096da8680d274dba91b50831a23bfd58: Registering TS with master...
I0311 03:37:44.807159    11 raft_consensus.cc:1077] Sending NO_OP at op 9.9
I0311 03:37:44.807793    41 server_base.cc:541] Using private rpc address yb-tserver-n1
I0311 03:37:44.808976    41 server_base.cc:563] Using http address yb-tserver-n1
W0311 03:37:44.810312    96 raft_consensus.cc:1374] Leader lease expiration was not set: Illegal state (yb/consensus/replica_state.cc:1345): NoOp of current term is not committed (majority_replicated_lease_expiration_ = <uninitialized>, majority_replicated_ht_lease_expiration_ = 0)
W0311 03:37:44.811214    41 heartbeater.cc:658] P 096da8680d274dba91b50831a23bfd58: Failed to heartbeat to yb-master-n1:7100: Service unavailable (yb/tserver/heartbeater.cc:479): Master is no longer the leader: code: NOT_THE_LEADER status { code: ILLEGAL_STATE message: "Not the leader. Local UUID: e62675f7a535485386d064e83c9c9d83, Consensus state: current_term: 10 config { opid_index: -1 peers { permanent_uuid: \"e62675f7a535485386d064e83c9c9d83\" member_type: VOTER last_known_private_addr { host: \"yb-master-n1\" port: 7100 } cloud_info { placement_cloud: \"cloud1\" placement_region: \"datacenter1\" placement_zone: \"rack1\" } } }" source_file: "../../src/yb/master/scoped_leader_shared_lock.cc" source_line: 113 errors: "\000" } tries=17, num=1, masters=0x00000040152207c8 -> [[yb-master-n1:7100]], code=Service unavailable
I0311 03:37:44.811653    96 replica_state.cc:1414] T c47912c0b2714f58b34c56d0e2dc9025 P 096da8680d274dba91b50831a23bfd58 [term 10 LEADER]: SetLeaderNoOpCommittedUnlocked(1), committed: 9.9, received: 10.10
I0311 03:37:44.813414    96 replica_state.cc:784] T c47912c0b2714f58b34c56d0e2dc9025 P 096da8680d274dba91b50831a23bfd58 [term 10 LEADER]: Advanced the committed_op_id across terms. Last committed operation was: 9.9 New committed index is: 10.10
I0311 03:37:44.905107    96 raft_consensus.cc:1030] T e778eac89ca24f2993340a6d09c687f8 P 096da8680d274dba91b50831a23bfd58 [term 9 FOLLOWER]: ReportFailDetected: Starting NORMAL_ELECTION...
I0311 03:37:44.906904    96 raft_consensus.cc:627] T e778eac89ca24f2993340a6d09c687f8 P 096da8680d274dba91b50831a23bfd58 [term 9 FOLLOWER]: Triggering leader pre-election, mode=NORMAL_ELECTION
I0311 03:37:44.907923    96 raft_consensus.cc:3421] T e778eac89ca24f2993340a6d09c687f8 P 096da8680d274dba91b50831a23bfd58 [term 9 FOLLOWER]: Snoozing leader timeout detection for 3.007s
I0311 03:37:44.908998    96 raft_consensus.cc:667] T e778eac89ca24f2993340a6d09c687f8 P 096da8680d274dba91b50831a23bfd58 [term 9 FOLLOWER]: Starting pre-election with config: opid_index: -1 peers { permanent_uuid: "096da8680d274dba91b50831a23bfd58" member_type: VOTER last_known_private_addr { host: "yb-tserver-n1" port: 9100 } cloud_info { placement_cloud: "cloud1" placement_region: "datacenter1" placement_zone: "rack1" } }
I0311 03:37:44.910363    96 leader_election.cc:242] T e778eac89ca24f2993340a6d09c687f8 P 096da8680d274dba91b50831a23bfd58 [CANDIDATE]: Term 10 pre-election: Election decided. Result: candidate won.
I0311 03:37:44.911568    11 raft_consensus.cc:3421] T e778eac89ca24f2993340a6d09c687f8 P 096da8680d274dba91b50831a23bfd58 [term 9 FOLLOWER]: Snoozing leader timeout detection for 3.231s
I0311 03:37:44.912672    11 raft_consensus.cc:3314] T e778eac89ca24f2993340a6d09c687f8 P 096da8680d274dba91b50831a23bfd58 [term 9 FOLLOWER]: Leader pre-election won for term 10
I0311 03:37:44.913887    11 raft_consensus.cc:627] T e778eac89ca24f2993340a6d09c687f8 P 096da8680d274dba91b50831a23bfd58 [term 9 FOLLOWER]: Triggering leader election, mode=NORMAL_ELECTION
I0311 03:37:44.916005    11 raft_consensus.cc:3421] T e778eac89ca24f2993340a6d09c687f8 P 096da8680d274dba91b50831a23bfd58 [term 9 FOLLOWER]: Snoozing leader timeout detection for 3.126s
I0311 03:37:44.917058    11 raft_consensus.cc:3482] T e778eac89ca24f2993340a6d09c687f8 P 096da8680d274dba91b50831a23bfd58 [term 9 FOLLOWER]: Advancing to term 10
I0311 03:37:44.926858    11 consensus_meta.cc:317] T e778eac89ca24f2993340a6d09c687f8 P 096da8680d274dba91b50831a23bfd58: Updating active role from FOLLOWER to FOLLOWER. Consensus state: current_term: 10 leader_uuid: "" config { opid_index: -1 peers { permanent_uuid: "096da8680d274dba91b50831a23bfd58" member_type: VOTER last_known_private_addr { host: "yb-tserver-n1" port: 9100 } cloud_info { placement_cloud: "cloud1" placement_region: "datacenter1" placement_zone: "rack1" } } }, has_pending_config = 0
I0311 03:37:44.927888    11 raft_consensus.cc:667] T e778eac89ca24f2993340a6d09c687f8 P 096da8680d274dba91b50831a23bfd58 [term 10 FOLLOWER]: Starting election with config: opid_index: -1 peers { permanent_uuid: "096da8680d274dba91b50831a23bfd58" member_type: VOTER last_known_private_addr { host: "yb-tserver-n1" port: 9100 } cloud_info { placement_cloud: "cloud1" placement_region: "datacenter1" placement_zone: "rack1" } }
I0311 03:37:44.934835    11 leader_election.cc:242] T e778eac89ca24f2993340a6d09c687f8 P 096da8680d274dba91b50831a23bfd58 [CANDIDATE]: Term 10 election: Election decided. Result: candidate won.
I0311 03:37:44.935657    11 raft_consensus.cc:3421] T e778eac89ca24f2993340a6d09c687f8 P 096da8680d274dba91b50831a23bfd58 [term 10 FOLLOWER]: Snoozing leader timeout detection for 3.168s
I0311 03:37:44.936280    11 raft_consensus.cc:3328] T e778eac89ca24f2993340a6d09c687f8 P 096da8680d274dba91b50831a23bfd58 [term 10 FOLLOWER]: Leader election won for term 10
I0311 03:37:44.937023    11 replica_state.cc:1152] T e778eac89ca24f2993340a6d09c687f8 P 096da8680d274dba91b50831a23bfd58 [term 10 FOLLOWER]: Reset our lease: 13.437s
I0311 03:37:44.937721    11 replica_state.cc:1414] T e778eac89ca24f2993340a6d09c687f8 P 096da8680d274dba91b50831a23bfd58 [term 10 FOLLOWER]: SetLeaderNoOpCommittedUnlocked(0), committed: 9.9, received: 9.9
I0311 03:37:44.938400    11 consensus_meta.cc:317] T e778eac89ca24f2993340a6d09c687f8 P 096da8680d274dba91b50831a23bfd58: Updating active role from FOLLOWER to LEADER. Consensus state: current_term: 10 leader_uuid: "096da8680d274dba91b50831a23bfd58" config { opid_index: -1 peers { permanent_uuid: "096da8680d274dba91b50831a23bfd58" member_type: VOTER last_known_private_addr { host: "yb-tserver-n1" port: 9100 } cloud_info { placement_cloud: "cloud1" placement_region: "datacenter1" placement_zone: "rack1" } } }, has_pending_config = 0
I0311 03:37:44.939082    11 raft_consensus.cc:3367] T e778eac89ca24f2993340a6d09c687f8 P 096da8680d274dba91b50831a23bfd58 [term 10 LEADER]: Calling mark dirty synchronously for reason code NEW_LEADER_ELECTED
I0311 03:37:44.939888    11 raft_consensus.cc:1059] T e778eac89ca24f2993340a6d09c687f8 P 096da8680d274dba91b50831a23bfd58 [term 10 LEADER]: Becoming Leader. State: Replica: 096da8680d274dba91b50831a23bfd58, State: 1, Role: LEADER, Watermarks: {Received: 9.9 Committed: 9.9} Leader: 0.0
I0311 03:37:44.940626    11 consensus_queue.cc:271] T e778eac89ca24f2993340a6d09c687f8 P 096da8680d274dba91b50831a23bfd58 [LEADER]: Queue going to LEADER mode. State: All replicated op: 0.0, Majority replicated op: 9.9, Committed index: 9.9, Last applied: 9.9, Last appended: 9.9, Current term: 10, Majority size: 1, State: QUEUE_OPEN, Mode: LEADER, active raft config: opid_index: -1 peers { permanent_uuid: "096da8680d274dba91b50831a23bfd58" member_type: VOTER last_known_private_addr { host: "yb-tserver-n1" port: 9100 } cloud_info { placement_cloud: "cloud1" placement_region: "datacenter1" placement_zone: "rack1" } }
I0311 03:37:44.941323    11 raft_consensus.cc:1077] Sending NO_OP at op 9.9
I0311 03:37:44.941479    41 heartbeater.cc:338] P 096da8680d274dba91b50831a23bfd58: Connected to a leader master server at yb-master-n1:7100
I0311 03:37:44.942987    41 heartbeater.cc:387] P 096da8680d274dba91b50831a23bfd58: Registering TS with master...
I0311 03:37:44.943665    41 server_base.cc:541] Using private rpc address yb-tserver-n1
I0311 03:37:44.944229    41 server_base.cc:563] Using http address yb-tserver-n1
W0311 03:37:44.944407    96 raft_consensus.cc:1374] Leader lease expiration was not set: Illegal state (yb/consensus/replica_state.cc:1345): NoOp of current term is not committed (majority_replicated_lease_expiration_ = <uninitialized>, majority_replicated_ht_lease_expiration_ = 0)
I0311 03:37:44.945885    96 replica_state.cc:1414] T e778eac89ca24f2993340a6d09c687f8 P 096da8680d274dba91b50831a23bfd58 [term 10 LEADER]: SetLeaderNoOpCommittedUnlocked(1), committed: 9.9, received: 10.10
I0311 03:37:44.946449    96 replica_state.cc:784] T e778eac89ca24f2993340a6d09c687f8 P 096da8680d274dba91b50831a23bfd58 [term 10 LEADER]: Advanced the committed_op_id across terms. Last committed operation was: 9.9 New committed index is: 10.10
W0311 03:37:44.948217    41 heartbeater.cc:658] P 096da8680d274dba91b50831a23bfd58: Failed to heartbeat to yb-master-n1:7100: Service unavailable (yb/tserver/heartbeater.cc:479): Master is no longer the leader: code: NOT_THE_LEADER status { code: ILLEGAL_STATE message: "Not the leader. Local UUID: e62675f7a535485386d064e83c9c9d83, Consensus state: current_term: 10 config { opid_index: -1 peers { permanent_uuid: \"e62675f7a535485386d064e83c9c9d83\" member_type: VOTER last_known_private_addr { host: \"yb-master-n1\" port: 7100 } cloud_info { placement_cloud: \"cloud1\" placement_region: \"datacenter1\" placement_zone: \"rack1\" } } }" source_file: "../../src/yb/master/scoped_leader_shared_lock.cc" source_line: 113 errors: "\000" } tries=18, num=1, masters=0x00000040152207c8 -> [[yb-master-n1:7100]], code=Service unavailable
I0311 03:37:45.032138    96 raft_consensus.cc:1030] T 974d5dc4624a4cc8ba8333f193777a6e P 096da8680d274dba91b50831a23bfd58 [term 9 FOLLOWER]: ReportFailDetected: Starting NORMAL_ELECTION...
I0311 03:37:45.032516    96 raft_consensus.cc:627] T 974d5dc4624a4cc8ba8333f193777a6e P 096da8680d274dba91b50831a23bfd58 [term 9 FOLLOWER]: Triggering leader pre-election, mode=NORMAL_ELECTION
I0311 03:37:45.032860    96 raft_consensus.cc:3421] T 974d5dc4624a4cc8ba8333f193777a6e P 096da8680d274dba91b50831a23bfd58 [term 9 FOLLOWER]: Snoozing leader timeout detection for 3.298s
I0311 03:37:45.033242    96 raft_consensus.cc:667] T 974d5dc4624a4cc8ba8333f193777a6e P 096da8680d274dba91b50831a23bfd58 [term 9 FOLLOWER]: Starting pre-election with config: opid_index: -1 peers { permanent_uuid: "096da8680d274dba91b50831a23bfd58" member_type: VOTER last_known_private_addr { host: "yb-tserver-n1" port: 9100 } cloud_info { placement_cloud: "cloud1" placement_region: "datacenter1" placement_zone: "rack1" } }
I0311 03:37:45.033638    96 leader_election.cc:242] T 974d5dc4624a4cc8ba8333f193777a6e P 096da8680d274dba91b50831a23bfd58 [CANDIDATE]: Term 10 pre-election: Election decided. Result: candidate won.
