Log file created at: 2023/03/11 03:09:53
Current UTC time: 2023/03/11 03:09:53
Running on machine: a61de664b8cc
Application fingerprint: version 2.16.1.1 build 3 revision a330db94c4b2eabde1f199c7ef6d05402137cc83 build_type RELEASE built at 10 Feb 2023 23:41:37 UTC
Running duration (h:mm:ss): 0:00:00
Log line format: [IWEF]mmdd hh:mm:ss.uuuuuu threadid file:line] msg
I0311 03:09:53.588142     8 server_main_util.cc:72] NumCPUs determined to be: 5
I0311 03:09:53.598219     8 mem_tracker.cc:345] Setting tcmalloc max thread cache bytes to: 174949094
I0311 03:09:53.598867     8 tablet_server_main.cc:166] Using parsed rpc = yb-tserver-n1:9100
I0311 03:09:53.600306     8 tablet_server_main.cc:159] Reset YEDIS bind address to yb-tserver-n1:6379
I0311 03:09:53.600857     8 tablet_server_main.cc:159] Reset YCQL bind address to yb-tserver-n1:9042
I0311 03:09:53.601347     8 tablet_server_main.cc:159] Reset YSQL bind address to yb-tserver-n1:5433
I0311 03:09:53.601821     8 encrypted_file_factory.cc:88] Created encrypted file factory
I0311 03:09:53.603338     8 server_base_options.cc:176] Updating master addrs to {yb-master-n1:7100}
I0311 03:09:53.604285     8 server_base_options.cc:176] Updating master addrs to {yb-master-n1:7100}
I0311 03:09:53.605841     8 server_base_options.cc:176] Updating master addrs to {yb-master-n1:7100}
I0311 03:09:53.614466     8 shared_mem.cc:137] Using memfd_create as a shared memory provider
I0311 03:09:53.618238     8 mem_tracker.cc:892] MemTracker: hard memory limit is 6.517362 GB
I0311 03:09:53.623510     8 mem_tracker.cc:894] MemTracker: soft memory limit is 5.539757 GB
I0311 03:09:53.624271     8 server_base_options.cc:176] Updating master addrs to {yb-master-n1:7100}
I0311 03:09:53.635869     8 docdb_rocksdb_util.cc:601] FLAGS_priority_thread_pool_size was not set, automatically configuring to 2.
I0311 03:09:53.644088     8 rpc_server.cc:90] yb::server::RpcServer created at 0x401501a5a0
I0311 03:09:53.644873     8 tablet_server.cc:189] yb::tserver::TabletServer created at 0x40151ea000
I0311 03:09:53.645303     8 tablet_server.cc:190] yb::tserver::TSTabletManager created at 0x4015105a80
I0311 03:09:53.645690     8 tablet_server_main.cc:231] Initializing tablet server...
I0311 03:09:53.701126     8 fs_manager.cc:383] Opened local filesystem: /mnt/tserver
uuid: "096da8680d274dba91b50831a23bfd58"
format_stamp: "Formatted at 2023-03-10 16:06:28 on ebf588942a27"
initdb_done_set_after_sys_catalog_restore: true
I0311 03:09:53.716464     8 auto_flags_manager.cc:307] AutoFlags applied: TEST_auto_flags_initialized,regular_tablets_data_block_key_value_encoding
I0311 03:09:53.719249     8 server_base.cc:259] Auto setting FLAGS_num_reactor_threads to 5
I0311 03:09:53.720932     8 secure.cc:147] SetupSecureContext: kInternal, 0
I0311 03:09:53.725961     8 thread_pool.cc:170] Starting thread pool { name: TabletServer queue_limit: 10000 max_workers: 1024 }
I0311 03:09:53.737293     8 ts_tablet_manager.cc:497] P 096da8680d274dba91b50831a23bfd58: max_bootstrap_threads=4
I0311 03:09:53.741590     8 server_base.cc:541] Using private rpc address yb-tserver-n1
I0311 03:09:53.742355     8 ts_tablet_manager.cc:1456] Loading metadata for tablet 22d66049cb9c4419a35469ea8c2c36bc
I0311 03:09:53.755753     8 doc_read_context.cc:52] T 22d66049cb9c4419a35469ea8c2c36bc P 096da8680d274dba91b50831a23bfd58: LogAfterLoad: [0]
I0311 03:09:53.757748     8 ts_tablet_manager.cc:2375] Update data/wal directory assignment map for table: 929f7d28b7a2483c9b6c4652af3f6131 and tablet 22d66049cb9c4419a35469ea8c2c36bc
I0311 03:09:53.760321     8 ts_tablet_manager.cc:1456] Loading metadata for tablet 3a76ab24970d40ef859dfa774b11abe1
I0311 03:09:53.764330     8 doc_read_context.cc:52] T 3a76ab24970d40ef859dfa774b11abe1 P 096da8680d274dba91b50831a23bfd58: LogAfterLoad: [0]
I0311 03:09:53.764925     8 ts_tablet_manager.cc:2375] Update data/wal directory assignment map for table: 929f7d28b7a2483c9b6c4652af3f6131 and tablet 3a76ab24970d40ef859dfa774b11abe1
I0311 03:09:53.765456     8 ts_tablet_manager.cc:1456] Loading metadata for tablet 5c82d2d282b24c23a5a85eaa9b3797e3
I0311 03:09:53.769591     8 doc_read_context.cc:52] T 5c82d2d282b24c23a5a85eaa9b3797e3 P 096da8680d274dba91b50831a23bfd58: LogAfterLoad: [0]
I0311 03:09:53.770066     8 ts_tablet_manager.cc:2375] Update data/wal directory assignment map for table: 929f7d28b7a2483c9b6c4652af3f6131 and tablet 5c82d2d282b24c23a5a85eaa9b3797e3
I0311 03:09:53.770586     8 ts_tablet_manager.cc:1456] Loading metadata for tablet 974d5dc4624a4cc8ba8333f193777a6e
I0311 03:09:53.773883     8 doc_read_context.cc:52] T 974d5dc4624a4cc8ba8333f193777a6e P 096da8680d274dba91b50831a23bfd58: LogAfterLoad: [0]
I0311 03:09:53.774374     8 ts_tablet_manager.cc:2375] Update data/wal directory assignment map for table: 929f7d28b7a2483c9b6c4652af3f6131 and tablet 974d5dc4624a4cc8ba8333f193777a6e
I0311 03:09:53.774919     8 ts_tablet_manager.cc:1456] Loading metadata for tablet c47912c0b2714f58b34c56d0e2dc9025
I0311 03:09:53.778453     8 doc_read_context.cc:52] T c47912c0b2714f58b34c56d0e2dc9025 P 096da8680d274dba91b50831a23bfd58: LogAfterLoad: [0]
I0311 03:09:53.779072     8 ts_tablet_manager.cc:2375] Update data/wal directory assignment map for table: 929f7d28b7a2483c9b6c4652af3f6131 and tablet c47912c0b2714f58b34c56d0e2dc9025
I0311 03:09:53.779578     8 ts_tablet_manager.cc:1456] Loading metadata for tablet df17b40b75664e0aaa44ec6687a7a233
I0311 03:09:53.782783     8 doc_read_context.cc:52] T df17b40b75664e0aaa44ec6687a7a233 P 096da8680d274dba91b50831a23bfd58: LogAfterLoad: [0]
I0311 03:09:53.783200     8 ts_tablet_manager.cc:2375] Update data/wal directory assignment map for table: 929f7d28b7a2483c9b6c4652af3f6131 and tablet df17b40b75664e0aaa44ec6687a7a233
I0311 03:09:53.783643     8 ts_tablet_manager.cc:1456] Loading metadata for tablet e778eac89ca24f2993340a6d09c687f8
I0311 03:09:53.786427     8 doc_read_context.cc:52] T e778eac89ca24f2993340a6d09c687f8 P 096da8680d274dba91b50831a23bfd58: LogAfterLoad: [0]
I0311 03:09:53.786864     8 ts_tablet_manager.cc:2375] Update data/wal directory assignment map for table: 929f7d28b7a2483c9b6c4652af3f6131 and tablet e778eac89ca24f2993340a6d09c687f8
I0311 03:09:53.787209     8 ts_tablet_manager.cc:1456] Loading metadata for tablet ef19613afa234c5d943034489b070927
I0311 03:09:53.789762     8 doc_read_context.cc:52] T ef19613afa234c5d943034489b070927 P 096da8680d274dba91b50831a23bfd58: LogAfterLoad: [0]
I0311 03:09:53.790144     8 ts_tablet_manager.cc:2375] Update data/wal directory assignment map for table: 929f7d28b7a2483c9b6c4652af3f6131 and tablet ef19613afa234c5d943034489b070927
I0311 03:09:53.790573     8 ts_tablet_manager.cc:555] Loaded metadata for 8 tablet in 48 ms
I0311 03:09:53.792229     8 ts_tablet_manager.cc:1825] P 096da8680d274dba91b50831a23bfd58: Registered tablet ef19613afa234c5d943034489b070927
I0311 03:09:53.794487    27 ts_tablet_manager.cc:1478] T ef19613afa234c5d943034489b070927 P 096da8680d274dba91b50831a23bfd58: Bootstrapping tablet
I0311 03:09:53.794572     8 ts_tablet_manager.cc:1825] P 096da8680d274dba91b50831a23bfd58: Registered tablet e778eac89ca24f2993340a6d09c687f8
I0311 03:09:53.795827    28 ts_tablet_manager.cc:1478] T e778eac89ca24f2993340a6d09c687f8 P 096da8680d274dba91b50831a23bfd58: Bootstrapping tablet
I0311 03:09:53.796003     8 ts_tablet_manager.cc:1825] P 096da8680d274dba91b50831a23bfd58: Registered tablet df17b40b75664e0aaa44ec6687a7a233
I0311 03:09:53.797480    29 ts_tablet_manager.cc:1478] T df17b40b75664e0aaa44ec6687a7a233 P 096da8680d274dba91b50831a23bfd58: Bootstrapping tablet
I0311 03:09:53.797601     8 ts_tablet_manager.cc:1825] P 096da8680d274dba91b50831a23bfd58: Registered tablet c47912c0b2714f58b34c56d0e2dc9025
I0311 03:09:53.798831    30 ts_tablet_manager.cc:1478] T c47912c0b2714f58b34c56d0e2dc9025 P 096da8680d274dba91b50831a23bfd58: Bootstrapping tablet
I0311 03:09:53.798961     8 ts_tablet_manager.cc:1825] P 096da8680d274dba91b50831a23bfd58: Registered tablet 974d5dc4624a4cc8ba8333f193777a6e
I0311 03:09:53.800928     8 ts_tablet_manager.cc:1825] P 096da8680d274dba91b50831a23bfd58: Registered tablet 5c82d2d282b24c23a5a85eaa9b3797e3
I0311 03:09:53.801577     8 ts_tablet_manager.cc:1825] P 096da8680d274dba91b50831a23bfd58: Registered tablet 3a76ab24970d40ef859dfa774b11abe1
I0311 03:09:53.802686     8 ts_tablet_manager.cc:1825] P 096da8680d274dba91b50831a23bfd58: Registered tablet 22d66049cb9c4419a35469ea8c2c36bc
I0311 03:09:53.807979     8 server_base.cc:541] Using private rpc address yb-tserver-n1
I0311 03:09:53.811048     8 tablet_server_main.cc:233] Starting tablet server...
I0311 03:09:53.811487     8 ulimit_util.cc:211] Configured soft limit for cpu time is already larger than specified min value (unlimited vs. unlimited). Skipping.
I0311 03:09:53.812391     8 ulimit_util.cc:211] Configured soft limit for file size is already larger than specified min value (unlimited vs. unlimited). Skipping.
I0311 03:09:53.812819     8 ulimit_util.cc:211] Configured soft limit for data seg size is already larger than specified min value (unlimited vs. unlimited). Skipping.
I0311 03:09:53.802784    30 consensus_meta.cc:317] T c47912c0b2714f58b34c56d0e2dc9025 P 096da8680d274dba91b50831a23bfd58: Updating active role from UNKNOWN_ROLE to FOLLOWER. Consensus state: current_term: 4 leader_uuid: "" config { opid_index: -1 peers { permanent_uuid: "096da8680d274dba91b50831a23bfd58" member_type: VOTER last_known_private_addr { host: "yb-tserver-n1" port: 9100 } cloud_info { placement_cloud: "cloud1" placement_region: "datacenter1" placement_zone: "rack1" } } }, has_pending_config = 0
I0311 03:09:53.802768    28 consensus_meta.cc:317] T e778eac89ca24f2993340a6d09c687f8 P 096da8680d274dba91b50831a23bfd58: Updating active role from UNKNOWN_ROLE to FOLLOWER. Consensus state: current_term: 4 leader_uuid: "" config { opid_index: -1 peers { permanent_uuid: "096da8680d274dba91b50831a23bfd58" member_type: VOTER last_known_private_addr { host: "yb-tserver-n1" port: 9100 } cloud_info { placement_cloud: "cloud1" placement_region: "datacenter1" placement_zone: "rack1" } } }, has_pending_config = 0
I0311 03:09:53.799223    27 consensus_meta.cc:317] T ef19613afa234c5d943034489b070927 P 096da8680d274dba91b50831a23bfd58: Updating active role from UNKNOWN_ROLE to FOLLOWER. Consensus state: current_term: 4 leader_uuid: "" config { opid_index: -1 peers { permanent_uuid: "096da8680d274dba91b50831a23bfd58" member_type: VOTER last_known_private_addr { host: "yb-tserver-n1" port: 9100 } cloud_info { placement_cloud: "cloud1" placement_region: "datacenter1" placement_zone: "rack1" } } }, has_pending_config = 0
I0311 03:09:53.801887    29 consensus_meta.cc:317] T df17b40b75664e0aaa44ec6687a7a233 P 096da8680d274dba91b50831a23bfd58: Updating active role from UNKNOWN_ROLE to FOLLOWER. Consensus state: current_term: 4 leader_uuid: "" config { opid_index: -1 peers { permanent_uuid: "096da8680d274dba91b50831a23bfd58" member_type: VOTER last_known_private_addr { host: "yb-tserver-n1" port: 9100 } cloud_info { placement_cloud: "cloud1" placement_region: "datacenter1" placement_zone: "rack1" } } }, has_pending_config = 0
I0311 03:09:53.813266     8 ulimit_util.cc:211] Configured soft limit for stack size is already larger than specified min value (8388608 vs. 8388608). Skipping.
I0311 03:09:53.815348     8 ulimit_util.cc:211] Configured soft limit for max user processes is already larger than specified min value (unlimited vs. 12000). Skipping.
I0311 03:09:53.814832    30 tablet_peer.cc:1455] T c47912c0b2714f58b34c56d0e2dc9025 P 096da8680d274dba91b50831a23bfd58 [state=BOOTSTRAPPING]: Changed state from NOT_STARTED to BOOTSTRAPPING
I0311 03:09:53.814903    27 tablet_peer.cc:1455] T ef19613afa234c5d943034489b070927 P 096da8680d274dba91b50831a23bfd58 [state=BOOTSTRAPPING]: Changed state from NOT_STARTED to BOOTSTRAPPING
I0311 03:09:53.814978    29 tablet_peer.cc:1455] T df17b40b75664e0aaa44ec6687a7a233 P 096da8680d274dba91b50831a23bfd58 [state=BOOTSTRAPPING]: Changed state from NOT_STARTED to BOOTSTRAPPING
I0311 03:09:53.815855     8 ulimit_util.cc:211] Configured soft limit for open files is already larger than specified min value (1048576 vs. 1048576). Skipping.
I0311 03:09:53.814852    28 tablet_peer.cc:1455] T e778eac89ca24f2993340a6d09c687f8 P 096da8680d274dba91b50831a23bfd58 [state=BOOTSTRAPPING]: Changed state from NOT_STARTED to BOOTSTRAPPING
I0311 03:09:53.817056    29 tablet_bootstrap_if.cc:96] T df17b40b75664e0aaa44ec6687a7a233 P 096da8680d274dba91b50831a23bfd58: Bootstrap starting.
I0311 03:09:53.816956    27 tablet_bootstrap_if.cc:96] T ef19613afa234c5d943034489b070927 P 096da8680d274dba91b50831a23bfd58: Bootstrap starting.
I0311 03:09:53.816979    30 tablet_bootstrap_if.cc:96] T c47912c0b2714f58b34c56d0e2dc9025 P 096da8680d274dba91b50831a23bfd58: Bootstrap starting.
I0311 03:09:53.817314     8 ulimit_util.cc:211] Configured soft limit for max locked memory is already larger than specified min value (65536 vs. 65536). Skipping.
I0311 03:09:53.820989     8 ulimit_util.cc:211] Configured soft limit for max memory size is already larger than specified min value (unlimited vs. unlimited). Skipping.
I0311 03:09:53.818359    28 tablet_bootstrap_if.cc:96] T e778eac89ca24f2993340a6d09c687f8 P 096da8680d274dba91b50831a23bfd58: Bootstrap starting.
I0311 03:09:53.821489    27 tablet.cc:455] T ef19613afa234c5d943034489b070927 P 096da8680d274dba91b50831a23bfd58: Schema version for transactions is 0
I0311 03:09:53.821511    29 tablet.cc:455] T df17b40b75664e0aaa44ec6687a7a233 P 096da8680d274dba91b50831a23bfd58: Schema version for transactions is 0
I0311 03:09:53.823233    30 tablet.cc:455] T c47912c0b2714f58b34c56d0e2dc9025 P 096da8680d274dba91b50831a23bfd58: Schema version for transactions is 0
I0311 03:09:53.822361     8 tablet_server_main.cc:235] ulimit cur(max)...
ulimit: core file size 0(unlimited) blks
ulimit: data seg size unlimited(unlimited) kb
ulimit: open files 1048576(1048576)
ulimit: file size unlimited(unlimited) blks
ulimit: pending signals 30948(30948)
ulimit: file locks unlimited(unlimited)
ulimit: max locked memory 64(64) kb
ulimit: max memory size unlimited(unlimited) kb
ulimit: stack size 8192(unlimited) kb
ulimit: cpu time unlimited(unlimited) secs
ulimit: max user processes unlimited(unlimited)
I0311 03:09:53.824753    28 tablet.cc:455] T e778eac89ca24f2993340a6d09c687f8 P 096da8680d274dba91b50831a23bfd58: Schema version for transactions is 0
I0311 03:09:53.825810     8 tablet_server.cc:390] Auto setting FLAGS_tablet_server_svc_num_threads to 160
I0311 03:09:53.827076     8 tablet_server.cc:398] Auto setting FLAGS_num_concurrent_backfills_allowed to 2
I0311 03:09:53.828780     8 tablet_server.cc:408] Auto setting FLAGS_ts_consensus_svc_num_threads to 160
I0311 03:09:53.838444    29 tablet_bootstrap.cc:639] T df17b40b75664e0aaa44ec6687a7a233 P 096da8680d274dba91b50831a23bfd58: Time spent opening tablet: real 0.001s	user 0.000s	sys 0.001s
I0311 03:09:53.838440    27 tablet_bootstrap.cc:639] T ef19613afa234c5d943034489b070927 P 096da8680d274dba91b50831a23bfd58: Time spent opening tablet: real 0.001s	user 0.000s	sys 0.000s
I0311 03:09:53.840659    28 tablet_bootstrap.cc:639] T e778eac89ca24f2993340a6d09c687f8 P 096da8680d274dba91b50831a23bfd58: Time spent opening tablet: real 0.000s	user 0.000s	sys 0.000s
I0311 03:09:53.840893    30 tablet_bootstrap.cc:639] T c47912c0b2714f58b34c56d0e2dc9025 P 096da8680d274dba91b50831a23bfd58: Time spent opening tablet: real 0.000s	user 0.000s	sys 0.000s
I0311 03:09:53.842527    33 async_initializer.cc:82] Starting to init ybclient
I0311 03:09:53.843943     8 service_pool.cc:153] yb.tserver.TabletServerBackupService: yb::rpc::ServicePoolImpl created at 0x4014fdefc0
I0311 03:09:53.847421     8 service_pool.cc:153] yb.cdc.CDCService: yb::rpc::ServicePoolImpl created at 0x4014fdf440
I0311 03:09:53.847834    28 tablet_bootstrap.cc:716] T e778eac89ca24f2993340a6d09c687f8 P 096da8680d274dba91b50831a23bfd58: Will attempt to recover log segment /mnt/tserver/yb-data/tserver/wals/table-929f7d28b7a2483c9b6c4652af3f6131/tablet-e778eac89ca24f2993340a6d09c687f8/wal-000000003
I0311 03:09:53.847841    30 tablet_bootstrap.cc:716] T c47912c0b2714f58b34c56d0e2dc9025 P 096da8680d274dba91b50831a23bfd58: Will attempt to recover log segment /mnt/tserver/yb-data/tserver/wals/table-929f7d28b7a2483c9b6c4652af3f6131/tablet-c47912c0b2714f58b34c56d0e2dc9025/wal-000000003
I0311 03:09:53.847760    27 tablet_bootstrap.cc:716] T ef19613afa234c5d943034489b070927 P 096da8680d274dba91b50831a23bfd58: Will attempt to recover log segment /mnt/tserver/yb-data/tserver/wals/table-929f7d28b7a2483c9b6c4652af3f6131/tablet-ef19613afa234c5d943034489b070927/wal-000000003
I0311 03:09:53.847896    29 tablet_bootstrap.cc:716] T df17b40b75664e0aaa44ec6687a7a233 P 096da8680d274dba91b50831a23bfd58: Will attempt to recover log segment /mnt/tserver/yb-data/tserver/wals/table-929f7d28b7a2483c9b6c4652af3f6131/tablet-df17b40b75664e0aaa44ec6687a7a233/wal-000000003
I0311 03:09:53.848822    28 tablet_bootstrap.cc:716] T e778eac89ca24f2993340a6d09c687f8 P 096da8680d274dba91b50831a23bfd58: Will attempt to recover log segment /mnt/tserver/yb-data/tserver/wals/table-929f7d28b7a2483c9b6c4652af3f6131/tablet-e778eac89ca24f2993340a6d09c687f8/wal-000000004
I0311 03:09:53.849468    30 tablet_bootstrap.cc:716] T c47912c0b2714f58b34c56d0e2dc9025 P 096da8680d274dba91b50831a23bfd58: Will attempt to recover log segment /mnt/tserver/yb-data/tserver/wals/table-929f7d28b7a2483c9b6c4652af3f6131/tablet-c47912c0b2714f58b34c56d0e2dc9025/wal-000000004
I0311 03:09:53.849871    27 tablet_bootstrap.cc:716] T ef19613afa234c5d943034489b070927 P 096da8680d274dba91b50831a23bfd58: Will attempt to recover log segment /mnt/tserver/yb-data/tserver/wals/table-929f7d28b7a2483c9b6c4652af3f6131/tablet-ef19613afa234c5d943034489b070927/wal-000000004
I0311 03:09:53.850220    29 tablet_bootstrap.cc:716] T df17b40b75664e0aaa44ec6687a7a233 P 096da8680d274dba91b50831a23bfd58: Will attempt to recover log segment /mnt/tserver/yb-data/tserver/wals/table-929f7d28b7a2483c9b6c4652af3f6131/tablet-df17b40b75664e0aaa44ec6687a7a233/wal-000000004
I0311 03:09:53.850414    35 client-internal.cc:2304] New master addresses: [yb-master-n1:7100]
I0311 03:09:53.851699    29 tablet_bootstrap.cc:1127] T df17b40b75664e0aaa44ec6687a7a233 P 096da8680d274dba91b50831a23bfd58: Flushed DocDB OpIds: { regular: -1.-1 intents: -1.-1 }
I0311 03:09:53.852203    27 tablet_bootstrap.cc:1127] T ef19613afa234c5d943034489b070927 P 096da8680d274dba91b50831a23bfd58: Flushed DocDB OpIds: { regular: -1.-1 intents: -1.-1 }
I0311 03:09:53.851846    30 tablet_bootstrap.cc:1127] T c47912c0b2714f58b34c56d0e2dc9025 P 096da8680d274dba91b50831a23bfd58: Flushed DocDB OpIds: { regular: -1.-1 intents: -1.-1 }
I0311 03:09:53.851711    28 tablet_bootstrap.cc:1127] T e778eac89ca24f2993340a6d09c687f8 P 096da8680d274dba91b50831a23bfd58: Flushed DocDB OpIds: { regular: -1.-1 intents: -1.-1 }
I0311 03:09:53.856040    29 tablet_bootstrap.cc:1288] T df17b40b75664e0aaa44ec6687a7a233 P 096da8680d274dba91b50831a23bfd58: Max persistent index in RocksDB's SSTables before bootstrap: regular RocksDB: -1.-1; intents RocksDB: -1.-1
I0311 03:09:53.856005    30 tablet_bootstrap.cc:1288] T c47912c0b2714f58b34c56d0e2dc9025 P 096da8680d274dba91b50831a23bfd58: Max persistent index in RocksDB's SSTables before bootstrap: regular RocksDB: -1.-1; intents RocksDB: -1.-1
I0311 03:09:53.855993    27 tablet_bootstrap.cc:1288] T ef19613afa234c5d943034489b070927 P 096da8680d274dba91b50831a23bfd58: Max persistent index in RocksDB's SSTables before bootstrap: regular RocksDB: -1.-1; intents RocksDB: -1.-1
I0311 03:09:53.856204    28 tablet_bootstrap.cc:1288] T e778eac89ca24f2993340a6d09c687f8 P 096da8680d274dba91b50831a23bfd58: Max persistent index in RocksDB's SSTables before bootstrap: regular RocksDB: -1.-1; intents RocksDB: -1.-1
I0311 03:09:53.860802    30 log.cc:1278] T c47912c0b2714f58b34c56d0e2dc9025 P 096da8680d274dba91b50831a23bfd58: Setting log wal retention time to 0 seconds
I0311 03:09:53.861093    27 log.cc:1278] T ef19613afa234c5d943034489b070927 P 096da8680d274dba91b50831a23bfd58: Setting log wal retention time to 0 seconds
I0311 03:09:53.861099    28 log.cc:1278] T e778eac89ca24f2993340a6d09c687f8 P 096da8680d274dba91b50831a23bfd58: Setting log wal retention time to 0 seconds
I0311 03:09:53.861133    29 log.cc:1278] T df17b40b75664e0aaa44ec6687a7a233 P 096da8680d274dba91b50831a23bfd58: Setting log wal retention time to 0 seconds
I0311 03:09:53.871438     8 tablet_server.cc:416] yb::tserver::TabletServiceImpl created at 0x4015026020
I0311 03:09:53.872769    33 async_initializer.cc:86] Successfully built ybclient
I0311 03:09:53.872983     8 service_pool.cc:153] yb.tserver.TabletServerService: yb::rpc::ServicePoolImpl created at 0x4014fdf680
I0311 03:09:53.878489     8 tablet_server.cc:421] yb::tserver::TabletServiceAdminImpl created at 0x4015296000
I0311 03:09:53.880383     8 service_pool.cc:153] yb.tserver.TabletServerAdminService: yb::rpc::ServicePoolImpl created at 0x4014fdf8c0
W0311 03:09:53.881799    27 log_util.cc:240] Could not read footer for segment: /mnt/tserver/yb-data/tserver/wals/table-929f7d28b7a2483c9b6c4652af3f6131/tablet-ef19613afa234c5d943034489b070927/wal-000000003: Not found (yb/consensus/log_util.cc:554): Footer not found. Footer magic doesn't match
W0311 03:09:53.880786    28 log_util.cc:240] Could not read footer for segment: /mnt/tserver/yb-data/tserver/wals/table-929f7d28b7a2483c9b6c4652af3f6131/tablet-e778eac89ca24f2993340a6d09c687f8/wal-000000003: Not found (yb/consensus/log_util.cc:554): Footer not found. Footer magic doesn't match
W0311 03:09:53.881882    29 log_util.cc:240] Could not read footer for segment: /mnt/tserver/yb-data/tserver/wals/table-929f7d28b7a2483c9b6c4652af3f6131/tablet-df17b40b75664e0aaa44ec6687a7a233/wal-000000003: Not found (yb/consensus/log_util.cc:554): Footer not found. Footer magic doesn't match
W0311 03:09:53.880776    30 log_util.cc:240] Could not read footer for segment: /mnt/tserver/yb-data/tserver/wals/table-929f7d28b7a2483c9b6c4652af3f6131/tablet-c47912c0b2714f58b34c56d0e2dc9025/wal-000000003: Not found (yb/consensus/log_util.cc:554): Footer not found. Footer magic doesn't match
I0311 03:09:53.884322     8 tablet_server.cc:427] yb::tserver::ConsensusServiceImpl created at 0x401522a000
W0311 03:09:53.890233    27 log_reader.cc:192] T ef19613afa234c5d943034489b070927 P 096da8680d274dba91b50831a23bfd58: Log segment /mnt/tserver/yb-data/tserver/wals/table-929f7d28b7a2483c9b6c4652af3f6131/tablet-ef19613afa234c5d943034489b070927/wal-000000003 was likely left in-progress after a previous crash. Will try to rebuild footer by scanning data.
W0311 03:09:53.891037    28 log_reader.cc:192] T e778eac89ca24f2993340a6d09c687f8 P 096da8680d274dba91b50831a23bfd58: Log segment /mnt/tserver/yb-data/tserver/wals/table-929f7d28b7a2483c9b6c4652af3f6131/tablet-e778eac89ca24f2993340a6d09c687f8/wal-000000003 was likely left in-progress after a previous crash. Will try to rebuild footer by scanning data.
W0311 03:09:53.891719    29 log_reader.cc:192] T df17b40b75664e0aaa44ec6687a7a233 P 096da8680d274dba91b50831a23bfd58: Log segment /mnt/tserver/yb-data/tserver/wals/table-929f7d28b7a2483c9b6c4652af3f6131/tablet-df17b40b75664e0aaa44ec6687a7a233/wal-000000003 was likely left in-progress after a previous crash. Will try to rebuild footer by scanning data.
W0311 03:09:53.892391    30 log_reader.cc:192] T c47912c0b2714f58b34c56d0e2dc9025 P 096da8680d274dba91b50831a23bfd58: Log segment /mnt/tserver/yb-data/tserver/wals/table-929f7d28b7a2483c9b6c4652af3f6131/tablet-c47912c0b2714f58b34c56d0e2dc9025/wal-000000003 was likely left in-progress after a previous crash. Will try to rebuild footer by scanning data.
I0311 03:09:53.892921     8 thread_pool.cc:170] Starting thread pool { name: TabletServer-high-pri queue_limit: 10000 max_workers: 1024 }
I0311 03:09:53.897454     8 service_pool.cc:153] yb.consensus.ConsensusService: yb::rpc::ServicePoolImpl created at 0x4014fdfd40
I0311 03:09:53.897812    30 log_util.cc:773] Scanning /mnt/tserver/yb-data/tserver/wals/table-929f7d28b7a2483c9b6c4652af3f6131/tablet-c47912c0b2714f58b34c56d0e2dc9025/wal-000000003 for valid entry headers following offset 195...
I0311 03:09:53.897773    29 log_util.cc:773] Scanning /mnt/tserver/yb-data/tserver/wals/table-929f7d28b7a2483c9b6c4652af3f6131/tablet-df17b40b75664e0aaa44ec6687a7a233/wal-000000003 for valid entry headers following offset 195...
I0311 03:09:53.897749    28 log_util.cc:773] Scanning /mnt/tserver/yb-data/tserver/wals/table-929f7d28b7a2483c9b6c4652af3f6131/tablet-e778eac89ca24f2993340a6d09c687f8/wal-000000003 for valid entry headers following offset 195...
I0311 03:09:53.897835    27 log_util.cc:773] Scanning /mnt/tserver/yb-data/tserver/wals/table-929f7d28b7a2483c9b6c4652af3f6131/tablet-ef19613afa234c5d943034489b070927/wal-000000003 for valid entry headers following offset 195...
I0311 03:09:53.902926     8 tablet_server.cc:436] yb::tserver::RemoteBootstrapServiceImpl created at 0x401522a800
I0311 03:09:53.909708     8 service_pool.cc:153] yb.tserver.RemoteBootstrapService: yb::rpc::ServicePoolImpl created at 0x4015504480
I0311 03:09:53.917719    29 log_util.cc:817] Found no log entry headers
I0311 03:09:53.917760    30 log_util.cc:817] Found no log entry headers
I0311 03:09:53.919589    29 log_util.cc:666] Ignoring partially flushed segment in write ahead log /mnt/tserver/yb-data/tserver/wals/table-929f7d28b7a2483c9b6c4652af3f6131/tablet-df17b40b75664e0aaa44ec6687a7a233/wal-000000003 because there are no log entries following this one. The server probably crashed in the middle of writing an entry to the write-ahead log or downloaded an active log via remote bootstrap. Error detail: Corruption (yb/consensus/log_util.cc:889): Invalid checksum in log entry head header: found=0, computed=2351477386: Failed trying to read batch #3 at offset 195 for log segment /mnt/tserver/yb-data/tserver/wals/table-929f7d28b7a2483c9b6c4652af3f6131/tablet-df17b40b75664e0aaa44ec6687a7a233/wal-000000003: Prior batch offsets: 107 167 195; Last log entries read: [REPLICATE (3.3)]
I0311 03:09:53.920369    30 log_util.cc:666] Ignoring partially flushed segment in write ahead log /mnt/tserver/yb-data/tserver/wals/table-929f7d28b7a2483c9b6c4652af3f6131/tablet-c47912c0b2714f58b34c56d0e2dc9025/wal-000000003 because there are no log entries following this one. The server probably crashed in the middle of writing an entry to the write-ahead log or downloaded an active log via remote bootstrap. Error detail: Corruption (yb/consensus/log_util.cc:889): Invalid checksum in log entry head header: found=0, computed=2351477386: Failed trying to read batch #3 at offset 195 for log segment /mnt/tserver/yb-data/tserver/wals/table-929f7d28b7a2483c9b6c4652af3f6131/tablet-c47912c0b2714f58b34c56d0e2dc9025/wal-000000003: Prior batch offsets: 107 167 195; Last log entries read: [REPLICATE (3.3)]
I0311 03:09:53.920631    28 log_util.cc:817] Found no log entry headers
I0311 03:09:53.922372    28 log_util.cc:666] Ignoring partially flushed segment in write ahead log /mnt/tserver/yb-data/tserver/wals/table-929f7d28b7a2483c9b6c4652af3f6131/tablet-e778eac89ca24f2993340a6d09c687f8/wal-000000003 because there are no log entries following this one. The server probably crashed in the middle of writing an entry to the write-ahead log or downloaded an active log via remote bootstrap. Error detail: Corruption (yb/consensus/log_util.cc:889): Invalid checksum in log entry head header: found=0, computed=2351477386: Failed trying to read batch #3 at offset 195 for log segment /mnt/tserver/yb-data/tserver/wals/table-929f7d28b7a2483c9b6c4652af3f6131/tablet-e778eac89ca24f2993340a6d09c687f8/wal-000000003: Prior batch offsets: 107 167 195; Last log entries read: [REPLICATE (3.3)]
I0311 03:09:53.921492    29 log_util.cc:285] Successfully rebuilt footer for segment: /mnt/tserver/yb-data/tserver/wals/table-929f7d28b7a2483c9b6c4652af3f6131/tablet-df17b40b75664e0aaa44ec6687a7a233/wal-000000003 (valid entries through byte offset 195)
I0311 03:09:53.921833    27 log_util.cc:817] Found no log entry headers
I0311 03:09:53.921240     8 tablet_server.cc:445] yb::tserver::PgClientServiceImpl created at 0x4015223820
I0311 03:09:53.922724    30 log_util.cc:285] Successfully rebuilt footer for segment: /mnt/tserver/yb-data/tserver/wals/table-929f7d28b7a2483c9b6c4652af3f6131/tablet-c47912c0b2714f58b34c56d0e2dc9025/wal-000000003 (valid entries through byte offset 195)
I0311 03:09:53.922869    28 log_util.cc:285] Successfully rebuilt footer for segment: /mnt/tserver/yb-data/tserver/wals/table-929f7d28b7a2483c9b6c4652af3f6131/tablet-e778eac89ca24f2993340a6d09c687f8/wal-000000003 (valid entries through byte offset 195)
I0311 03:09:53.923571    27 log_util.cc:666] Ignoring partially flushed segment in write ahead log /mnt/tserver/yb-data/tserver/wals/table-929f7d28b7a2483c9b6c4652af3f6131/tablet-ef19613afa234c5d943034489b070927/wal-000000003 because there are no log entries following this one. The server probably crashed in the middle of writing an entry to the write-ahead log or downloaded an active log via remote bootstrap. Error detail: Corruption (yb/consensus/log_util.cc:889): Invalid checksum in log entry head header: found=0, computed=2351477386: Failed trying to read batch #3 at offset 195 for log segment /mnt/tserver/yb-data/tserver/wals/table-929f7d28b7a2483c9b6c4652af3f6131/tablet-ef19613afa234c5d943034489b070927/wal-000000003: Prior batch offsets: 107 167 195; Last log entries read: [REPLICATE (3.3)]
I0311 03:09:53.927501    27 log_util.cc:285] Successfully rebuilt footer for segment: /mnt/tserver/yb-data/tserver/wals/table-929f7d28b7a2483c9b6c4652af3f6131/tablet-ef19613afa234c5d943034489b070927/wal-000000003 (valid entries through byte offset 195)
W0311 03:09:53.927381    29 log_util.cc:240] Could not read footer for segment: /mnt/tserver/yb-data/tserver/wals/table-929f7d28b7a2483c9b6c4652af3f6131/tablet-df17b40b75664e0aaa44ec6687a7a233/wal-000000004: Not found (yb/consensus/log_util.cc:554): Footer not found. Footer magic doesn't match
I0311 03:09:53.924293     8 service_pool.cc:153] yb.tserver.PgClientService: yb::rpc::ServicePoolImpl created at 0x40155046c0
W0311 03:09:53.929862    28 log_util.cc:240] Could not read footer for segment: /mnt/tserver/yb-data/tserver/wals/table-929f7d28b7a2483c9b6c4652af3f6131/tablet-e778eac89ca24f2993340a6d09c687f8/wal-000000004: Not found (yb/consensus/log_util.cc:554): Footer not found. Footer magic doesn't match
W0311 03:09:53.930589    28 log_reader.cc:192] T e778eac89ca24f2993340a6d09c687f8 P 096da8680d274dba91b50831a23bfd58: Log segment /mnt/tserver/yb-data/tserver/wals/table-929f7d28b7a2483c9b6c4652af3f6131/tablet-e778eac89ca24f2993340a6d09c687f8/wal-000000004 was likely left in-progress after a previous crash. Will try to rebuild footer by scanning data.
W0311 03:09:53.928936    30 log_util.cc:240] Could not read footer for segment: /mnt/tserver/yb-data/tserver/wals/table-929f7d28b7a2483c9b6c4652af3f6131/tablet-c47912c0b2714f58b34c56d0e2dc9025/wal-000000004: Not found (yb/consensus/log_util.cc:554): Footer not found. Footer magic doesn't match
W0311 03:09:53.932641    30 log_reader.cc:192] T c47912c0b2714f58b34c56d0e2dc9025 P 096da8680d274dba91b50831a23bfd58: Log segment /mnt/tserver/yb-data/tserver/wals/table-929f7d28b7a2483c9b6c4652af3f6131/tablet-c47912c0b2714f58b34c56d0e2dc9025/wal-000000004 was likely left in-progress after a previous crash. Will try to rebuild footer by scanning data.
W0311 03:09:53.931253    27 log_util.cc:240] Could not read footer for segment: /mnt/tserver/yb-data/tserver/wals/table-929f7d28b7a2483c9b6c4652af3f6131/tablet-ef19613afa234c5d943034489b070927/wal-000000004: Not found (yb/consensus/log_util.cc:554): Footer not found. Footer magic doesn't match
I0311 03:09:53.931638    28 log_util.cc:773] Scanning /mnt/tserver/yb-data/tserver/wals/table-929f7d28b7a2483c9b6c4652af3f6131/tablet-e778eac89ca24f2993340a6d09c687f8/wal-000000004 for valid entry headers following offset 195...
W0311 03:09:53.928937    29 log_reader.cc:192] T df17b40b75664e0aaa44ec6687a7a233 P 096da8680d274dba91b50831a23bfd58: Log segment /mnt/tserver/yb-data/tserver/wals/table-929f7d28b7a2483c9b6c4652af3f6131/tablet-df17b40b75664e0aaa44ec6687a7a233/wal-000000004 was likely left in-progress after a previous crash. Will try to rebuild footer by scanning data.
I0311 03:09:53.935708    29 log_util.cc:773] Scanning /mnt/tserver/yb-data/tserver/wals/table-929f7d28b7a2483c9b6c4652af3f6131/tablet-df17b40b75664e0aaa44ec6687a7a233/wal-000000004 for valid entry headers following offset 195...
W0311 03:09:53.933698    27 log_reader.cc:192] T ef19613afa234c5d943034489b070927 P 096da8680d274dba91b50831a23bfd58: Log segment /mnt/tserver/yb-data/tserver/wals/table-929f7d28b7a2483c9b6c4652af3f6131/tablet-ef19613afa234c5d943034489b070927/wal-000000004 was likely left in-progress after a previous crash. Will try to rebuild footer by scanning data.
I0311 03:09:53.933215    30 log_util.cc:773] Scanning /mnt/tserver/yb-data/tserver/wals/table-929f7d28b7a2483c9b6c4652af3f6131/tablet-c47912c0b2714f58b34c56d0e2dc9025/wal-000000004 for valid entry headers following offset 195...
I0311 03:09:53.936852     8 webserver.cc:307] Starting webserver on yb-tserver-n1:9000
I0311 03:09:53.941802    27 log_util.cc:773] Scanning /mnt/tserver/yb-data/tserver/wals/table-929f7d28b7a2483c9b6c4652af3f6131/tablet-ef19613afa234c5d943034489b070927/wal-000000004 for valid entry headers following offset 195...
I0311 03:09:53.944684    28 log_util.cc:817] Found no log entry headers
I0311 03:09:53.949077    28 log_util.cc:666] Ignoring partially flushed segment in write ahead log /mnt/tserver/yb-data/tserver/wals/table-929f7d28b7a2483c9b6c4652af3f6131/tablet-e778eac89ca24f2993340a6d09c687f8/wal-000000004 because there are no log entries following this one. The server probably crashed in the middle of writing an entry to the write-ahead log or downloaded an active log via remote bootstrap. Error detail: Corruption (yb/consensus/log_util.cc:889): Invalid checksum in log entry head header: found=0, computed=2351477386: Failed trying to read batch #3 at offset 195 for log segment /mnt/tserver/yb-data/tserver/wals/table-929f7d28b7a2483c9b6c4652af3f6131/tablet-e778eac89ca24f2993340a6d09c687f8/wal-000000004: Prior batch offsets: 107 167 195; Last log entries read: [REPLICATE (4.4)]
I0311 03:09:53.944949     8 webserver.cc:312] Document root: /home/yugabyte/www
I0311 03:09:53.950677    28 log_util.cc:285] Successfully rebuilt footer for segment: /mnt/tserver/yb-data/tserver/wals/table-929f7d28b7a2483c9b6c4652af3f6131/tablet-e778eac89ca24f2993340a6d09c687f8/wal-000000004 (valid entries through byte offset 195)
I0311 03:09:53.951936    29 log_util.cc:817] Found no log entry headers
I0311 03:09:53.954574    29 log_util.cc:666] Ignoring partially flushed segment in write ahead log /mnt/tserver/yb-data/tserver/wals/table-929f7d28b7a2483c9b6c4652af3f6131/tablet-df17b40b75664e0aaa44ec6687a7a233/wal-000000004 because there are no log entries following this one. The server probably crashed in the middle of writing an entry to the write-ahead log or downloaded an active log via remote bootstrap. Error detail: Corruption (yb/consensus/log_util.cc:889): Invalid checksum in log entry head header: found=0, computed=2351477386: Failed trying to read batch #3 at offset 195 for log segment /mnt/tserver/yb-data/tserver/wals/table-929f7d28b7a2483c9b6c4652af3f6131/tablet-df17b40b75664e0aaa44ec6687a7a233/wal-000000004: Prior batch offsets: 107 167 195; Last log entries read: [REPLICATE (4.4)]
I0311 03:09:53.956444    29 log_util.cc:285] Successfully rebuilt footer for segment: /mnt/tserver/yb-data/tserver/wals/table-929f7d28b7a2483c9b6c4652af3f6131/tablet-df17b40b75664e0aaa44ec6687a7a233/wal-000000004 (valid entries through byte offset 195)
I0311 03:09:53.954385    28 log.cc:661] T e778eac89ca24f2993340a6d09c687f8 P 096da8680d274dba91b50831a23bfd58: Opened existing logs. Last segment is /mnt/tserver/yb-data/tserver/wals/table-929f7d28b7a2483c9b6c4652af3f6131/tablet-e778eac89ca24f2993340a6d09c687f8/wal-000000004
I0311 03:09:53.956104    30 log_util.cc:817] Found no log entry headers
I0311 03:09:53.955165     8 webserver.cc:302] Webserver listen spec is 192.168.96.5:9000
I0311 03:09:53.957190    29 log.cc:661] T df17b40b75664e0aaa44ec6687a7a233 P 096da8680d274dba91b50831a23bfd58: Opened existing logs. Last segment is /mnt/tserver/yb-data/tserver/wals/table-929f7d28b7a2483c9b6c4652af3f6131/tablet-df17b40b75664e0aaa44ec6687a7a233/wal-000000004
I0311 03:09:53.957489    27 log_util.cc:817] Found no log entry headers
I0311 03:09:53.960803    27 log_util.cc:666] Ignoring partially flushed segment in write ahead log /mnt/tserver/yb-data/tserver/wals/table-929f7d28b7a2483c9b6c4652af3f6131/tablet-ef19613afa234c5d943034489b070927/wal-000000004 because there are no log entries following this one. The server probably crashed in the middle of writing an entry to the write-ahead log or downloaded an active log via remote bootstrap. Error detail: Corruption (yb/consensus/log_util.cc:889): Invalid checksum in log entry head header: found=0, computed=2351477386: Failed trying to read batch #3 at offset 195 for log segment /mnt/tserver/yb-data/tserver/wals/table-929f7d28b7a2483c9b6c4652af3f6131/tablet-ef19613afa234c5d943034489b070927/wal-000000004: Prior batch offsets: 107 167 195; Last log entries read: [REPLICATE (4.4)]
I0311 03:09:53.958547    30 log_util.cc:666] Ignoring partially flushed segment in write ahead log /mnt/tserver/yb-data/tserver/wals/table-929f7d28b7a2483c9b6c4652af3f6131/tablet-c47912c0b2714f58b34c56d0e2dc9025/wal-000000004 because there are no log entries following this one. The server probably crashed in the middle of writing an entry to the write-ahead log or downloaded an active log via remote bootstrap. Error detail: Corruption (yb/consensus/log_util.cc:889): Invalid checksum in log entry head header: found=0, computed=2351477386: Failed trying to read batch #3 at offset 195 for log segment /mnt/tserver/yb-data/tserver/wals/table-929f7d28b7a2483c9b6c4652af3f6131/tablet-c47912c0b2714f58b34c56d0e2dc9025/wal-000000004: Prior batch offsets: 107 167 195; Last log entries read: [REPLICATE (4.4)]
I0311 03:09:53.963193    30 log_util.cc:285] Successfully rebuilt footer for segment: /mnt/tserver/yb-data/tserver/wals/table-929f7d28b7a2483c9b6c4652af3f6131/tablet-c47912c0b2714f58b34c56d0e2dc9025/wal-000000004 (valid entries through byte offset 195)
I0311 03:09:53.960860    29 tablet_bootstrap.cc:386] T df17b40b75664e0aaa44ec6687a7a233 P 096da8680d274dba91b50831a23bfd58: Bootstrap optimizer (skip_flushed_entries): op_id_replay_lowest=-1.-1 (regular_op_id=-1.-1, intents_op_id=-1.-1, has_intents_db=0)
I0311 03:09:53.962471     8 webserver.cc:418] Webserver started. Bound to: http://192.168.96.5:9000/
I0311 03:09:53.962754    27 log_util.cc:285] Successfully rebuilt footer for segment: /mnt/tserver/yb-data/tserver/wals/table-929f7d28b7a2483c9b6c4652af3f6131/tablet-ef19613afa234c5d943034489b070927/wal-000000004 (valid entries through byte offset 195)
I0311 03:09:53.958349    28 log.cc:676] interval_durable_wal_write_ms is turned on to sync every 1000 ms.
I0311 03:09:53.963618    30 log.cc:661] T c47912c0b2714f58b34c56d0e2dc9025 P 096da8680d274dba91b50831a23bfd58: Opened existing logs. Last segment is /mnt/tserver/yb-data/tserver/wals/table-929f7d28b7a2483c9b6c4652af3f6131/tablet-c47912c0b2714f58b34c56d0e2dc9025/wal-000000004
I0311 03:09:53.965260    30 tablet_bootstrap.cc:386] T c47912c0b2714f58b34c56d0e2dc9025 P 096da8680d274dba91b50831a23bfd58: Bootstrap optimizer (skip_flushed_entries): op_id_replay_lowest=-1.-1 (regular_op_id=-1.-1, intents_op_id=-1.-1, has_intents_db=0)
I0311 03:09:53.965682    30 tablet_bootstrap.cc:1237] T c47912c0b2714f58b34c56d0e2dc9025 P 096da8680d274dba91b50831a23bfd58: Segment /mnt/tserver/yb-data/tserver/wals/table-929f7d28b7a2483c9b6c4652af3f6131/tablet-c47912c0b2714f58b34c56d0e2dc9025/wal-000000004 cannot be used as the first segment to start replay with according to our OpId and retention criteria. Continuing to earlier segments.op_id=4.4, op_id_replay_lowest=-1.-1, first_op_time=7161964525.424s, min_seconds_to_retain_logs=660.000s, replay_from_this_or_earlier_time_was_initialized=0, *replay_from_this_or_earlier_time=7161963865.424s, is_first_op_id_low_enough=0, is_first_op_time_early_enough=0
I0311 03:09:53.964955    28 tablet_bootstrap.cc:386] T e778eac89ca24f2993340a6d09c687f8 P 096da8680d274dba91b50831a23bfd58: Bootstrap optimizer (skip_flushed_entries): op_id_replay_lowest=-1.-1 (regular_op_id=-1.-1, intents_op_id=-1.-1, has_intents_db=0)
I0311 03:09:53.964180    29 tablet_bootstrap.cc:1237] T df17b40b75664e0aaa44ec6687a7a233 P 096da8680d274dba91b50831a23bfd58: Segment /mnt/tserver/yb-data/tserver/wals/table-929f7d28b7a2483c9b6c4652af3f6131/tablet-df17b40b75664e0aaa44ec6687a7a233/wal-000000004 cannot be used as the first segment to start replay with according to our OpId and retention criteria. Continuing to earlier segments.op_id=4.4, op_id_replay_lowest=-1.-1, first_op_time=3990591266.698s, min_seconds_to_retain_logs=660.000s, replay_from_this_or_earlier_time_was_initialized=0, *replay_from_this_or_earlier_time=3990590606.698s, is_first_op_id_low_enough=0, is_first_op_time_early_enough=0
I0311 03:09:53.964632    27 log.cc:661] T ef19613afa234c5d943034489b070927 P 096da8680d274dba91b50831a23bfd58: Opened existing logs. Last segment is /mnt/tserver/yb-data/tserver/wals/table-929f7d28b7a2483c9b6c4652af3f6131/tablet-ef19613afa234c5d943034489b070927/wal-000000004
I0311 03:09:53.966219    30 tablet_bootstrap.cc:1237] T c47912c0b2714f58b34c56d0e2dc9025 P 096da8680d274dba91b50831a23bfd58: Segment /mnt/tserver/yb-data/tserver/wals/table-929f7d28b7a2483c9b6c4652af3f6131/tablet-c47912c0b2714f58b34c56d0e2dc9025/wal-000000003 cannot be used as the first segment to start replay with according to our OpId and retention criteria. However, this is already the earliest segment so we have to start replay here. We should probably investigate how we got into this situation. op_id=3.3, op_id_replay_lowest=-1.-1, first_op_time=7161964522.194s, min_seconds_to_retain_logs=660.000s, replay_from_this_or_earlier_time_was_initialized=1, *replay_from_this_or_earlier_time=7161963865.424s, is_first_op_id_low_enough=0, is_first_op_time_early_enough=0
I0311 03:09:53.966526    28 tablet_bootstrap.cc:1237] T e778eac89ca24f2993340a6d09c687f8 P 096da8680d274dba91b50831a23bfd58: Segment /mnt/tserver/yb-data/tserver/wals/table-929f7d28b7a2483c9b6c4652af3f6131/tablet-e778eac89ca24f2993340a6d09c687f8/wal-000000004 cannot be used as the first segment to start replay with according to our OpId and retention criteria. Continuing to earlier segments.op_id=4.4, op_id_replay_lowest=-1.-1, first_op_time=3919098786.896s, min_seconds_to_retain_logs=660.000s, replay_from_this_or_earlier_time_was_initialized=0, *replay_from_this_or_earlier_time=3919098126.896s, is_first_op_id_low_enough=0, is_first_op_time_early_enough=0
I0311 03:09:53.966879     8 service_pool.cc:153] yb.server.GenericService: yb::rpc::ServicePoolImpl created at 0x4015504900
I0311 03:09:53.967255    29 tablet_bootstrap.cc:1237] T df17b40b75664e0aaa44ec6687a7a233 P 096da8680d274dba91b50831a23bfd58: Segment /mnt/tserver/yb-data/tserver/wals/table-929f7d28b7a2483c9b6c4652af3f6131/tablet-df17b40b75664e0aaa44ec6687a7a233/wal-000000003 cannot be used as the first segment to start replay with according to our OpId and retention criteria. However, this is already the earliest segment so we have to start replay here. We should probably investigate how we got into this situation. op_id=3.3, op_id_replay_lowest=-1.-1, first_op_time=3990591263.253s, min_seconds_to_retain_logs=660.000s, replay_from_this_or_earlier_time_was_initialized=1, *replay_from_this_or_earlier_time=3990590606.698s, is_first_op_id_low_enough=0, is_first_op_time_early_enough=0
I0311 03:09:53.967528    27 tablet_bootstrap.cc:386] T ef19613afa234c5d943034489b070927 P 096da8680d274dba91b50831a23bfd58: Bootstrap optimizer (skip_flushed_entries): op_id_replay_lowest=-1.-1 (regular_op_id=-1.-1, intents_op_id=-1.-1, has_intents_db=0)
I0311 03:09:53.967893    30 tablet_bootstrap.cc:1250] T c47912c0b2714f58b34c56d0e2dc9025 P 096da8680d274dba91b50831a23bfd58: Bootstrap optimizer (skip_flushed_entries): will replay all segments starting from the very first one.
I0311 03:09:53.968226    28 tablet_bootstrap.cc:1237] T e778eac89ca24f2993340a6d09c687f8 P 096da8680d274dba91b50831a23bfd58: Segment /mnt/tserver/yb-data/tserver/wals/table-929f7d28b7a2483c9b6c4652af3f6131/tablet-e778eac89ca24f2993340a6d09c687f8/wal-000000003 cannot be used as the first segment to start replay with according to our OpId and retention criteria. However, this is already the earliest segment so we have to start replay here. We should probably investigate how we got into this situation. op_id=3.3, op_id_replay_lowest=-1.-1, first_op_time=3919098784.378s, min_seconds_to_retain_logs=660.000s, replay_from_this_or_earlier_time_was_initialized=1, *replay_from_this_or_earlier_time=3919098126.896s, is_first_op_id_low_enough=0, is_first_op_time_early_enough=0
I0311 03:09:53.971102    29 tablet_bootstrap.cc:1250] T df17b40b75664e0aaa44ec6687a7a233 P 096da8680d274dba91b50831a23bfd58: Bootstrap optimizer (skip_flushed_entries): will replay all segments starting from the very first one.
I0311 03:09:53.971509    27 tablet_bootstrap.cc:1237] T ef19613afa234c5d943034489b070927 P 096da8680d274dba91b50831a23bfd58: Segment /mnt/tserver/yb-data/tserver/wals/table-929f7d28b7a2483c9b6c4652af3f6131/tablet-ef19613afa234c5d943034489b070927/wal-000000004 cannot be used as the first segment to start replay with according to our OpId and retention criteria. Continuing to earlier segments.op_id=4.4, op_id_replay_lowest=-1.-1, first_op_time=3976846275.614s, min_seconds_to_retain_logs=660.000s, replay_from_this_or_earlier_time_was_initialized=0, *replay_from_this_or_earlier_time=3976845615.614s, is_first_op_id_low_enough=0, is_first_op_time_early_enough=0
I0311 03:09:53.973237    27 tablet_bootstrap.cc:1237] T ef19613afa234c5d943034489b070927 P 096da8680d274dba91b50831a23bfd58: Segment /mnt/tserver/yb-data/tserver/wals/table-929f7d28b7a2483c9b6c4652af3f6131/tablet-ef19613afa234c5d943034489b070927/wal-000000003 cannot be used as the first segment to start replay with according to our OpId and retention criteria. However, this is already the earliest segment so we have to start replay here. We should probably investigate how we got into this situation. op_id=3.3, op_id_replay_lowest=-1.-1, first_op_time=3976846272.564s, min_seconds_to_retain_logs=660.000s, replay_from_this_or_earlier_time_was_initialized=1, *replay_from_this_or_earlier_time=3976845615.614s, is_first_op_id_low_enough=0, is_first_op_time_early_enough=0
I0311 03:09:53.973696    27 tablet_bootstrap.cc:1250] T ef19613afa234c5d943034489b070927 P 096da8680d274dba91b50831a23bfd58: Bootstrap optimizer (skip_flushed_entries): will replay all segments starting from the very first one.
I0311 03:09:53.972334     8 rpc_server.cc:173] RPC server started. Bound to: 192.168.96.5:9100
I0311 03:09:53.972425    28 tablet_bootstrap.cc:1250] T e778eac89ca24f2993340a6d09c687f8 P 096da8680d274dba91b50831a23bfd58: Bootstrap optimizer (skip_flushed_entries): will replay all segments starting from the very first one.
I0311 03:09:53.975577    39 async_initializer.cc:82] Starting to init ybclient
I0311 03:09:53.976120     8 db_server_base.cc:68] Node information: { hostname: 'a61de664b8cc', rpc_ip: '192.168.96.5', webserver_ip: '192.168.96.5', uuid: '096da8680d274dba91b50831a23bfd58' }
I0311 03:09:53.979126    40 client-internal.cc:2304] New master addresses: [yb-master-n1:7100]
I0311 03:09:53.979610     8 ts_tablet_manager.cc:637] Split tablets cleanup monitor started...
I0311 03:09:53.981717     8 ts_tablet_manager.cc:647] Tablet data verification is disabled by verify_tablet_data_interval_sec flag set to 0
I0311 03:09:53.982069    39 async_initializer.cc:86] Successfully built ybclient
I0311 03:09:53.982419     8 ts_tablet_manager.cc:653] Old metrics cleanup task started...
I0311 03:09:53.985554    30 tablet_bootstrap_if.cc:96] T c47912c0b2714f58b34c56d0e2dc9025 P 096da8680d274dba91b50831a23bfd58: Bootstrap replayed 1/2 log segments. Read operations: 1, overwritten operations: 0. Pending: 1 replicates. Last read committed op id: 3.3, last entry metadata: { entry_time: 7161964522.194s offset: 107 active_segment_sequence_number: 3 }, last read entry op id: 3.3
I0311 03:09:53.985513    27 tablet_bootstrap_if.cc:96] T ef19613afa234c5d943034489b070927 P 096da8680d274dba91b50831a23bfd58: Bootstrap replayed 1/2 log segments. Read operations: 1, overwritten operations: 0. Pending: 1 replicates. Last read committed op id: 3.3, last entry metadata: { entry_time: 3976846272.564s offset: 107 active_segment_sequence_number: 3 }, last read entry op id: 3.3
I0311 03:09:53.985656    29 tablet_bootstrap_if.cc:96] T df17b40b75664e0aaa44ec6687a7a233 P 096da8680d274dba91b50831a23bfd58: Bootstrap replayed 1/2 log segments. Read operations: 1, overwritten operations: 0. Pending: 1 replicates. Last read committed op id: 3.3, last entry metadata: { entry_time: 3990591263.253s offset: 107 active_segment_sequence_number: 3 }, last read entry op id: 3.3
I0311 03:09:53.985520    28 tablet_bootstrap_if.cc:96] T e778eac89ca24f2993340a6d09c687f8 P 096da8680d274dba91b50831a23bfd58: Bootstrap replayed 1/2 log segments. Read operations: 1, overwritten operations: 0. Pending: 1 replicates. Last read committed op id: 3.3, last entry metadata: { entry_time: 3919098784.378s offset: 107 active_segment_sequence_number: 3 }, last read entry op id: 3.3
