I0311 03:37:41.477936    27 tablet_peer.cc:1344] T ef19613afa234c5d943034489b070927 P 096da8680d274dba91b50831a23bfd58 [state=RUNNING]: Registered log gc
I0311 03:37:41.475843    29 ts_tablet_manager.cc:1573] T df17b40b75664e0aaa44ec6687a7a233 P 096da8680d274dba91b50831a23bfd58: Time spent starting tablet: real 0.067s	user 0.011s	sys 0.006s
I0311 03:37:41.479362    29 ts_tablet_manager.cc:2771] Deleted transition in progress opening tablet for tablet df17b40b75664e0aaa44ec6687a7a233
I0311 03:37:41.480330    29 ts_tablet_manager.cc:1478] T 974d5dc4624a4cc8ba8333f193777a6e P 096da8680d274dba91b50831a23bfd58: Bootstrapping tablet
I0311 03:37:41.478111    30 ts_tablet_manager.cc:2771] Deleted transition in progress opening tablet for tablet c47912c0b2714f58b34c56d0e2dc9025
I0311 03:37:41.478768    27 ts_tablet_manager.cc:1573] T ef19613afa234c5d943034489b070927 P 096da8680d274dba91b50831a23bfd58: Time spent starting tablet: real 0.071s	user 0.010s	sys 0.005s
I0311 03:37:41.482079    27 ts_tablet_manager.cc:2771] Deleted transition in progress opening tablet for tablet ef19613afa234c5d943034489b070927
I0311 03:37:41.483062    27 ts_tablet_manager.cc:1478] T 3a76ab24970d40ef859dfa774b11abe1 P 096da8680d274dba91b50831a23bfd58: Bootstrapping tablet
I0311 03:37:41.474566    41 server_base.cc:541] Using private rpc address yb-tserver-n1
I0311 03:37:41.481359    30 ts_tablet_manager.cc:1478] T 5c82d2d282b24c23a5a85eaa9b3797e3 P 096da8680d274dba91b50831a23bfd58: Bootstrapping tablet
I0311 03:37:41.477478    28 ts_tablet_manager.cc:1573] T e778eac89ca24f2993340a6d09c687f8 P 096da8680d274dba91b50831a23bfd58: Time spent starting tablet: real 0.070s	user 0.005s	sys 0.007s
I0311 03:37:41.479595    17 log.cc:1342] T c47912c0b2714f58b34c56d0e2dc9025 P 096da8680d274dba91b50831a23bfd58: Running Log GC on /mnt/tserver/yb-data/tserver/wals/table-929f7d28b7a2483c9b6c4652af3f6131/tablet-c47912c0b2714f58b34c56d0e2dc9025: retaining ops >= 9, log segment size = 4194304
I0311 03:37:41.484959    41 server_base.cc:563] Using http address yb-tserver-n1
I0311 03:37:41.485226    29 consensus_meta.cc:317] T 974d5dc4624a4cc8ba8333f193777a6e P 096da8680d274dba91b50831a23bfd58: Updating active role from UNKNOWN_ROLE to FOLLOWER. Consensus state: current_term: 9 leader_uuid: "" config { opid_index: -1 peers { permanent_uuid: "096da8680d274dba91b50831a23bfd58" member_type: VOTER last_known_private_addr { host: "yb-tserver-n1" port: 9100 } cloud_info { placement_cloud: "cloud1" placement_region: "datacenter1" placement_zone: "rack1" } } }, has_pending_config = 0
I0311 03:37:41.486002    28 ts_tablet_manager.cc:2771] Deleted transition in progress opening tablet for tablet e778eac89ca24f2993340a6d09c687f8
I0311 03:37:41.486233    27 consensus_meta.cc:317] T 3a76ab24970d40ef859dfa774b11abe1 P 096da8680d274dba91b50831a23bfd58: Updating active role from UNKNOWN_ROLE to FOLLOWER. Consensus state: current_term: 9 leader_uuid: "" config { opid_index: -1 peers { permanent_uuid: "096da8680d274dba91b50831a23bfd58" member_type: VOTER last_known_private_addr { host: "yb-tserver-n1" port: 9100 } cloud_info { placement_cloud: "cloud1" placement_region: "datacenter1" placement_zone: "rack1" } } }, has_pending_config = 0
I0311 03:37:41.489229    27 tablet_peer.cc:1455] T 3a76ab24970d40ef859dfa774b11abe1 P 096da8680d274dba91b50831a23bfd58 [state=BOOTSTRAPPING]: Changed state from NOT_STARTED to BOOTSTRAPPING
I0311 03:37:41.487602    28 ts_tablet_manager.cc:1478] T 22d66049cb9c4419a35469ea8c2c36bc P 096da8680d274dba91b50831a23bfd58: Bootstrapping tablet
I0311 03:37:41.487771    30 consensus_meta.cc:317] T 5c82d2d282b24c23a5a85eaa9b3797e3 P 096da8680d274dba91b50831a23bfd58: Updating active role from UNKNOWN_ROLE to FOLLOWER. Consensus state: current_term: 9 leader_uuid: "" config { opid_index: -1 peers { permanent_uuid: "096da8680d274dba91b50831a23bfd58" member_type: VOTER last_known_private_addr { host: "yb-tserver-n1" port: 9100 } cloud_info { placement_cloud: "cloud1" placement_region: "datacenter1" placement_zone: "rack1" } } }, has_pending_config = 0
I0311 03:37:41.491240    30 tablet_peer.cc:1455] T 5c82d2d282b24c23a5a85eaa9b3797e3 P 096da8680d274dba91b50831a23bfd58 [state=BOOTSTRAPPING]: Changed state from NOT_STARTED to BOOTSTRAPPING
I0311 03:37:41.487179    29 tablet_peer.cc:1455] T 974d5dc4624a4cc8ba8333f193777a6e P 096da8680d274dba91b50831a23bfd58 [state=BOOTSTRAPPING]: Changed state from NOT_STARTED to BOOTSTRAPPING
I0311 03:37:41.490031    27 tablet_bootstrap_if.cc:96] T 3a76ab24970d40ef859dfa774b11abe1 P 096da8680d274dba91b50831a23bfd58: Bootstrap starting.
I0311 03:37:41.486622    17 log_reader.cc:522] T c47912c0b2714f58b34c56d0e2dc9025 P 096da8680d274dba91b50831a23bfd58: Removed log segment sequence numbers from log reader: [6, 7, 8]
W0311 03:37:41.494274    41 heartbeater.cc:658] P 096da8680d274dba91b50831a23bfd58: Failed to heartbeat to yb-master-n1:7100: Service unavailable (yb/tserver/heartbeater.cc:479): Master is no longer the leader: code: NOT_THE_LEADER status { code: SERVICE_UNAVAILABLE message: "Catalog manager is not initialized. State: 1" source_file: "../../src/yb/master/scoped_leader_shared_lock.cc" source_line: 91 errors: "\000" } tries=4, num=1, masters=0x00000040152207c8 -> [[yb-master-n1:7100]], code=Service unavailable
I0311 03:37:41.493062    29 tablet_bootstrap_if.cc:96] T 974d5dc4624a4cc8ba8333f193777a6e P 096da8680d274dba91b50831a23bfd58: Bootstrap starting.
I0311 03:37:41.498294    41 heartbeater.cc:338] P 096da8680d274dba91b50831a23bfd58: Connected to a leader master server at yb-master-n1:7100
I0311 03:37:41.492688    30 tablet_bootstrap_if.cc:96] T 5c82d2d282b24c23a5a85eaa9b3797e3 P 096da8680d274dba91b50831a23bfd58: Bootstrap starting.
I0311 03:37:41.494534    17 log.cc:1368] T c47912c0b2714f58b34c56d0e2dc9025 P 096da8680d274dba91b50831a23bfd58: Deleting log segment in path: /mnt/tserver/yb-data/tserver/wals/table-929f7d28b7a2483c9b6c4652af3f6131/tablet-c47912c0b2714f58b34c56d0e2dc9025/wal-000000006 (GCed ops < 7)
I0311 03:37:41.495107    27 tablet.cc:455] T 3a76ab24970d40ef859dfa774b11abe1 P 096da8680d274dba91b50831a23bfd58: Schema version for transactions is 0
I0311 03:37:41.500795    27 tablet_bootstrap.cc:639] T 3a76ab24970d40ef859dfa774b11abe1 P 096da8680d274dba91b50831a23bfd58: Time spent opening tablet: real 0.000s	user 0.000s	sys 0.000s
I0311 03:37:41.498917    29 tablet.cc:455] T 974d5dc4624a4cc8ba8333f193777a6e P 096da8680d274dba91b50831a23bfd58: Schema version for transactions is 0
I0311 03:37:41.499075    41 heartbeater.cc:387] P 096da8680d274dba91b50831a23bfd58: Registering TS with master...
I0311 03:37:41.503139    41 server_base.cc:541] Using private rpc address yb-tserver-n1
I0311 03:37:41.503846    41 server_base.cc:563] Using http address yb-tserver-n1
I0311 03:37:41.501171    17 log.cc:1368] T c47912c0b2714f58b34c56d0e2dc9025 P 096da8680d274dba91b50831a23bfd58: Deleting log segment in path: /mnt/tserver/yb-data/tserver/wals/table-929f7d28b7a2483c9b6c4652af3f6131/tablet-c47912c0b2714f58b34c56d0e2dc9025/wal-000000007 (GCed ops < 8)
I0311 03:37:41.502127    29 tablet_bootstrap.cc:639] T 974d5dc4624a4cc8ba8333f193777a6e P 096da8680d274dba91b50831a23bfd58: Time spent opening tablet: real 0.000s	user 0.000s	sys 0.000s
I0311 03:37:41.500133    30 tablet.cc:455] T 5c82d2d282b24c23a5a85eaa9b3797e3 P 096da8680d274dba91b50831a23bfd58: Schema version for transactions is 0
I0311 03:37:41.507306    17 log.cc:1368] T c47912c0b2714f58b34c56d0e2dc9025 P 096da8680d274dba91b50831a23bfd58: Deleting log segment in path: /mnt/tserver/yb-data/tserver/wals/table-929f7d28b7a2483c9b6c4652af3f6131/tablet-c47912c0b2714f58b34c56d0e2dc9025/wal-000000008 (GCed ops < 9)
I0311 03:37:41.504500    27 tablet_bootstrap.cc:716] T 3a76ab24970d40ef859dfa774b11abe1 P 096da8680d274dba91b50831a23bfd58: Will attempt to recover log segment /mnt/tserver/yb-data/tserver/wals/table-929f7d28b7a2483c9b6c4652af3f6131/tablet-3a76ab24970d40ef859dfa774b11abe1/wal-000000006
W0311 03:37:41.507547    41 heartbeater.cc:658] P 096da8680d274dba91b50831a23bfd58: Failed to heartbeat to yb-master-n1:7100: Service unavailable (yb/tserver/heartbeater.cc:479): Master is no longer the leader: code: NOT_THE_LEADER status { code: SERVICE_UNAVAILABLE message: "Catalog manager is not initialized. State: 1" source_file: "../../src/yb/master/scoped_leader_shared_lock.cc" source_line: 91 errors: "\000" } tries=5, num=1, masters=0x00000040152207c8 -> [[yb-master-n1:7100]], code=Service unavailable
I0311 03:37:41.493507    28 consensus_meta.cc:317] T 22d66049cb9c4419a35469ea8c2c36bc P 096da8680d274dba91b50831a23bfd58: Updating active role from UNKNOWN_ROLE to FOLLOWER. Consensus state: current_term: 9 leader_uuid: "" config { opid_index: -1 peers { permanent_uuid: "096da8680d274dba91b50831a23bfd58" member_type: VOTER last_known_private_addr { host: "yb-tserver-n1" port: 9100 } cloud_info { placement_cloud: "cloud1" placement_region: "datacenter1" placement_zone: "rack1" } } }, has_pending_config = 0
I0311 03:37:41.511278    28 tablet_peer.cc:1455] T 22d66049cb9c4419a35469ea8c2c36bc P 096da8680d274dba91b50831a23bfd58 [state=BOOTSTRAPPING]: Changed state from NOT_STARTED to BOOTSTRAPPING
I0311 03:37:41.508556    27 tablet_bootstrap.cc:716] T 3a76ab24970d40ef859dfa774b11abe1 P 096da8680d274dba91b50831a23bfd58: Will attempt to recover log segment /mnt/tserver/yb-data/tserver/wals/table-929f7d28b7a2483c9b6c4652af3f6131/tablet-3a76ab24970d40ef859dfa774b11abe1/wal-000000007
I0311 03:37:41.508877    17 maintenance_manager.cc:375] Time spent running LogGCOp(c47912c0b2714f58b34c56d0e2dc9025): real 0.029s	user 0.001s	sys 0.000s
I0311 03:37:41.509845    29 tablet_bootstrap.cc:716] T 974d5dc4624a4cc8ba8333f193777a6e P 096da8680d274dba91b50831a23bfd58: Will attempt to recover log segment /mnt/tserver/yb-data/tserver/wals/table-929f7d28b7a2483c9b6c4652af3f6131/tablet-974d5dc4624a4cc8ba8333f193777a6e/wal-000000006
I0311 03:37:41.507601    30 tablet_bootstrap.cc:639] T 5c82d2d282b24c23a5a85eaa9b3797e3 P 096da8680d274dba91b50831a23bfd58: Time spent opening tablet: real 0.000s	user 0.000s	sys 0.000s
I0311 03:37:41.511858    28 tablet_bootstrap_if.cc:96] T 22d66049cb9c4419a35469ea8c2c36bc P 096da8680d274dba91b50831a23bfd58: Bootstrap starting.
I0311 03:37:41.512327    27 tablet_bootstrap.cc:716] T 3a76ab24970d40ef859dfa774b11abe1 P 096da8680d274dba91b50831a23bfd58: Will attempt to recover log segment /mnt/tserver/yb-data/tserver/wals/table-929f7d28b7a2483c9b6c4652af3f6131/tablet-3a76ab24970d40ef859dfa774b11abe1/wal-000000008
I0311 03:37:41.528923    27 tablet_bootstrap.cc:716] T 3a76ab24970d40ef859dfa774b11abe1 P 096da8680d274dba91b50831a23bfd58: Will attempt to recover log segment /mnt/tserver/yb-data/tserver/wals/table-929f7d28b7a2483c9b6c4652af3f6131/tablet-3a76ab24970d40ef859dfa774b11abe1/wal-000000009
I0311 03:37:41.523597    29 tablet_bootstrap.cc:716] T 974d5dc4624a4cc8ba8333f193777a6e P 096da8680d274dba91b50831a23bfd58: Will attempt to recover log segment /mnt/tserver/yb-data/tserver/wals/table-929f7d28b7a2483c9b6c4652af3f6131/tablet-974d5dc4624a4cc8ba8333f193777a6e/wal-000000007
I0311 03:37:41.529083    28 tablet.cc:455] T 22d66049cb9c4419a35469ea8c2c36bc P 096da8680d274dba91b50831a23bfd58: Schema version for transactions is 0
I0311 03:37:41.529989    27 tablet_bootstrap.cc:1127] T 3a76ab24970d40ef859dfa774b11abe1 P 096da8680d274dba91b50831a23bfd58: Flushed DocDB OpIds: { regular: -1.-1 intents: -1.-1 }
I0311 03:37:41.530903    30 tablet_bootstrap.cc:716] T 5c82d2d282b24c23a5a85eaa9b3797e3 P 096da8680d274dba91b50831a23bfd58: Will attempt to recover log segment /mnt/tserver/yb-data/tserver/wals/table-929f7d28b7a2483c9b6c4652af3f6131/tablet-5c82d2d282b24c23a5a85eaa9b3797e3/wal-000000006
I0311 03:37:41.530951    29 tablet_bootstrap.cc:716] T 974d5dc4624a4cc8ba8333f193777a6e P 096da8680d274dba91b50831a23bfd58: Will attempt to recover log segment /mnt/tserver/yb-data/tserver/wals/table-929f7d28b7a2483c9b6c4652af3f6131/tablet-974d5dc4624a4cc8ba8333f193777a6e/wal-000000008
I0311 03:37:41.531579    28 tablet_bootstrap.cc:639] T 22d66049cb9c4419a35469ea8c2c36bc P 096da8680d274dba91b50831a23bfd58: Time spent opening tablet: real 0.000s	user 0.000s	sys 0.000s
I0311 03:37:41.531771    27 tablet_bootstrap.cc:1288] T 3a76ab24970d40ef859dfa774b11abe1 P 096da8680d274dba91b50831a23bfd58: Max persistent index in RocksDB's SSTables before bootstrap: regular RocksDB: -1.-1; intents RocksDB: -1.-1
I0311 03:37:41.532166    30 tablet_bootstrap.cc:716] T 5c82d2d282b24c23a5a85eaa9b3797e3 P 096da8680d274dba91b50831a23bfd58: Will attempt to recover log segment /mnt/tserver/yb-data/tserver/wals/table-929f7d28b7a2483c9b6c4652af3f6131/tablet-5c82d2d282b24c23a5a85eaa9b3797e3/wal-000000007
I0311 03:37:41.532407    29 tablet_bootstrap.cc:716] T 974d5dc4624a4cc8ba8333f193777a6e P 096da8680d274dba91b50831a23bfd58: Will attempt to recover log segment /mnt/tserver/yb-data/tserver/wals/table-929f7d28b7a2483c9b6c4652af3f6131/tablet-974d5dc4624a4cc8ba8333f193777a6e/wal-000000009
I0311 03:37:41.535404    30 tablet_bootstrap.cc:716] T 5c82d2d282b24c23a5a85eaa9b3797e3 P 096da8680d274dba91b50831a23bfd58: Will attempt to recover log segment /mnt/tserver/yb-data/tserver/wals/table-929f7d28b7a2483c9b6c4652af3f6131/tablet-5c82d2d282b24c23a5a85eaa9b3797e3/wal-000000008
I0311 03:37:41.535861    27 log.cc:1278] T 3a76ab24970d40ef859dfa774b11abe1 P 096da8680d274dba91b50831a23bfd58: Setting log wal retention time to 0 seconds
I0311 03:37:41.535971    29 tablet_bootstrap.cc:1127] T 974d5dc4624a4cc8ba8333f193777a6e P 096da8680d274dba91b50831a23bfd58: Flushed DocDB OpIds: { regular: -1.-1 intents: -1.-1 }
I0311 03:37:41.536507    30 tablet_bootstrap.cc:716] T 5c82d2d282b24c23a5a85eaa9b3797e3 P 096da8680d274dba91b50831a23bfd58: Will attempt to recover log segment /mnt/tserver/yb-data/tserver/wals/table-929f7d28b7a2483c9b6c4652af3f6131/tablet-5c82d2d282b24c23a5a85eaa9b3797e3/wal-000000009
I0311 03:37:41.537225    28 tablet_bootstrap.cc:716] T 22d66049cb9c4419a35469ea8c2c36bc P 096da8680d274dba91b50831a23bfd58: Will attempt to recover log segment /mnt/tserver/yb-data/tserver/wals/table-929f7d28b7a2483c9b6c4652af3f6131/tablet-22d66049cb9c4419a35469ea8c2c36bc/wal-000000006
I0311 03:37:41.537417    29 tablet_bootstrap.cc:1288] T 974d5dc4624a4cc8ba8333f193777a6e P 096da8680d274dba91b50831a23bfd58: Max persistent index in RocksDB's SSTables before bootstrap: regular RocksDB: -1.-1; intents RocksDB: -1.-1
I0311 03:37:41.537823    30 tablet_bootstrap.cc:1127] T 5c82d2d282b24c23a5a85eaa9b3797e3 P 096da8680d274dba91b50831a23bfd58: Flushed DocDB OpIds: { regular: -1.-1 intents: -1.-1 }
I0311 03:37:41.538244    28 tablet_bootstrap.cc:716] T 22d66049cb9c4419a35469ea8c2c36bc P 096da8680d274dba91b50831a23bfd58: Will attempt to recover log segment /mnt/tserver/yb-data/tserver/wals/table-929f7d28b7a2483c9b6c4652af3f6131/tablet-22d66049cb9c4419a35469ea8c2c36bc/wal-000000007
I0311 03:37:41.539207    30 tablet_bootstrap.cc:1288] T 5c82d2d282b24c23a5a85eaa9b3797e3 P 096da8680d274dba91b50831a23bfd58: Max persistent index in RocksDB's SSTables before bootstrap: regular RocksDB: -1.-1; intents RocksDB: -1.-1
I0311 03:37:41.540696    28 tablet_bootstrap.cc:716] T 22d66049cb9c4419a35469ea8c2c36bc P 096da8680d274dba91b50831a23bfd58: Will attempt to recover log segment /mnt/tserver/yb-data/tserver/wals/table-929f7d28b7a2483c9b6c4652af3f6131/tablet-22d66049cb9c4419a35469ea8c2c36bc/wal-000000008
I0311 03:37:41.540990    29 log.cc:1278] T 974d5dc4624a4cc8ba8333f193777a6e P 096da8680d274dba91b50831a23bfd58: Setting log wal retention time to 0 seconds
I0311 03:37:41.548604    28 tablet_bootstrap.cc:716] T 22d66049cb9c4419a35469ea8c2c36bc P 096da8680d274dba91b50831a23bfd58: Will attempt to recover log segment /mnt/tserver/yb-data/tserver/wals/table-929f7d28b7a2483c9b6c4652af3f6131/tablet-22d66049cb9c4419a35469ea8c2c36bc/wal-000000009
I0311 03:37:41.550359    28 tablet_bootstrap.cc:1127] T 22d66049cb9c4419a35469ea8c2c36bc P 096da8680d274dba91b50831a23bfd58: Flushed DocDB OpIds: { regular: -1.-1 intents: -1.-1 }
I0311 03:37:41.551887    28 tablet_bootstrap.cc:1288] T 22d66049cb9c4419a35469ea8c2c36bc P 096da8680d274dba91b50831a23bfd58: Max persistent index in RocksDB's SSTables before bootstrap: regular RocksDB: -1.-1; intents RocksDB: -1.-1
I0311 03:37:41.549957    30 log.cc:1278] T 5c82d2d282b24c23a5a85eaa9b3797e3 P 096da8680d274dba91b50831a23bfd58: Setting log wal retention time to 0 seconds
W0311 03:37:41.553973    27 log_util.cc:240] Could not read footer for segment: /mnt/tserver/yb-data/tserver/wals/table-929f7d28b7a2483c9b6c4652af3f6131/tablet-3a76ab24970d40ef859dfa774b11abe1/wal-000000006: Not found (yb/consensus/log_util.cc:554): Footer not found. Footer magic doesn't match
I0311 03:37:41.554201    28 log.cc:1278] T 22d66049cb9c4419a35469ea8c2c36bc P 096da8680d274dba91b50831a23bfd58: Setting log wal retention time to 0 seconds
W0311 03:37:41.554948    27 log_reader.cc:192] T 3a76ab24970d40ef859dfa774b11abe1 P 096da8680d274dba91b50831a23bfd58: Log segment /mnt/tserver/yb-data/tserver/wals/table-929f7d28b7a2483c9b6c4652af3f6131/tablet-3a76ab24970d40ef859dfa774b11abe1/wal-000000006 was likely left in-progress after a previous crash. Will try to rebuild footer by scanning data.
I0311 03:37:41.556246    27 log_util.cc:773] Scanning /mnt/tserver/yb-data/tserver/wals/table-929f7d28b7a2483c9b6c4652af3f6131/tablet-3a76ab24970d40ef859dfa774b11abe1/wal-000000006 for valid entry headers following offset 195...
W0311 03:37:41.564332    29 log_util.cc:240] Could not read footer for segment: /mnt/tserver/yb-data/tserver/wals/table-929f7d28b7a2483c9b6c4652af3f6131/tablet-974d5dc4624a4cc8ba8333f193777a6e/wal-000000006: Not found (yb/consensus/log_util.cc:554): Footer not found. Footer magic doesn't match
W0311 03:37:41.566516    29 log_reader.cc:192] T 974d5dc4624a4cc8ba8333f193777a6e P 096da8680d274dba91b50831a23bfd58: Log segment /mnt/tserver/yb-data/tserver/wals/table-929f7d28b7a2483c9b6c4652af3f6131/tablet-974d5dc4624a4cc8ba8333f193777a6e/wal-000000006 was likely left in-progress after a previous crash. Will try to rebuild footer by scanning data.
I0311 03:37:41.569943    29 log_util.cc:773] Scanning /mnt/tserver/yb-data/tserver/wals/table-929f7d28b7a2483c9b6c4652af3f6131/tablet-974d5dc4624a4cc8ba8333f193777a6e/wal-000000006 for valid entry headers following offset 195...
I0311 03:37:41.569710    27 log_util.cc:817] Found no log entry headers
I0311 03:37:41.573570    27 log_util.cc:666] Ignoring partially flushed segment in write ahead log /mnt/tserver/yb-data/tserver/wals/table-929f7d28b7a2483c9b6c4652af3f6131/tablet-3a76ab24970d40ef859dfa774b11abe1/wal-000000006 because there are no log entries following this one. The server probably crashed in the middle of writing an entry to the write-ahead log or downloaded an active log via remote bootstrap. Error detail: Corruption (yb/consensus/log_util.cc:889): Invalid checksum in log entry head header: found=0, computed=2351477386: Failed trying to read batch #3 at offset 195 for log segment /mnt/tserver/yb-data/tserver/wals/table-929f7d28b7a2483c9b6c4652af3f6131/tablet-3a76ab24970d40ef859dfa774b11abe1/wal-000000006: Prior batch offsets: 107 167 195; Last log entries read: [REPLICATE (6.6)]
W0311 03:37:41.572479    28 log_util.cc:240] Could not read footer for segment: /mnt/tserver/yb-data/tserver/wals/table-929f7d28b7a2483c9b6c4652af3f6131/tablet-22d66049cb9c4419a35469ea8c2c36bc/wal-000000006: Not found (yb/consensus/log_util.cc:554): Footer not found. Footer magic doesn't match
W0311 03:37:41.567723    30 log_util.cc:240] Could not read footer for segment: /mnt/tserver/yb-data/tserver/wals/table-929f7d28b7a2483c9b6c4652af3f6131/tablet-5c82d2d282b24c23a5a85eaa9b3797e3/wal-000000006: Not found (yb/consensus/log_util.cc:554): Footer not found. Footer magic doesn't match
I0311 03:37:41.575675    27 log_util.cc:285] Successfully rebuilt footer for segment: /mnt/tserver/yb-data/tserver/wals/table-929f7d28b7a2483c9b6c4652af3f6131/tablet-3a76ab24970d40ef859dfa774b11abe1/wal-000000006 (valid entries through byte offset 195)
W0311 03:37:41.577411    28 log_reader.cc:192] T 22d66049cb9c4419a35469ea8c2c36bc P 096da8680d274dba91b50831a23bfd58: Log segment /mnt/tserver/yb-data/tserver/wals/table-929f7d28b7a2483c9b6c4652af3f6131/tablet-22d66049cb9c4419a35469ea8c2c36bc/wal-000000006 was likely left in-progress after a previous crash. Will try to rebuild footer by scanning data.
I0311 03:37:41.581187    28 log_util.cc:773] Scanning /mnt/tserver/yb-data/tserver/wals/table-929f7d28b7a2483c9b6c4652af3f6131/tablet-22d66049cb9c4419a35469ea8c2c36bc/wal-000000006 for valid entry headers following offset 195...
I0311 03:37:41.581041    29 log_util.cc:817] Found no log entry headers
W0311 03:37:41.578948    30 log_reader.cc:192] T 5c82d2d282b24c23a5a85eaa9b3797e3 P 096da8680d274dba91b50831a23bfd58: Log segment /mnt/tserver/yb-data/tserver/wals/table-929f7d28b7a2483c9b6c4652af3f6131/tablet-5c82d2d282b24c23a5a85eaa9b3797e3/wal-000000006 was likely left in-progress after a previous crash. Will try to rebuild footer by scanning data.
I0311 03:37:41.582243    29 log_util.cc:666] Ignoring partially flushed segment in write ahead log /mnt/tserver/yb-data/tserver/wals/table-929f7d28b7a2483c9b6c4652af3f6131/tablet-974d5dc4624a4cc8ba8333f193777a6e/wal-000000006 because there are no log entries following this one. The server probably crashed in the middle of writing an entry to the write-ahead log or downloaded an active log via remote bootstrap. Error detail: Corruption (yb/consensus/log_util.cc:889): Invalid checksum in log entry head header: found=0, computed=2351477386: Failed trying to read batch #3 at offset 195 for log segment /mnt/tserver/yb-data/tserver/wals/table-929f7d28b7a2483c9b6c4652af3f6131/tablet-974d5dc4624a4cc8ba8333f193777a6e/wal-000000006: Prior batch offsets: 107 167 195; Last log entries read: [REPLICATE (6.6)]
I0311 03:37:41.584931    30 log_util.cc:773] Scanning /mnt/tserver/yb-data/tserver/wals/table-929f7d28b7a2483c9b6c4652af3f6131/tablet-5c82d2d282b24c23a5a85eaa9b3797e3/wal-000000006 for valid entry headers following offset 195...
I0311 03:37:41.585214    29 log_util.cc:285] Successfully rebuilt footer for segment: /mnt/tserver/yb-data/tserver/wals/table-929f7d28b7a2483c9b6c4652af3f6131/tablet-974d5dc4624a4cc8ba8333f193777a6e/wal-000000006 (valid entries through byte offset 195)
W0311 03:37:41.586025    27 log_util.cc:240] Could not read footer for segment: /mnt/tserver/yb-data/tserver/wals/table-929f7d28b7a2483c9b6c4652af3f6131/tablet-3a76ab24970d40ef859dfa774b11abe1/wal-000000007: Not found (yb/consensus/log_util.cc:554): Footer not found. Footer magic doesn't match
W0311 03:37:41.590180    27 log_reader.cc:192] T 3a76ab24970d40ef859dfa774b11abe1 P 096da8680d274dba91b50831a23bfd58: Log segment /mnt/tserver/yb-data/tserver/wals/table-929f7d28b7a2483c9b6c4652af3f6131/tablet-3a76ab24970d40ef859dfa774b11abe1/wal-000000007 was likely left in-progress after a previous crash. Will try to rebuild footer by scanning data.
I0311 03:37:41.592737    27 log_util.cc:773] Scanning /mnt/tserver/yb-data/tserver/wals/table-929f7d28b7a2483c9b6c4652af3f6131/tablet-3a76ab24970d40ef859dfa774b11abe1/wal-000000007 for valid entry headers following offset 195...
I0311 03:37:41.591594    28 log_util.cc:817] Found no log entry headers
I0311 03:37:41.593855    30 log_util.cc:817] Found no log entry headers
W0311 03:37:41.594640    29 log_util.cc:240] Could not read footer for segment: /mnt/tserver/yb-data/tserver/wals/table-929f7d28b7a2483c9b6c4652af3f6131/tablet-974d5dc4624a4cc8ba8333f193777a6e/wal-000000007: Not found (yb/consensus/log_util.cc:554): Footer not found. Footer magic doesn't match
I0311 03:37:41.596683    28 log_util.cc:666] Ignoring partially flushed segment in write ahead log /mnt/tserver/yb-data/tserver/wals/table-929f7d28b7a2483c9b6c4652af3f6131/tablet-22d66049cb9c4419a35469ea8c2c36bc/wal-000000006 because there are no log entries following this one. The server probably crashed in the middle of writing an entry to the write-ahead log or downloaded an active log via remote bootstrap. Error detail: Corruption (yb/consensus/log_util.cc:889): Invalid checksum in log entry head header: found=0, computed=2351477386: Failed trying to read batch #3 at offset 195 for log segment /mnt/tserver/yb-data/tserver/wals/table-929f7d28b7a2483c9b6c4652af3f6131/tablet-22d66049cb9c4419a35469ea8c2c36bc/wal-000000006: Prior batch offsets: 107 167 195; Last log entries read: [REPLICATE (6.6)]
I0311 03:37:41.597122    30 log_util.cc:666] Ignoring partially flushed segment in write ahead log /mnt/tserver/yb-data/tserver/wals/table-929f7d28b7a2483c9b6c4652af3f6131/tablet-5c82d2d282b24c23a5a85eaa9b3797e3/wal-000000006 because there are no log entries following this one. The server probably crashed in the middle of writing an entry to the write-ahead log or downloaded an active log via remote bootstrap. Error detail: Corruption (yb/consensus/log_util.cc:889): Invalid checksum in log entry head header: found=0, computed=2351477386: Failed trying to read batch #3 at offset 195 for log segment /mnt/tserver/yb-data/tserver/wals/table-929f7d28b7a2483c9b6c4652af3f6131/tablet-5c82d2d282b24c23a5a85eaa9b3797e3/wal-000000006: Prior batch offsets: 107 167 195; Last log entries read: [REPLICATE (6.6)]
W0311 03:37:41.598910    29 log_reader.cc:192] T 974d5dc4624a4cc8ba8333f193777a6e P 096da8680d274dba91b50831a23bfd58: Log segment /mnt/tserver/yb-data/tserver/wals/table-929f7d28b7a2483c9b6c4652af3f6131/tablet-974d5dc4624a4cc8ba8333f193777a6e/wal-000000007 was likely left in-progress after a previous crash. Will try to rebuild footer by scanning data.
I0311 03:37:41.600553    28 log_util.cc:285] Successfully rebuilt footer for segment: /mnt/tserver/yb-data/tserver/wals/table-929f7d28b7a2483c9b6c4652af3f6131/tablet-22d66049cb9c4419a35469ea8c2c36bc/wal-000000006 (valid entries through byte offset 195)
I0311 03:37:41.601294    30 log_util.cc:285] Successfully rebuilt footer for segment: /mnt/tserver/yb-data/tserver/wals/table-929f7d28b7a2483c9b6c4652af3f6131/tablet-5c82d2d282b24c23a5a85eaa9b3797e3/wal-000000006 (valid entries through byte offset 195)
I0311 03:37:41.601573    27 log_util.cc:817] Found no log entry headers
I0311 03:37:41.602778    29 log_util.cc:773] Scanning /mnt/tserver/yb-data/tserver/wals/table-929f7d28b7a2483c9b6c4652af3f6131/tablet-974d5dc4624a4cc8ba8333f193777a6e/wal-000000007 for valid entry headers following offset 195...
I0311 03:37:41.605453    27 log_util.cc:666] Ignoring partially flushed segment in write ahead log /mnt/tserver/yb-data/tserver/wals/table-929f7d28b7a2483c9b6c4652af3f6131/tablet-3a76ab24970d40ef859dfa774b11abe1/wal-000000007 because there are no log entries following this one. The server probably crashed in the middle of writing an entry to the write-ahead log or downloaded an active log via remote bootstrap. Error detail: Corruption (yb/consensus/log_util.cc:889): Invalid checksum in log entry head header: found=0, computed=2351477386: Failed trying to read batch #3 at offset 195 for log segment /mnt/tserver/yb-data/tserver/wals/table-929f7d28b7a2483c9b6c4652af3f6131/tablet-3a76ab24970d40ef859dfa774b11abe1/wal-000000007: Prior batch offsets: 107 167 195; Last log entries read: [REPLICATE (7.7)]
I0311 03:37:41.608357    27 log_util.cc:285] Successfully rebuilt footer for segment: /mnt/tserver/yb-data/tserver/wals/table-929f7d28b7a2483c9b6c4652af3f6131/tablet-3a76ab24970d40ef859dfa774b11abe1/wal-000000007 (valid entries through byte offset 195)
W0311 03:37:41.613049    28 log_util.cc:240] Could not read footer for segment: /mnt/tserver/yb-data/tserver/wals/table-929f7d28b7a2483c9b6c4652af3f6131/tablet-22d66049cb9c4419a35469ea8c2c36bc/wal-000000007: Not found (yb/consensus/log_util.cc:554): Footer not found. Footer magic doesn't match
W0311 03:37:41.614660    30 log_util.cc:240] Could not read footer for segment: /mnt/tserver/yb-data/tserver/wals/table-929f7d28b7a2483c9b6c4652af3f6131/tablet-5c82d2d282b24c23a5a85eaa9b3797e3/wal-000000007: Not found (yb/consensus/log_util.cc:554): Footer not found. Footer magic doesn't match
W0311 03:37:41.616505    28 log_reader.cc:192] T 22d66049cb9c4419a35469ea8c2c36bc P 096da8680d274dba91b50831a23bfd58: Log segment /mnt/tserver/yb-data/tserver/wals/table-929f7d28b7a2483c9b6c4652af3f6131/tablet-22d66049cb9c4419a35469ea8c2c36bc/wal-000000007 was likely left in-progress after a previous crash. Will try to rebuild footer by scanning data.
W0311 03:37:41.619577    27 log_util.cc:240] Could not read footer for segment: /mnt/tserver/yb-data/tserver/wals/table-929f7d28b7a2483c9b6c4652af3f6131/tablet-3a76ab24970d40ef859dfa774b11abe1/wal-000000008: Not found (yb/consensus/log_util.cc:554): Footer not found. Footer magic doesn't match
W0311 03:37:41.620447    27 log_reader.cc:192] T 3a76ab24970d40ef859dfa774b11abe1 P 096da8680d274dba91b50831a23bfd58: Log segment /mnt/tserver/yb-data/tserver/wals/table-929f7d28b7a2483c9b6c4652af3f6131/tablet-3a76ab24970d40ef859dfa774b11abe1/wal-000000008 was likely left in-progress after a previous crash. Will try to rebuild footer by scanning data.
I0311 03:37:41.617154    29 log_util.cc:817] Found no log entry headers
I0311 03:37:41.619666    28 log_util.cc:773] Scanning /mnt/tserver/yb-data/tserver/wals/table-929f7d28b7a2483c9b6c4652af3f6131/tablet-22d66049cb9c4419a35469ea8c2c36bc/wal-000000007 for valid entry headers following offset 195...
W0311 03:37:41.618425    30 log_reader.cc:192] T 5c82d2d282b24c23a5a85eaa9b3797e3 P 096da8680d274dba91b50831a23bfd58: Log segment /mnt/tserver/yb-data/tserver/wals/table-929f7d28b7a2483c9b6c4652af3f6131/tablet-5c82d2d282b24c23a5a85eaa9b3797e3/wal-000000007 was likely left in-progress after a previous crash. Will try to rebuild footer by scanning data.
I0311 03:37:41.621119    27 log_util.cc:773] Scanning /mnt/tserver/yb-data/tserver/wals/table-929f7d28b7a2483c9b6c4652af3f6131/tablet-3a76ab24970d40ef859dfa774b11abe1/wal-000000008 for valid entry headers following offset 195...
I0311 03:37:41.621381    29 log_util.cc:666] Ignoring partially flushed segment in write ahead log /mnt/tserver/yb-data/tserver/wals/table-929f7d28b7a2483c9b6c4652af3f6131/tablet-974d5dc4624a4cc8ba8333f193777a6e/wal-000000007 because there are no log entries following this one. The server probably crashed in the middle of writing an entry to the write-ahead log or downloaded an active log via remote bootstrap. Error detail: Corruption (yb/consensus/log_util.cc:889): Invalid checksum in log entry head header: found=0, computed=2351477386: Failed trying to read batch #3 at offset 195 for log segment /mnt/tserver/yb-data/tserver/wals/table-929f7d28b7a2483c9b6c4652af3f6131/tablet-974d5dc4624a4cc8ba8333f193777a6e/wal-000000007: Prior batch offsets: 107 167 195; Last log entries read: [REPLICATE (7.7)]
I0311 03:37:41.624491    30 log_util.cc:773] Scanning /mnt/tserver/yb-data/tserver/wals/table-929f7d28b7a2483c9b6c4652af3f6131/tablet-5c82d2d282b24c23a5a85eaa9b3797e3/wal-000000007 for valid entry headers following offset 195...
I0311 03:37:41.627235    29 log_util.cc:285] Successfully rebuilt footer for segment: /mnt/tserver/yb-data/tserver/wals/table-929f7d28b7a2483c9b6c4652af3f6131/tablet-974d5dc4624a4cc8ba8333f193777a6e/wal-000000007 (valid entries through byte offset 195)
I0311 03:37:41.638145    28 log_util.cc:817] Found no log entry headers
I0311 03:37:41.639806    28 log_util.cc:666] Ignoring partially flushed segment in write ahead log /mnt/tserver/yb-data/tserver/wals/table-929f7d28b7a2483c9b6c4652af3f6131/tablet-22d66049cb9c4419a35469ea8c2c36bc/wal-000000007 because there are no log entries following this one. The server probably crashed in the middle of writing an entry to the write-ahead log or downloaded an active log via remote bootstrap. Error detail: Corruption (yb/consensus/log_util.cc:889): Invalid checksum in log entry head header: found=0, computed=2351477386: Failed trying to read batch #3 at offset 195 for log segment /mnt/tserver/yb-data/tserver/wals/table-929f7d28b7a2483c9b6c4652af3f6131/tablet-22d66049cb9c4419a35469ea8c2c36bc/wal-000000007: Prior batch offsets: 107 167 195; Last log entries read: [REPLICATE (7.7)]
I0311 03:37:41.643249    28 log_util.cc:285] Successfully rebuilt footer for segment: /mnt/tserver/yb-data/tserver/wals/table-929f7d28b7a2483c9b6c4652af3f6131/tablet-22d66049cb9c4419a35469ea8c2c36bc/wal-000000007 (valid entries through byte offset 195)
W0311 03:37:41.656630    29 log_util.cc:240] Could not read footer for segment: /mnt/tserver/yb-data/tserver/wals/table-929f7d28b7a2483c9b6c4652af3f6131/tablet-974d5dc4624a4cc8ba8333f193777a6e/wal-000000008: Not found (yb/consensus/log_util.cc:554): Footer not found. Footer magic doesn't match
W0311 03:37:41.657616    29 log_reader.cc:192] T 974d5dc4624a4cc8ba8333f193777a6e P 096da8680d274dba91b50831a23bfd58: Log segment /mnt/tserver/yb-data/tserver/wals/table-929f7d28b7a2483c9b6c4652af3f6131/tablet-974d5dc4624a4cc8ba8333f193777a6e/wal-000000008 was likely left in-progress after a previous crash. Will try to rebuild footer by scanning data.
I0311 03:37:41.657109    27 log_util.cc:817] Found no log entry headers
I0311 03:37:41.656934    30 log_util.cc:817] Found no log entry headers
I0311 03:37:41.659054    29 log_util.cc:773] Scanning /mnt/tserver/yb-data/tserver/wals/table-929f7d28b7a2483c9b6c4652af3f6131/tablet-974d5dc4624a4cc8ba8333f193777a6e/wal-000000008 for valid entry headers following offset 195...
I0311 03:37:41.659483    27 log_util.cc:666] Ignoring partially flushed segment in write ahead log /mnt/tserver/yb-data/tserver/wals/table-929f7d28b7a2483c9b6c4652af3f6131/tablet-3a76ab24970d40ef859dfa774b11abe1/wal-000000008 because there are no log entries following this one. The server probably crashed in the middle of writing an entry to the write-ahead log or downloaded an active log via remote bootstrap. Error detail: Corruption (yb/consensus/log_util.cc:889): Invalid checksum in log entry head header: found=0, computed=2351477386: Failed trying to read batch #3 at offset 195 for log segment /mnt/tserver/yb-data/tserver/wals/table-929f7d28b7a2483c9b6c4652af3f6131/tablet-3a76ab24970d40ef859dfa774b11abe1/wal-000000008: Prior batch offsets: 107 167 195; Last log entries read: [REPLICATE (8.8)]
W0311 03:37:41.659562    28 log_util.cc:240] Could not read footer for segment: /mnt/tserver/yb-data/tserver/wals/table-929f7d28b7a2483c9b6c4652af3f6131/tablet-22d66049cb9c4419a35469ea8c2c36bc/wal-000000008: Not found (yb/consensus/log_util.cc:554): Footer not found. Footer magic doesn't match
I0311 03:37:41.659821    30 log_util.cc:666] Ignoring partially flushed segment in write ahead log /mnt/tserver/yb-data/tserver/wals/table-929f7d28b7a2483c9b6c4652af3f6131/tablet-5c82d2d282b24c23a5a85eaa9b3797e3/wal-000000007 because there are no log entries following this one. The server probably crashed in the middle of writing an entry to the write-ahead log or downloaded an active log via remote bootstrap. Error detail: Corruption (yb/consensus/log_util.cc:889): Invalid checksum in log entry head header: found=0, computed=2351477386: Failed trying to read batch #3 at offset 195 for log segment /mnt/tserver/yb-data/tserver/wals/table-929f7d28b7a2483c9b6c4652af3f6131/tablet-5c82d2d282b24c23a5a85eaa9b3797e3/wal-000000007: Prior batch offsets: 107 167 195; Last log entries read: [REPLICATE (7.7)]
I0311 03:37:41.660576    27 log_util.cc:285] Successfully rebuilt footer for segment: /mnt/tserver/yb-data/tserver/wals/table-929f7d28b7a2483c9b6c4652af3f6131/tablet-3a76ab24970d40ef859dfa774b11abe1/wal-000000008 (valid entries through byte offset 195)
W0311 03:37:41.665824    28 log_reader.cc:192] T 22d66049cb9c4419a35469ea8c2c36bc P 096da8680d274dba91b50831a23bfd58: Log segment /mnt/tserver/yb-data/tserver/wals/table-929f7d28b7a2483c9b6c4652af3f6131/tablet-22d66049cb9c4419a35469ea8c2c36bc/wal-000000008 was likely left in-progress after a previous crash. Will try to rebuild footer by scanning data.
I0311 03:37:41.670053    28 log_util.cc:773] Scanning /mnt/tserver/yb-data/tserver/wals/table-929f7d28b7a2483c9b6c4652af3f6131/tablet-22d66049cb9c4419a35469ea8c2c36bc/wal-000000008 for valid entry headers following offset 195...
I0311 03:37:41.667379    30 log_util.cc:285] Successfully rebuilt footer for segment: /mnt/tserver/yb-data/tserver/wals/table-929f7d28b7a2483c9b6c4652af3f6131/tablet-5c82d2d282b24c23a5a85eaa9b3797e3/wal-000000007 (valid entries through byte offset 195)
I0311 03:37:41.672097    29 log_util.cc:817] Found no log entry headers
I0311 03:37:41.679147    29 log_util.cc:666] Ignoring partially flushed segment in write ahead log /mnt/tserver/yb-data/tserver/wals/table-929f7d28b7a2483c9b6c4652af3f6131/tablet-974d5dc4624a4cc8ba8333f193777a6e/wal-000000008 because there are no log entries following this one. The server probably crashed in the middle of writing an entry to the write-ahead log or downloaded an active log via remote bootstrap. Error detail: Corruption (yb/consensus/log_util.cc:889): Invalid checksum in log entry head header: found=0, computed=2351477386: Failed trying to read batch #3 at offset 195 for log segment /mnt/tserver/yb-data/tserver/wals/table-929f7d28b7a2483c9b6c4652af3f6131/tablet-974d5dc4624a4cc8ba8333f193777a6e/wal-000000008: Prior batch offsets: 107 167 195; Last log entries read: [REPLICATE (8.8)]
I0311 03:37:41.680537    29 log_util.cc:285] Successfully rebuilt footer for segment: /mnt/tserver/yb-data/tserver/wals/table-929f7d28b7a2483c9b6c4652af3f6131/tablet-974d5dc4624a4cc8ba8333f193777a6e/wal-000000008 (valid entries through byte offset 195)
W0311 03:37:41.682821    27 log_util.cc:240] Could not read footer for segment: /mnt/tserver/yb-data/tserver/wals/table-929f7d28b7a2483c9b6c4652af3f6131/tablet-3a76ab24970d40ef859dfa774b11abe1/wal-000000009: Not found (yb/consensus/log_util.cc:554): Footer not found. Footer magic doesn't match
W0311 03:37:41.684695    27 log_reader.cc:192] T 3a76ab24970d40ef859dfa774b11abe1 P 096da8680d274dba91b50831a23bfd58: Log segment /mnt/tserver/yb-data/tserver/wals/table-929f7d28b7a2483c9b6c4652af3f6131/tablet-3a76ab24970d40ef859dfa774b11abe1/wal-000000009 was likely left in-progress after a previous crash. Will try to rebuild footer by scanning data.
W0311 03:37:41.684919    30 log_util.cc:240] Could not read footer for segment: /mnt/tserver/yb-data/tserver/wals/table-929f7d28b7a2483c9b6c4652af3f6131/tablet-5c82d2d282b24c23a5a85eaa9b3797e3/wal-000000008: Not found (yb/consensus/log_util.cc:554): Footer not found. Footer magic doesn't match
I0311 03:37:41.685211    28 log_util.cc:817] Found no log entry headers
I0311 03:37:41.685559    27 log_util.cc:773] Scanning /mnt/tserver/yb-data/tserver/wals/table-929f7d28b7a2483c9b6c4652af3f6131/tablet-3a76ab24970d40ef859dfa774b11abe1/wal-000000009 for valid entry headers following offset 195...
W0311 03:37:41.686106    30 log_reader.cc:192] T 5c82d2d282b24c23a5a85eaa9b3797e3 P 096da8680d274dba91b50831a23bfd58: Log segment /mnt/tserver/yb-data/tserver/wals/table-929f7d28b7a2483c9b6c4652af3f6131/tablet-5c82d2d282b24c23a5a85eaa9b3797e3/wal-000000008 was likely left in-progress after a previous crash. Will try to rebuild footer by scanning data.
I0311 03:37:41.688459    30 log_util.cc:773] Scanning /mnt/tserver/yb-data/tserver/wals/table-929f7d28b7a2483c9b6c4652af3f6131/tablet-5c82d2d282b24c23a5a85eaa9b3797e3/wal-000000008 for valid entry headers following offset 195...
W0311 03:37:41.686694    29 log_util.cc:240] Could not read footer for segment: /mnt/tserver/yb-data/tserver/wals/table-929f7d28b7a2483c9b6c4652af3f6131/tablet-974d5dc4624a4cc8ba8333f193777a6e/wal-000000009: Not found (yb/consensus/log_util.cc:554): Footer not found. Footer magic doesn't match
W0311 03:37:41.698576    29 log_reader.cc:192] T 974d5dc4624a4cc8ba8333f193777a6e P 096da8680d274dba91b50831a23bfd58: Log segment /mnt/tserver/yb-data/tserver/wals/table-929f7d28b7a2483c9b6c4652af3f6131/tablet-974d5dc4624a4cc8ba8333f193777a6e/wal-000000009 was likely left in-progress after a previous crash. Will try to rebuild footer by scanning data.
I0311 03:37:41.704277    29 log_util.cc:773] Scanning /mnt/tserver/yb-data/tserver/wals/table-929f7d28b7a2483c9b6c4652af3f6131/tablet-974d5dc4624a4cc8ba8333f193777a6e/wal-000000009 for valid entry headers following offset 195...
I0311 03:37:41.703181    27 log_util.cc:817] Found no log entry headers
I0311 03:37:41.705458    27 log_util.cc:666] Ignoring partially flushed segment in write ahead log /mnt/tserver/yb-data/tserver/wals/table-929f7d28b7a2483c9b6c4652af3f6131/tablet-3a76ab24970d40ef859dfa774b11abe1/wal-000000009 because there are no log entries following this one. The server probably crashed in the middle of writing an entry to the write-ahead log or downloaded an active log via remote bootstrap. Error detail: Corruption (yb/consensus/log_util.cc:889): Invalid checksum in log entry head header: found=0, computed=2351477386: Failed trying to read batch #3 at offset 195 for log segment /mnt/tserver/yb-data/tserver/wals/table-929f7d28b7a2483c9b6c4652af3f6131/tablet-3a76ab24970d40ef859dfa774b11abe1/wal-000000009: Prior batch offsets: 107 167 195; Last log entries read: [REPLICATE (9.9)]
I0311 03:37:41.705232    30 log_util.cc:817] Found no log entry headers
I0311 03:37:41.709533    30 log_util.cc:666] Ignoring partially flushed segment in write ahead log /mnt/tserver/yb-data/tserver/wals/table-929f7d28b7a2483c9b6c4652af3f6131/tablet-5c82d2d282b24c23a5a85eaa9b3797e3/wal-000000008 because there are no log entries following this one. The server probably crashed in the middle of writing an entry to the write-ahead log or downloaded an active log via remote bootstrap. Error detail: Corruption (yb/consensus/log_util.cc:889): Invalid checksum in log entry head header: found=0, computed=2351477386: Failed trying to read batch #3 at offset 195 for log segment /mnt/tserver/yb-data/tserver/wals/table-929f7d28b7a2483c9b6c4652af3f6131/tablet-5c82d2d282b24c23a5a85eaa9b3797e3/wal-000000008: Prior batch offsets: 107 167 195; Last log entries read: [REPLICATE (8.8)]
I0311 03:37:41.709139    27 log_util.cc:285] Successfully rebuilt footer for segment: /mnt/tserver/yb-data/tserver/wals/table-929f7d28b7a2483c9b6c4652af3f6131/tablet-3a76ab24970d40ef859dfa774b11abe1/wal-000000009 (valid entries through byte offset 195)
I0311 03:37:41.716584    27 log.cc:661] T 3a76ab24970d40ef859dfa774b11abe1 P 096da8680d274dba91b50831a23bfd58: Opened existing logs. Last segment is /mnt/tserver/yb-data/tserver/wals/table-929f7d28b7a2483c9b6c4652af3f6131/tablet-3a76ab24970d40ef859dfa774b11abe1/wal-000000009
I0311 03:37:41.712443    30 log_util.cc:285] Successfully rebuilt footer for segment: /mnt/tserver/yb-data/tserver/wals/table-929f7d28b7a2483c9b6c4652af3f6131/tablet-5c82d2d282b24c23a5a85eaa9b3797e3/wal-000000008 (valid entries through byte offset 195)
I0311 03:37:41.686457    28 log_util.cc:666] Ignoring partially flushed segment in write ahead log /mnt/tserver/yb-data/tserver/wals/table-929f7d28b7a2483c9b6c4652af3f6131/tablet-22d66049cb9c4419a35469ea8c2c36bc/wal-000000008 because there are no log entries following this one. The server probably crashed in the middle of writing an entry to the write-ahead log or downloaded an active log via remote bootstrap. Error detail: Corruption (yb/consensus/log_util.cc:889): Invalid checksum in log entry head header: found=0, computed=2351477386: Failed trying to read batch #3 at offset 195 for log segment /mnt/tserver/yb-data/tserver/wals/table-929f7d28b7a2483c9b6c4652af3f6131/tablet-22d66049cb9c4419a35469ea8c2c36bc/wal-000000008: Prior batch offsets: 107 167 195; Last log entries read: [REPLICATE (8.8)]
I0311 03:37:41.717294    27 tablet_bootstrap.cc:386] T 3a76ab24970d40ef859dfa774b11abe1 P 096da8680d274dba91b50831a23bfd58: Bootstrap optimizer (skip_flushed_entries): op_id_replay_lowest=-1.-1 (regular_op_id=-1.-1, intents_op_id=-1.-1, has_intents_db=0)
I0311 03:37:41.717664    29 log_util.cc:817] Found no log entry headers
I0311 03:37:41.718443    28 log_util.cc:285] Successfully rebuilt footer for segment: /mnt/tserver/yb-data/tserver/wals/table-929f7d28b7a2483c9b6c4652af3f6131/tablet-22d66049cb9c4419a35469ea8c2c36bc/wal-000000008 (valid entries through byte offset 195)
I0311 03:37:41.719470    27 tablet_bootstrap.cc:1237] T 3a76ab24970d40ef859dfa774b11abe1 P 096da8680d274dba91b50831a23bfd58: Segment /mnt/tserver/yb-data/tserver/wals/table-929f7d28b7a2483c9b6c4652af3f6131/tablet-3a76ab24970d40ef859dfa774b11abe1/wal-000000009 cannot be used as the first segment to start replay with according to our OpId and retention criteria. Continuing to earlier segments.op_id=9.9, op_id_replay_lowest=-1.-1, first_op_time=3544782179.817s, min_seconds_to_retain_logs=660.000s, replay_from_this_or_earlier_time_was_initialized=0, *replay_from_this_or_earlier_time=3544781519.817s, is_first_op_id_low_enough=0, is_first_op_time_early_enough=0
I0311 03:37:41.720130    29 log_util.cc:666] Ignoring partially flushed segment in write ahead log /mnt/tserver/yb-data/tserver/wals/table-929f7d28b7a2483c9b6c4652af3f6131/tablet-974d5dc4624a4cc8ba8333f193777a6e/wal-000000009 because there are no log entries following this one. The server probably crashed in the middle of writing an entry to the write-ahead log or downloaded an active log via remote bootstrap. Error detail: Corruption (yb/consensus/log_util.cc:889): Invalid checksum in log entry head header: found=0, computed=2351477386: Failed trying to read batch #3 at offset 195 for log segment /mnt/tserver/yb-data/tserver/wals/table-929f7d28b7a2483c9b6c4652af3f6131/tablet-974d5dc4624a4cc8ba8333f193777a6e/wal-000000009: Prior batch offsets: 107 167 195; Last log entries read: [REPLICATE (9.9)]
I0311 03:37:41.720922    27 tablet_bootstrap.cc:1237] T 3a76ab24970d40ef859dfa774b11abe1 P 096da8680d274dba91b50831a23bfd58: Segment /mnt/tserver/yb-data/tserver/wals/table-929f7d28b7a2483c9b6c4652af3f6131/tablet-3a76ab24970d40ef859dfa774b11abe1/wal-000000008 cannot be used as the first segment to start replay with according to our OpId and retention criteria. Continuing to earlier segments.op_id=8.8, op_id_replay_lowest=-1.-1, first_op_time=3544782176.446s, min_seconds_to_retain_logs=660.000s, replay_from_this_or_earlier_time_was_initialized=1, *replay_from_this_or_earlier_time=3544781519.817s, is_first_op_id_low_enough=0, is_first_op_time_early_enough=0
I0311 03:37:41.721460    29 log_util.cc:285] Successfully rebuilt footer for segment: /mnt/tserver/yb-data/tserver/wals/table-929f7d28b7a2483c9b6c4652af3f6131/tablet-974d5dc4624a4cc8ba8333f193777a6e/wal-000000009 (valid entries through byte offset 195)
I0311 03:37:41.723441    29 log.cc:661] T 974d5dc4624a4cc8ba8333f193777a6e P 096da8680d274dba91b50831a23bfd58: Opened existing logs. Last segment is /mnt/tserver/yb-data/tserver/wals/table-929f7d28b7a2483c9b6c4652af3f6131/tablet-974d5dc4624a4cc8ba8333f193777a6e/wal-000000009
I0311 03:37:41.724303    29 tablet_bootstrap.cc:386] T 974d5dc4624a4cc8ba8333f193777a6e P 096da8680d274dba91b50831a23bfd58: Bootstrap optimizer (skip_flushed_entries): op_id_replay_lowest=-1.-1 (regular_op_id=-1.-1, intents_op_id=-1.-1, has_intents_db=0)
I0311 03:37:41.724948    29 tablet_bootstrap.cc:1237] T 974d5dc4624a4cc8ba8333f193777a6e P 096da8680d274dba91b50831a23bfd58: Segment /mnt/tserver/yb-data/tserver/wals/table-929f7d28b7a2483c9b6c4652af3f6131/tablet-974d5dc4624a4cc8ba8333f193777a6e/wal-000000009 cannot be used as the first segment to start replay with according to our OpId and retention criteria. Continuing to earlier segments.op_id=9.9, op_id_replay_lowest=-1.-1, first_op_time=3978764939.700s, min_seconds_to_retain_logs=660.000s, replay_from_this_or_earlier_time_was_initialized=0, *replay_from_this_or_earlier_time=3978764279.700s, is_first_op_id_low_enough=0, is_first_op_time_early_enough=0
I0311 03:37:41.725397    29 tablet_bootstrap.cc:1237] T 974d5dc4624a4cc8ba8333f193777a6e P 096da8680d274dba91b50831a23bfd58: Segment /mnt/tserver/yb-data/tserver/wals/table-929f7d28b7a2483c9b6c4652af3f6131/tablet-974d5dc4624a4cc8ba8333f193777a6e/wal-000000008 cannot be used as the first segment to start replay with according to our OpId and retention criteria. Continuing to earlier segments.op_id=8.8, op_id_replay_lowest=-1.-1, first_op_time=3978764937.048s, min_seconds_to_retain_logs=660.000s, replay_from_this_or_earlier_time_was_initialized=1, *replay_from_this_or_earlier_time=3978764279.700s, is_first_op_id_low_enough=0, is_first_op_time_early_enough=0
W0311 03:37:41.725265    28 log_util.cc:240] Could not read footer for segment: /mnt/tserver/yb-data/tserver/wals/table-929f7d28b7a2483c9b6c4652af3f6131/tablet-22d66049cb9c4419a35469ea8c2c36bc/wal-000000009: Not found (yb/consensus/log_util.cc:554): Footer not found. Footer magic doesn't match
W0311 03:37:41.722295    30 log_util.cc:240] Could not read footer for segment: /mnt/tserver/yb-data/tserver/wals/table-929f7d28b7a2483c9b6c4652af3f6131/tablet-5c82d2d282b24c23a5a85eaa9b3797e3/wal-000000009: Not found (yb/consensus/log_util.cc:554): Footer not found. Footer magic doesn't match
I0311 03:37:41.722415    27 tablet_bootstrap.cc:1237] T 3a76ab24970d40ef859dfa774b11abe1 P 096da8680d274dba91b50831a23bfd58: Segment /mnt/tserver/yb-data/tserver/wals/table-929f7d28b7a2483c9b6c4652af3f6131/tablet-3a76ab24970d40ef859dfa774b11abe1/wal-000000007 cannot be used as the first segment to start replay with according to our OpId and retention criteria. Continuing to earlier segments.op_id=7.7, op_id_replay_lowest=-1.-1, first_op_time=3544782173.049s, min_seconds_to_retain_logs=660.000s, replay_from_this_or_earlier_time_was_initialized=1, *replay_from_this_or_earlier_time=3544781519.817s, is_first_op_id_low_enough=0, is_first_op_time_early_enough=0
