I0311 02:48:33.530623    87 raft_consensus.cc:3421] T e778eac89ca24f2993340a6d09c687f8 P 096da8680d274dba91b50831a23bfd58 [term 2 FOLLOWER]: Snoozing leader timeout detection for 3.111s
I0311 02:48:33.531739    87 raft_consensus.cc:3314] T e778eac89ca24f2993340a6d09c687f8 P 096da8680d274dba91b50831a23bfd58 [term 2 FOLLOWER]: Leader pre-election won for term 3
I0311 02:48:33.532621    87 raft_consensus.cc:627] T e778eac89ca24f2993340a6d09c687f8 P 096da8680d274dba91b50831a23bfd58 [term 2 FOLLOWER]: Triggering leader election, mode=NORMAL_ELECTION
I0311 02:48:33.533327    87 raft_consensus.cc:3421] T e778eac89ca24f2993340a6d09c687f8 P 096da8680d274dba91b50831a23bfd58 [term 2 FOLLOWER]: Snoozing leader timeout detection for 3.269s
I0311 02:48:33.534076    87 raft_consensus.cc:3482] T e778eac89ca24f2993340a6d09c687f8 P 096da8680d274dba91b50831a23bfd58 [term 2 FOLLOWER]: Advancing to term 3
I0311 02:48:33.541759    87 consensus_meta.cc:317] T e778eac89ca24f2993340a6d09c687f8 P 096da8680d274dba91b50831a23bfd58: Updating active role from FOLLOWER to FOLLOWER. Consensus state: current_term: 3 leader_uuid: "" config { opid_index: -1 peers { permanent_uuid: "096da8680d274dba91b50831a23bfd58" member_type: VOTER last_known_private_addr { host: "yb-tserver-n1" port: 9100 } cloud_info { placement_cloud: "cloud1" placement_region: "datacenter1" placement_zone: "rack1" } } }, has_pending_config = 0
I0311 02:48:33.542726    87 raft_consensus.cc:667] T e778eac89ca24f2993340a6d09c687f8 P 096da8680d274dba91b50831a23bfd58 [term 3 FOLLOWER]: Starting election with config: opid_index: -1 peers { permanent_uuid: "096da8680d274dba91b50831a23bfd58" member_type: VOTER last_known_private_addr { host: "yb-tserver-n1" port: 9100 } cloud_info { placement_cloud: "cloud1" placement_region: "datacenter1" placement_zone: "rack1" } }
I0311 02:48:33.548246    87 leader_election.cc:242] T e778eac89ca24f2993340a6d09c687f8 P 096da8680d274dba91b50831a23bfd58 [CANDIDATE]: Term 3 election: Election decided. Result: candidate won.
I0311 02:48:33.548907    11 raft_consensus.cc:3421] T e778eac89ca24f2993340a6d09c687f8 P 096da8680d274dba91b50831a23bfd58 [term 3 FOLLOWER]: Snoozing leader timeout detection for 3.126s
I0311 02:48:33.549495    11 raft_consensus.cc:3328] T e778eac89ca24f2993340a6d09c687f8 P 096da8680d274dba91b50831a23bfd58 [term 3 FOLLOWER]: Leader election won for term 3
I0311 02:48:33.550582    11 replica_state.cc:1152] T e778eac89ca24f2993340a6d09c687f8 P 096da8680d274dba91b50831a23bfd58 [term 3 FOLLOWER]: Reset our lease: 85637.109s
I0311 02:48:33.551146    11 replica_state.cc:1414] T e778eac89ca24f2993340a6d09c687f8 P 096da8680d274dba91b50831a23bfd58 [term 3 FOLLOWER]: SetLeaderNoOpCommittedUnlocked(0), committed: 2.2, received: 2.2
I0311 02:48:33.551899    11 consensus_meta.cc:317] T e778eac89ca24f2993340a6d09c687f8 P 096da8680d274dba91b50831a23bfd58: Updating active role from FOLLOWER to LEADER. Consensus state: current_term: 3 leader_uuid: "096da8680d274dba91b50831a23bfd58" config { opid_index: -1 peers { permanent_uuid: "096da8680d274dba91b50831a23bfd58" member_type: VOTER last_known_private_addr { host: "yb-tserver-n1" port: 9100 } cloud_info { placement_cloud: "cloud1" placement_region: "datacenter1" placement_zone: "rack1" } } }, has_pending_config = 0
I0311 02:48:33.552582    11 raft_consensus.cc:3367] T e778eac89ca24f2993340a6d09c687f8 P 096da8680d274dba91b50831a23bfd58 [term 3 LEADER]: Calling mark dirty synchronously for reason code NEW_LEADER_ELECTED
I0311 02:48:33.553622    11 raft_consensus.cc:1059] T e778eac89ca24f2993340a6d09c687f8 P 096da8680d274dba91b50831a23bfd58 [term 3 LEADER]: Becoming Leader. State: Replica: 096da8680d274dba91b50831a23bfd58, State: 1, Role: LEADER, Watermarks: {Received: 2.2 Committed: 2.2} Leader: 0.0
I0311 02:48:33.554297    41 heartbeater.cc:338] P 096da8680d274dba91b50831a23bfd58: Connected to a leader master server at yb-master-n1:7100
I0311 02:48:33.554809    41 heartbeater.cc:387] P 096da8680d274dba91b50831a23bfd58: Registering TS with master...
I0311 02:48:33.554901    11 consensus_queue.cc:271] T e778eac89ca24f2993340a6d09c687f8 P 096da8680d274dba91b50831a23bfd58 [LEADER]: Queue going to LEADER mode. State: All replicated op: 0.0, Majority replicated op: 2.2, Committed index: 2.2, Last applied: 2.2, Last appended: 2.2, Current term: 3, Majority size: 1, State: QUEUE_OPEN, Mode: LEADER, active raft config: opid_index: -1 peers { permanent_uuid: "096da8680d274dba91b50831a23bfd58" member_type: VOTER last_known_private_addr { host: "yb-tserver-n1" port: 9100 } cloud_info { placement_cloud: "cloud1" placement_region: "datacenter1" placement_zone: "rack1" } }
I0311 02:48:33.555219    41 server_base.cc:541] Using private rpc address yb-tserver-n1
I0311 02:48:33.556126    41 server_base.cc:563] Using http address yb-tserver-n1
I0311 02:48:33.556188    11 raft_consensus.cc:1077] Sending NO_OP at op 2.2
W0311 02:48:33.561344    41 heartbeater.cc:658] P 096da8680d274dba91b50831a23bfd58: Failed to heartbeat to yb-master-n1:7100: Service unavailable (yb/tserver/heartbeater.cc:479): Master is no longer the leader: code: NOT_THE_LEADER status { code: ILLEGAL_STATE message: "Not the leader. Local UUID: e62675f7a535485386d064e83c9c9d83, Consensus state: current_term: 2 config { opid_index: -1 peers { permanent_uuid: \"e62675f7a535485386d064e83c9c9d83\" member_type: VOTER last_known_private_addr { host: \"yb-master-n1\" port: 7100 } cloud_info { placement_cloud: \"cloud1\" placement_region: \"datacenter1\" placement_zone: \"rack1\" } } }" source_file: "../../src/yb/master/scoped_leader_shared_lock.cc" source_line: 113 errors: "\000" } tries=11, num=1, masters=0x00000040152207c8 -> [[yb-master-n1:7100]], code=Service unavailable
W0311 02:48:33.565693    87 raft_consensus.cc:1374] Leader lease expiration was not set: Illegal state (yb/consensus/replica_state.cc:1345): NoOp of current term is not committed (majority_replicated_lease_expiration_ = <uninitialized>, majority_replicated_ht_lease_expiration_ = 0)
I0311 02:48:33.567315    87 replica_state.cc:1414] T e778eac89ca24f2993340a6d09c687f8 P 096da8680d274dba91b50831a23bfd58 [term 3 LEADER]: SetLeaderNoOpCommittedUnlocked(1), committed: 2.2, received: 3.3
I0311 02:48:33.568101    87 replica_state.cc:784] T e778eac89ca24f2993340a6d09c687f8 P 096da8680d274dba91b50831a23bfd58 [term 3 LEADER]: Advanced the committed_op_id across terms. Last committed operation was: 2.2 New committed index is: 3.3
I0311 02:48:33.786844    87 raft_consensus.cc:1030] T ef19613afa234c5d943034489b070927 P 096da8680d274dba91b50831a23bfd58 [term 2 FOLLOWER]: ReportFailDetected: Starting NORMAL_ELECTION...
I0311 02:48:33.792623    87 raft_consensus.cc:627] T ef19613afa234c5d943034489b070927 P 096da8680d274dba91b50831a23bfd58 [term 2 FOLLOWER]: Triggering leader pre-election, mode=NORMAL_ELECTION
I0311 02:48:33.793967    87 raft_consensus.cc:3421] T ef19613afa234c5d943034489b070927 P 096da8680d274dba91b50831a23bfd58 [term 2 FOLLOWER]: Snoozing leader timeout detection for 3.261s
I0311 02:48:33.795168    87 raft_consensus.cc:667] T ef19613afa234c5d943034489b070927 P 096da8680d274dba91b50831a23bfd58 [term 2 FOLLOWER]: Starting pre-election with config: opid_index: -1 peers { permanent_uuid: "096da8680d274dba91b50831a23bfd58" member_type: VOTER last_known_private_addr { host: "yb-tserver-n1" port: 9100 } cloud_info { placement_cloud: "cloud1" placement_region: "datacenter1" placement_zone: "rack1" } }
I0311 02:48:33.796628    87 leader_election.cc:242] T ef19613afa234c5d943034489b070927 P 096da8680d274dba91b50831a23bfd58 [CANDIDATE]: Term 3 pre-election: Election decided. Result: candidate won.
I0311 02:48:33.797999    87 raft_consensus.cc:3421] T ef19613afa234c5d943034489b070927 P 096da8680d274dba91b50831a23bfd58 [term 2 FOLLOWER]: Snoozing leader timeout detection for 3.025s
I0311 02:48:33.799069    87 raft_consensus.cc:3314] T ef19613afa234c5d943034489b070927 P 096da8680d274dba91b50831a23bfd58 [term 2 FOLLOWER]: Leader pre-election won for term 3
I0311 02:48:33.799873    87 raft_consensus.cc:627] T ef19613afa234c5d943034489b070927 P 096da8680d274dba91b50831a23bfd58 [term 2 FOLLOWER]: Triggering leader election, mode=NORMAL_ELECTION
I0311 02:48:33.800745    87 raft_consensus.cc:3421] T ef19613afa234c5d943034489b070927 P 096da8680d274dba91b50831a23bfd58 [term 2 FOLLOWER]: Snoozing leader timeout detection for 3.022s
I0311 02:48:33.801668    87 raft_consensus.cc:3482] T ef19613afa234c5d943034489b070927 P 096da8680d274dba91b50831a23bfd58 [term 2 FOLLOWER]: Advancing to term 3
I0311 02:48:33.810029    87 consensus_meta.cc:317] T ef19613afa234c5d943034489b070927 P 096da8680d274dba91b50831a23bfd58: Updating active role from FOLLOWER to FOLLOWER. Consensus state: current_term: 3 leader_uuid: "" config { opid_index: -1 peers { permanent_uuid: "096da8680d274dba91b50831a23bfd58" member_type: VOTER last_known_private_addr { host: "yb-tserver-n1" port: 9100 } cloud_info { placement_cloud: "cloud1" placement_region: "datacenter1" placement_zone: "rack1" } } }, has_pending_config = 0
I0311 02:48:33.811089    87 raft_consensus.cc:667] T ef19613afa234c5d943034489b070927 P 096da8680d274dba91b50831a23bfd58 [term 3 FOLLOWER]: Starting election with config: opid_index: -1 peers { permanent_uuid: "096da8680d274dba91b50831a23bfd58" member_type: VOTER last_known_private_addr { host: "yb-tserver-n1" port: 9100 } cloud_info { placement_cloud: "cloud1" placement_region: "datacenter1" placement_zone: "rack1" } }
I0311 02:48:33.817283    87 leader_election.cc:242] T ef19613afa234c5d943034489b070927 P 096da8680d274dba91b50831a23bfd58 [CANDIDATE]: Term 3 election: Election decided. Result: candidate won.
I0311 02:48:33.818045    87 raft_consensus.cc:3421] T ef19613afa234c5d943034489b070927 P 096da8680d274dba91b50831a23bfd58 [term 3 FOLLOWER]: Snoozing leader timeout detection for 3.067s
I0311 02:48:33.818668    87 raft_consensus.cc:3328] T ef19613afa234c5d943034489b070927 P 096da8680d274dba91b50831a23bfd58 [term 3 FOLLOWER]: Leader election won for term 3
I0311 02:48:33.819234    87 replica_state.cc:1152] T ef19613afa234c5d943034489b070927 P 096da8680d274dba91b50831a23bfd58 [term 3 FOLLOWER]: Reset our lease: 85637.377s
I0311 02:48:33.819921    87 replica_state.cc:1414] T ef19613afa234c5d943034489b070927 P 096da8680d274dba91b50831a23bfd58 [term 3 FOLLOWER]: SetLeaderNoOpCommittedUnlocked(0), committed: 2.2, received: 2.2
I0311 02:48:33.820466    87 consensus_meta.cc:317] T ef19613afa234c5d943034489b070927 P 096da8680d274dba91b50831a23bfd58: Updating active role from FOLLOWER to LEADER. Consensus state: current_term: 3 leader_uuid: "096da8680d274dba91b50831a23bfd58" config { opid_index: -1 peers { permanent_uuid: "096da8680d274dba91b50831a23bfd58" member_type: VOTER last_known_private_addr { host: "yb-tserver-n1" port: 9100 } cloud_info { placement_cloud: "cloud1" placement_region: "datacenter1" placement_zone: "rack1" } } }, has_pending_config = 0
I0311 02:48:33.821743    87 raft_consensus.cc:3367] T ef19613afa234c5d943034489b070927 P 096da8680d274dba91b50831a23bfd58 [term 3 LEADER]: Calling mark dirty synchronously for reason code NEW_LEADER_ELECTED
I0311 02:48:33.822348    87 raft_consensus.cc:1059] T ef19613afa234c5d943034489b070927 P 096da8680d274dba91b50831a23bfd58 [term 3 LEADER]: Becoming Leader. State: Replica: 096da8680d274dba91b50831a23bfd58, State: 1, Role: LEADER, Watermarks: {Received: 2.2 Committed: 2.2} Leader: 0.0
I0311 02:48:33.823124    87 consensus_queue.cc:271] T ef19613afa234c5d943034489b070927 P 096da8680d274dba91b50831a23bfd58 [LEADER]: Queue going to LEADER mode. State: All replicated op: 0.0, Majority replicated op: 2.2, Committed index: 2.2, Last applied: 2.2, Last appended: 2.2, Current term: 3, Majority size: 1, State: QUEUE_OPEN, Mode: LEADER, active raft config: opid_index: -1 peers { permanent_uuid: "096da8680d274dba91b50831a23bfd58" member_type: VOTER last_known_private_addr { host: "yb-tserver-n1" port: 9100 } cloud_info { placement_cloud: "cloud1" placement_region: "datacenter1" placement_zone: "rack1" } }
I0311 02:48:33.823709    41 heartbeater.cc:338] P 096da8680d274dba91b50831a23bfd58: Connected to a leader master server at yb-master-n1:7100
I0311 02:48:33.824052    87 raft_consensus.cc:1077] Sending NO_OP at op 2.2
I0311 02:48:33.824679    41 heartbeater.cc:387] P 096da8680d274dba91b50831a23bfd58: Registering TS with master...
I0311 02:48:33.825870    41 server_base.cc:541] Using private rpc address yb-tserver-n1
I0311 02:48:33.826453    41 server_base.cc:563] Using http address yb-tserver-n1
W0311 02:48:33.827140    11 raft_consensus.cc:1374] Leader lease expiration was not set: Illegal state (yb/consensus/replica_state.cc:1345): NoOp of current term is not committed (majority_replicated_lease_expiration_ = <uninitialized>, majority_replicated_ht_lease_expiration_ = 0)
I0311 02:48:33.828302    11 replica_state.cc:1414] T ef19613afa234c5d943034489b070927 P 096da8680d274dba91b50831a23bfd58 [term 3 LEADER]: SetLeaderNoOpCommittedUnlocked(1), committed: 2.2, received: 3.3
I0311 02:48:33.828838    11 replica_state.cc:784] T ef19613afa234c5d943034489b070927 P 096da8680d274dba91b50831a23bfd58 [term 3 LEADER]: Advanced the committed_op_id across terms. Last committed operation was: 2.2 New committed index is: 3.3
W0311 02:48:33.830613    41 heartbeater.cc:658] P 096da8680d274dba91b50831a23bfd58: Failed to heartbeat to yb-master-n1:7100: Service unavailable (yb/tserver/heartbeater.cc:479): Master is no longer the leader: code: NOT_THE_LEADER status { code: ILLEGAL_STATE message: "Not the leader. Local UUID: e62675f7a535485386d064e83c9c9d83, Consensus state: current_term: 2 config { opid_index: -1 peers { permanent_uuid: \"e62675f7a535485386d064e83c9c9d83\" member_type: VOTER last_known_private_addr { host: \"yb-master-n1\" port: 7100 } cloud_info { placement_cloud: \"cloud1\" placement_region: \"datacenter1\" placement_zone: \"rack1\" } } }" source_file: "../../src/yb/master/scoped_leader_shared_lock.cc" source_line: 113 errors: "\000" } tries=12, num=1, masters=0x00000040152207c8 -> [[yb-master-n1:7100]], code=Service unavailable
I0311 02:48:33.894817    11 raft_consensus.cc:1030] T 5c82d2d282b24c23a5a85eaa9b3797e3 P 096da8680d274dba91b50831a23bfd58 [term 2 FOLLOWER]: ReportFailDetected: Starting NORMAL_ELECTION...
I0311 02:48:33.895689    11 raft_consensus.cc:627] T 5c82d2d282b24c23a5a85eaa9b3797e3 P 096da8680d274dba91b50831a23bfd58 [term 2 FOLLOWER]: Triggering leader pre-election, mode=NORMAL_ELECTION
I0311 02:48:33.896191    11 raft_consensus.cc:3421] T 5c82d2d282b24c23a5a85eaa9b3797e3 P 096da8680d274dba91b50831a23bfd58 [term 2 FOLLOWER]: Snoozing leader timeout detection for 3.254s
I0311 02:48:33.897001    11 raft_consensus.cc:667] T 5c82d2d282b24c23a5a85eaa9b3797e3 P 096da8680d274dba91b50831a23bfd58 [term 2 FOLLOWER]: Starting pre-election with config: opid_index: -1 peers { permanent_uuid: "096da8680d274dba91b50831a23bfd58" member_type: VOTER last_known_private_addr { host: "yb-tserver-n1" port: 9100 } cloud_info { placement_cloud: "cloud1" placement_region: "datacenter1" placement_zone: "rack1" } }
I0311 02:48:33.897536    11 leader_election.cc:242] T 5c82d2d282b24c23a5a85eaa9b3797e3 P 096da8680d274dba91b50831a23bfd58 [CANDIDATE]: Term 3 pre-election: Election decided. Result: candidate won.
I0311 02:48:33.897990    11 raft_consensus.cc:3421] T 5c82d2d282b24c23a5a85eaa9b3797e3 P 096da8680d274dba91b50831a23bfd58 [term 2 FOLLOWER]: Snoozing leader timeout detection for 3.064s
I0311 02:48:33.898625    11 raft_consensus.cc:3314] T 5c82d2d282b24c23a5a85eaa9b3797e3 P 096da8680d274dba91b50831a23bfd58 [term 2 FOLLOWER]: Leader pre-election won for term 3
I0311 02:48:33.899006    11 raft_consensus.cc:627] T 5c82d2d282b24c23a5a85eaa9b3797e3 P 096da8680d274dba91b50831a23bfd58 [term 2 FOLLOWER]: Triggering leader election, mode=NORMAL_ELECTION
I0311 02:48:33.899413    11 raft_consensus.cc:3421] T 5c82d2d282b24c23a5a85eaa9b3797e3 P 096da8680d274dba91b50831a23bfd58 [term 2 FOLLOWER]: Snoozing leader timeout detection for 3.251s
I0311 02:48:33.899854    11 raft_consensus.cc:3482] T 5c82d2d282b24c23a5a85eaa9b3797e3 P 096da8680d274dba91b50831a23bfd58 [term 2 FOLLOWER]: Advancing to term 3
I0311 02:48:33.903537    11 consensus_meta.cc:317] T 5c82d2d282b24c23a5a85eaa9b3797e3 P 096da8680d274dba91b50831a23bfd58: Updating active role from FOLLOWER to FOLLOWER. Consensus state: current_term: 3 leader_uuid: "" config { opid_index: -1 peers { permanent_uuid: "096da8680d274dba91b50831a23bfd58" member_type: VOTER last_known_private_addr { host: "yb-tserver-n1" port: 9100 } cloud_info { placement_cloud: "cloud1" placement_region: "datacenter1" placement_zone: "rack1" } } }, has_pending_config = 0
I0311 02:48:33.903973    11 raft_consensus.cc:667] T 5c82d2d282b24c23a5a85eaa9b3797e3 P 096da8680d274dba91b50831a23bfd58 [term 3 FOLLOWER]: Starting election with config: opid_index: -1 peers { permanent_uuid: "096da8680d274dba91b50831a23bfd58" member_type: VOTER last_known_private_addr { host: "yb-tserver-n1" port: 9100 } cloud_info { placement_cloud: "cloud1" placement_region: "datacenter1" placement_zone: "rack1" } }
I0311 02:48:33.907537    11 leader_election.cc:242] T 5c82d2d282b24c23a5a85eaa9b3797e3 P 096da8680d274dba91b50831a23bfd58 [CANDIDATE]: Term 3 election: Election decided. Result: candidate won.
I0311 02:48:33.908071    87 raft_consensus.cc:3421] T 5c82d2d282b24c23a5a85eaa9b3797e3 P 096da8680d274dba91b50831a23bfd58 [term 3 FOLLOWER]: Snoozing leader timeout detection for 3.081s
I0311 02:48:33.908438    87 raft_consensus.cc:3328] T 5c82d2d282b24c23a5a85eaa9b3797e3 P 096da8680d274dba91b50831a23bfd58 [term 3 FOLLOWER]: Leader election won for term 3
I0311 02:48:33.908846    87 replica_state.cc:1152] T 5c82d2d282b24c23a5a85eaa9b3797e3 P 096da8680d274dba91b50831a23bfd58 [term 3 FOLLOWER]: Reset our lease: 85637.467s
I0311 02:48:33.909222    87 replica_state.cc:1414] T 5c82d2d282b24c23a5a85eaa9b3797e3 P 096da8680d274dba91b50831a23bfd58 [term 3 FOLLOWER]: SetLeaderNoOpCommittedUnlocked(0), committed: 2.2, received: 2.2
I0311 02:48:33.909677    87 consensus_meta.cc:317] T 5c82d2d282b24c23a5a85eaa9b3797e3 P 096da8680d274dba91b50831a23bfd58: Updating active role from FOLLOWER to LEADER. Consensus state: current_term: 3 leader_uuid: "096da8680d274dba91b50831a23bfd58" config { opid_index: -1 peers { permanent_uuid: "096da8680d274dba91b50831a23bfd58" member_type: VOTER last_known_private_addr { host: "yb-tserver-n1" port: 9100 } cloud_info { placement_cloud: "cloud1" placement_region: "datacenter1" placement_zone: "rack1" } } }, has_pending_config = 0
I0311 02:48:33.910084    87 raft_consensus.cc:3367] T 5c82d2d282b24c23a5a85eaa9b3797e3 P 096da8680d274dba91b50831a23bfd58 [term 3 LEADER]: Calling mark dirty synchronously for reason code NEW_LEADER_ELECTED
I0311 02:48:33.910815    87 raft_consensus.cc:1059] T 5c82d2d282b24c23a5a85eaa9b3797e3 P 096da8680d274dba91b50831a23bfd58 [term 3 LEADER]: Becoming Leader. State: Replica: 096da8680d274dba91b50831a23bfd58, State: 1, Role: LEADER, Watermarks: {Received: 2.2 Committed: 2.2} Leader: 0.0
I0311 02:48:33.911274    87 consensus_queue.cc:271] T 5c82d2d282b24c23a5a85eaa9b3797e3 P 096da8680d274dba91b50831a23bfd58 [LEADER]: Queue going to LEADER mode. State: All replicated op: 0.0, Majority replicated op: 2.2, Committed index: 2.2, Last applied: 2.2, Last appended: 2.2, Current term: 3, Majority size: 1, State: QUEUE_OPEN, Mode: LEADER, active raft config: opid_index: -1 peers { permanent_uuid: "096da8680d274dba91b50831a23bfd58" member_type: VOTER last_known_private_addr { host: "yb-tserver-n1" port: 9100 } cloud_info { placement_cloud: "cloud1" placement_region: "datacenter1" placement_zone: "rack1" } }
I0311 02:48:33.911484    41 heartbeater.cc:338] P 096da8680d274dba91b50831a23bfd58: Connected to a leader master server at yb-master-n1:7100
I0311 02:48:33.911708    87 raft_consensus.cc:1077] Sending NO_OP at op 2.2
I0311 02:48:33.912092    41 heartbeater.cc:387] P 096da8680d274dba91b50831a23bfd58: Registering TS with master...
I0311 02:48:33.912830    41 server_base.cc:541] Using private rpc address yb-tserver-n1
I0311 02:48:33.913383    41 server_base.cc:563] Using http address yb-tserver-n1
W0311 02:48:33.914881    11 raft_consensus.cc:1374] Leader lease expiration was not set: Illegal state (yb/consensus/replica_state.cc:1345): NoOp of current term is not committed (majority_replicated_lease_expiration_ = <uninitialized>, majority_replicated_ht_lease_expiration_ = 0)
I0311 02:48:33.915673    11 replica_state.cc:1414] T 5c82d2d282b24c23a5a85eaa9b3797e3 P 096da8680d274dba91b50831a23bfd58 [term 3 LEADER]: SetLeaderNoOpCommittedUnlocked(1), committed: 2.2, received: 3.3
W0311 02:48:33.915858    41 heartbeater.cc:658] P 096da8680d274dba91b50831a23bfd58: Failed to heartbeat to yb-master-n1:7100: Service unavailable (yb/tserver/heartbeater.cc:479): Master is no longer the leader: code: NOT_THE_LEADER status { code: ILLEGAL_STATE message: "Not the leader. Local UUID: e62675f7a535485386d064e83c9c9d83, Consensus state: current_term: 2 config { opid_index: -1 peers { permanent_uuid: \"e62675f7a535485386d064e83c9c9d83\" member_type: VOTER last_known_private_addr { host: \"yb-master-n1\" port: 7100 } cloud_info { placement_cloud: \"cloud1\" placement_region: \"datacenter1\" placement_zone: \"rack1\" } } }" source_file: "../../src/yb/master/scoped_leader_shared_lock.cc" source_line: 113 errors: "\000" } tries=13, num=1, masters=0x00000040152207c8 -> [[yb-master-n1:7100]], code=Service unavailable
I0311 02:48:33.916050    11 replica_state.cc:784] T 5c82d2d282b24c23a5a85eaa9b3797e3 P 096da8680d274dba91b50831a23bfd58 [term 3 LEADER]: Advanced the committed_op_id across terms. Last committed operation was: 2.2 New committed index is: 3.3
I0311 02:48:34.009092    11 raft_consensus.cc:1030] T 3a76ab24970d40ef859dfa774b11abe1 P 096da8680d274dba91b50831a23bfd58 [term 2 FOLLOWER]: ReportFailDetected: Starting NORMAL_ELECTION...
I0311 02:48:34.010082    11 raft_consensus.cc:627] T 3a76ab24970d40ef859dfa774b11abe1 P 096da8680d274dba91b50831a23bfd58 [term 2 FOLLOWER]: Triggering leader pre-election, mode=NORMAL_ELECTION
I0311 02:48:34.010641    11 raft_consensus.cc:3421] T 3a76ab24970d40ef859dfa774b11abe1 P 096da8680d274dba91b50831a23bfd58 [term 2 FOLLOWER]: Snoozing leader timeout detection for 3.065s
I0311 02:48:34.011210    11 raft_consensus.cc:667] T 3a76ab24970d40ef859dfa774b11abe1 P 096da8680d274dba91b50831a23bfd58 [term 2 FOLLOWER]: Starting pre-election with config: opid_index: -1 peers { permanent_uuid: "096da8680d274dba91b50831a23bfd58" member_type: VOTER last_known_private_addr { host: "yb-tserver-n1" port: 9100 } cloud_info { placement_cloud: "cloud1" placement_region: "datacenter1" placement_zone: "rack1" } }
I0311 02:48:34.011916    11 leader_election.cc:242] T 3a76ab24970d40ef859dfa774b11abe1 P 096da8680d274dba91b50831a23bfd58 [CANDIDATE]: Term 3 pre-election: Election decided. Result: candidate won.
I0311 02:48:34.012979    11 raft_consensus.cc:3421] T 3a76ab24970d40ef859dfa774b11abe1 P 096da8680d274dba91b50831a23bfd58 [term 2 FOLLOWER]: Snoozing leader timeout detection for 3.280s
I0311 02:48:34.013577    11 raft_consensus.cc:3314] T 3a76ab24970d40ef859dfa774b11abe1 P 096da8680d274dba91b50831a23bfd58 [term 2 FOLLOWER]: Leader pre-election won for term 3
I0311 02:48:34.014130    11 raft_consensus.cc:627] T 3a76ab24970d40ef859dfa774b11abe1 P 096da8680d274dba91b50831a23bfd58 [term 2 FOLLOWER]: Triggering leader election, mode=NORMAL_ELECTION
I0311 02:48:34.014595    11 raft_consensus.cc:3421] T 3a76ab24970d40ef859dfa774b11abe1 P 096da8680d274dba91b50831a23bfd58 [term 2 FOLLOWER]: Snoozing leader timeout detection for 3.041s
I0311 02:48:34.015056    11 raft_consensus.cc:3482] T 3a76ab24970d40ef859dfa774b11abe1 P 096da8680d274dba91b50831a23bfd58 [term 2 FOLLOWER]: Advancing to term 3
I0311 02:48:34.019378    11 consensus_meta.cc:317] T 3a76ab24970d40ef859dfa774b11abe1 P 096da8680d274dba91b50831a23bfd58: Updating active role from FOLLOWER to FOLLOWER. Consensus state: current_term: 3 leader_uuid: "" config { opid_index: -1 peers { permanent_uuid: "096da8680d274dba91b50831a23bfd58" member_type: VOTER last_known_private_addr { host: "yb-tserver-n1" port: 9100 } cloud_info { placement_cloud: "cloud1" placement_region: "datacenter1" placement_zone: "rack1" } } }, has_pending_config = 0
I0311 02:48:34.019914    11 raft_consensus.cc:667] T 3a76ab24970d40ef859dfa774b11abe1 P 096da8680d274dba91b50831a23bfd58 [term 3 FOLLOWER]: Starting election with config: opid_index: -1 peers { permanent_uuid: "096da8680d274dba91b50831a23bfd58" member_type: VOTER last_known_private_addr { host: "yb-tserver-n1" port: 9100 } cloud_info { placement_cloud: "cloud1" placement_region: "datacenter1" placement_zone: "rack1" } }
I0311 02:48:34.023103    11 leader_election.cc:242] T 3a76ab24970d40ef859dfa774b11abe1 P 096da8680d274dba91b50831a23bfd58 [CANDIDATE]: Term 3 election: Election decided. Result: candidate won.
I0311 02:48:34.023453    11 raft_consensus.cc:3421] T 3a76ab24970d40ef859dfa774b11abe1 P 096da8680d274dba91b50831a23bfd58 [term 3 FOLLOWER]: Snoozing leader timeout detection for 3.280s
I0311 02:48:34.023793    11 raft_consensus.cc:3328] T 3a76ab24970d40ef859dfa774b11abe1 P 096da8680d274dba91b50831a23bfd58 [term 3 FOLLOWER]: Leader election won for term 3
I0311 02:48:34.024111    11 replica_state.cc:1152] T 3a76ab24970d40ef859dfa774b11abe1 P 096da8680d274dba91b50831a23bfd58 [term 3 FOLLOWER]: Reset our lease: 85637.582s
I0311 02:48:34.024451    11 replica_state.cc:1414] T 3a76ab24970d40ef859dfa774b11abe1 P 096da8680d274dba91b50831a23bfd58 [term 3 FOLLOWER]: SetLeaderNoOpCommittedUnlocked(0), committed: 2.2, received: 2.2
I0311 02:48:34.024777    11 consensus_meta.cc:317] T 3a76ab24970d40ef859dfa774b11abe1 P 096da8680d274dba91b50831a23bfd58: Updating active role from FOLLOWER to LEADER. Consensus state: current_term: 3 leader_uuid: "096da8680d274dba91b50831a23bfd58" config { opid_index: -1 peers { permanent_uuid: "096da8680d274dba91b50831a23bfd58" member_type: VOTER last_known_private_addr { host: "yb-tserver-n1" port: 9100 } cloud_info { placement_cloud: "cloud1" placement_region: "datacenter1" placement_zone: "rack1" } } }, has_pending_config = 0
I0311 02:48:34.025130    11 raft_consensus.cc:3367] T 3a76ab24970d40ef859dfa774b11abe1 P 096da8680d274dba91b50831a23bfd58 [term 3 LEADER]: Calling mark dirty synchronously for reason code NEW_LEADER_ELECTED
I0311 02:48:34.025449    11 raft_consensus.cc:1059] T 3a76ab24970d40ef859dfa774b11abe1 P 096da8680d274dba91b50831a23bfd58 [term 3 LEADER]: Becoming Leader. State: Replica: 096da8680d274dba91b50831a23bfd58, State: 1, Role: LEADER, Watermarks: {Received: 2.2 Committed: 2.2} Leader: 0.0
I0311 02:48:34.025827    11 consensus_queue.cc:271] T 3a76ab24970d40ef859dfa774b11abe1 P 096da8680d274dba91b50831a23bfd58 [LEADER]: Queue going to LEADER mode. State: All replicated op: 0.0, Majority replicated op: 2.2, Committed index: 2.2, Last applied: 2.2, Last appended: 2.2, Current term: 3, Majority size: 1, State: QUEUE_OPEN, Mode: LEADER, active raft config: opid_index: -1 peers { permanent_uuid: "096da8680d274dba91b50831a23bfd58" member_type: VOTER last_known_private_addr { host: "yb-tserver-n1" port: 9100 } cloud_info { placement_cloud: "cloud1" placement_region: "datacenter1" placement_zone: "rack1" } }
I0311 02:48:34.026046    41 heartbeater.cc:338] P 096da8680d274dba91b50831a23bfd58: Connected to a leader master server at yb-master-n1:7100
I0311 02:48:34.026551    11 raft_consensus.cc:1077] Sending NO_OP at op 2.2
I0311 02:48:34.027101    41 heartbeater.cc:387] P 096da8680d274dba91b50831a23bfd58: Registering TS with master...
I0311 02:48:34.027814    41 server_base.cc:541] Using private rpc address yb-tserver-n1
I0311 02:48:34.028191    41 server_base.cc:563] Using http address yb-tserver-n1
W0311 02:48:34.028594    87 raft_consensus.cc:1374] Leader lease expiration was not set: Illegal state (yb/consensus/replica_state.cc:1345): NoOp of current term is not committed (majority_replicated_lease_expiration_ = <uninitialized>, majority_replicated_ht_lease_expiration_ = 0)
I0311 02:48:34.029223    87 replica_state.cc:1414] T 3a76ab24970d40ef859dfa774b11abe1 P 096da8680d274dba91b50831a23bfd58 [term 3 LEADER]: SetLeaderNoOpCommittedUnlocked(1), committed: 2.2, received: 3.3
I0311 02:48:34.029588    87 replica_state.cc:784] T 3a76ab24970d40ef859dfa774b11abe1 P 096da8680d274dba91b50831a23bfd58 [term 3 LEADER]: Advanced the committed_op_id across terms. Last committed operation was: 2.2 New committed index is: 3.3
W0311 02:48:34.031055    41 heartbeater.cc:658] P 096da8680d274dba91b50831a23bfd58: Failed to heartbeat to yb-master-n1:7100: Service unavailable (yb/tserver/heartbeater.cc:479): Master is no longer the leader: code: NOT_THE_LEADER status { code: ILLEGAL_STATE message: "Not the leader. Local UUID: e62675f7a535485386d064e83c9c9d83, Consensus state: current_term: 2 config { opid_index: -1 peers { permanent_uuid: \"e62675f7a535485386d064e83c9c9d83\" member_type: VOTER last_known_private_addr { host: \"yb-master-n1\" port: 7100 } cloud_info { placement_cloud: \"cloud1\" placement_region: \"datacenter1\" placement_zone: \"rack1\" } } }" source_file: "../../src/yb/master/scoped_leader_shared_lock.cc" source_line: 113 errors: "\000" } tries=14, num=1, masters=0x00000040152207c8 -> [[yb-master-n1:7100]], code=Service unavailable
I0311 02:48:34.071803    87 raft_consensus.cc:1030] T df17b40b75664e0aaa44ec6687a7a233 P 096da8680d274dba91b50831a23bfd58 [term 2 FOLLOWER]: ReportFailDetected: Starting NORMAL_ELECTION...
I0311 02:48:34.072322    87 raft_consensus.cc:627] T df17b40b75664e0aaa44ec6687a7a233 P 096da8680d274dba91b50831a23bfd58 [term 2 FOLLOWER]: Triggering leader pre-election, mode=NORMAL_ELECTION
I0311 02:48:34.073053    87 raft_consensus.cc:3421] T df17b40b75664e0aaa44ec6687a7a233 P 096da8680d274dba91b50831a23bfd58 [term 2 FOLLOWER]: Snoozing leader timeout detection for 3.195s
I0311 02:48:34.073490    87 raft_consensus.cc:667] T df17b40b75664e0aaa44ec6687a7a233 P 096da8680d274dba91b50831a23bfd58 [term 2 FOLLOWER]: Starting pre-election with config: opid_index: -1 peers { permanent_uuid: "096da8680d274dba91b50831a23bfd58" member_type: VOTER last_known_private_addr { host: "yb-tserver-n1" port: 9100 } cloud_info { placement_cloud: "cloud1" placement_region: "datacenter1" placement_zone: "rack1" } }
I0311 02:48:34.074025    87 leader_election.cc:242] T df17b40b75664e0aaa44ec6687a7a233 P 096da8680d274dba91b50831a23bfd58 [CANDIDATE]: Term 3 pre-election: Election decided. Result: candidate won.
I0311 02:48:34.074537    87 raft_consensus.cc:3421] T df17b40b75664e0aaa44ec6687a7a233 P 096da8680d274dba91b50831a23bfd58 [term 2 FOLLOWER]: Snoozing leader timeout detection for 3.188s
I0311 02:48:34.074973    87 raft_consensus.cc:3314] T df17b40b75664e0aaa44ec6687a7a233 P 096da8680d274dba91b50831a23bfd58 [term 2 FOLLOWER]: Leader pre-election won for term 3
I0311 02:48:34.075441    87 raft_consensus.cc:627] T df17b40b75664e0aaa44ec6687a7a233 P 096da8680d274dba91b50831a23bfd58 [term 2 FOLLOWER]: Triggering leader election, mode=NORMAL_ELECTION
I0311 02:48:34.076372    87 raft_consensus.cc:3421] T df17b40b75664e0aaa44ec6687a7a233 P 096da8680d274dba91b50831a23bfd58 [term 2 FOLLOWER]: Snoozing leader timeout detection for 3.290s
I0311 02:48:34.076778    87 raft_consensus.cc:3482] T df17b40b75664e0aaa44ec6687a7a233 P 096da8680d274dba91b50831a23bfd58 [term 2 FOLLOWER]: Advancing to term 3
I0311 02:48:34.081059    87 consensus_meta.cc:317] T df17b40b75664e0aaa44ec6687a7a233 P 096da8680d274dba91b50831a23bfd58: Updating active role from FOLLOWER to FOLLOWER. Consensus state: current_term: 3 leader_uuid: "" config { opid_index: -1 peers { permanent_uuid: "096da8680d274dba91b50831a23bfd58" member_type: VOTER last_known_private_addr { host: "yb-tserver-n1" port: 9100 } cloud_info { placement_cloud: "cloud1" placement_region: "datacenter1" placement_zone: "rack1" } } }, has_pending_config = 0
I0311 02:48:34.081535    87 raft_consensus.cc:667] T df17b40b75664e0aaa44ec6687a7a233 P 096da8680d274dba91b50831a23bfd58 [term 3 FOLLOWER]: Starting election with config: opid_index: -1 peers { permanent_uuid: "096da8680d274dba91b50831a23bfd58" member_type: VOTER last_known_private_addr { host: "yb-tserver-n1" port: 9100 } cloud_info { placement_cloud: "cloud1" placement_region: "datacenter1" placement_zone: "rack1" } }
I0311 02:48:34.084761    87 leader_election.cc:242] T df17b40b75664e0aaa44ec6687a7a233 P 096da8680d274dba91b50831a23bfd58 [CANDIDATE]: Term 3 election: Election decided. Result: candidate won.
I0311 02:48:34.085115    87 raft_consensus.cc:3421] T df17b40b75664e0aaa44ec6687a7a233 P 096da8680d274dba91b50831a23bfd58 [term 3 FOLLOWER]: Snoozing leader timeout detection for 3.039s
I0311 02:48:34.085438    87 raft_consensus.cc:3328] T df17b40b75664e0aaa44ec6687a7a233 P 096da8680d274dba91b50831a23bfd58 [term 3 FOLLOWER]: Leader election won for term 3
I0311 02:48:34.085757    87 replica_state.cc:1152] T df17b40b75664e0aaa44ec6687a7a233 P 096da8680d274dba91b50831a23bfd58 [term 3 FOLLOWER]: Reset our lease: 85637.644s
I0311 02:48:34.086097    87 replica_state.cc:1414] T df17b40b75664e0aaa44ec6687a7a233 P 096da8680d274dba91b50831a23bfd58 [term 3 FOLLOWER]: SetLeaderNoOpCommittedUnlocked(0), committed: 2.2, received: 2.2
I0311 02:48:34.086431    87 consensus_meta.cc:317] T df17b40b75664e0aaa44ec6687a7a233 P 096da8680d274dba91b50831a23bfd58: Updating active role from FOLLOWER to LEADER. Consensus state: current_term: 3 leader_uuid: "096da8680d274dba91b50831a23bfd58" config { opid_index: -1 peers { permanent_uuid: "096da8680d274dba91b50831a23bfd58" member_type: VOTER last_known_private_addr { host: "yb-tserver-n1" port: 9100 } cloud_info { placement_cloud: "cloud1" placement_region: "datacenter1" placement_zone: "rack1" } } }, has_pending_config = 0
I0311 02:48:34.086805    87 raft_consensus.cc:3367] T df17b40b75664e0aaa44ec6687a7a233 P 096da8680d274dba91b50831a23bfd58 [term 3 LEADER]: Calling mark dirty synchronously for reason code NEW_LEADER_ELECTED
I0311 02:48:34.087128    87 raft_consensus.cc:1059] T df17b40b75664e0aaa44ec6687a7a233 P 096da8680d274dba91b50831a23bfd58 [term 3 LEADER]: Becoming Leader. State: Replica: 096da8680d274dba91b50831a23bfd58, State: 1, Role: LEADER, Watermarks: {Received: 2.2 Committed: 2.2} Leader: 0.0
I0311 02:48:34.087622    87 consensus_queue.cc:271] T df17b40b75664e0aaa44ec6687a7a233 P 096da8680d274dba91b50831a23bfd58 [LEADER]: Queue going to LEADER mode. State: All replicated op: 0.0, Majority replicated op: 2.2, Committed index: 2.2, Last applied: 2.2, Last appended: 2.2, Current term: 3, Majority size: 1, State: QUEUE_OPEN, Mode: LEADER, active raft config: opid_index: -1 peers { permanent_uuid: "096da8680d274dba91b50831a23bfd58" member_type: VOTER last_known_private_addr { host: "yb-tserver-n1" port: 9100 } cloud_info { placement_cloud: "cloud1" placement_region: "datacenter1" placement_zone: "rack1" } }
I0311 02:48:34.087702    41 heartbeater.cc:338] P 096da8680d274dba91b50831a23bfd58: Connected to a leader master server at yb-master-n1:7100
I0311 02:48:34.088044    87 raft_consensus.cc:1077] Sending NO_OP at op 2.2
I0311 02:48:34.088690    41 heartbeater.cc:387] P 096da8680d274dba91b50831a23bfd58: Registering TS with master...
I0311 02:48:34.089344    41 server_base.cc:541] Using private rpc address yb-tserver-n1
I0311 02:48:34.089723    41 server_base.cc:563] Using http address yb-tserver-n1
W0311 02:48:34.090303    11 raft_consensus.cc:1374] Leader lease expiration was not set: Illegal state (yb/consensus/replica_state.cc:1345): NoOp of current term is not committed (majority_replicated_lease_expiration_ = <uninitialized>, majority_replicated_ht_lease_expiration_ = 0)
I0311 02:48:34.091109    11 replica_state.cc:1414] T df17b40b75664e0aaa44ec6687a7a233 P 096da8680d274dba91b50831a23bfd58 [term 3 LEADER]: SetLeaderNoOpCommittedUnlocked(1), committed: 2.2, received: 3.3
W0311 02:48:34.091185    41 heartbeater.cc:658] P 096da8680d274dba91b50831a23bfd58: Failed to heartbeat to yb-master-n1:7100: Service unavailable (yb/tserver/heartbeater.cc:479): Master is no longer the leader: code: NOT_THE_LEADER status { code: ILLEGAL_STATE message: "Not the leader. Local UUID: e62675f7a535485386d064e83c9c9d83, Consensus state: current_term: 2 config { opid_index: -1 peers { permanent_uuid: \"e62675f7a535485386d064e83c9c9d83\" member_type: VOTER last_known_private_addr { host: \"yb-master-n1\" port: 7100 } cloud_info { placement_cloud: \"cloud1\" placement_region: \"datacenter1\" placement_zone: \"rack1\" } } }" source_file: "../../src/yb/master/scoped_leader_shared_lock.cc" source_line: 113 errors: "\000" } tries=15, num=1, masters=0x00000040152207c8 -> [[yb-master-n1:7100]], code=Service unavailable
I0311 02:48:34.091544    11 replica_state.cc:784] T df17b40b75664e0aaa44ec6687a7a233 P 096da8680d274dba91b50831a23bfd58 [term 3 LEADER]: Advanced the committed_op_id across terms. Last committed operation was: 2.2 New committed index is: 3.3
I0311 02:48:34.496773    11 raft_consensus.cc:1030] T 22d66049cb9c4419a35469ea8c2c36bc P 096da8680d274dba91b50831a23bfd58 [term 2 FOLLOWER]: ReportFailDetected: Starting NORMAL_ELECTION...
I0311 02:48:34.497406    11 raft_consensus.cc:627] T 22d66049cb9c4419a35469ea8c2c36bc P 096da8680d274dba91b50831a23bfd58 [term 2 FOLLOWER]: Triggering leader pre-election, mode=NORMAL_ELECTION
I0311 02:48:34.497882    11 raft_consensus.cc:3421] T 22d66049cb9c4419a35469ea8c2c36bc P 096da8680d274dba91b50831a23bfd58 [term 2 FOLLOWER]: Snoozing leader timeout detection for 3.069s
I0311 02:48:34.498312    11 raft_consensus.cc:667] T 22d66049cb9c4419a35469ea8c2c36bc P 096da8680d274dba91b50831a23bfd58 [term 2 FOLLOWER]: Starting pre-election with config: opid_index: -1 peers { permanent_uuid: "096da8680d274dba91b50831a23bfd58" member_type: VOTER last_known_private_addr { host: "yb-tserver-n1" port: 9100 } cloud_info { placement_cloud: "cloud1" placement_region: "datacenter1" placement_zone: "rack1" } }
I0311 02:48:34.499022    11 leader_election.cc:242] T 22d66049cb9c4419a35469ea8c2c36bc P 096da8680d274dba91b50831a23bfd58 [CANDIDATE]: Term 3 pre-election: Election decided. Result: candidate won.
I0311 02:48:34.499465    11 raft_consensus.cc:3421] T 22d66049cb9c4419a35469ea8c2c36bc P 096da8680d274dba91b50831a23bfd58 [term 2 FOLLOWER]: Snoozing leader timeout detection for 3.064s
I0311 02:48:34.500005    11 raft_consensus.cc:3314] T 22d66049cb9c4419a35469ea8c2c36bc P 096da8680d274dba91b50831a23bfd58 [term 2 FOLLOWER]: Leader pre-election won for term 3
I0311 02:48:34.500489    11 raft_consensus.cc:627] T 22d66049cb9c4419a35469ea8c2c36bc P 096da8680d274dba91b50831a23bfd58 [term 2 FOLLOWER]: Triggering leader election, mode=NORMAL_ELECTION
I0311 02:48:34.500932    11 raft_consensus.cc:3421] T 22d66049cb9c4419a35469ea8c2c36bc P 096da8680d274dba91b50831a23bfd58 [term 2 FOLLOWER]: Snoozing leader timeout detection for 3.236s
I0311 02:48:34.501351    11 raft_consensus.cc:3482] T 22d66049cb9c4419a35469ea8c2c36bc P 096da8680d274dba91b50831a23bfd58 [term 2 FOLLOWER]: Advancing to term 3
I0311 02:48:34.504976    11 consensus_meta.cc:317] T 22d66049cb9c4419a35469ea8c2c36bc P 096da8680d274dba91b50831a23bfd58: Updating active role from FOLLOWER to FOLLOWER. Consensus state: current_term: 3 leader_uuid: "" config { opid_index: -1 peers { permanent_uuid: "096da8680d274dba91b50831a23bfd58" member_type: VOTER last_known_private_addr { host: "yb-tserver-n1" port: 9100 } cloud_info { placement_cloud: "cloud1" placement_region: "datacenter1" placement_zone: "rack1" } } }, has_pending_config = 0
I0311 02:48:34.505537    11 raft_consensus.cc:667] T 22d66049cb9c4419a35469ea8c2c36bc P 096da8680d274dba91b50831a23bfd58 [term 3 FOLLOWER]: Starting election with config: opid_index: -1 peers { permanent_uuid: "096da8680d274dba91b50831a23bfd58" member_type: VOTER last_known_private_addr { host: "yb-tserver-n1" port: 9100 } cloud_info { placement_cloud: "cloud1" placement_region: "datacenter1" placement_zone: "rack1" } }
I0311 02:48:34.508940    11 leader_election.cc:242] T 22d66049cb9c4419a35469ea8c2c36bc P 096da8680d274dba91b50831a23bfd58 [CANDIDATE]: Term 3 election: Election decided. Result: candidate won.
I0311 02:48:34.509538    11 raft_consensus.cc:3421] T 22d66049cb9c4419a35469ea8c2c36bc P 096da8680d274dba91b50831a23bfd58 [term 3 FOLLOWER]: Snoozing leader timeout detection for 3.019s
I0311 02:48:34.509938    11 raft_consensus.cc:3328] T 22d66049cb9c4419a35469ea8c2c36bc P 096da8680d274dba91b50831a23bfd58 [term 3 FOLLOWER]: Leader election won for term 3
I0311 02:48:34.510385    11 replica_state.cc:1152] T 22d66049cb9c4419a35469ea8c2c36bc P 096da8680d274dba91b50831a23bfd58 [term 3 FOLLOWER]: Reset our lease: 85638.068s
I0311 02:48:34.510779    11 replica_state.cc:1414] T 22d66049cb9c4419a35469ea8c2c36bc P 096da8680d274dba91b50831a23bfd58 [term 3 FOLLOWER]: SetLeaderNoOpCommittedUnlocked(0), committed: 2.2, received: 2.2
I0311 02:48:34.511276    11 consensus_meta.cc:317] T 22d66049cb9c4419a35469ea8c2c36bc P 096da8680d274dba91b50831a23bfd58: Updating active role from FOLLOWER to LEADER. Consensus state: current_term: 3 leader_uuid: "096da8680d274dba91b50831a23bfd58" config { opid_index: -1 peers { permanent_uuid: "096da8680d274dba91b50831a23bfd58" member_type: VOTER last_known_private_addr { host: "yb-tserver-n1" port: 9100 } cloud_info { placement_cloud: "cloud1" placement_region: "datacenter1" placement_zone: "rack1" } } }, has_pending_config = 0
I0311 02:48:34.511746    11 raft_consensus.cc:3367] T 22d66049cb9c4419a35469ea8c2c36bc P 096da8680d274dba91b50831a23bfd58 [term 3 LEADER]: Calling mark dirty synchronously for reason code NEW_LEADER_ELECTED
I0311 02:48:34.512213    11 raft_consensus.cc:1059] T 22d66049cb9c4419a35469ea8c2c36bc P 096da8680d274dba91b50831a23bfd58 [term 3 LEADER]: Becoming Leader. State: Replica: 096da8680d274dba91b50831a23bfd58, State: 1, Role: LEADER, Watermarks: {Received: 2.2 Committed: 2.2} Leader: 0.0
I0311 02:48:34.512735    11 consensus_queue.cc:271] T 22d66049cb9c4419a35469ea8c2c36bc P 096da8680d274dba91b50831a23bfd58 [LEADER]: Queue going to LEADER mode. State: All replicated op: 0.0, Majority replicated op: 2.2, Committed index: 2.2, Last applied: 2.2, Last appended: 2.2, Current term: 3, Majority size: 1, State: QUEUE_OPEN, Mode: LEADER, active raft config: opid_index: -1 peers { permanent_uuid: "096da8680d274dba91b50831a23bfd58" member_type: VOTER last_known_private_addr { host: "yb-tserver-n1" port: 9100 } cloud_info { placement_cloud: "cloud1" placement_region: "datacenter1" placement_zone: "rack1" } }
I0311 02:48:34.512967    41 heartbeater.cc:338] P 096da8680d274dba91b50831a23bfd58: Connected to a leader master server at yb-master-n1:7100
I0311 02:48:34.513334    11 raft_consensus.cc:1077] Sending NO_OP at op 2.2
I0311 02:48:34.513788    41 heartbeater.cc:387] P 096da8680d274dba91b50831a23bfd58: Registering TS with master...
I0311 02:48:34.514552    41 server_base.cc:541] Using private rpc address yb-tserver-n1
I0311 02:48:34.515064    41 server_base.cc:563] Using http address yb-tserver-n1
W0311 02:48:34.515501    87 raft_consensus.cc:1374] Leader lease expiration was not set: Illegal state (yb/consensus/replica_state.cc:1345): NoOp of current term is not committed (majority_replicated_lease_expiration_ = <uninitialized>, majority_replicated_ht_lease_expiration_ = 0)
I0311 02:48:34.516363    87 replica_state.cc:1414] T 22d66049cb9c4419a35469ea8c2c36bc P 096da8680d274dba91b50831a23bfd58 [term 3 LEADER]: SetLeaderNoOpCommittedUnlocked(1), committed: 2.2, received: 3.3
I0311 02:48:34.516705    87 replica_state.cc:784] T 22d66049cb9c4419a35469ea8c2c36bc P 096da8680d274dba91b50831a23bfd58 [term 3 LEADER]: Advanced the committed_op_id across terms. Last committed operation was: 2.2 New committed index is: 3.3
W0311 02:48:34.518200    41 heartbeater.cc:658] P 096da8680d274dba91b50831a23bfd58: Failed to heartbeat to yb-master-n1:7100: Service unavailable (yb/tserver/heartbeater.cc:479): Master is no longer the leader: code: NOT_THE_LEADER status { code: LEADER_NOT_READY_TO_SERVE message: "Leader not yet ready to serve requests: leader_ready_term_ = -1; cstate.current_term = 3" source_file: "../../src/yb/master/scoped_leader_shared_lock.cc" source_line: 130 errors: "\000" } tries=16, num=1, masters=0x00000040152207c8 -> [[yb-master-n1:7100]], code=Service unavailable
I0311 02:48:34.522646    87 raft_consensus.cc:1030] T c47912c0b2714f58b34c56d0e2dc9025 P 096da8680d274dba91b50831a23bfd58 [term 2 FOLLOWER]: ReportFailDetected: Starting NORMAL_ELECTION...
I0311 02:48:34.522974    87 raft_consensus.cc:627] T c47912c0b2714f58b34c56d0e2dc9025 P 096da8680d274dba91b50831a23bfd58 [term 2 FOLLOWER]: Triggering leader pre-election, mode=NORMAL_ELECTION
I0311 02:48:34.523335    87 raft_consensus.cc:3421] T c47912c0b2714f58b34c56d0e2dc9025 P 096da8680d274dba91b50831a23bfd58 [term 2 FOLLOWER]: Snoozing leader timeout detection for 3.278s
I0311 02:48:34.523753    87 raft_consensus.cc:667] T c47912c0b2714f58b34c56d0e2dc9025 P 096da8680d274dba91b50831a23bfd58 [term 2 FOLLOWER]: Starting pre-election with config: opid_index: -1 peers { permanent_uuid: "096da8680d274dba91b50831a23bfd58" member_type: VOTER last_known_private_addr { host: "yb-tserver-n1" port: 9100 } cloud_info { placement_cloud: "cloud1" placement_region: "datacenter1" placement_zone: "rack1" } }
I0311 02:48:34.524243    87 leader_election.cc:242] T c47912c0b2714f58b34c56d0e2dc9025 P 096da8680d274dba91b50831a23bfd58 [CANDIDATE]: Term 3 pre-election: Election decided. Result: candidate won.
I0311 02:48:34.524685    87 raft_consensus.cc:3421] T c47912c0b2714f58b34c56d0e2dc9025 P 096da8680d274dba91b50831a23bfd58 [term 2 FOLLOWER]: Snoozing leader timeout detection for 3.143s
I0311 02:48:34.525108    87 raft_consensus.cc:3314] T c47912c0b2714f58b34c56d0e2dc9025 P 096da8680d274dba91b50831a23bfd58 [term 2 FOLLOWER]: Leader pre-election won for term 3
I0311 02:48:34.525455    87 raft_consensus.cc:627] T c47912c0b2714f58b34c56d0e2dc9025 P 096da8680d274dba91b50831a23bfd58 [term 2 FOLLOWER]: Triggering leader election, mode=NORMAL_ELECTION
I0311 02:48:34.525826    87 raft_consensus.cc:3421] T c47912c0b2714f58b34c56d0e2dc9025 P 096da8680d274dba91b50831a23bfd58 [term 2 FOLLOWER]: Snoozing leader timeout detection for 3.264s
I0311 02:48:34.526150    87 raft_consensus.cc:3482] T c47912c0b2714f58b34c56d0e2dc9025 P 096da8680d274dba91b50831a23bfd58 [term 2 FOLLOWER]: Advancing to term 3
I0311 02:48:34.530038    87 consensus_meta.cc:317] T c47912c0b2714f58b34c56d0e2dc9025 P 096da8680d274dba91b50831a23bfd58: Updating active role from FOLLOWER to FOLLOWER. Consensus state: current_term: 3 leader_uuid: "" config { opid_index: -1 peers { permanent_uuid: "096da8680d274dba91b50831a23bfd58" member_type: VOTER last_known_private_addr { host: "yb-tserver-n1" port: 9100 } cloud_info { placement_cloud: "cloud1" placement_region: "datacenter1" placement_zone: "rack1" } } }, has_pending_config = 0
I0311 02:48:34.530470    87 raft_consensus.cc:667] T c47912c0b2714f58b34c56d0e2dc9025 P 096da8680d274dba91b50831a23bfd58 [term 3 FOLLOWER]: Starting election with config: opid_index: -1 peers { permanent_uuid: "096da8680d274dba91b50831a23bfd58" member_type: VOTER last_known_private_addr { host: "yb-tserver-n1" port: 9100 } cloud_info { placement_cloud: "cloud1" placement_region: "datacenter1" placement_zone: "rack1" } }
I0311 02:48:34.534245    87 leader_election.cc:242] T c47912c0b2714f58b34c56d0e2dc9025 P 096da8680d274dba91b50831a23bfd58 [CANDIDATE]: Term 3 election: Election decided. Result: candidate won.
I0311 02:48:34.534759    87 raft_consensus.cc:3421] T c47912c0b2714f58b34c56d0e2dc9025 P 096da8680d274dba91b50831a23bfd58 [term 3 FOLLOWER]: Snoozing leader timeout detection for 3.109s
I0311 02:48:34.535169    87 raft_consensus.cc:3328] T c47912c0b2714f58b34c56d0e2dc9025 P 096da8680d274dba91b50831a23bfd58 [term 3 FOLLOWER]: Leader election won for term 3
I0311 02:48:34.536023    87 replica_state.cc:1152] T c47912c0b2714f58b34c56d0e2dc9025 P 096da8680d274dba91b50831a23bfd58 [term 3 FOLLOWER]: Reset our lease: 85638.094s
I0311 02:48:34.536386    87 replica_state.cc:1414] T c47912c0b2714f58b34c56d0e2dc9025 P 096da8680d274dba91b50831a23bfd58 [term 3 FOLLOWER]: SetLeaderNoOpCommittedUnlocked(0), committed: 2.2, received: 2.2
I0311 02:48:34.536809    87 consensus_meta.cc:317] T c47912c0b2714f58b34c56d0e2dc9025 P 096da8680d274dba91b50831a23bfd58: Updating active role from FOLLOWER to LEADER. Consensus state: current_term: 3 leader_uuid: "096da8680d274dba91b50831a23bfd58" config { opid_index: -1 peers { permanent_uuid: "096da8680d274dba91b50831a23bfd58" member_type: VOTER last_known_private_addr { host: "yb-tserver-n1" port: 9100 } cloud_info { placement_cloud: "cloud1" placement_region: "datacenter1" placement_zone: "rack1" } } }, has_pending_config = 0
I0311 02:48:34.537274    87 raft_consensus.cc:3367] T c47912c0b2714f58b34c56d0e2dc9025 P 096da8680d274dba91b50831a23bfd58 [term 3 LEADER]: Calling mark dirty synchronously for reason code NEW_LEADER_ELECTED
I0311 02:48:34.538599    87 raft_consensus.cc:1059] T c47912c0b2714f58b34c56d0e2dc9025 P 096da8680d274dba91b50831a23bfd58 [term 3 LEADER]: Becoming Leader. State: Replica: 096da8680d274dba91b50831a23bfd58, State: 1, Role: LEADER, Watermarks: {Received: 2.2 Committed: 2.2} Leader: 0.0
I0311 02:48:34.539319    41 heartbeater.cc:338] P 096da8680d274dba91b50831a23bfd58: Connected to a leader master server at yb-master-n1:7100
