I0311 02:56:23.381202    89 raft_consensus.cc:3314] T e778eac89ca24f2993340a6d09c687f8 P 096da8680d274dba91b50831a23bfd58 [term 3 FOLLOWER]: Leader pre-election won for term 4
I0311 02:56:23.381923    89 raft_consensus.cc:627] T e778eac89ca24f2993340a6d09c687f8 P 096da8680d274dba91b50831a23bfd58 [term 3 FOLLOWER]: Triggering leader election, mode=NORMAL_ELECTION
I0311 02:56:23.382500    89 raft_consensus.cc:3421] T e778eac89ca24f2993340a6d09c687f8 P 096da8680d274dba91b50831a23bfd58 [term 3 FOLLOWER]: Snoozing leader timeout detection for 3.164s
I0311 02:56:23.383177    89 raft_consensus.cc:3482] T e778eac89ca24f2993340a6d09c687f8 P 096da8680d274dba91b50831a23bfd58 [term 3 FOLLOWER]: Advancing to term 4
I0311 02:56:23.388023    89 consensus_meta.cc:317] T e778eac89ca24f2993340a6d09c687f8 P 096da8680d274dba91b50831a23bfd58: Updating active role from FOLLOWER to FOLLOWER. Consensus state: current_term: 4 leader_uuid: "" config { opid_index: -1 peers { permanent_uuid: "096da8680d274dba91b50831a23bfd58" member_type: VOTER last_known_private_addr { host: "yb-tserver-n1" port: 9100 } cloud_info { placement_cloud: "cloud1" placement_region: "datacenter1" placement_zone: "rack1" } } }, has_pending_config = 0
I0311 02:56:23.388690    89 raft_consensus.cc:667] T e778eac89ca24f2993340a6d09c687f8 P 096da8680d274dba91b50831a23bfd58 [term 4 FOLLOWER]: Starting election with config: opid_index: -1 peers { permanent_uuid: "096da8680d274dba91b50831a23bfd58" member_type: VOTER last_known_private_addr { host: "yb-tserver-n1" port: 9100 } cloud_info { placement_cloud: "cloud1" placement_region: "datacenter1" placement_zone: "rack1" } }
I0311 02:56:23.393884    89 leader_election.cc:242] T e778eac89ca24f2993340a6d09c687f8 P 096da8680d274dba91b50831a23bfd58 [CANDIDATE]: Term 4 election: Election decided. Result: candidate won.
I0311 02:56:23.394596    12 raft_consensus.cc:3421] T e778eac89ca24f2993340a6d09c687f8 P 096da8680d274dba91b50831a23bfd58 [term 4 FOLLOWER]: Snoozing leader timeout detection for 3.170s
I0311 02:56:23.395166    12 raft_consensus.cc:3328] T e778eac89ca24f2993340a6d09c687f8 P 096da8680d274dba91b50831a23bfd58 [term 4 FOLLOWER]: Leader election won for term 4
I0311 02:56:23.396023    12 replica_state.cc:1152] T e778eac89ca24f2993340a6d09c687f8 P 096da8680d274dba91b50831a23bfd58 [term 4 FOLLOWER]: Reset our lease: 86106.961s
I0311 02:56:23.396467    12 replica_state.cc:1414] T e778eac89ca24f2993340a6d09c687f8 P 096da8680d274dba91b50831a23bfd58 [term 4 FOLLOWER]: SetLeaderNoOpCommittedUnlocked(0), committed: 3.3, received: 3.3
I0311 02:56:23.397176    12 consensus_meta.cc:317] T e778eac89ca24f2993340a6d09c687f8 P 096da8680d274dba91b50831a23bfd58: Updating active role from FOLLOWER to LEADER. Consensus state: current_term: 4 leader_uuid: "096da8680d274dba91b50831a23bfd58" config { opid_index: -1 peers { permanent_uuid: "096da8680d274dba91b50831a23bfd58" member_type: VOTER last_known_private_addr { host: "yb-tserver-n1" port: 9100 } cloud_info { placement_cloud: "cloud1" placement_region: "datacenter1" placement_zone: "rack1" } } }, has_pending_config = 0
I0311 02:56:23.397856    12 raft_consensus.cc:3367] T e778eac89ca24f2993340a6d09c687f8 P 096da8680d274dba91b50831a23bfd58 [term 4 LEADER]: Calling mark dirty synchronously for reason code NEW_LEADER_ELECTED
I0311 02:56:23.399070    12 raft_consensus.cc:1059] T e778eac89ca24f2993340a6d09c687f8 P 096da8680d274dba91b50831a23bfd58 [term 4 LEADER]: Becoming Leader. State: Replica: 096da8680d274dba91b50831a23bfd58, State: 1, Role: LEADER, Watermarks: {Received: 3.3 Committed: 3.3} Leader: 0.0
I0311 02:56:23.399606    42 heartbeater.cc:338] P 096da8680d274dba91b50831a23bfd58: Connected to a leader master server at yb-master-n1:7100
I0311 02:56:23.400295    42 heartbeater.cc:387] P 096da8680d274dba91b50831a23bfd58: Registering TS with master...
I0311 02:56:23.400722    42 server_base.cc:541] Using private rpc address yb-tserver-n1
I0311 02:56:23.400611    12 consensus_queue.cc:271] T e778eac89ca24f2993340a6d09c687f8 P 096da8680d274dba91b50831a23bfd58 [LEADER]: Queue going to LEADER mode. State: All replicated op: 0.0, Majority replicated op: 3.3, Committed index: 3.3, Last applied: 3.3, Last appended: 3.3, Current term: 4, Majority size: 1, State: QUEUE_OPEN, Mode: LEADER, active raft config: opid_index: -1 peers { permanent_uuid: "096da8680d274dba91b50831a23bfd58" member_type: VOTER last_known_private_addr { host: "yb-tserver-n1" port: 9100 } cloud_info { placement_cloud: "cloud1" placement_region: "datacenter1" placement_zone: "rack1" } }
I0311 02:56:23.401177    42 server_base.cc:563] Using http address yb-tserver-n1
I0311 02:56:23.402199    12 raft_consensus.cc:1077] Sending NO_OP at op 3.3
W0311 02:56:23.406263    42 heartbeater.cc:658] P 096da8680d274dba91b50831a23bfd58: Failed to heartbeat to yb-master-n1:7100: Service unavailable (yb/tserver/heartbeater.cc:479): Master is no longer the leader: code: NOT_THE_LEADER status { code: ILLEGAL_STATE message: "Not the leader. Local UUID: e62675f7a535485386d064e83c9c9d83, Consensus state: current_term: 3 config { opid_index: -1 peers { permanent_uuid: \"e62675f7a535485386d064e83c9c9d83\" member_type: VOTER last_known_private_addr { host: \"yb-master-n1\" port: 7100 } cloud_info { placement_cloud: \"cloud1\" placement_region: \"datacenter1\" placement_zone: \"rack1\" } } }" source_file: "../../src/yb/master/scoped_leader_shared_lock.cc" source_line: 113 errors: "\000" } tries=11, num=1, masters=0x00000040152207c8 -> [[yb-master-n1:7100]], code=Service unavailable
W0311 02:56:23.410434    89 raft_consensus.cc:1374] Leader lease expiration was not set: Illegal state (yb/consensus/replica_state.cc:1345): NoOp of current term is not committed (majority_replicated_lease_expiration_ = <uninitialized>, majority_replicated_ht_lease_expiration_ = 0)
I0311 02:56:23.412180    89 replica_state.cc:1414] T e778eac89ca24f2993340a6d09c687f8 P 096da8680d274dba91b50831a23bfd58 [term 4 LEADER]: SetLeaderNoOpCommittedUnlocked(1), committed: 3.3, received: 4.4
I0311 02:56:23.412906    89 replica_state.cc:784] T e778eac89ca24f2993340a6d09c687f8 P 096da8680d274dba91b50831a23bfd58 [term 4 LEADER]: Advanced the committed_op_id across terms. Last committed operation was: 3.3 New committed index is: 4.4
I0311 02:56:23.563906    89 raft_consensus.cc:1030] T 3a76ab24970d40ef859dfa774b11abe1 P 096da8680d274dba91b50831a23bfd58 [term 3 FOLLOWER]: ReportFailDetected: Starting NORMAL_ELECTION...
I0311 02:56:23.566633    89 raft_consensus.cc:627] T 3a76ab24970d40ef859dfa774b11abe1 P 096da8680d274dba91b50831a23bfd58 [term 3 FOLLOWER]: Triggering leader pre-election, mode=NORMAL_ELECTION
I0311 02:56:23.568414    89 raft_consensus.cc:3421] T 3a76ab24970d40ef859dfa774b11abe1 P 096da8680d274dba91b50831a23bfd58 [term 3 FOLLOWER]: Snoozing leader timeout detection for 3.038s
I0311 02:56:23.570181    89 raft_consensus.cc:667] T 3a76ab24970d40ef859dfa774b11abe1 P 096da8680d274dba91b50831a23bfd58 [term 3 FOLLOWER]: Starting pre-election with config: opid_index: -1 peers { permanent_uuid: "096da8680d274dba91b50831a23bfd58" member_type: VOTER last_known_private_addr { host: "yb-tserver-n1" port: 9100 } cloud_info { placement_cloud: "cloud1" placement_region: "datacenter1" placement_zone: "rack1" } }
I0311 02:56:23.572593    89 leader_election.cc:242] T 3a76ab24970d40ef859dfa774b11abe1 P 096da8680d274dba91b50831a23bfd58 [CANDIDATE]: Term 4 pre-election: Election decided. Result: candidate won.
I0311 02:56:23.574478    89 raft_consensus.cc:3421] T 3a76ab24970d40ef859dfa774b11abe1 P 096da8680d274dba91b50831a23bfd58 [term 3 FOLLOWER]: Snoozing leader timeout detection for 3.025s
I0311 02:56:23.575745    89 raft_consensus.cc:3314] T 3a76ab24970d40ef859dfa774b11abe1 P 096da8680d274dba91b50831a23bfd58 [term 3 FOLLOWER]: Leader pre-election won for term 4
I0311 02:56:23.577170    89 raft_consensus.cc:627] T 3a76ab24970d40ef859dfa774b11abe1 P 096da8680d274dba91b50831a23bfd58 [term 3 FOLLOWER]: Triggering leader election, mode=NORMAL_ELECTION
I0311 02:56:23.578655    89 raft_consensus.cc:3421] T 3a76ab24970d40ef859dfa774b11abe1 P 096da8680d274dba91b50831a23bfd58 [term 3 FOLLOWER]: Snoozing leader timeout detection for 3.248s
I0311 02:56:23.579905    89 raft_consensus.cc:3482] T 3a76ab24970d40ef859dfa774b11abe1 P 096da8680d274dba91b50831a23bfd58 [term 3 FOLLOWER]: Advancing to term 4
I0311 02:56:23.585273    89 consensus_meta.cc:317] T 3a76ab24970d40ef859dfa774b11abe1 P 096da8680d274dba91b50831a23bfd58: Updating active role from FOLLOWER to FOLLOWER. Consensus state: current_term: 4 leader_uuid: "" config { opid_index: -1 peers { permanent_uuid: "096da8680d274dba91b50831a23bfd58" member_type: VOTER last_known_private_addr { host: "yb-tserver-n1" port: 9100 } cloud_info { placement_cloud: "cloud1" placement_region: "datacenter1" placement_zone: "rack1" } } }, has_pending_config = 0
I0311 02:56:23.585999    89 raft_consensus.cc:667] T 3a76ab24970d40ef859dfa774b11abe1 P 096da8680d274dba91b50831a23bfd58 [term 4 FOLLOWER]: Starting election with config: opid_index: -1 peers { permanent_uuid: "096da8680d274dba91b50831a23bfd58" member_type: VOTER last_known_private_addr { host: "yb-tserver-n1" port: 9100 } cloud_info { placement_cloud: "cloud1" placement_region: "datacenter1" placement_zone: "rack1" } }
I0311 02:56:23.589529    89 leader_election.cc:242] T 3a76ab24970d40ef859dfa774b11abe1 P 096da8680d274dba91b50831a23bfd58 [CANDIDATE]: Term 4 election: Election decided. Result: candidate won.
I0311 02:56:23.590016    89 raft_consensus.cc:3421] T 3a76ab24970d40ef859dfa774b11abe1 P 096da8680d274dba91b50831a23bfd58 [term 4 FOLLOWER]: Snoozing leader timeout detection for 3.108s
I0311 02:56:23.590492    89 raft_consensus.cc:3328] T 3a76ab24970d40ef859dfa774b11abe1 P 096da8680d274dba91b50831a23bfd58 [term 4 FOLLOWER]: Leader election won for term 4
I0311 02:56:23.590958    89 replica_state.cc:1152] T 3a76ab24970d40ef859dfa774b11abe1 P 096da8680d274dba91b50831a23bfd58 [term 4 FOLLOWER]: Reset our lease: 86107.156s
I0311 02:56:23.591419    89 replica_state.cc:1414] T 3a76ab24970d40ef859dfa774b11abe1 P 096da8680d274dba91b50831a23bfd58 [term 4 FOLLOWER]: SetLeaderNoOpCommittedUnlocked(0), committed: 3.3, received: 3.3
I0311 02:56:23.591919    89 consensus_meta.cc:317] T 3a76ab24970d40ef859dfa774b11abe1 P 096da8680d274dba91b50831a23bfd58: Updating active role from FOLLOWER to LEADER. Consensus state: current_term: 4 leader_uuid: "096da8680d274dba91b50831a23bfd58" config { opid_index: -1 peers { permanent_uuid: "096da8680d274dba91b50831a23bfd58" member_type: VOTER last_known_private_addr { host: "yb-tserver-n1" port: 9100 } cloud_info { placement_cloud: "cloud1" placement_region: "datacenter1" placement_zone: "rack1" } } }, has_pending_config = 0
I0311 02:56:23.592600    89 raft_consensus.cc:3367] T 3a76ab24970d40ef859dfa774b11abe1 P 096da8680d274dba91b50831a23bfd58 [term 4 LEADER]: Calling mark dirty synchronously for reason code NEW_LEADER_ELECTED
I0311 02:56:23.593003    89 raft_consensus.cc:1059] T 3a76ab24970d40ef859dfa774b11abe1 P 096da8680d274dba91b50831a23bfd58 [term 4 LEADER]: Becoming Leader. State: Replica: 096da8680d274dba91b50831a23bfd58, State: 1, Role: LEADER, Watermarks: {Received: 3.3 Committed: 3.3} Leader: 0.0
I0311 02:56:23.593689    42 heartbeater.cc:338] P 096da8680d274dba91b50831a23bfd58: Connected to a leader master server at yb-master-n1:7100
I0311 02:56:23.593677    89 consensus_queue.cc:271] T 3a76ab24970d40ef859dfa774b11abe1 P 096da8680d274dba91b50831a23bfd58 [LEADER]: Queue going to LEADER mode. State: All replicated op: 0.0, Majority replicated op: 3.3, Committed index: 3.3, Last applied: 3.3, Last appended: 3.3, Current term: 4, Majority size: 1, State: QUEUE_OPEN, Mode: LEADER, active raft config: opid_index: -1 peers { permanent_uuid: "096da8680d274dba91b50831a23bfd58" member_type: VOTER last_known_private_addr { host: "yb-tserver-n1" port: 9100 } cloud_info { placement_cloud: "cloud1" placement_region: "datacenter1" placement_zone: "rack1" } }
I0311 02:56:23.594038    42 heartbeater.cc:387] P 096da8680d274dba91b50831a23bfd58: Registering TS with master...
I0311 02:56:23.594367    89 raft_consensus.cc:1077] Sending NO_OP at op 3.3
I0311 02:56:23.594641    42 server_base.cc:541] Using private rpc address yb-tserver-n1
I0311 02:56:23.595288    42 server_base.cc:563] Using http address yb-tserver-n1
W0311 02:56:23.596077    12 raft_consensus.cc:1374] Leader lease expiration was not set: Illegal state (yb/consensus/replica_state.cc:1345): NoOp of current term is not committed (majority_replicated_lease_expiration_ = <uninitialized>, majority_replicated_ht_lease_expiration_ = 0)
I0311 02:56:23.596853    12 replica_state.cc:1414] T 3a76ab24970d40ef859dfa774b11abe1 P 096da8680d274dba91b50831a23bfd58 [term 4 LEADER]: SetLeaderNoOpCommittedUnlocked(1), committed: 3.3, received: 4.4
W0311 02:56:23.597008    42 heartbeater.cc:658] P 096da8680d274dba91b50831a23bfd58: Failed to heartbeat to yb-master-n1:7100: Service unavailable (yb/tserver/heartbeater.cc:479): Master is no longer the leader: code: NOT_THE_LEADER status { code: ILLEGAL_STATE message: "Not the leader. Local UUID: e62675f7a535485386d064e83c9c9d83, Consensus state: current_term: 3 config { opid_index: -1 peers { permanent_uuid: \"e62675f7a535485386d064e83c9c9d83\" member_type: VOTER last_known_private_addr { host: \"yb-master-n1\" port: 7100 } cloud_info { placement_cloud: \"cloud1\" placement_region: \"datacenter1\" placement_zone: \"rack1\" } } }" source_file: "../../src/yb/master/scoped_leader_shared_lock.cc" source_line: 113 errors: "\000" } tries=12, num=1, masters=0x00000040152207c8 -> [[yb-master-n1:7100]], code=Service unavailable
I0311 02:56:23.597200    12 replica_state.cc:784] T 3a76ab24970d40ef859dfa774b11abe1 P 096da8680d274dba91b50831a23bfd58 [term 4 LEADER]: Advanced the committed_op_id across terms. Last committed operation was: 3.3 New committed index is: 4.4
I0311 02:56:23.878355    12 raft_consensus.cc:1030] T ef19613afa234c5d943034489b070927 P 096da8680d274dba91b50831a23bfd58 [term 3 FOLLOWER]: ReportFailDetected: Starting NORMAL_ELECTION...
I0311 02:56:23.884148    12 raft_consensus.cc:627] T ef19613afa234c5d943034489b070927 P 096da8680d274dba91b50831a23bfd58 [term 3 FOLLOWER]: Triggering leader pre-election, mode=NORMAL_ELECTION
I0311 02:56:23.886340    12 raft_consensus.cc:3421] T ef19613afa234c5d943034489b070927 P 096da8680d274dba91b50831a23bfd58 [term 3 FOLLOWER]: Snoozing leader timeout detection for 3.075s
I0311 02:56:23.892395    12 raft_consensus.cc:667] T ef19613afa234c5d943034489b070927 P 096da8680d274dba91b50831a23bfd58 [term 3 FOLLOWER]: Starting pre-election with config: opid_index: -1 peers { permanent_uuid: "096da8680d274dba91b50831a23bfd58" member_type: VOTER last_known_private_addr { host: "yb-tserver-n1" port: 9100 } cloud_info { placement_cloud: "cloud1" placement_region: "datacenter1" placement_zone: "rack1" } }
I0311 02:56:23.894977    12 leader_election.cc:242] T ef19613afa234c5d943034489b070927 P 096da8680d274dba91b50831a23bfd58 [CANDIDATE]: Term 4 pre-election: Election decided. Result: candidate won.
I0311 02:56:23.896404    12 raft_consensus.cc:3421] T ef19613afa234c5d943034489b070927 P 096da8680d274dba91b50831a23bfd58 [term 3 FOLLOWER]: Snoozing leader timeout detection for 3.184s
I0311 02:56:23.898393    12 raft_consensus.cc:3314] T ef19613afa234c5d943034489b070927 P 096da8680d274dba91b50831a23bfd58 [term 3 FOLLOWER]: Leader pre-election won for term 4
I0311 02:56:23.900444    12 raft_consensus.cc:627] T ef19613afa234c5d943034489b070927 P 096da8680d274dba91b50831a23bfd58 [term 3 FOLLOWER]: Triggering leader election, mode=NORMAL_ELECTION
I0311 02:56:23.901924    12 raft_consensus.cc:3421] T ef19613afa234c5d943034489b070927 P 096da8680d274dba91b50831a23bfd58 [term 3 FOLLOWER]: Snoozing leader timeout detection for 3.075s
I0311 02:56:23.903098    12 raft_consensus.cc:3482] T ef19613afa234c5d943034489b070927 P 096da8680d274dba91b50831a23bfd58 [term 3 FOLLOWER]: Advancing to term 4
I0311 02:56:23.913271    12 consensus_meta.cc:317] T ef19613afa234c5d943034489b070927 P 096da8680d274dba91b50831a23bfd58: Updating active role from FOLLOWER to FOLLOWER. Consensus state: current_term: 4 leader_uuid: "" config { opid_index: -1 peers { permanent_uuid: "096da8680d274dba91b50831a23bfd58" member_type: VOTER last_known_private_addr { host: "yb-tserver-n1" port: 9100 } cloud_info { placement_cloud: "cloud1" placement_region: "datacenter1" placement_zone: "rack1" } } }, has_pending_config = 0
I0311 02:56:23.914422    12 raft_consensus.cc:667] T ef19613afa234c5d943034489b070927 P 096da8680d274dba91b50831a23bfd58 [term 4 FOLLOWER]: Starting election with config: opid_index: -1 peers { permanent_uuid: "096da8680d274dba91b50831a23bfd58" member_type: VOTER last_known_private_addr { host: "yb-tserver-n1" port: 9100 } cloud_info { placement_cloud: "cloud1" placement_region: "datacenter1" placement_zone: "rack1" } }
I0311 02:56:23.921897    12 leader_election.cc:242] T ef19613afa234c5d943034489b070927 P 096da8680d274dba91b50831a23bfd58 [CANDIDATE]: Term 4 election: Election decided. Result: candidate won.
I0311 02:56:23.922736    12 raft_consensus.cc:3421] T ef19613afa234c5d943034489b070927 P 096da8680d274dba91b50831a23bfd58 [term 4 FOLLOWER]: Snoozing leader timeout detection for 3.114s
I0311 02:56:23.923493    12 raft_consensus.cc:3328] T ef19613afa234c5d943034489b070927 P 096da8680d274dba91b50831a23bfd58 [term 4 FOLLOWER]: Leader election won for term 4
I0311 02:56:23.924170    12 replica_state.cc:1152] T ef19613afa234c5d943034489b070927 P 096da8680d274dba91b50831a23bfd58 [term 4 FOLLOWER]: Reset our lease: 86107.489s
I0311 02:56:23.924798    12 replica_state.cc:1414] T ef19613afa234c5d943034489b070927 P 096da8680d274dba91b50831a23bfd58 [term 4 FOLLOWER]: SetLeaderNoOpCommittedUnlocked(0), committed: 3.3, received: 3.3
I0311 02:56:23.925437    12 consensus_meta.cc:317] T ef19613afa234c5d943034489b070927 P 096da8680d274dba91b50831a23bfd58: Updating active role from FOLLOWER to LEADER. Consensus state: current_term: 4 leader_uuid: "096da8680d274dba91b50831a23bfd58" config { opid_index: -1 peers { permanent_uuid: "096da8680d274dba91b50831a23bfd58" member_type: VOTER last_known_private_addr { host: "yb-tserver-n1" port: 9100 } cloud_info { placement_cloud: "cloud1" placement_region: "datacenter1" placement_zone: "rack1" } } }, has_pending_config = 0
I0311 02:56:23.926066    12 raft_consensus.cc:3367] T ef19613afa234c5d943034489b070927 P 096da8680d274dba91b50831a23bfd58 [term 4 LEADER]: Calling mark dirty synchronously for reason code NEW_LEADER_ELECTED
I0311 02:56:23.927165    12 raft_consensus.cc:1059] T ef19613afa234c5d943034489b070927 P 096da8680d274dba91b50831a23bfd58 [term 4 LEADER]: Becoming Leader. State: Replica: 096da8680d274dba91b50831a23bfd58, State: 1, Role: LEADER, Watermarks: {Received: 3.3 Committed: 3.3} Leader: 0.0
I0311 02:56:23.927821    12 consensus_queue.cc:271] T ef19613afa234c5d943034489b070927 P 096da8680d274dba91b50831a23bfd58 [LEADER]: Queue going to LEADER mode. State: All replicated op: 0.0, Majority replicated op: 3.3, Committed index: 3.3, Last applied: 3.3, Last appended: 3.3, Current term: 4, Majority size: 1, State: QUEUE_OPEN, Mode: LEADER, active raft config: opid_index: -1 peers { permanent_uuid: "096da8680d274dba91b50831a23bfd58" member_type: VOTER last_known_private_addr { host: "yb-tserver-n1" port: 9100 } cloud_info { placement_cloud: "cloud1" placement_region: "datacenter1" placement_zone: "rack1" } }
I0311 02:56:23.928575    12 raft_consensus.cc:1077] Sending NO_OP at op 3.3
I0311 02:56:23.928687    42 heartbeater.cc:338] P 096da8680d274dba91b50831a23bfd58: Connected to a leader master server at yb-master-n1:7100
I0311 02:56:23.929958    42 heartbeater.cc:387] P 096da8680d274dba91b50831a23bfd58: Registering TS with master...
I0311 02:56:23.930768    42 server_base.cc:541] Using private rpc address yb-tserver-n1
I0311 02:56:23.931645    42 server_base.cc:563] Using http address yb-tserver-n1
W0311 02:56:23.931876    89 raft_consensus.cc:1374] Leader lease expiration was not set: Illegal state (yb/consensus/replica_state.cc:1345): NoOp of current term is not committed (majority_replicated_lease_expiration_ = <uninitialized>, majority_replicated_ht_lease_expiration_ = 0)
I0311 02:56:23.933605    89 replica_state.cc:1414] T ef19613afa234c5d943034489b070927 P 096da8680d274dba91b50831a23bfd58 [term 4 LEADER]: SetLeaderNoOpCommittedUnlocked(1), committed: 3.3, received: 4.4
I0311 02:56:23.934252    89 replica_state.cc:784] T ef19613afa234c5d943034489b070927 P 096da8680d274dba91b50831a23bfd58 [term 4 LEADER]: Advanced the committed_op_id across terms. Last committed operation was: 3.3 New committed index is: 4.4
W0311 02:56:23.936980    42 heartbeater.cc:658] P 096da8680d274dba91b50831a23bfd58: Failed to heartbeat to yb-master-n1:7100: Service unavailable (yb/tserver/heartbeater.cc:479): Master is no longer the leader: code: NOT_THE_LEADER status { code: ILLEGAL_STATE message: "Not the leader. Local UUID: e62675f7a535485386d064e83c9c9d83, Consensus state: current_term: 3 config { opid_index: -1 peers { permanent_uuid: \"e62675f7a535485386d064e83c9c9d83\" member_type: VOTER last_known_private_addr { host: \"yb-master-n1\" port: 7100 } cloud_info { placement_cloud: \"cloud1\" placement_region: \"datacenter1\" placement_zone: \"rack1\" } } }" source_file: "../../src/yb/master/scoped_leader_shared_lock.cc" source_line: 113 errors: "\000" } tries=13, num=1, masters=0x00000040152207c8 -> [[yb-master-n1:7100]], code=Service unavailable
I0311 02:56:24.088954    89 raft_consensus.cc:1030] T c47912c0b2714f58b34c56d0e2dc9025 P 096da8680d274dba91b50831a23bfd58 [term 3 FOLLOWER]: ReportFailDetected: Starting NORMAL_ELECTION...
I0311 02:56:24.089738    89 raft_consensus.cc:627] T c47912c0b2714f58b34c56d0e2dc9025 P 096da8680d274dba91b50831a23bfd58 [term 3 FOLLOWER]: Triggering leader pre-election, mode=NORMAL_ELECTION
I0311 02:56:24.090476    89 raft_consensus.cc:3421] T c47912c0b2714f58b34c56d0e2dc9025 P 096da8680d274dba91b50831a23bfd58 [term 3 FOLLOWER]: Snoozing leader timeout detection for 3.229s
I0311 02:56:24.091037    89 raft_consensus.cc:667] T c47912c0b2714f58b34c56d0e2dc9025 P 096da8680d274dba91b50831a23bfd58 [term 3 FOLLOWER]: Starting pre-election with config: opid_index: -1 peers { permanent_uuid: "096da8680d274dba91b50831a23bfd58" member_type: VOTER last_known_private_addr { host: "yb-tserver-n1" port: 9100 } cloud_info { placement_cloud: "cloud1" placement_region: "datacenter1" placement_zone: "rack1" } }
I0311 02:56:24.091547    89 leader_election.cc:242] T c47912c0b2714f58b34c56d0e2dc9025 P 096da8680d274dba91b50831a23bfd58 [CANDIDATE]: Term 4 pre-election: Election decided. Result: candidate won.
I0311 02:56:24.092561    89 raft_consensus.cc:3421] T c47912c0b2714f58b34c56d0e2dc9025 P 096da8680d274dba91b50831a23bfd58 [term 3 FOLLOWER]: Snoozing leader timeout detection for 3.225s
I0311 02:56:24.093045    89 raft_consensus.cc:3314] T c47912c0b2714f58b34c56d0e2dc9025 P 096da8680d274dba91b50831a23bfd58 [term 3 FOLLOWER]: Leader pre-election won for term 4
I0311 02:56:24.093492    89 raft_consensus.cc:627] T c47912c0b2714f58b34c56d0e2dc9025 P 096da8680d274dba91b50831a23bfd58 [term 3 FOLLOWER]: Triggering leader election, mode=NORMAL_ELECTION
I0311 02:56:24.093905    89 raft_consensus.cc:3421] T c47912c0b2714f58b34c56d0e2dc9025 P 096da8680d274dba91b50831a23bfd58 [term 3 FOLLOWER]: Snoozing leader timeout detection for 3.229s
I0311 02:56:24.094323    89 raft_consensus.cc:3482] T c47912c0b2714f58b34c56d0e2dc9025 P 096da8680d274dba91b50831a23bfd58 [term 3 FOLLOWER]: Advancing to term 4
I0311 02:56:24.098556    89 consensus_meta.cc:317] T c47912c0b2714f58b34c56d0e2dc9025 P 096da8680d274dba91b50831a23bfd58: Updating active role from FOLLOWER to FOLLOWER. Consensus state: current_term: 4 leader_uuid: "" config { opid_index: -1 peers { permanent_uuid: "096da8680d274dba91b50831a23bfd58" member_type: VOTER last_known_private_addr { host: "yb-tserver-n1" port: 9100 } cloud_info { placement_cloud: "cloud1" placement_region: "datacenter1" placement_zone: "rack1" } } }, has_pending_config = 0
I0311 02:56:24.099217    89 raft_consensus.cc:667] T c47912c0b2714f58b34c56d0e2dc9025 P 096da8680d274dba91b50831a23bfd58 [term 4 FOLLOWER]: Starting election with config: opid_index: -1 peers { permanent_uuid: "096da8680d274dba91b50831a23bfd58" member_type: VOTER last_known_private_addr { host: "yb-tserver-n1" port: 9100 } cloud_info { placement_cloud: "cloud1" placement_region: "datacenter1" placement_zone: "rack1" } }
I0311 02:56:24.103411    89 leader_election.cc:242] T c47912c0b2714f58b34c56d0e2dc9025 P 096da8680d274dba91b50831a23bfd58 [CANDIDATE]: Term 4 election: Election decided. Result: candidate won.
I0311 02:56:24.103826    89 raft_consensus.cc:3421] T c47912c0b2714f58b34c56d0e2dc9025 P 096da8680d274dba91b50831a23bfd58 [term 4 FOLLOWER]: Snoozing leader timeout detection for 3.040s
I0311 02:56:24.104197    89 raft_consensus.cc:3328] T c47912c0b2714f58b34c56d0e2dc9025 P 096da8680d274dba91b50831a23bfd58 [term 4 FOLLOWER]: Leader election won for term 4
I0311 02:56:24.104544    89 replica_state.cc:1152] T c47912c0b2714f58b34c56d0e2dc9025 P 096da8680d274dba91b50831a23bfd58 [term 4 FOLLOWER]: Reset our lease: 86107.669s
I0311 02:56:24.104908    89 replica_state.cc:1414] T c47912c0b2714f58b34c56d0e2dc9025 P 096da8680d274dba91b50831a23bfd58 [term 4 FOLLOWER]: SetLeaderNoOpCommittedUnlocked(0), committed: 3.3, received: 3.3
I0311 02:56:24.105374    89 consensus_meta.cc:317] T c47912c0b2714f58b34c56d0e2dc9025 P 096da8680d274dba91b50831a23bfd58: Updating active role from FOLLOWER to LEADER. Consensus state: current_term: 4 leader_uuid: "096da8680d274dba91b50831a23bfd58" config { opid_index: -1 peers { permanent_uuid: "096da8680d274dba91b50831a23bfd58" member_type: VOTER last_known_private_addr { host: "yb-tserver-n1" port: 9100 } cloud_info { placement_cloud: "cloud1" placement_region: "datacenter1" placement_zone: "rack1" } } }, has_pending_config = 0
I0311 02:56:24.105923    89 raft_consensus.cc:3367] T c47912c0b2714f58b34c56d0e2dc9025 P 096da8680d274dba91b50831a23bfd58 [term 4 LEADER]: Calling mark dirty synchronously for reason code NEW_LEADER_ELECTED
I0311 02:56:24.106520    89 raft_consensus.cc:1059] T c47912c0b2714f58b34c56d0e2dc9025 P 096da8680d274dba91b50831a23bfd58 [term 4 LEADER]: Becoming Leader. State: Replica: 096da8680d274dba91b50831a23bfd58, State: 1, Role: LEADER, Watermarks: {Received: 3.3 Committed: 3.3} Leader: 0.0
I0311 02:56:24.107185    89 consensus_queue.cc:271] T c47912c0b2714f58b34c56d0e2dc9025 P 096da8680d274dba91b50831a23bfd58 [LEADER]: Queue going to LEADER mode. State: All replicated op: 0.0, Majority replicated op: 3.3, Committed index: 3.3, Last applied: 3.3, Last appended: 3.3, Current term: 4, Majority size: 1, State: QUEUE_OPEN, Mode: LEADER, active raft config: opid_index: -1 peers { permanent_uuid: "096da8680d274dba91b50831a23bfd58" member_type: VOTER last_known_private_addr { host: "yb-tserver-n1" port: 9100 } cloud_info { placement_cloud: "cloud1" placement_region: "datacenter1" placement_zone: "rack1" } }
I0311 02:56:24.107334    42 heartbeater.cc:338] P 096da8680d274dba91b50831a23bfd58: Connected to a leader master server at yb-master-n1:7100
I0311 02:56:24.108501    42 heartbeater.cc:387] P 096da8680d274dba91b50831a23bfd58: Registering TS with master...
I0311 02:56:24.108173    89 raft_consensus.cc:1077] Sending NO_OP at op 3.3
I0311 02:56:24.108804    42 server_base.cc:541] Using private rpc address yb-tserver-n1
I0311 02:56:24.109515    42 server_base.cc:563] Using http address yb-tserver-n1
W0311 02:56:24.110524    12 raft_consensus.cc:1374] Leader lease expiration was not set: Illegal state (yb/consensus/replica_state.cc:1345): NoOp of current term is not committed (majority_replicated_lease_expiration_ = <uninitialized>, majority_replicated_ht_lease_expiration_ = 0)
W0311 02:56:24.111284    42 heartbeater.cc:658] P 096da8680d274dba91b50831a23bfd58: Failed to heartbeat to yb-master-n1:7100: Service unavailable (yb/tserver/heartbeater.cc:479): Master is no longer the leader: code: NOT_THE_LEADER status { code: LEADER_NOT_READY_TO_SERVE message: "Leader not yet ready to serve requests: leader_ready_term_ = -1; cstate.current_term = 4" source_file: "../../src/yb/master/scoped_leader_shared_lock.cc" source_line: 130 errors: "\000" } tries=14, num=1, masters=0x00000040152207c8 -> [[yb-master-n1:7100]], code=Service unavailable
I0311 02:56:24.111567    12 replica_state.cc:1414] T c47912c0b2714f58b34c56d0e2dc9025 P 096da8680d274dba91b50831a23bfd58 [term 4 LEADER]: SetLeaderNoOpCommittedUnlocked(1), committed: 3.3, received: 4.4
I0311 02:56:24.112610    12 replica_state.cc:784] T c47912c0b2714f58b34c56d0e2dc9025 P 096da8680d274dba91b50831a23bfd58 [term 4 LEADER]: Advanced the committed_op_id across terms. Last committed operation was: 3.3 New committed index is: 4.4
I0311 02:56:24.311466    12 raft_consensus.cc:1030] T df17b40b75664e0aaa44ec6687a7a233 P 096da8680d274dba91b50831a23bfd58 [term 3 FOLLOWER]: ReportFailDetected: Starting NORMAL_ELECTION...
I0311 02:56:24.311905    12 raft_consensus.cc:627] T df17b40b75664e0aaa44ec6687a7a233 P 096da8680d274dba91b50831a23bfd58 [term 3 FOLLOWER]: Triggering leader pre-election, mode=NORMAL_ELECTION
I0311 02:56:24.312284    12 raft_consensus.cc:3421] T df17b40b75664e0aaa44ec6687a7a233 P 096da8680d274dba91b50831a23bfd58 [term 3 FOLLOWER]: Snoozing leader timeout detection for 3.014s
I0311 02:56:24.312654    12 raft_consensus.cc:667] T df17b40b75664e0aaa44ec6687a7a233 P 096da8680d274dba91b50831a23bfd58 [term 3 FOLLOWER]: Starting pre-election with config: opid_index: -1 peers { permanent_uuid: "096da8680d274dba91b50831a23bfd58" member_type: VOTER last_known_private_addr { host: "yb-tserver-n1" port: 9100 } cloud_info { placement_cloud: "cloud1" placement_region: "datacenter1" placement_zone: "rack1" } }
I0311 02:56:24.313148    12 leader_election.cc:242] T df17b40b75664e0aaa44ec6687a7a233 P 096da8680d274dba91b50831a23bfd58 [CANDIDATE]: Term 4 pre-election: Election decided. Result: candidate won.
I0311 02:56:24.313632    12 raft_consensus.cc:3421] T df17b40b75664e0aaa44ec6687a7a233 P 096da8680d274dba91b50831a23bfd58 [term 3 FOLLOWER]: Snoozing leader timeout detection for 3.200s
I0311 02:56:24.314021    12 raft_consensus.cc:3314] T df17b40b75664e0aaa44ec6687a7a233 P 096da8680d274dba91b50831a23bfd58 [term 3 FOLLOWER]: Leader pre-election won for term 4
I0311 02:56:24.314543    12 raft_consensus.cc:627] T df17b40b75664e0aaa44ec6687a7a233 P 096da8680d274dba91b50831a23bfd58 [term 3 FOLLOWER]: Triggering leader election, mode=NORMAL_ELECTION
I0311 02:56:24.315049    12 raft_consensus.cc:3421] T df17b40b75664e0aaa44ec6687a7a233 P 096da8680d274dba91b50831a23bfd58 [term 3 FOLLOWER]: Snoozing leader timeout detection for 3.180s
I0311 02:56:24.315806    12 raft_consensus.cc:3482] T df17b40b75664e0aaa44ec6687a7a233 P 096da8680d274dba91b50831a23bfd58 [term 3 FOLLOWER]: Advancing to term 4
I0311 02:56:24.319906    12 consensus_meta.cc:317] T df17b40b75664e0aaa44ec6687a7a233 P 096da8680d274dba91b50831a23bfd58: Updating active role from FOLLOWER to FOLLOWER. Consensus state: current_term: 4 leader_uuid: "" config { opid_index: -1 peers { permanent_uuid: "096da8680d274dba91b50831a23bfd58" member_type: VOTER last_known_private_addr { host: "yb-tserver-n1" port: 9100 } cloud_info { placement_cloud: "cloud1" placement_region: "datacenter1" placement_zone: "rack1" } } }, has_pending_config = 0
I0311 02:56:24.320531    12 raft_consensus.cc:667] T df17b40b75664e0aaa44ec6687a7a233 P 096da8680d274dba91b50831a23bfd58 [term 4 FOLLOWER]: Starting election with config: opid_index: -1 peers { permanent_uuid: "096da8680d274dba91b50831a23bfd58" member_type: VOTER last_known_private_addr { host: "yb-tserver-n1" port: 9100 } cloud_info { placement_cloud: "cloud1" placement_region: "datacenter1" placement_zone: "rack1" } }
I0311 02:56:24.324679    12 leader_election.cc:242] T df17b40b75664e0aaa44ec6687a7a233 P 096da8680d274dba91b50831a23bfd58 [CANDIDATE]: Term 4 election: Election decided. Result: candidate won.
I0311 02:56:24.325273    89 raft_consensus.cc:3421] T df17b40b75664e0aaa44ec6687a7a233 P 096da8680d274dba91b50831a23bfd58 [term 4 FOLLOWER]: Snoozing leader timeout detection for 3.019s
I0311 02:56:24.325702    89 raft_consensus.cc:3328] T df17b40b75664e0aaa44ec6687a7a233 P 096da8680d274dba91b50831a23bfd58 [term 4 FOLLOWER]: Leader election won for term 4
I0311 02:56:24.326063    89 replica_state.cc:1152] T df17b40b75664e0aaa44ec6687a7a233 P 096da8680d274dba91b50831a23bfd58 [term 4 FOLLOWER]: Reset our lease: 86107.891s
I0311 02:56:24.326469    89 replica_state.cc:1414] T df17b40b75664e0aaa44ec6687a7a233 P 096da8680d274dba91b50831a23bfd58 [term 4 FOLLOWER]: SetLeaderNoOpCommittedUnlocked(0), committed: 3.3, received: 3.3
I0311 02:56:24.326906    89 consensus_meta.cc:317] T df17b40b75664e0aaa44ec6687a7a233 P 096da8680d274dba91b50831a23bfd58: Updating active role from FOLLOWER to LEADER. Consensus state: current_term: 4 leader_uuid: "096da8680d274dba91b50831a23bfd58" config { opid_index: -1 peers { permanent_uuid: "096da8680d274dba91b50831a23bfd58" member_type: VOTER last_known_private_addr { host: "yb-tserver-n1" port: 9100 } cloud_info { placement_cloud: "cloud1" placement_region: "datacenter1" placement_zone: "rack1" } } }, has_pending_config = 0
I0311 02:56:24.327365    89 raft_consensus.cc:3367] T df17b40b75664e0aaa44ec6687a7a233 P 096da8680d274dba91b50831a23bfd58 [term 4 LEADER]: Calling mark dirty synchronously for reason code NEW_LEADER_ELECTED
I0311 02:56:24.327682    89 raft_consensus.cc:1059] T df17b40b75664e0aaa44ec6687a7a233 P 096da8680d274dba91b50831a23bfd58 [term 4 LEADER]: Becoming Leader. State: Replica: 096da8680d274dba91b50831a23bfd58, State: 1, Role: LEADER, Watermarks: {Received: 3.3 Committed: 3.3} Leader: 0.0
I0311 02:56:24.328119    89 consensus_queue.cc:271] T df17b40b75664e0aaa44ec6687a7a233 P 096da8680d274dba91b50831a23bfd58 [LEADER]: Queue going to LEADER mode. State: All replicated op: 0.0, Majority replicated op: 3.3, Committed index: 3.3, Last applied: 3.3, Last appended: 3.3, Current term: 4, Majority size: 1, State: QUEUE_OPEN, Mode: LEADER, active raft config: opid_index: -1 peers { permanent_uuid: "096da8680d274dba91b50831a23bfd58" member_type: VOTER last_known_private_addr { host: "yb-tserver-n1" port: 9100 } cloud_info { placement_cloud: "cloud1" placement_region: "datacenter1" placement_zone: "rack1" } }
I0311 02:56:24.328269    42 heartbeater.cc:338] P 096da8680d274dba91b50831a23bfd58: Connected to a leader master server at yb-master-n1:7100
I0311 02:56:24.328537    89 raft_consensus.cc:1077] Sending NO_OP at op 3.3
I0311 02:56:24.328823    42 heartbeater.cc:387] P 096da8680d274dba91b50831a23bfd58: Registering TS with master...
I0311 02:56:24.329615    42 server_base.cc:541] Using private rpc address yb-tserver-n1
I0311 02:56:24.330022    42 server_base.cc:563] Using http address yb-tserver-n1
W0311 02:56:24.331051    12 raft_consensus.cc:1374] Leader lease expiration was not set: Illegal state (yb/consensus/replica_state.cc:1345): NoOp of current term is not committed (majority_replicated_lease_expiration_ = <uninitialized>, majority_replicated_ht_lease_expiration_ = 0)
W0311 02:56:24.331797    42 heartbeater.cc:658] P 096da8680d274dba91b50831a23bfd58: Failed to heartbeat to yb-master-n1:7100: Service unavailable (yb/tserver/heartbeater.cc:479): Master is no longer the leader: code: NOT_THE_LEADER status { code: LEADER_NOT_READY_TO_SERVE message: "Leader not yet ready to serve requests: leader_ready_term_ = -1; cstate.current_term = 4" source_file: "../../src/yb/master/scoped_leader_shared_lock.cc" source_line: 130 errors: "\000" } tries=15, num=1, masters=0x00000040152207c8 -> [[yb-master-n1:7100]], code=Service unavailable
I0311 02:56:24.332161    12 replica_state.cc:1414] T df17b40b75664e0aaa44ec6687a7a233 P 096da8680d274dba91b50831a23bfd58 [term 4 LEADER]: SetLeaderNoOpCommittedUnlocked(1), committed: 3.3, received: 4.4
I0311 02:56:24.333350    12 replica_state.cc:784] T df17b40b75664e0aaa44ec6687a7a233 P 096da8680d274dba91b50831a23bfd58 [term 4 LEADER]: Advanced the committed_op_id across terms. Last committed operation was: 3.3 New committed index is: 4.4
I0311 02:56:24.412906    12 raft_consensus.cc:1030] T 5c82d2d282b24c23a5a85eaa9b3797e3 P 096da8680d274dba91b50831a23bfd58 [term 3 FOLLOWER]: ReportFailDetected: Starting NORMAL_ELECTION...
I0311 02:56:24.413430    12 raft_consensus.cc:627] T 5c82d2d282b24c23a5a85eaa9b3797e3 P 096da8680d274dba91b50831a23bfd58 [term 3 FOLLOWER]: Triggering leader pre-election, mode=NORMAL_ELECTION
I0311 02:56:24.414065    12 raft_consensus.cc:3421] T 5c82d2d282b24c23a5a85eaa9b3797e3 P 096da8680d274dba91b50831a23bfd58 [term 3 FOLLOWER]: Snoozing leader timeout detection for 3.065s
I0311 02:56:24.414425    12 raft_consensus.cc:667] T 5c82d2d282b24c23a5a85eaa9b3797e3 P 096da8680d274dba91b50831a23bfd58 [term 3 FOLLOWER]: Starting pre-election with config: opid_index: -1 peers { permanent_uuid: "096da8680d274dba91b50831a23bfd58" member_type: VOTER last_known_private_addr { host: "yb-tserver-n1" port: 9100 } cloud_info { placement_cloud: "cloud1" placement_region: "datacenter1" placement_zone: "rack1" } }
I0311 02:56:24.414927    12 leader_election.cc:242] T 5c82d2d282b24c23a5a85eaa9b3797e3 P 096da8680d274dba91b50831a23bfd58 [CANDIDATE]: Term 4 pre-election: Election decided. Result: candidate won.
I0311 02:56:24.415343    12 raft_consensus.cc:3421] T 5c82d2d282b24c23a5a85eaa9b3797e3 P 096da8680d274dba91b50831a23bfd58 [term 3 FOLLOWER]: Snoozing leader timeout detection for 3.034s
I0311 02:56:24.415743    12 raft_consensus.cc:3314] T 5c82d2d282b24c23a5a85eaa9b3797e3 P 096da8680d274dba91b50831a23bfd58 [term 3 FOLLOWER]: Leader pre-election won for term 4
I0311 02:56:24.416069    12 raft_consensus.cc:627] T 5c82d2d282b24c23a5a85eaa9b3797e3 P 096da8680d274dba91b50831a23bfd58 [term 3 FOLLOWER]: Triggering leader election, mode=NORMAL_ELECTION
I0311 02:56:24.416427    12 raft_consensus.cc:3421] T 5c82d2d282b24c23a5a85eaa9b3797e3 P 096da8680d274dba91b50831a23bfd58 [term 3 FOLLOWER]: Snoozing leader timeout detection for 3.297s
I0311 02:56:24.416747    12 raft_consensus.cc:3482] T 5c82d2d282b24c23a5a85eaa9b3797e3 P 096da8680d274dba91b50831a23bfd58 [term 3 FOLLOWER]: Advancing to term 4
I0311 02:56:24.420239    12 consensus_meta.cc:317] T 5c82d2d282b24c23a5a85eaa9b3797e3 P 096da8680d274dba91b50831a23bfd58: Updating active role from FOLLOWER to FOLLOWER. Consensus state: current_term: 4 leader_uuid: "" config { opid_index: -1 peers { permanent_uuid: "096da8680d274dba91b50831a23bfd58" member_type: VOTER last_known_private_addr { host: "yb-tserver-n1" port: 9100 } cloud_info { placement_cloud: "cloud1" placement_region: "datacenter1" placement_zone: "rack1" } } }, has_pending_config = 0
I0311 02:56:24.420697    12 raft_consensus.cc:667] T 5c82d2d282b24c23a5a85eaa9b3797e3 P 096da8680d274dba91b50831a23bfd58 [term 4 FOLLOWER]: Starting election with config: opid_index: -1 peers { permanent_uuid: "096da8680d274dba91b50831a23bfd58" member_type: VOTER last_known_private_addr { host: "yb-tserver-n1" port: 9100 } cloud_info { placement_cloud: "cloud1" placement_region: "datacenter1" placement_zone: "rack1" } }
I0311 02:56:24.426263    12 leader_election.cc:242] T 5c82d2d282b24c23a5a85eaa9b3797e3 P 096da8680d274dba91b50831a23bfd58 [CANDIDATE]: Term 4 election: Election decided. Result: candidate won.
I0311 02:56:24.426890    12 raft_consensus.cc:3421] T 5c82d2d282b24c23a5a85eaa9b3797e3 P 096da8680d274dba91b50831a23bfd58 [term 4 FOLLOWER]: Snoozing leader timeout detection for 3.182s
I0311 02:56:24.427369    12 raft_consensus.cc:3328] T 5c82d2d282b24c23a5a85eaa9b3797e3 P 096da8680d274dba91b50831a23bfd58 [term 4 FOLLOWER]: Leader election won for term 4
I0311 02:56:24.427738    12 replica_state.cc:1152] T 5c82d2d282b24c23a5a85eaa9b3797e3 P 096da8680d274dba91b50831a23bfd58 [term 4 FOLLOWER]: Reset our lease: 86107.992s
I0311 02:56:24.428050    12 replica_state.cc:1414] T 5c82d2d282b24c23a5a85eaa9b3797e3 P 096da8680d274dba91b50831a23bfd58 [term 4 FOLLOWER]: SetLeaderNoOpCommittedUnlocked(0), committed: 3.3, received: 3.3
I0311 02:56:24.428373    12 consensus_meta.cc:317] T 5c82d2d282b24c23a5a85eaa9b3797e3 P 096da8680d274dba91b50831a23bfd58: Updating active role from FOLLOWER to LEADER. Consensus state: current_term: 4 leader_uuid: "096da8680d274dba91b50831a23bfd58" config { opid_index: -1 peers { permanent_uuid: "096da8680d274dba91b50831a23bfd58" member_type: VOTER last_known_private_addr { host: "yb-tserver-n1" port: 9100 } cloud_info { placement_cloud: "cloud1" placement_region: "datacenter1" placement_zone: "rack1" } } }, has_pending_config = 0
I0311 02:56:24.428802    12 raft_consensus.cc:3367] T 5c82d2d282b24c23a5a85eaa9b3797e3 P 096da8680d274dba91b50831a23bfd58 [term 4 LEADER]: Calling mark dirty synchronously for reason code NEW_LEADER_ELECTED
I0311 02:56:24.429133    12 raft_consensus.cc:1059] T 5c82d2d282b24c23a5a85eaa9b3797e3 P 096da8680d274dba91b50831a23bfd58 [term 4 LEADER]: Becoming Leader. State: Replica: 096da8680d274dba91b50831a23bfd58, State: 1, Role: LEADER, Watermarks: {Received: 3.3 Committed: 3.3} Leader: 0.0
I0311 02:56:24.429482    12 consensus_queue.cc:271] T 5c82d2d282b24c23a5a85eaa9b3797e3 P 096da8680d274dba91b50831a23bfd58 [LEADER]: Queue going to LEADER mode. State: All replicated op: 0.0, Majority replicated op: 3.3, Committed index: 3.3, Last applied: 3.3, Last appended: 3.3, Current term: 4, Majority size: 1, State: QUEUE_OPEN, Mode: LEADER, active raft config: opid_index: -1 peers { permanent_uuid: "096da8680d274dba91b50831a23bfd58" member_type: VOTER last_known_private_addr { host: "yb-tserver-n1" port: 9100 } cloud_info { placement_cloud: "cloud1" placement_region: "datacenter1" placement_zone: "rack1" } }
I0311 02:56:24.429643    42 heartbeater.cc:338] P 096da8680d274dba91b50831a23bfd58: Connected to a leader master server at yb-master-n1:7100
I0311 02:56:24.429875    12 raft_consensus.cc:1077] Sending NO_OP at op 3.3
I0311 02:56:24.430137    42 heartbeater.cc:387] P 096da8680d274dba91b50831a23bfd58: Registering TS with master...
I0311 02:56:24.430788    42 server_base.cc:541] Using private rpc address yb-tserver-n1
W0311 02:56:24.431145    89 raft_consensus.cc:1374] Leader lease expiration was not set: Illegal state (yb/consensus/replica_state.cc:1345): NoOp of current term is not committed (majority_replicated_lease_expiration_ = <uninitialized>, majority_replicated_ht_lease_expiration_ = 0)
I0311 02:56:24.431255    42 server_base.cc:563] Using http address yb-tserver-n1
I0311 02:56:24.431803    89 replica_state.cc:1414] T 5c82d2d282b24c23a5a85eaa9b3797e3 P 096da8680d274dba91b50831a23bfd58 [term 4 LEADER]: SetLeaderNoOpCommittedUnlocked(1), committed: 3.3, received: 4.4
I0311 02:56:24.432551    89 replica_state.cc:784] T 5c82d2d282b24c23a5a85eaa9b3797e3 P 096da8680d274dba91b50831a23bfd58 [term 4 LEADER]: Advanced the committed_op_id across terms. Last committed operation was: 3.3 New committed index is: 4.4
W0311 02:56:24.434383    42 heartbeater.cc:658] P 096da8680d274dba91b50831a23bfd58: Failed to heartbeat to yb-master-n1:7100: Service unavailable (yb/tserver/heartbeater.cc:479): Master is no longer the leader: code: NOT_THE_LEADER status { code: LEADER_NOT_READY_TO_SERVE message: "Leader not yet ready to serve requests: leader_ready_term_ = -1; cstate.current_term = 4" source_file: "../../src/yb/master/scoped_leader_shared_lock.cc" source_line: 130 errors: "\000" } tries=16, num=1, masters=0x00000040152207c8 -> [[yb-master-n1:7100]], code=Service unavailable
I0311 02:56:24.694188    89 raft_consensus.cc:1030] T 22d66049cb9c4419a35469ea8c2c36bc P 096da8680d274dba91b50831a23bfd58 [term 3 FOLLOWER]: ReportFailDetected: Starting NORMAL_ELECTION...
I0311 02:56:24.695660    89 raft_consensus.cc:627] T 22d66049cb9c4419a35469ea8c2c36bc P 096da8680d274dba91b50831a23bfd58 [term 3 FOLLOWER]: Triggering leader pre-election, mode=NORMAL_ELECTION
I0311 02:56:24.698083    89 raft_consensus.cc:3421] T 22d66049cb9c4419a35469ea8c2c36bc P 096da8680d274dba91b50831a23bfd58 [term 3 FOLLOWER]: Snoozing leader timeout detection for 3.153s
I0311 02:56:24.701843    89 raft_consensus.cc:667] T 22d66049cb9c4419a35469ea8c2c36bc P 096da8680d274dba91b50831a23bfd58 [term 3 FOLLOWER]: Starting pre-election with config: opid_index: -1 peers { permanent_uuid: "096da8680d274dba91b50831a23bfd58" member_type: VOTER last_known_private_addr { host: "yb-tserver-n1" port: 9100 } cloud_info { placement_cloud: "cloud1" placement_region: "datacenter1" placement_zone: "rack1" } }
I0311 02:56:24.704260    89 leader_election.cc:242] T 22d66049cb9c4419a35469ea8c2c36bc P 096da8680d274dba91b50831a23bfd58 [CANDIDATE]: Term 4 pre-election: Election decided. Result: candidate won.
I0311 02:56:24.706166    89 raft_consensus.cc:3421] T 22d66049cb9c4419a35469ea8c2c36bc P 096da8680d274dba91b50831a23bfd58 [term 3 FOLLOWER]: Snoozing leader timeout detection for 3.114s
I0311 02:56:24.707509    89 raft_consensus.cc:3314] T 22d66049cb9c4419a35469ea8c2c36bc P 096da8680d274dba91b50831a23bfd58 [term 3 FOLLOWER]: Leader pre-election won for term 4
I0311 02:56:24.709417    89 raft_consensus.cc:627] T 22d66049cb9c4419a35469ea8c2c36bc P 096da8680d274dba91b50831a23bfd58 [term 3 FOLLOWER]: Triggering leader election, mode=NORMAL_ELECTION
I0311 02:56:24.711355    89 raft_consensus.cc:3421] T 22d66049cb9c4419a35469ea8c2c36bc P 096da8680d274dba91b50831a23bfd58 [term 3 FOLLOWER]: Snoozing leader timeout detection for 3.087s
I0311 02:56:24.712821    89 raft_consensus.cc:3482] T 22d66049cb9c4419a35469ea8c2c36bc P 096da8680d274dba91b50831a23bfd58 [term 3 FOLLOWER]: Advancing to term 4
I0311 02:56:24.720117    89 consensus_meta.cc:317] T 22d66049cb9c4419a35469ea8c2c36bc P 096da8680d274dba91b50831a23bfd58: Updating active role from FOLLOWER to FOLLOWER. Consensus state: current_term: 4 leader_uuid: "" config { opid_index: -1 peers { permanent_uuid: "096da8680d274dba91b50831a23bfd58" member_type: VOTER last_known_private_addr { host: "yb-tserver-n1" port: 9100 } cloud_info { placement_cloud: "cloud1" placement_region: "datacenter1" placement_zone: "rack1" } } }, has_pending_config = 0
I0311 02:56:24.720890    89 raft_consensus.cc:667] T 22d66049cb9c4419a35469ea8c2c36bc P 096da8680d274dba91b50831a23bfd58 [term 4 FOLLOWER]: Starting election with config: opid_index: -1 peers { permanent_uuid: "096da8680d274dba91b50831a23bfd58" member_type: VOTER last_known_private_addr { host: "yb-tserver-n1" port: 9100 } cloud_info { placement_cloud: "cloud1" placement_region: "datacenter1" placement_zone: "rack1" } }
I0311 02:56:24.725978    89 leader_election.cc:242] T 22d66049cb9c4419a35469ea8c2c36bc P 096da8680d274dba91b50831a23bfd58 [CANDIDATE]: Term 4 election: Election decided. Result: candidate won.
I0311 02:56:24.726553    89 raft_consensus.cc:3421] T 22d66049cb9c4419a35469ea8c2c36bc P 096da8680d274dba91b50831a23bfd58 [term 4 FOLLOWER]: Snoozing leader timeout detection for 3.205s
I0311 02:56:24.727130    89 raft_consensus.cc:3328] T 22d66049cb9c4419a35469ea8c2c36bc P 096da8680d274dba91b50831a23bfd58 [term 4 FOLLOWER]: Leader election won for term 4
I0311 02:56:24.728324    89 replica_state.cc:1152] T 22d66049cb9c4419a35469ea8c2c36bc P 096da8680d274dba91b50831a23bfd58 [term 4 FOLLOWER]: Reset our lease: 86108.293s
I0311 02:56:24.728915    89 replica_state.cc:1414] T 22d66049cb9c4419a35469ea8c2c36bc P 096da8680d274dba91b50831a23bfd58 [term 4 FOLLOWER]: SetLeaderNoOpCommittedUnlocked(0), committed: 3.3, received: 3.3
I0311 02:56:24.729555    89 consensus_meta.cc:317] T 22d66049cb9c4419a35469ea8c2c36bc P 096da8680d274dba91b50831a23bfd58: Updating active role from FOLLOWER to LEADER. Consensus state: current_term: 4 leader_uuid: "096da8680d274dba91b50831a23bfd58" config { opid_index: -1 peers { permanent_uuid: "096da8680d274dba91b50831a23bfd58" member_type: VOTER last_known_private_addr { host: "yb-tserver-n1" port: 9100 } cloud_info { placement_cloud: "cloud1" placement_region: "datacenter1" placement_zone: "rack1" } } }, has_pending_config = 0
I0311 02:56:24.730352    89 raft_consensus.cc:3367] T 22d66049cb9c4419a35469ea8c2c36bc P 096da8680d274dba91b50831a23bfd58 [term 4 LEADER]: Calling mark dirty synchronously for reason code NEW_LEADER_ELECTED
I0311 02:56:24.730914    89 raft_consensus.cc:1059] T 22d66049cb9c4419a35469ea8c2c36bc P 096da8680d274dba91b50831a23bfd58 [term 4 LEADER]: Becoming Leader. State: Replica: 096da8680d274dba91b50831a23bfd58, State: 1, Role: LEADER, Watermarks: {Received: 3.3 Committed: 3.3} Leader: 0.0
I0311 02:56:24.731739    89 consensus_queue.cc:271] T 22d66049cb9c4419a35469ea8c2c36bc P 096da8680d274dba91b50831a23bfd58 [LEADER]: Queue going to LEADER mode. State: All replicated op: 0.0, Majority replicated op: 3.3, Committed index: 3.3, Last applied: 3.3, Last appended: 3.3, Current term: 4, Majority size: 1, State: QUEUE_OPEN, Mode: LEADER, active raft config: opid_index: -1 peers { permanent_uuid: "096da8680d274dba91b50831a23bfd58" member_type: VOTER last_known_private_addr { host: "yb-tserver-n1" port: 9100 } cloud_info { placement_cloud: "cloud1" placement_region: "datacenter1" placement_zone: "rack1" } }
I0311 02:56:24.731878    42 heartbeater.cc:338] P 096da8680d274dba91b50831a23bfd58: Connected to a leader master server at yb-master-n1:7100
I0311 02:56:24.732482    89 raft_consensus.cc:1077] Sending NO_OP at op 3.3
I0311 02:56:24.733012    42 heartbeater.cc:387] P 096da8680d274dba91b50831a23bfd58: Registering TS with master...
I0311 02:56:24.734073    42 server_base.cc:541] Using private rpc address yb-tserver-n1
