I0311 03:21:02.120471    28 tablet_peer.cc:1344] T e778eac89ca24f2993340a6d09c687f8 P 096da8680d274dba91b50831a23bfd58 [state=RUNNING]: Registered log gc
I0311 03:21:02.121090    29 tablet_peer.cc:1455] T df17b40b75664e0aaa44ec6687a7a233 P 096da8680d274dba91b50831a23bfd58 [state=RUNNING]: Changed state from BOOTSTRAPPING to RUNNING
I0311 03:21:02.123358    30 ts_tablet_manager.cc:1478] T 974d5dc4624a4cc8ba8333f193777a6e P 096da8680d274dba91b50831a23bfd58: Bootstrapping tablet
I0311 03:21:02.123589    27 ts_tablet_manager.cc:1573] T ef19613afa234c5d943034489b070927 P 096da8680d274dba91b50831a23bfd58: Time spent starting tablet: real 0.060s	user 0.010s	sys 0.005s
I0311 03:21:02.125335    27 ts_tablet_manager.cc:2771] Deleted transition in progress opening tablet for tablet ef19613afa234c5d943034489b070927
I0311 03:21:02.125008    29 tablet_peer.cc:1344] T df17b40b75664e0aaa44ec6687a7a233 P 096da8680d274dba91b50831a23bfd58 [state=RUNNING]: Registered log gc
I0311 03:21:02.136112    29 ts_tablet_manager.cc:1573] T df17b40b75664e0aaa44ec6687a7a233 P 096da8680d274dba91b50831a23bfd58: Time spent starting tablet: real 0.068s	user 0.009s	sys 0.004s
I0311 03:21:02.135854    27 ts_tablet_manager.cc:1478] T 5c82d2d282b24c23a5a85eaa9b3797e3 P 096da8680d274dba91b50831a23bfd58: Bootstrapping tablet
I0311 03:21:02.124182    28 ts_tablet_manager.cc:1573] T e778eac89ca24f2993340a6d09c687f8 P 096da8680d274dba91b50831a23bfd58: Time spent starting tablet: real 0.055s	user 0.009s	sys 0.005s
I0311 03:21:02.137205    28 ts_tablet_manager.cc:2771] Deleted transition in progress opening tablet for tablet e778eac89ca24f2993340a6d09c687f8
W0311 03:21:02.137259    41 heartbeater.cc:658] P 096da8680d274dba91b50831a23bfd58: Failed to heartbeat to yb-master-n1:7100: Service unavailable (yb/tserver/heartbeater.cc:479): Master is no longer the leader: code: NOT_THE_LEADER status { code: SERVICE_UNAVAILABLE message: "Catalog manager is not initialized. State: 1" source_file: "../../src/yb/master/scoped_leader_shared_lock.cc" source_line: 91 errors: "\000" } tries=4, num=1, masters=0x00000040152207c8 -> [[yb-master-n1:7100]], code=Service unavailable
I0311 03:21:02.137447    30 consensus_meta.cc:317] T 974d5dc4624a4cc8ba8333f193777a6e P 096da8680d274dba91b50831a23bfd58: Updating active role from UNKNOWN_ROLE to FOLLOWER. Consensus state: current_term: 8 leader_uuid: "" config { opid_index: -1 peers { permanent_uuid: "096da8680d274dba91b50831a23bfd58" member_type: VOTER last_known_private_addr { host: "yb-tserver-n1" port: 9100 } cloud_info { placement_cloud: "cloud1" placement_region: "datacenter1" placement_zone: "rack1" } } }, has_pending_config = 0
I0311 03:21:02.141185    27 consensus_meta.cc:317] T 5c82d2d282b24c23a5a85eaa9b3797e3 P 096da8680d274dba91b50831a23bfd58: Updating active role from UNKNOWN_ROLE to FOLLOWER. Consensus state: current_term: 8 leader_uuid: "" config { opid_index: -1 peers { permanent_uuid: "096da8680d274dba91b50831a23bfd58" member_type: VOTER last_known_private_addr { host: "yb-tserver-n1" port: 9100 } cloud_info { placement_cloud: "cloud1" placement_region: "datacenter1" placement_zone: "rack1" } } }, has_pending_config = 0
I0311 03:21:02.137673    28 ts_tablet_manager.cc:1478] T 3a76ab24970d40ef859dfa774b11abe1 P 096da8680d274dba91b50831a23bfd58: Bootstrapping tablet
I0311 03:21:02.141323    30 tablet_peer.cc:1455] T 974d5dc4624a4cc8ba8333f193777a6e P 096da8680d274dba91b50831a23bfd58 [state=BOOTSTRAPPING]: Changed state from NOT_STARTED to BOOTSTRAPPING
I0311 03:21:02.136579    29 ts_tablet_manager.cc:2771] Deleted transition in progress opening tablet for tablet df17b40b75664e0aaa44ec6687a7a233
I0311 03:21:02.141394    41 heartbeater.cc:338] P 096da8680d274dba91b50831a23bfd58: Connected to a leader master server at yb-master-n1:7100
I0311 03:21:02.142114    27 tablet_peer.cc:1455] T 5c82d2d282b24c23a5a85eaa9b3797e3 P 096da8680d274dba91b50831a23bfd58 [state=BOOTSTRAPPING]: Changed state from NOT_STARTED to BOOTSTRAPPING
I0311 03:21:02.143052    30 tablet_bootstrap_if.cc:96] T 974d5dc4624a4cc8ba8333f193777a6e P 096da8680d274dba91b50831a23bfd58: Bootstrap starting.
I0311 03:21:02.143330    29 ts_tablet_manager.cc:1478] T 22d66049cb9c4419a35469ea8c2c36bc P 096da8680d274dba91b50831a23bfd58: Bootstrapping tablet
I0311 03:21:02.143757    41 heartbeater.cc:387] P 096da8680d274dba91b50831a23bfd58: Registering TS with master...
I0311 03:21:02.168028    41 server_base.cc:541] Using private rpc address yb-tserver-n1
I0311 03:21:02.168984    41 server_base.cc:563] Using http address yb-tserver-n1
I0311 03:21:02.167219    30 tablet.cc:455] T 974d5dc4624a4cc8ba8333f193777a6e P 096da8680d274dba91b50831a23bfd58: Schema version for transactions is 0
I0311 03:21:02.170073    29 consensus_meta.cc:317] T 22d66049cb9c4419a35469ea8c2c36bc P 096da8680d274dba91b50831a23bfd58: Updating active role from UNKNOWN_ROLE to FOLLOWER. Consensus state: current_term: 8 leader_uuid: "" config { opid_index: -1 peers { permanent_uuid: "096da8680d274dba91b50831a23bfd58" member_type: VOTER last_known_private_addr { host: "yb-tserver-n1" port: 9100 } cloud_info { placement_cloud: "cloud1" placement_region: "datacenter1" placement_zone: "rack1" } } }, has_pending_config = 0
I0311 03:21:02.165585    28 consensus_meta.cc:317] T 3a76ab24970d40ef859dfa774b11abe1 P 096da8680d274dba91b50831a23bfd58: Updating active role from UNKNOWN_ROLE to FOLLOWER. Consensus state: current_term: 8 leader_uuid: "" config { opid_index: -1 peers { permanent_uuid: "096da8680d274dba91b50831a23bfd58" member_type: VOTER last_known_private_addr { host: "yb-tserver-n1" port: 9100 } cloud_info { placement_cloud: "cloud1" placement_region: "datacenter1" placement_zone: "rack1" } } }, has_pending_config = 0
I0311 03:21:02.170321    30 tablet_bootstrap.cc:639] T 974d5dc4624a4cc8ba8333f193777a6e P 096da8680d274dba91b50831a23bfd58: Time spent opening tablet: real 0.000s	user 0.000s	sys 0.000s
I0311 03:21:02.164701    27 tablet_bootstrap_if.cc:96] T 5c82d2d282b24c23a5a85eaa9b3797e3 P 096da8680d274dba91b50831a23bfd58: Bootstrap starting.
I0311 03:21:02.170691    29 tablet_peer.cc:1455] T 22d66049cb9c4419a35469ea8c2c36bc P 096da8680d274dba91b50831a23bfd58 [state=BOOTSTRAPPING]: Changed state from NOT_STARTED to BOOTSTRAPPING
I0311 03:21:02.173321    29 tablet_bootstrap_if.cc:96] T 22d66049cb9c4419a35469ea8c2c36bc P 096da8680d274dba91b50831a23bfd58: Bootstrap starting.
W0311 03:21:02.173007    41 heartbeater.cc:658] P 096da8680d274dba91b50831a23bfd58: Failed to heartbeat to yb-master-n1:7100: Service unavailable (yb/tserver/heartbeater.cc:479): Master is no longer the leader: code: NOT_THE_LEADER status { code: SERVICE_UNAVAILABLE message: "Catalog manager is not initialized. State: 1" source_file: "../../src/yb/master/scoped_leader_shared_lock.cc" source_line: 91 errors: "\000" } tries=5, num=1, masters=0x00000040152207c8 -> [[yb-master-n1:7100]], code=Service unavailable
I0311 03:21:02.173624    27 tablet.cc:455] T 5c82d2d282b24c23a5a85eaa9b3797e3 P 096da8680d274dba91b50831a23bfd58: Schema version for transactions is 0
I0311 03:21:02.171118    28 tablet_peer.cc:1455] T 3a76ab24970d40ef859dfa774b11abe1 P 096da8680d274dba91b50831a23bfd58 [state=BOOTSTRAPPING]: Changed state from NOT_STARTED to BOOTSTRAPPING
I0311 03:21:02.175760    29 tablet.cc:455] T 22d66049cb9c4419a35469ea8c2c36bc P 096da8680d274dba91b50831a23bfd58: Schema version for transactions is 0
I0311 03:21:02.176046    30 tablet_bootstrap.cc:716] T 974d5dc4624a4cc8ba8333f193777a6e P 096da8680d274dba91b50831a23bfd58: Will attempt to recover log segment /mnt/tserver/yb-data/tserver/wals/table-929f7d28b7a2483c9b6c4652af3f6131/tablet-974d5dc4624a4cc8ba8333f193777a6e/wal-000000005
I0311 03:21:02.178992    27 tablet_bootstrap.cc:639] T 5c82d2d282b24c23a5a85eaa9b3797e3 P 096da8680d274dba91b50831a23bfd58: Time spent opening tablet: real 0.000s	user 0.000s	sys 0.000s
I0311 03:21:02.179294    28 tablet_bootstrap_if.cc:96] T 3a76ab24970d40ef859dfa774b11abe1 P 096da8680d274dba91b50831a23bfd58: Bootstrap starting.
I0311 03:21:02.180004    29 tablet_bootstrap.cc:639] T 22d66049cb9c4419a35469ea8c2c36bc P 096da8680d274dba91b50831a23bfd58: Time spent opening tablet: real 0.000s	user 0.000s	sys 0.000s
I0311 03:21:02.181984    28 tablet.cc:455] T 3a76ab24970d40ef859dfa774b11abe1 P 096da8680d274dba91b50831a23bfd58: Schema version for transactions is 0
I0311 03:21:02.180439    30 tablet_bootstrap.cc:716] T 974d5dc4624a4cc8ba8333f193777a6e P 096da8680d274dba91b50831a23bfd58: Will attempt to recover log segment /mnt/tserver/yb-data/tserver/wals/table-929f7d28b7a2483c9b6c4652af3f6131/tablet-974d5dc4624a4cc8ba8333f193777a6e/wal-000000006
I0311 03:21:02.184026    30 tablet_bootstrap.cc:716] T 974d5dc4624a4cc8ba8333f193777a6e P 096da8680d274dba91b50831a23bfd58: Will attempt to recover log segment /mnt/tserver/yb-data/tserver/wals/table-929f7d28b7a2483c9b6c4652af3f6131/tablet-974d5dc4624a4cc8ba8333f193777a6e/wal-000000007
I0311 03:21:02.185138    30 tablet_bootstrap.cc:716] T 974d5dc4624a4cc8ba8333f193777a6e P 096da8680d274dba91b50831a23bfd58: Will attempt to recover log segment /mnt/tserver/yb-data/tserver/wals/table-929f7d28b7a2483c9b6c4652af3f6131/tablet-974d5dc4624a4cc8ba8333f193777a6e/wal-000000008
I0311 03:21:02.186024    30 tablet_bootstrap.cc:1127] T 974d5dc4624a4cc8ba8333f193777a6e P 096da8680d274dba91b50831a23bfd58: Flushed DocDB OpIds: { regular: -1.-1 intents: -1.-1 }
I0311 03:21:02.183470    28 tablet_bootstrap.cc:639] T 3a76ab24970d40ef859dfa774b11abe1 P 096da8680d274dba91b50831a23bfd58: Time spent opening tablet: real 0.000s	user 0.000s	sys 0.000s
I0311 03:21:02.187481    30 tablet_bootstrap.cc:1288] T 974d5dc4624a4cc8ba8333f193777a6e P 096da8680d274dba91b50831a23bfd58: Max persistent index in RocksDB's SSTables before bootstrap: regular RocksDB: -1.-1; intents RocksDB: -1.-1
I0311 03:21:02.187873    29 tablet_bootstrap.cc:716] T 22d66049cb9c4419a35469ea8c2c36bc P 096da8680d274dba91b50831a23bfd58: Will attempt to recover log segment /mnt/tserver/yb-data/tserver/wals/table-929f7d28b7a2483c9b6c4652af3f6131/tablet-22d66049cb9c4419a35469ea8c2c36bc/wal-000000005
I0311 03:21:02.203824    29 tablet_bootstrap.cc:716] T 22d66049cb9c4419a35469ea8c2c36bc P 096da8680d274dba91b50831a23bfd58: Will attempt to recover log segment /mnt/tserver/yb-data/tserver/wals/table-929f7d28b7a2483c9b6c4652af3f6131/tablet-22d66049cb9c4419a35469ea8c2c36bc/wal-000000006
I0311 03:21:02.204917    29 tablet_bootstrap.cc:716] T 22d66049cb9c4419a35469ea8c2c36bc P 096da8680d274dba91b50831a23bfd58: Will attempt to recover log segment /mnt/tserver/yb-data/tserver/wals/table-929f7d28b7a2483c9b6c4652af3f6131/tablet-22d66049cb9c4419a35469ea8c2c36bc/wal-000000007
I0311 03:21:02.187830    27 tablet_bootstrap.cc:716] T 5c82d2d282b24c23a5a85eaa9b3797e3 P 096da8680d274dba91b50831a23bfd58: Will attempt to recover log segment /mnt/tserver/yb-data/tserver/wals/table-929f7d28b7a2483c9b6c4652af3f6131/tablet-5c82d2d282b24c23a5a85eaa9b3797e3/wal-000000005
I0311 03:21:02.207619    27 tablet_bootstrap.cc:716] T 5c82d2d282b24c23a5a85eaa9b3797e3 P 096da8680d274dba91b50831a23bfd58: Will attempt to recover log segment /mnt/tserver/yb-data/tserver/wals/table-929f7d28b7a2483c9b6c4652af3f6131/tablet-5c82d2d282b24c23a5a85eaa9b3797e3/wal-000000006
I0311 03:21:02.206244    30 log.cc:1278] T 974d5dc4624a4cc8ba8333f193777a6e P 096da8680d274dba91b50831a23bfd58: Setting log wal retention time to 0 seconds
I0311 03:21:02.207019    28 tablet_bootstrap.cc:716] T 3a76ab24970d40ef859dfa774b11abe1 P 096da8680d274dba91b50831a23bfd58: Will attempt to recover log segment /mnt/tserver/yb-data/tserver/wals/table-929f7d28b7a2483c9b6c4652af3f6131/tablet-3a76ab24970d40ef859dfa774b11abe1/wal-000000005
I0311 03:21:02.209157    28 tablet_bootstrap.cc:716] T 3a76ab24970d40ef859dfa774b11abe1 P 096da8680d274dba91b50831a23bfd58: Will attempt to recover log segment /mnt/tserver/yb-data/tserver/wals/table-929f7d28b7a2483c9b6c4652af3f6131/tablet-3a76ab24970d40ef859dfa774b11abe1/wal-000000006
I0311 03:21:02.208060    27 tablet_bootstrap.cc:716] T 5c82d2d282b24c23a5a85eaa9b3797e3 P 096da8680d274dba91b50831a23bfd58: Will attempt to recover log segment /mnt/tserver/yb-data/tserver/wals/table-929f7d28b7a2483c9b6c4652af3f6131/tablet-5c82d2d282b24c23a5a85eaa9b3797e3/wal-000000007
I0311 03:21:02.206128    29 tablet_bootstrap.cc:716] T 22d66049cb9c4419a35469ea8c2c36bc P 096da8680d274dba91b50831a23bfd58: Will attempt to recover log segment /mnt/tserver/yb-data/tserver/wals/table-929f7d28b7a2483c9b6c4652af3f6131/tablet-22d66049cb9c4419a35469ea8c2c36bc/wal-000000008
I0311 03:21:02.210899    29 tablet_bootstrap.cc:1127] T 22d66049cb9c4419a35469ea8c2c36bc P 096da8680d274dba91b50831a23bfd58: Flushed DocDB OpIds: { regular: -1.-1 intents: -1.-1 }
I0311 03:21:02.212491    29 tablet_bootstrap.cc:1288] T 22d66049cb9c4419a35469ea8c2c36bc P 096da8680d274dba91b50831a23bfd58: Max persistent index in RocksDB's SSTables before bootstrap: regular RocksDB: -1.-1; intents RocksDB: -1.-1
I0311 03:21:02.209775    28 tablet_bootstrap.cc:716] T 3a76ab24970d40ef859dfa774b11abe1 P 096da8680d274dba91b50831a23bfd58: Will attempt to recover log segment /mnt/tserver/yb-data/tserver/wals/table-929f7d28b7a2483c9b6c4652af3f6131/tablet-3a76ab24970d40ef859dfa774b11abe1/wal-000000007
I0311 03:21:02.210381    27 tablet_bootstrap.cc:716] T 5c82d2d282b24c23a5a85eaa9b3797e3 P 096da8680d274dba91b50831a23bfd58: Will attempt to recover log segment /mnt/tserver/yb-data/tserver/wals/table-929f7d28b7a2483c9b6c4652af3f6131/tablet-5c82d2d282b24c23a5a85eaa9b3797e3/wal-000000008
I0311 03:21:02.216255    28 tablet_bootstrap.cc:716] T 3a76ab24970d40ef859dfa774b11abe1 P 096da8680d274dba91b50831a23bfd58: Will attempt to recover log segment /mnt/tserver/yb-data/tserver/wals/table-929f7d28b7a2483c9b6c4652af3f6131/tablet-3a76ab24970d40ef859dfa774b11abe1/wal-000000008
I0311 03:21:02.216953    29 log.cc:1278] T 22d66049cb9c4419a35469ea8c2c36bc P 096da8680d274dba91b50831a23bfd58: Setting log wal retention time to 0 seconds
I0311 03:21:02.217027    27 tablet_bootstrap.cc:1127] T 5c82d2d282b24c23a5a85eaa9b3797e3 P 096da8680d274dba91b50831a23bfd58: Flushed DocDB OpIds: { regular: -1.-1 intents: -1.-1 }
I0311 03:21:02.217567    28 tablet_bootstrap.cc:1127] T 3a76ab24970d40ef859dfa774b11abe1 P 096da8680d274dba91b50831a23bfd58: Flushed DocDB OpIds: { regular: -1.-1 intents: -1.-1 }
I0311 03:21:02.219507    28 tablet_bootstrap.cc:1288] T 3a76ab24970d40ef859dfa774b11abe1 P 096da8680d274dba91b50831a23bfd58: Max persistent index in RocksDB's SSTables before bootstrap: regular RocksDB: -1.-1; intents RocksDB: -1.-1
I0311 03:21:02.218497    27 tablet_bootstrap.cc:1288] T 5c82d2d282b24c23a5a85eaa9b3797e3 P 096da8680d274dba91b50831a23bfd58: Max persistent index in RocksDB's SSTables before bootstrap: regular RocksDB: -1.-1; intents RocksDB: -1.-1
W0311 03:21:02.220378    30 log_util.cc:240] Could not read footer for segment: /mnt/tserver/yb-data/tserver/wals/table-929f7d28b7a2483c9b6c4652af3f6131/tablet-974d5dc4624a4cc8ba8333f193777a6e/wal-000000005: Not found (yb/consensus/log_util.cc:554): Footer not found. Footer magic doesn't match
W0311 03:21:02.225256    30 log_reader.cc:192] T 974d5dc4624a4cc8ba8333f193777a6e P 096da8680d274dba91b50831a23bfd58: Log segment /mnt/tserver/yb-data/tserver/wals/table-929f7d28b7a2483c9b6c4652af3f6131/tablet-974d5dc4624a4cc8ba8333f193777a6e/wal-000000005 was likely left in-progress after a previous crash. Will try to rebuild footer by scanning data.
I0311 03:21:02.227238    30 log_util.cc:773] Scanning /mnt/tserver/yb-data/tserver/wals/table-929f7d28b7a2483c9b6c4652af3f6131/tablet-974d5dc4624a4cc8ba8333f193777a6e/wal-000000005 for valid entry headers following offset 195...
I0311 03:21:02.222329    28 log.cc:1278] T 3a76ab24970d40ef859dfa774b11abe1 P 096da8680d274dba91b50831a23bfd58: Setting log wal retention time to 0 seconds
I0311 03:21:02.223922    27 log.cc:1278] T 5c82d2d282b24c23a5a85eaa9b3797e3 P 096da8680d274dba91b50831a23bfd58: Setting log wal retention time to 0 seconds
W0311 03:21:02.242491    29 log_util.cc:240] Could not read footer for segment: /mnt/tserver/yb-data/tserver/wals/table-929f7d28b7a2483c9b6c4652af3f6131/tablet-22d66049cb9c4419a35469ea8c2c36bc/wal-000000005: Not found (yb/consensus/log_util.cc:554): Footer not found. Footer magic doesn't match
W0311 03:21:02.245343    29 log_reader.cc:192] T 22d66049cb9c4419a35469ea8c2c36bc P 096da8680d274dba91b50831a23bfd58: Log segment /mnt/tserver/yb-data/tserver/wals/table-929f7d28b7a2483c9b6c4652af3f6131/tablet-22d66049cb9c4419a35469ea8c2c36bc/wal-000000005 was likely left in-progress after a previous crash. Will try to rebuild footer by scanning data.
I0311 03:21:02.248507    29 log_util.cc:773] Scanning /mnt/tserver/yb-data/tserver/wals/table-929f7d28b7a2483c9b6c4652af3f6131/tablet-22d66049cb9c4419a35469ea8c2c36bc/wal-000000005 for valid entry headers following offset 195...
I0311 03:21:02.248610    30 log_util.cc:817] Found no log entry headers
I0311 03:21:02.251950    30 log_util.cc:666] Ignoring partially flushed segment in write ahead log /mnt/tserver/yb-data/tserver/wals/table-929f7d28b7a2483c9b6c4652af3f6131/tablet-974d5dc4624a4cc8ba8333f193777a6e/wal-000000005 because there are no log entries following this one. The server probably crashed in the middle of writing an entry to the write-ahead log or downloaded an active log via remote bootstrap. Error detail: Corruption (yb/consensus/log_util.cc:889): Invalid checksum in log entry head header: found=0, computed=2351477386: Failed trying to read batch #3 at offset 195 for log segment /mnt/tserver/yb-data/tserver/wals/table-929f7d28b7a2483c9b6c4652af3f6131/tablet-974d5dc4624a4cc8ba8333f193777a6e/wal-000000005: Prior batch offsets: 107 167 195; Last log entries read: [REPLICATE (5.5)]
I0311 03:21:02.253603    30 log_util.cc:285] Successfully rebuilt footer for segment: /mnt/tserver/yb-data/tserver/wals/table-929f7d28b7a2483c9b6c4652af3f6131/tablet-974d5dc4624a4cc8ba8333f193777a6e/wal-000000005 (valid entries through byte offset 195)
W0311 03:21:02.256003    28 log_util.cc:240] Could not read footer for segment: /mnt/tserver/yb-data/tserver/wals/table-929f7d28b7a2483c9b6c4652af3f6131/tablet-3a76ab24970d40ef859dfa774b11abe1/wal-000000005: Not found (yb/consensus/log_util.cc:554): Footer not found. Footer magic doesn't match
W0311 03:21:02.258297    28 log_reader.cc:192] T 3a76ab24970d40ef859dfa774b11abe1 P 096da8680d274dba91b50831a23bfd58: Log segment /mnt/tserver/yb-data/tserver/wals/table-929f7d28b7a2483c9b6c4652af3f6131/tablet-3a76ab24970d40ef859dfa774b11abe1/wal-000000005 was likely left in-progress after a previous crash. Will try to rebuild footer by scanning data.
W0311 03:21:02.258985    27 log_util.cc:240] Could not read footer for segment: /mnt/tserver/yb-data/tserver/wals/table-929f7d28b7a2483c9b6c4652af3f6131/tablet-5c82d2d282b24c23a5a85eaa9b3797e3/wal-000000005: Not found (yb/consensus/log_util.cc:554): Footer not found. Footer magic doesn't match
I0311 03:21:02.260368    29 log_util.cc:817] Found no log entry headers
I0311 03:21:02.272817    29 log_util.cc:666] Ignoring partially flushed segment in write ahead log /mnt/tserver/yb-data/tserver/wals/table-929f7d28b7a2483c9b6c4652af3f6131/tablet-22d66049cb9c4419a35469ea8c2c36bc/wal-000000005 because there are no log entries following this one. The server probably crashed in the middle of writing an entry to the write-ahead log or downloaded an active log via remote bootstrap. Error detail: Corruption (yb/consensus/log_util.cc:889): Invalid checksum in log entry head header: found=0, computed=2351477386: Failed trying to read batch #3 at offset 195 for log segment /mnt/tserver/yb-data/tserver/wals/table-929f7d28b7a2483c9b6c4652af3f6131/tablet-22d66049cb9c4419a35469ea8c2c36bc/wal-000000005: Prior batch offsets: 107 167 195; Last log entries read: [REPLICATE (5.5)]
W0311 03:21:02.272260    27 log_reader.cc:192] T 5c82d2d282b24c23a5a85eaa9b3797e3 P 096da8680d274dba91b50831a23bfd58: Log segment /mnt/tserver/yb-data/tserver/wals/table-929f7d28b7a2483c9b6c4652af3f6131/tablet-5c82d2d282b24c23a5a85eaa9b3797e3/wal-000000005 was likely left in-progress after a previous crash. Will try to rebuild footer by scanning data.
W0311 03:21:02.272428    30 log_util.cc:240] Could not read footer for segment: /mnt/tserver/yb-data/tserver/wals/table-929f7d28b7a2483c9b6c4652af3f6131/tablet-974d5dc4624a4cc8ba8333f193777a6e/wal-000000006: Not found (yb/consensus/log_util.cc:554): Footer not found. Footer magic doesn't match
I0311 03:21:02.260953    28 log_util.cc:773] Scanning /mnt/tserver/yb-data/tserver/wals/table-929f7d28b7a2483c9b6c4652af3f6131/tablet-3a76ab24970d40ef859dfa774b11abe1/wal-000000005 for valid entry headers following offset 195...
I0311 03:21:02.275358    29 log_util.cc:285] Successfully rebuilt footer for segment: /mnt/tserver/yb-data/tserver/wals/table-929f7d28b7a2483c9b6c4652af3f6131/tablet-22d66049cb9c4419a35469ea8c2c36bc/wal-000000005 (valid entries through byte offset 195)
I0311 03:21:02.276841    27 log_util.cc:773] Scanning /mnt/tserver/yb-data/tserver/wals/table-929f7d28b7a2483c9b6c4652af3f6131/tablet-5c82d2d282b24c23a5a85eaa9b3797e3/wal-000000005 for valid entry headers following offset 195...
W0311 03:21:02.278280    30 log_reader.cc:192] T 974d5dc4624a4cc8ba8333f193777a6e P 096da8680d274dba91b50831a23bfd58: Log segment /mnt/tserver/yb-data/tserver/wals/table-929f7d28b7a2483c9b6c4652af3f6131/tablet-974d5dc4624a4cc8ba8333f193777a6e/wal-000000006 was likely left in-progress after a previous crash. Will try to rebuild footer by scanning data.
I0311 03:21:02.286242    30 log_util.cc:773] Scanning /mnt/tserver/yb-data/tserver/wals/table-929f7d28b7a2483c9b6c4652af3f6131/tablet-974d5dc4624a4cc8ba8333f193777a6e/wal-000000006 for valid entry headers following offset 195...
W0311 03:21:02.292431    29 log_util.cc:240] Could not read footer for segment: /mnt/tserver/yb-data/tserver/wals/table-929f7d28b7a2483c9b6c4652af3f6131/tablet-22d66049cb9c4419a35469ea8c2c36bc/wal-000000006: Not found (yb/consensus/log_util.cc:554): Footer not found. Footer magic doesn't match
W0311 03:21:02.299315    29 log_reader.cc:192] T 22d66049cb9c4419a35469ea8c2c36bc P 096da8680d274dba91b50831a23bfd58: Log segment /mnt/tserver/yb-data/tserver/wals/table-929f7d28b7a2483c9b6c4652af3f6131/tablet-22d66049cb9c4419a35469ea8c2c36bc/wal-000000006 was likely left in-progress after a previous crash. Will try to rebuild footer by scanning data.
I0311 03:21:02.299649    27 log_util.cc:817] Found no log entry headers
I0311 03:21:02.300489    28 log_util.cc:817] Found no log entry headers
I0311 03:21:02.313405    29 log_util.cc:773] Scanning /mnt/tserver/yb-data/tserver/wals/table-929f7d28b7a2483c9b6c4652af3f6131/tablet-22d66049cb9c4419a35469ea8c2c36bc/wal-000000006 for valid entry headers following offset 195...
I0311 03:21:02.325150    27 log_util.cc:666] Ignoring partially flushed segment in write ahead log /mnt/tserver/yb-data/tserver/wals/table-929f7d28b7a2483c9b6c4652af3f6131/tablet-5c82d2d282b24c23a5a85eaa9b3797e3/wal-000000005 because there are no log entries following this one. The server probably crashed in the middle of writing an entry to the write-ahead log or downloaded an active log via remote bootstrap. Error detail: Corruption (yb/consensus/log_util.cc:889): Invalid checksum in log entry head header: found=0, computed=2351477386: Failed trying to read batch #3 at offset 195 for log segment /mnt/tserver/yb-data/tserver/wals/table-929f7d28b7a2483c9b6c4652af3f6131/tablet-5c82d2d282b24c23a5a85eaa9b3797e3/wal-000000005: Prior batch offsets: 107 167 195; Last log entries read: [REPLICATE (5.5)]
I0311 03:21:02.336707    28 log_util.cc:666] Ignoring partially flushed segment in write ahead log /mnt/tserver/yb-data/tserver/wals/table-929f7d28b7a2483c9b6c4652af3f6131/tablet-3a76ab24970d40ef859dfa774b11abe1/wal-000000005 because there are no log entries following this one. The server probably crashed in the middle of writing an entry to the write-ahead log or downloaded an active log via remote bootstrap. Error detail: Corruption (yb/consensus/log_util.cc:889): Invalid checksum in log entry head header: found=0, computed=2351477386: Failed trying to read batch #3 at offset 195 for log segment /mnt/tserver/yb-data/tserver/wals/table-929f7d28b7a2483c9b6c4652af3f6131/tablet-3a76ab24970d40ef859dfa774b11abe1/wal-000000005: Prior batch offsets: 107 167 195; Last log entries read: [REPLICATE (5.5)]
I0311 03:21:02.342046    28 log_util.cc:285] Successfully rebuilt footer for segment: /mnt/tserver/yb-data/tserver/wals/table-929f7d28b7a2483c9b6c4652af3f6131/tablet-3a76ab24970d40ef859dfa774b11abe1/wal-000000005 (valid entries through byte offset 195)
I0311 03:21:02.340502    27 log_util.cc:285] Successfully rebuilt footer for segment: /mnt/tserver/yb-data/tserver/wals/table-929f7d28b7a2483c9b6c4652af3f6131/tablet-5c82d2d282b24c23a5a85eaa9b3797e3/wal-000000005 (valid entries through byte offset 195)
I0311 03:21:02.337419    30 log_util.cc:817] Found no log entry headers
I0311 03:21:02.345901    30 log_util.cc:666] Ignoring partially flushed segment in write ahead log /mnt/tserver/yb-data/tserver/wals/table-929f7d28b7a2483c9b6c4652af3f6131/tablet-974d5dc4624a4cc8ba8333f193777a6e/wal-000000006 because there are no log entries following this one. The server probably crashed in the middle of writing an entry to the write-ahead log or downloaded an active log via remote bootstrap. Error detail: Corruption (yb/consensus/log_util.cc:889): Invalid checksum in log entry head header: found=0, computed=2351477386: Failed trying to read batch #3 at offset 195 for log segment /mnt/tserver/yb-data/tserver/wals/table-929f7d28b7a2483c9b6c4652af3f6131/tablet-974d5dc4624a4cc8ba8333f193777a6e/wal-000000006: Prior batch offsets: 107 167 195; Last log entries read: [REPLICATE (6.6)]
I0311 03:21:02.347267    30 log_util.cc:285] Successfully rebuilt footer for segment: /mnt/tserver/yb-data/tserver/wals/table-929f7d28b7a2483c9b6c4652af3f6131/tablet-974d5dc4624a4cc8ba8333f193777a6e/wal-000000006 (valid entries through byte offset 195)
I0311 03:21:02.356998    29 log_util.cc:817] Found no log entry headers
W0311 03:21:02.358692    28 log_util.cc:240] Could not read footer for segment: /mnt/tserver/yb-data/tserver/wals/table-929f7d28b7a2483c9b6c4652af3f6131/tablet-3a76ab24970d40ef859dfa774b11abe1/wal-000000006: Not found (yb/consensus/log_util.cc:554): Footer not found. Footer magic doesn't match
W0311 03:21:02.359818    28 log_reader.cc:192] T 3a76ab24970d40ef859dfa774b11abe1 P 096da8680d274dba91b50831a23bfd58: Log segment /mnt/tserver/yb-data/tserver/wals/table-929f7d28b7a2483c9b6c4652af3f6131/tablet-3a76ab24970d40ef859dfa774b11abe1/wal-000000006 was likely left in-progress after a previous crash. Will try to rebuild footer by scanning data.
W0311 03:21:02.359426    27 log_util.cc:240] Could not read footer for segment: /mnt/tserver/yb-data/tserver/wals/table-929f7d28b7a2483c9b6c4652af3f6131/tablet-5c82d2d282b24c23a5a85eaa9b3797e3/wal-000000006: Not found (yb/consensus/log_util.cc:554): Footer not found. Footer magic doesn't match
I0311 03:21:02.358870    29 log_util.cc:666] Ignoring partially flushed segment in write ahead log /mnt/tserver/yb-data/tserver/wals/table-929f7d28b7a2483c9b6c4652af3f6131/tablet-22d66049cb9c4419a35469ea8c2c36bc/wal-000000006 because there are no log entries following this one. The server probably crashed in the middle of writing an entry to the write-ahead log or downloaded an active log via remote bootstrap. Error detail: Corruption (yb/consensus/log_util.cc:889): Invalid checksum in log entry head header: found=0, computed=2351477386: Failed trying to read batch #3 at offset 195 for log segment /mnt/tserver/yb-data/tserver/wals/table-929f7d28b7a2483c9b6c4652af3f6131/tablet-22d66049cb9c4419a35469ea8c2c36bc/wal-000000006: Prior batch offsets: 107 167 195; Last log entries read: [REPLICATE (6.6)]
I0311 03:21:02.360952    28 log_util.cc:773] Scanning /mnt/tserver/yb-data/tserver/wals/table-929f7d28b7a2483c9b6c4652af3f6131/tablet-3a76ab24970d40ef859dfa774b11abe1/wal-000000006 for valid entry headers following offset 195...
W0311 03:21:02.361390    30 log_util.cc:240] Could not read footer for segment: /mnt/tserver/yb-data/tserver/wals/table-929f7d28b7a2483c9b6c4652af3f6131/tablet-974d5dc4624a4cc8ba8333f193777a6e/wal-000000007: Not found (yb/consensus/log_util.cc:554): Footer not found. Footer magic doesn't match
W0311 03:21:02.361582    27 log_reader.cc:192] T 5c82d2d282b24c23a5a85eaa9b3797e3 P 096da8680d274dba91b50831a23bfd58: Log segment /mnt/tserver/yb-data/tserver/wals/table-929f7d28b7a2483c9b6c4652af3f6131/tablet-5c82d2d282b24c23a5a85eaa9b3797e3/wal-000000006 was likely left in-progress after a previous crash. Will try to rebuild footer by scanning data.
I0311 03:21:02.363561    29 log_util.cc:285] Successfully rebuilt footer for segment: /mnt/tserver/yb-data/tserver/wals/table-929f7d28b7a2483c9b6c4652af3f6131/tablet-22d66049cb9c4419a35469ea8c2c36bc/wal-000000006 (valid entries through byte offset 195)
W0311 03:21:02.371555    30 log_reader.cc:192] T 974d5dc4624a4cc8ba8333f193777a6e P 096da8680d274dba91b50831a23bfd58: Log segment /mnt/tserver/yb-data/tserver/wals/table-929f7d28b7a2483c9b6c4652af3f6131/tablet-974d5dc4624a4cc8ba8333f193777a6e/wal-000000007 was likely left in-progress after a previous crash. Will try to rebuild footer by scanning data.
I0311 03:21:02.373312    27 log_util.cc:773] Scanning /mnt/tserver/yb-data/tserver/wals/table-929f7d28b7a2483c9b6c4652af3f6131/tablet-5c82d2d282b24c23a5a85eaa9b3797e3/wal-000000006 for valid entry headers following offset 195...
I0311 03:21:02.375411    30 log_util.cc:773] Scanning /mnt/tserver/yb-data/tserver/wals/table-929f7d28b7a2483c9b6c4652af3f6131/tablet-974d5dc4624a4cc8ba8333f193777a6e/wal-000000007 for valid entry headers following offset 195...
I0311 03:21:02.375661    28 log_util.cc:817] Found no log entry headers
I0311 03:21:02.376852    28 log_util.cc:666] Ignoring partially flushed segment in write ahead log /mnt/tserver/yb-data/tserver/wals/table-929f7d28b7a2483c9b6c4652af3f6131/tablet-3a76ab24970d40ef859dfa774b11abe1/wal-000000006 because there are no log entries following this one. The server probably crashed in the middle of writing an entry to the write-ahead log or downloaded an active log via remote bootstrap. Error detail: Corruption (yb/consensus/log_util.cc:889): Invalid checksum in log entry head header: found=0, computed=2351477386: Failed trying to read batch #3 at offset 195 for log segment /mnt/tserver/yb-data/tserver/wals/table-929f7d28b7a2483c9b6c4652af3f6131/tablet-3a76ab24970d40ef859dfa774b11abe1/wal-000000006: Prior batch offsets: 107 167 195; Last log entries read: [REPLICATE (6.6)]
I0311 03:21:02.381573    28 log_util.cc:285] Successfully rebuilt footer for segment: /mnt/tserver/yb-data/tserver/wals/table-929f7d28b7a2483c9b6c4652af3f6131/tablet-3a76ab24970d40ef859dfa774b11abe1/wal-000000006 (valid entries through byte offset 195)
W0311 03:21:02.382704    29 log_util.cc:240] Could not read footer for segment: /mnt/tserver/yb-data/tserver/wals/table-929f7d28b7a2483c9b6c4652af3f6131/tablet-22d66049cb9c4419a35469ea8c2c36bc/wal-000000007: Not found (yb/consensus/log_util.cc:554): Footer not found. Footer magic doesn't match
W0311 03:21:02.395977    29 log_reader.cc:192] T 22d66049cb9c4419a35469ea8c2c36bc P 096da8680d274dba91b50831a23bfd58: Log segment /mnt/tserver/yb-data/tserver/wals/table-929f7d28b7a2483c9b6c4652af3f6131/tablet-22d66049cb9c4419a35469ea8c2c36bc/wal-000000007 was likely left in-progress after a previous crash. Will try to rebuild footer by scanning data.
I0311 03:21:02.399036    27 log_util.cc:817] Found no log entry headers
I0311 03:21:02.399392    30 log_util.cc:817] Found no log entry headers
I0311 03:21:02.400457    29 log_util.cc:773] Scanning /mnt/tserver/yb-data/tserver/wals/table-929f7d28b7a2483c9b6c4652af3f6131/tablet-22d66049cb9c4419a35469ea8c2c36bc/wal-000000007 for valid entry headers following offset 195...
W0311 03:21:02.400664    28 log_util.cc:240] Could not read footer for segment: /mnt/tserver/yb-data/tserver/wals/table-929f7d28b7a2483c9b6c4652af3f6131/tablet-3a76ab24970d40ef859dfa774b11abe1/wal-000000007: Not found (yb/consensus/log_util.cc:554): Footer not found. Footer magic doesn't match
I0311 03:21:02.401561    27 log_util.cc:666] Ignoring partially flushed segment in write ahead log /mnt/tserver/yb-data/tserver/wals/table-929f7d28b7a2483c9b6c4652af3f6131/tablet-5c82d2d282b24c23a5a85eaa9b3797e3/wal-000000006 because there are no log entries following this one. The server probably crashed in the middle of writing an entry to the write-ahead log or downloaded an active log via remote bootstrap. Error detail: Corruption (yb/consensus/log_util.cc:889): Invalid checksum in log entry head header: found=0, computed=2351477386: Failed trying to read batch #3 at offset 195 for log segment /mnt/tserver/yb-data/tserver/wals/table-929f7d28b7a2483c9b6c4652af3f6131/tablet-5c82d2d282b24c23a5a85eaa9b3797e3/wal-000000006: Prior batch offsets: 107 167 195; Last log entries read: [REPLICATE (6.6)]
I0311 03:21:02.402555    30 log_util.cc:666] Ignoring partially flushed segment in write ahead log /mnt/tserver/yb-data/tserver/wals/table-929f7d28b7a2483c9b6c4652af3f6131/tablet-974d5dc4624a4cc8ba8333f193777a6e/wal-000000007 because there are no log entries following this one. The server probably crashed in the middle of writing an entry to the write-ahead log or downloaded an active log via remote bootstrap. Error detail: Corruption (yb/consensus/log_util.cc:889): Invalid checksum in log entry head header: found=0, computed=2351477386: Failed trying to read batch #3 at offset 195 for log segment /mnt/tserver/yb-data/tserver/wals/table-929f7d28b7a2483c9b6c4652af3f6131/tablet-974d5dc4624a4cc8ba8333f193777a6e/wal-000000007: Prior batch offsets: 107 167 195; Last log entries read: [REPLICATE (7.7)]
W0311 03:21:02.408304    28 log_reader.cc:192] T 3a76ab24970d40ef859dfa774b11abe1 P 096da8680d274dba91b50831a23bfd58: Log segment /mnt/tserver/yb-data/tserver/wals/table-929f7d28b7a2483c9b6c4652af3f6131/tablet-3a76ab24970d40ef859dfa774b11abe1/wal-000000007 was likely left in-progress after a previous crash. Will try to rebuild footer by scanning data.
I0311 03:21:02.414434    27 log_util.cc:285] Successfully rebuilt footer for segment: /mnt/tserver/yb-data/tserver/wals/table-929f7d28b7a2483c9b6c4652af3f6131/tablet-5c82d2d282b24c23a5a85eaa9b3797e3/wal-000000006 (valid entries through byte offset 195)
I0311 03:21:02.415890    30 log_util.cc:285] Successfully rebuilt footer for segment: /mnt/tserver/yb-data/tserver/wals/table-929f7d28b7a2483c9b6c4652af3f6131/tablet-974d5dc4624a4cc8ba8333f193777a6e/wal-000000007 (valid entries through byte offset 195)
I0311 03:21:02.417973    28 log_util.cc:773] Scanning /mnt/tserver/yb-data/tserver/wals/table-929f7d28b7a2483c9b6c4652af3f6131/tablet-3a76ab24970d40ef859dfa774b11abe1/wal-000000007 for valid entry headers following offset 195...
I0311 03:21:02.420142    29 log_util.cc:817] Found no log entry headers
I0311 03:21:02.423841    29 log_util.cc:666] Ignoring partially flushed segment in write ahead log /mnt/tserver/yb-data/tserver/wals/table-929f7d28b7a2483c9b6c4652af3f6131/tablet-22d66049cb9c4419a35469ea8c2c36bc/wal-000000007 because there are no log entries following this one. The server probably crashed in the middle of writing an entry to the write-ahead log or downloaded an active log via remote bootstrap. Error detail: Corruption (yb/consensus/log_util.cc:889): Invalid checksum in log entry head header: found=0, computed=2351477386: Failed trying to read batch #3 at offset 195 for log segment /mnt/tserver/yb-data/tserver/wals/table-929f7d28b7a2483c9b6c4652af3f6131/tablet-22d66049cb9c4419a35469ea8c2c36bc/wal-000000007: Prior batch offsets: 107 167 195; Last log entries read: [REPLICATE (7.7)]
I0311 03:21:02.428619    29 log_util.cc:285] Successfully rebuilt footer for segment: /mnt/tserver/yb-data/tserver/wals/table-929f7d28b7a2483c9b6c4652af3f6131/tablet-22d66049cb9c4419a35469ea8c2c36bc/wal-000000007 (valid entries through byte offset 195)
W0311 03:21:02.430083    30 log_util.cc:240] Could not read footer for segment: /mnt/tserver/yb-data/tserver/wals/table-929f7d28b7a2483c9b6c4652af3f6131/tablet-974d5dc4624a4cc8ba8333f193777a6e/wal-000000008: Not found (yb/consensus/log_util.cc:554): Footer not found. Footer magic doesn't match
W0311 03:21:02.430974    27 log_util.cc:240] Could not read footer for segment: /mnt/tserver/yb-data/tserver/wals/table-929f7d28b7a2483c9b6c4652af3f6131/tablet-5c82d2d282b24c23a5a85eaa9b3797e3/wal-000000007: Not found (yb/consensus/log_util.cc:554): Footer not found. Footer magic doesn't match
W0311 03:21:02.433276    27 log_reader.cc:192] T 5c82d2d282b24c23a5a85eaa9b3797e3 P 096da8680d274dba91b50831a23bfd58: Log segment /mnt/tserver/yb-data/tserver/wals/table-929f7d28b7a2483c9b6c4652af3f6131/tablet-5c82d2d282b24c23a5a85eaa9b3797e3/wal-000000007 was likely left in-progress after a previous crash. Will try to rebuild footer by scanning data.
I0311 03:21:02.432147    28 log_util.cc:817] Found no log entry headers
W0311 03:21:02.431743    30 log_reader.cc:192] T 974d5dc4624a4cc8ba8333f193777a6e P 096da8680d274dba91b50831a23bfd58: Log segment /mnt/tserver/yb-data/tserver/wals/table-929f7d28b7a2483c9b6c4652af3f6131/tablet-974d5dc4624a4cc8ba8333f193777a6e/wal-000000008 was likely left in-progress after a previous crash. Will try to rebuild footer by scanning data.
I0311 03:21:02.438236    27 log_util.cc:773] Scanning /mnt/tserver/yb-data/tserver/wals/table-929f7d28b7a2483c9b6c4652af3f6131/tablet-5c82d2d282b24c23a5a85eaa9b3797e3/wal-000000007 for valid entry headers following offset 195...
I0311 03:21:02.438596    28 log_util.cc:666] Ignoring partially flushed segment in write ahead log /mnt/tserver/yb-data/tserver/wals/table-929f7d28b7a2483c9b6c4652af3f6131/tablet-3a76ab24970d40ef859dfa774b11abe1/wal-000000007 because there are no log entries following this one. The server probably crashed in the middle of writing an entry to the write-ahead log or downloaded an active log via remote bootstrap. Error detail: Corruption (yb/consensus/log_util.cc:889): Invalid checksum in log entry head header: found=0, computed=2351477386: Failed trying to read batch #3 at offset 195 for log segment /mnt/tserver/yb-data/tserver/wals/table-929f7d28b7a2483c9b6c4652af3f6131/tablet-3a76ab24970d40ef859dfa774b11abe1/wal-000000007: Prior batch offsets: 107 167 195; Last log entries read: [REPLICATE (7.7)]
I0311 03:21:02.441303    28 log_util.cc:285] Successfully rebuilt footer for segment: /mnt/tserver/yb-data/tserver/wals/table-929f7d28b7a2483c9b6c4652af3f6131/tablet-3a76ab24970d40ef859dfa774b11abe1/wal-000000007 (valid entries through byte offset 195)
I0311 03:21:02.439635    30 log_util.cc:773] Scanning /mnt/tserver/yb-data/tserver/wals/table-929f7d28b7a2483c9b6c4652af3f6131/tablet-974d5dc4624a4cc8ba8333f193777a6e/wal-000000008 for valid entry headers following offset 195...
W0311 03:21:02.441308    29 log_util.cc:240] Could not read footer for segment: /mnt/tserver/yb-data/tserver/wals/table-929f7d28b7a2483c9b6c4652af3f6131/tablet-22d66049cb9c4419a35469ea8c2c36bc/wal-000000008: Not found (yb/consensus/log_util.cc:554): Footer not found. Footer magic doesn't match
W0311 03:21:02.443127    29 log_reader.cc:192] T 22d66049cb9c4419a35469ea8c2c36bc P 096da8680d274dba91b50831a23bfd58: Log segment /mnt/tserver/yb-data/tserver/wals/table-929f7d28b7a2483c9b6c4652af3f6131/tablet-22d66049cb9c4419a35469ea8c2c36bc/wal-000000008 was likely left in-progress after a previous crash. Will try to rebuild footer by scanning data.
I0311 03:21:02.457828    29 log_util.cc:773] Scanning /mnt/tserver/yb-data/tserver/wals/table-929f7d28b7a2483c9b6c4652af3f6131/tablet-22d66049cb9c4419a35469ea8c2c36bc/wal-000000008 for valid entry headers following offset 195...
W0311 03:21:02.468398    28 log_util.cc:240] Could not read footer for segment: /mnt/tserver/yb-data/tserver/wals/table-929f7d28b7a2483c9b6c4652af3f6131/tablet-3a76ab24970d40ef859dfa774b11abe1/wal-000000008: Not found (yb/consensus/log_util.cc:554): Footer not found. Footer magic doesn't match
I0311 03:21:02.470778    27 log_util.cc:817] Found no log entry headers
W0311 03:21:02.473615    28 log_reader.cc:192] T 3a76ab24970d40ef859dfa774b11abe1 P 096da8680d274dba91b50831a23bfd58: Log segment /mnt/tserver/yb-data/tserver/wals/table-929f7d28b7a2483c9b6c4652af3f6131/tablet-3a76ab24970d40ef859dfa774b11abe1/wal-000000008 was likely left in-progress after a previous crash. Will try to rebuild footer by scanning data.
I0311 03:21:02.474251    30 log_util.cc:817] Found no log entry headers
I0311 03:21:02.476243    27 log_util.cc:666] Ignoring partially flushed segment in write ahead log /mnt/tserver/yb-data/tserver/wals/table-929f7d28b7a2483c9b6c4652af3f6131/tablet-5c82d2d282b24c23a5a85eaa9b3797e3/wal-000000007 because there are no log entries following this one. The server probably crashed in the middle of writing an entry to the write-ahead log or downloaded an active log via remote bootstrap. Error detail: Corruption (yb/consensus/log_util.cc:889): Invalid checksum in log entry head header: found=0, computed=2351477386: Failed trying to read batch #3 at offset 195 for log segment /mnt/tserver/yb-data/tserver/wals/table-929f7d28b7a2483c9b6c4652af3f6131/tablet-5c82d2d282b24c23a5a85eaa9b3797e3/wal-000000007: Prior batch offsets: 107 167 195; Last log entries read: [REPLICATE (7.7)]
I0311 03:21:02.480494    27 log_util.cc:285] Successfully rebuilt footer for segment: /mnt/tserver/yb-data/tserver/wals/table-929f7d28b7a2483c9b6c4652af3f6131/tablet-5c82d2d282b24c23a5a85eaa9b3797e3/wal-000000007 (valid entries through byte offset 195)
I0311 03:21:02.479552    30 log_util.cc:666] Ignoring partially flushed segment in write ahead log /mnt/tserver/yb-data/tserver/wals/table-929f7d28b7a2483c9b6c4652af3f6131/tablet-974d5dc4624a4cc8ba8333f193777a6e/wal-000000008 because there are no log entries following this one. The server probably crashed in the middle of writing an entry to the write-ahead log or downloaded an active log via remote bootstrap. Error detail: Corruption (yb/consensus/log_util.cc:889): Invalid checksum in log entry head header: found=0, computed=2351477386: Failed trying to read batch #3 at offset 195 for log segment /mnt/tserver/yb-data/tserver/wals/table-929f7d28b7a2483c9b6c4652af3f6131/tablet-974d5dc4624a4cc8ba8333f193777a6e/wal-000000008: Prior batch offsets: 107 167 195; Last log entries read: [REPLICATE (8.8)]
I0311 03:21:02.481592    30 log_util.cc:285] Successfully rebuilt footer for segment: /mnt/tserver/yb-data/tserver/wals/table-929f7d28b7a2483c9b6c4652af3f6131/tablet-974d5dc4624a4cc8ba8333f193777a6e/wal-000000008 (valid entries through byte offset 195)
I0311 03:21:02.481170    29 log_util.cc:817] Found no log entry headers
I0311 03:21:02.478895    28 log_util.cc:773] Scanning /mnt/tserver/yb-data/tserver/wals/table-929f7d28b7a2483c9b6c4652af3f6131/tablet-3a76ab24970d40ef859dfa774b11abe1/wal-000000008 for valid entry headers following offset 195...
I0311 03:21:02.482071    30 log.cc:661] T 974d5dc4624a4cc8ba8333f193777a6e P 096da8680d274dba91b50831a23bfd58: Opened existing logs. Last segment is /mnt/tserver/yb-data/tserver/wals/table-929f7d28b7a2483c9b6c4652af3f6131/tablet-974d5dc4624a4cc8ba8333f193777a6e/wal-000000008
I0311 03:21:02.482453    29 log_util.cc:666] Ignoring partially flushed segment in write ahead log /mnt/tserver/yb-data/tserver/wals/table-929f7d28b7a2483c9b6c4652af3f6131/tablet-22d66049cb9c4419a35469ea8c2c36bc/wal-000000008 because there are no log entries following this one. The server probably crashed in the middle of writing an entry to the write-ahead log or downloaded an active log via remote bootstrap. Error detail: Corruption (yb/consensus/log_util.cc:889): Invalid checksum in log entry head header: found=0, computed=2351477386: Failed trying to read batch #3 at offset 195 for log segment /mnt/tserver/yb-data/tserver/wals/table-929f7d28b7a2483c9b6c4652af3f6131/tablet-22d66049cb9c4419a35469ea8c2c36bc/wal-000000008: Prior batch offsets: 107 167 195; Last log entries read: [REPLICATE (8.8)]
I0311 03:21:02.483340    30 tablet_bootstrap.cc:386] T 974d5dc4624a4cc8ba8333f193777a6e P 096da8680d274dba91b50831a23bfd58: Bootstrap optimizer (skip_flushed_entries): op_id_replay_lowest=-1.-1 (regular_op_id=-1.-1, intents_op_id=-1.-1, has_intents_db=0)
I0311 03:21:02.499419    29 log_util.cc:285] Successfully rebuilt footer for segment: /mnt/tserver/yb-data/tserver/wals/table-929f7d28b7a2483c9b6c4652af3f6131/tablet-22d66049cb9c4419a35469ea8c2c36bc/wal-000000008 (valid entries through byte offset 195)
W0311 03:21:02.500025    27 log_util.cc:240] Could not read footer for segment: /mnt/tserver/yb-data/tserver/wals/table-929f7d28b7a2483c9b6c4652af3f6131/tablet-5c82d2d282b24c23a5a85eaa9b3797e3/wal-000000008: Not found (yb/consensus/log_util.cc:554): Footer not found. Footer magic doesn't match
I0311 03:21:02.501046    30 tablet_bootstrap.cc:1237] T 974d5dc4624a4cc8ba8333f193777a6e P 096da8680d274dba91b50831a23bfd58: Segment /mnt/tserver/yb-data/tserver/wals/table-929f7d28b7a2483c9b6c4652af3f6131/tablet-974d5dc4624a4cc8ba8333f193777a6e/wal-000000008 cannot be used as the first segment to start replay with according to our OpId and retention criteria. Continuing to earlier segments.op_id=8.8, op_id_replay_lowest=-1.-1, first_op_time=3978764937.048s, min_seconds_to_retain_logs=660.000s, replay_from_this_or_earlier_time_was_initialized=0, *replay_from_this_or_earlier_time=3978764277.048s, is_first_op_id_low_enough=0, is_first_op_time_early_enough=0
I0311 03:21:02.512223    29 log.cc:661] T 22d66049cb9c4419a35469ea8c2c36bc P 096da8680d274dba91b50831a23bfd58: Opened existing logs. Last segment is /mnt/tserver/yb-data/tserver/wals/table-929f7d28b7a2483c9b6c4652af3f6131/tablet-22d66049cb9c4419a35469ea8c2c36bc/wal-000000008
I0311 03:21:02.515375    29 tablet_bootstrap.cc:386] T 22d66049cb9c4419a35469ea8c2c36bc P 096da8680d274dba91b50831a23bfd58: Bootstrap optimizer (skip_flushed_entries): op_id_replay_lowest=-1.-1 (regular_op_id=-1.-1, intents_op_id=-1.-1, has_intents_db=0)
I0311 03:21:02.514714    30 tablet_bootstrap.cc:1237] T 974d5dc4624a4cc8ba8333f193777a6e P 096da8680d274dba91b50831a23bfd58: Segment /mnt/tserver/yb-data/tserver/wals/table-929f7d28b7a2483c9b6c4652af3f6131/tablet-974d5dc4624a4cc8ba8333f193777a6e/wal-000000007 cannot be used as the first segment to start replay with according to our OpId and retention criteria. Continuing to earlier segments.op_id=7.7, op_id_replay_lowest=-1.-1, first_op_time=3978764933.334s, min_seconds_to_retain_logs=660.000s, replay_from_this_or_earlier_time_was_initialized=1, *replay_from_this_or_earlier_time=3978764277.048s, is_first_op_id_low_enough=0, is_first_op_time_early_enough=0
W0311 03:21:02.514173    27 log_reader.cc:192] T 5c82d2d282b24c23a5a85eaa9b3797e3 P 096da8680d274dba91b50831a23bfd58: Log segment /mnt/tserver/yb-data/tserver/wals/table-929f7d28b7a2483c9b6c4652af3f6131/tablet-5c82d2d282b24c23a5a85eaa9b3797e3/wal-000000008 was likely left in-progress after a previous crash. Will try to rebuild footer by scanning data.
I0311 03:21:02.515525    28 log_util.cc:817] Found no log entry headers
I0311 03:21:02.515818    29 tablet_bootstrap.cc:1237] T 22d66049cb9c4419a35469ea8c2c36bc P 096da8680d274dba91b50831a23bfd58: Segment /mnt/tserver/yb-data/tserver/wals/table-929f7d28b7a2483c9b6c4652af3f6131/tablet-22d66049cb9c4419a35469ea8c2c36bc/wal-000000008 cannot be used as the first segment to start replay with according to our OpId and retention criteria. Continuing to earlier segments.op_id=8.8, op_id_replay_lowest=-1.-1, first_op_time=7147944471.688s, min_seconds_to_retain_logs=660.000s, replay_from_this_or_earlier_time_was_initialized=0, *replay_from_this_or_earlier_time=7147943811.688s, is_first_op_id_low_enough=0, is_first_op_time_early_enough=0
I0311 03:21:02.520485    29 tablet_bootstrap.cc:1237] T 22d66049cb9c4419a35469ea8c2c36bc P 096da8680d274dba91b50831a23bfd58: Segment /mnt/tserver/yb-data/tserver/wals/table-929f7d28b7a2483c9b6c4652af3f6131/tablet-22d66049cb9c4419a35469ea8c2c36bc/wal-000000007 cannot be used as the first segment to start replay with according to our OpId and retention criteria. Continuing to earlier segments.op_id=7.7, op_id_replay_lowest=-1.-1, first_op_time=7147944468.926s, min_seconds_to_retain_logs=660.000s, replay_from_this_or_earlier_time_was_initialized=1, *replay_from_this_or_earlier_time=7147943811.688s, is_first_op_id_low_enough=0, is_first_op_time_early_enough=0
I0311 03:21:02.517582    27 log_util.cc:773] Scanning /mnt/tserver/yb-data/tserver/wals/table-929f7d28b7a2483c9b6c4652af3f6131/tablet-5c82d2d282b24c23a5a85eaa9b3797e3/wal-000000008 for valid entry headers following offset 195...
I0311 03:21:02.518188    28 log_util.cc:666] Ignoring partially flushed segment in write ahead log /mnt/tserver/yb-data/tserver/wals/table-929f7d28b7a2483c9b6c4652af3f6131/tablet-3a76ab24970d40ef859dfa774b11abe1/wal-000000008 because there are no log entries following this one. The server probably crashed in the middle of writing an entry to the write-ahead log or downloaded an active log via remote bootstrap. Error detail: Corruption (yb/consensus/log_util.cc:889): Invalid checksum in log entry head header: found=0, computed=2351477386: Failed trying to read batch #3 at offset 195 for log segment /mnt/tserver/yb-data/tserver/wals/table-929f7d28b7a2483c9b6c4652af3f6131/tablet-3a76ab24970d40ef859dfa774b11abe1/wal-000000008: Prior batch offsets: 107 167 195; Last log entries read: [REPLICATE (8.8)]
