I0311 02:48:30.658823    27 tablet_bootstrap_if.cc:96] T ef19613afa234c5d943034489b070927 P 096da8680d274dba91b50831a23bfd58: Bootstrap replayed 1/2 log segments. Read operations: 1, overwritten operations: 0. Pending: 1 replicates. Last read committed op id: 1.1, last entry metadata: { entry_time: 3976846265.875s offset: 107 active_segment_sequence_number: 1 }, last read entry op id: 1.1
I0311 02:48:30.659662     8 tablet_server_main.cc:276] Starting PostgreSQL server listening on yb-tserver-n1, port 5433
I0311 02:48:30.660784    29 tablet_bootstrap_if.cc:96] T df17b40b75664e0aaa44ec6687a7a233 P 096da8680d274dba91b50831a23bfd58: Bootstrap replayed 2/2 log segments. Read operations: 2, overwritten operations: 0. Pending: 1 replicates. Last read committed op id: 2.2, last entry metadata: { entry_time: 3990591259.834s offset: 107 active_segment_sequence_number: 2 }, last read entry op id: 2.2
I0311 02:48:30.661394    30 tablet_bootstrap_if.cc:96] T c47912c0b2714f58b34c56d0e2dc9025 P 096da8680d274dba91b50831a23bfd58: Bootstrap replayed 2/2 log segments. Read operations: 2, overwritten operations: 0. Pending: 1 replicates. Last read committed op id: 2.2, last entry metadata: { entry_time: 7161964518.323s offset: 107 active_segment_sequence_number: 2 }, last read entry op id: 2.2
I0311 02:48:30.661800    28 tablet_bootstrap_if.cc:96] T e778eac89ca24f2993340a6d09c687f8 P 096da8680d274dba91b50831a23bfd58: Bootstrap replayed 2/2 log segments. Read operations: 2, overwritten operations: 0. Pending: 1 replicates. Last read committed op id: 2.2, last entry metadata: { entry_time: 3919098781.491s offset: 107 active_segment_sequence_number: 2 }, last read entry op id: 2.2
I0311 02:48:30.662281    27 tablet_bootstrap_if.cc:96] T ef19613afa234c5d943034489b070927 P 096da8680d274dba91b50831a23bfd58: Bootstrap replayed 2/2 log segments. Read operations: 2, overwritten operations: 0. Pending: 1 replicates. Last read committed op id: 2.2, last entry metadata: { entry_time: 3976846269.409s offset: 107 active_segment_sequence_number: 2 }, last read entry op id: 2.2
I0311 02:48:30.664371    28 tablet_bootstrap.cc:1405] T e778eac89ca24f2993340a6d09c687f8 P 096da8680d274dba91b50831a23bfd58: Dumping replay state to log at the end of PlaySegments
I0311 02:48:30.664343    30 tablet_bootstrap.cc:1405] T c47912c0b2714f58b34c56d0e2dc9025 P 096da8680d274dba91b50831a23bfd58: Dumping replay state to log at the end of PlaySegments
I0311 02:48:30.664539    29 tablet_bootstrap.cc:1405] T df17b40b75664e0aaa44ec6687a7a233 P 096da8680d274dba91b50831a23bfd58: Dumping replay state to log at the end of PlaySegments
I0311 02:48:30.666122    30 tablet_bootstrap.cc:1101] T c47912c0b2714f58b34c56d0e2dc9025 P 096da8680d274dba91b50831a23bfd58: ReplayState: Previous OpId: 2.2, Committed OpId: 2.2, Pending Replicates: 0, Flushed Regular: -1.-1, Flushed Intents: -1.-1
I0311 02:48:30.666558    30 tablet_bootstrap.cc:1101] T c47912c0b2714f58b34c56d0e2dc9025 P 096da8680d274dba91b50831a23bfd58: Log entries applied to RocksDB: 2
I0311 02:48:30.664410    27 tablet_bootstrap.cc:1405] T ef19613afa234c5d943034489b070927 P 096da8680d274dba91b50831a23bfd58: Dumping replay state to log at the end of PlaySegments
I0311 02:48:30.666999    30 tablet_bootstrap.cc:1416] T c47912c0b2714f58b34c56d0e2dc9025 P 096da8680d274dba91b50831a23bfd58: Number of orphaned replicates: 0, last id: 2.2, committed id: 2.2
I0311 02:48:30.667033    28 tablet_bootstrap.cc:1101] T e778eac89ca24f2993340a6d09c687f8 P 096da8680d274dba91b50831a23bfd58: ReplayState: Previous OpId: 2.2, Committed OpId: 2.2, Pending Replicates: 0, Flushed Regular: -1.-1, Flushed Intents: -1.-1
I0311 02:48:30.666931    29 tablet_bootstrap.cc:1101] T df17b40b75664e0aaa44ec6687a7a233 P 096da8680d274dba91b50831a23bfd58: ReplayState: Previous OpId: 2.2, Committed OpId: 2.2, Pending Replicates: 0, Flushed Regular: -1.-1, Flushed Intents: -1.-1
I0311 02:48:30.668345    29 tablet_bootstrap.cc:1101] T df17b40b75664e0aaa44ec6687a7a233 P 096da8680d274dba91b50831a23bfd58: Log entries applied to RocksDB: 2
I0311 02:48:30.668650    29 tablet_bootstrap.cc:1416] T df17b40b75664e0aaa44ec6687a7a233 P 096da8680d274dba91b50831a23bfd58: Number of orphaned replicates: 0, last id: 2.2, committed id: 2.2
I0311 02:48:30.667166    27 tablet_bootstrap.cc:1101] T ef19613afa234c5d943034489b070927 P 096da8680d274dba91b50831a23bfd58: ReplayState: Previous OpId: 2.2, Committed OpId: 2.2, Pending Replicates: 0, Flushed Regular: -1.-1, Flushed Intents: -1.-1
I0311 02:48:30.669278    27 tablet_bootstrap.cc:1101] T ef19613afa234c5d943034489b070927 P 096da8680d274dba91b50831a23bfd58: Log entries applied to RocksDB: 2
I0311 02:48:30.669589    27 tablet_bootstrap.cc:1416] T ef19613afa234c5d943034489b070927 P 096da8680d274dba91b50831a23bfd58: Number of orphaned replicates: 0, last id: 2.2, committed id: 2.2
I0311 02:48:30.668057    28 tablet_bootstrap.cc:1101] T e778eac89ca24f2993340a6d09c687f8 P 096da8680d274dba91b50831a23bfd58: Log entries applied to RocksDB: 2
I0311 02:48:30.670122    28 tablet_bootstrap.cc:1416] T e778eac89ca24f2993340a6d09c687f8 P 096da8680d274dba91b50831a23bfd58: Number of orphaned replicates: 0, last id: 2.2, committed id: 2.2
W0311 02:48:30.681721     8 pg_wrapper.cc:753] Killing older postgres process: 54
I0311 02:48:30.686605     8 pg_wrapper.cc:723] Starting PostgreSQL server
I0311 02:48:30.692867    27 tablet_bootstrap_if.cc:96] T ef19613afa234c5d943034489b070927 P 096da8680d274dba91b50831a23bfd58: Bootstrap complete.
I0311 02:48:30.694236    30 tablet_bootstrap_if.cc:96] T c47912c0b2714f58b34c56d0e2dc9025 P 096da8680d274dba91b50831a23bfd58: Bootstrap complete.
I0311 02:48:30.695638    28 tablet_bootstrap_if.cc:96] T e778eac89ca24f2993340a6d09c687f8 P 096da8680d274dba91b50831a23bfd58: Bootstrap complete.
I0311 02:48:30.696064    29 tablet_bootstrap_if.cc:96] T df17b40b75664e0aaa44ec6687a7a233 P 096da8680d274dba91b50831a23bfd58: Bootstrap complete.
I0311 02:48:30.698187    41 heartbeater.cc:338] P 096da8680d274dba91b50831a23bfd58: Connected to a leader master server at yb-master-n1:7100
I0311 02:48:30.701499    41 heartbeater.cc:387] P 096da8680d274dba91b50831a23bfd58: Registering TS with master...
I0311 02:48:30.702996    41 server_base.cc:541] Using private rpc address yb-tserver-n1
I0311 02:48:30.704427    41 server_base.cc:563] Using http address yb-tserver-n1
I0311 02:48:30.710983    29 log.cc:1278] T df17b40b75664e0aaa44ec6687a7a233 P 096da8680d274dba91b50831a23bfd58: Setting log wal retention time to 0 seconds
I0311 02:48:30.710996    30 log.cc:1278] T c47912c0b2714f58b34c56d0e2dc9025 P 096da8680d274dba91b50831a23bfd58: Setting log wal retention time to 0 seconds
I0311 02:48:30.712782    28 log.cc:1278] T e778eac89ca24f2993340a6d09c687f8 P 096da8680d274dba91b50831a23bfd58: Setting log wal retention time to 0 seconds
I0311 02:48:30.712782    27 log.cc:1278] T ef19613afa234c5d943034489b070927 P 096da8680d274dba91b50831a23bfd58: Setting log wal retention time to 0 seconds
I0311 02:48:30.718771    29 ts_tablet_manager.cc:1506] T df17b40b75664e0aaa44ec6687a7a233 P 096da8680d274dba91b50831a23bfd58: Time spent bootstrapping tablet: real 0.270s	user 0.027s	sys 0.020s
I0311 02:48:30.718926    30 ts_tablet_manager.cc:1506] T c47912c0b2714f58b34c56d0e2dc9025 P 096da8680d274dba91b50831a23bfd58: Time spent bootstrapping tablet: real 0.270s	user 0.023s	sys 0.023s
I0311 02:48:30.719164    28 ts_tablet_manager.cc:1506] T e778eac89ca24f2993340a6d09c687f8 P 096da8680d274dba91b50831a23bfd58: Time spent bootstrapping tablet: real 0.271s	user 0.019s	sys 0.018s
I0311 02:48:30.719794    27 ts_tablet_manager.cc:1506] T ef19613afa234c5d943034489b070927 P 096da8680d274dba91b50831a23bfd58: Time spent bootstrapping tablet: real 0.271s	user 0.014s	sys 0.023s
W0311 02:48:30.745501    41 heartbeater.cc:658] P 096da8680d274dba91b50831a23bfd58: Failed to heartbeat to yb-master-n1:7100: Service unavailable (yb/tserver/heartbeater.cc:479): Master is no longer the leader: code: NOT_THE_LEADER status { code: SERVICE_UNAVAILABLE message: "Catalog manager is not initialized. State: 1" source_file: "../../src/yb/master/scoped_leader_shared_lock.cc" source_line: 91 errors: "\000" } tries=0, num=1, masters=0x00000040152207c8 -> [[yb-master-n1:7100]], code=Service unavailable
I0311 02:48:30.751078    30 tablet_peer.cc:1033] T c47912c0b2714f58b34c56d0e2dc9025 P 096da8680d274dba91b50831a23bfd58 [state=BOOTSTRAPPING]: Setting cdc min replicated index to 9223372036854775807
I0311 02:48:30.751331    27 tablet_peer.cc:1033] T ef19613afa234c5d943034489b070927 P 096da8680d274dba91b50831a23bfd58 [state=BOOTSTRAPPING]: Setting cdc min replicated index to 9223372036854775807
I0311 02:48:30.751278    28 tablet_peer.cc:1033] T e778eac89ca24f2993340a6d09c687f8 P 096da8680d274dba91b50831a23bfd58 [state=BOOTSTRAPPING]: Setting cdc min replicated index to 9223372036854775807
I0311 02:48:30.751852    29 tablet_peer.cc:1033] T df17b40b75664e0aaa44ec6687a7a233 P 096da8680d274dba91b50831a23bfd58 [state=BOOTSTRAPPING]: Setting cdc min replicated index to 9223372036854775807
I0311 02:48:30.754251    41 heartbeater.cc:338] P 096da8680d274dba91b50831a23bfd58: Connected to a leader master server at yb-master-n1:7100
I0311 02:48:30.754864    41 heartbeater.cc:387] P 096da8680d274dba91b50831a23bfd58: Registering TS with master...
I0311 02:48:30.755231    41 server_base.cc:541] Using private rpc address yb-tserver-n1
I0311 02:48:30.755774    41 server_base.cc:563] Using http address yb-tserver-n1
W0311 02:48:30.759446    41 heartbeater.cc:658] P 096da8680d274dba91b50831a23bfd58: Failed to heartbeat to yb-master-n1:7100: Service unavailable (yb/tserver/heartbeater.cc:479): Master is no longer the leader: code: NOT_THE_LEADER status { code: SERVICE_UNAVAILABLE message: "Catalog manager is not initialized. State: 1" source_file: "../../src/yb/master/scoped_leader_shared_lock.cc" source_line: 91 errors: "\000" } tries=1, num=1, masters=0x00000040152207c8 -> [[yb-master-n1:7100]], code=Service unavailable
I0311 02:48:30.762581    41 heartbeater.cc:338] P 096da8680d274dba91b50831a23bfd58: Connected to a leader master server at yb-master-n1:7100
I0311 02:48:30.762893    41 heartbeater.cc:387] P 096da8680d274dba91b50831a23bfd58: Registering TS with master...
I0311 02:48:30.763365    41 server_base.cc:541] Using private rpc address yb-tserver-n1
I0311 02:48:30.763672    41 server_base.cc:563] Using http address yb-tserver-n1
W0311 02:48:30.767540    41 heartbeater.cc:658] P 096da8680d274dba91b50831a23bfd58: Failed to heartbeat to yb-master-n1:7100: Service unavailable (yb/tserver/heartbeater.cc:479): Master is no longer the leader: code: NOT_THE_LEADER status { code: SERVICE_UNAVAILABLE message: "Catalog manager is not initialized. State: 1" source_file: "../../src/yb/master/scoped_leader_shared_lock.cc" source_line: 91 errors: "\000" } tries=2, num=1, masters=0x00000040152207c8 -> [[yb-master-n1:7100]], code=Service unavailable
W0311 02:48:30.768484    41 heartbeater.cc:361] P 096da8680d274dba91b50831a23bfd58: Failed 3 heartbeats in a row: no longer allowing fast heartbeat attempts.
I0311 02:48:30.768796    29 consensus_meta.cc:317] T df17b40b75664e0aaa44ec6687a7a233 P 096da8680d274dba91b50831a23bfd58: Updating active role from FOLLOWER to FOLLOWER. Consensus state: current_term: 2 leader_uuid: "" config { opid_index: -1 peers { permanent_uuid: "096da8680d274dba91b50831a23bfd58" member_type: VOTER last_known_private_addr { host: "yb-tserver-n1" port: 9100 } cloud_info { placement_cloud: "cloud1" placement_region: "datacenter1" placement_zone: "rack1" } } }, has_pending_config = 0
I0311 02:48:30.769155    30 consensus_meta.cc:317] T c47912c0b2714f58b34c56d0e2dc9025 P 096da8680d274dba91b50831a23bfd58: Updating active role from FOLLOWER to FOLLOWER. Consensus state: current_term: 2 leader_uuid: "" config { opid_index: -1 peers { permanent_uuid: "096da8680d274dba91b50831a23bfd58" member_type: VOTER last_known_private_addr { host: "yb-tserver-n1" port: 9100 } cloud_info { placement_cloud: "cloud1" placement_region: "datacenter1" placement_zone: "rack1" } } }, has_pending_config = 0
I0311 02:48:30.769626    28 consensus_meta.cc:317] T e778eac89ca24f2993340a6d09c687f8 P 096da8680d274dba91b50831a23bfd58: Updating active role from FOLLOWER to FOLLOWER. Consensus state: current_term: 2 leader_uuid: "" config { opid_index: -1 peers { permanent_uuid: "096da8680d274dba91b50831a23bfd58" member_type: VOTER last_known_private_addr { host: "yb-tserver-n1" port: 9100 } cloud_info { placement_cloud: "cloud1" placement_region: "datacenter1" placement_zone: "rack1" } } }, has_pending_config = 0
I0311 02:48:30.771018    27 consensus_meta.cc:317] T ef19613afa234c5d943034489b070927 P 096da8680d274dba91b50831a23bfd58: Updating active role from FOLLOWER to FOLLOWER. Consensus state: current_term: 2 leader_uuid: "" config { opid_index: -1 peers { permanent_uuid: "096da8680d274dba91b50831a23bfd58" member_type: VOTER last_known_private_addr { host: "yb-tserver-n1" port: 9100 } cloud_info { placement_cloud: "cloud1" placement_region: "datacenter1" placement_zone: "rack1" } } }, has_pending_config = 0
I0311 02:48:30.771387    41 heartbeater.cc:338] P 096da8680d274dba91b50831a23bfd58: Connected to a leader master server at yb-master-n1:7100
I0311 02:48:30.771200    29 raft_consensus.cc:480] T df17b40b75664e0aaa44ec6687a7a233 P 096da8680d274dba91b50831a23bfd58 [term 2 FOLLOWER]: Replica starting. Triggering 0 pending operations. Active config: opid_index: -1 peers { permanent_uuid: "096da8680d274dba91b50831a23bfd58" member_type: VOTER last_known_private_addr { host: "yb-tserver-n1" port: 9100 } cloud_info { placement_cloud: "cloud1" placement_region: "datacenter1" placement_zone: "rack1" } }
I0311 02:48:30.775120    30 raft_consensus.cc:480] T c47912c0b2714f58b34c56d0e2dc9025 P 096da8680d274dba91b50831a23bfd58 [term 2 FOLLOWER]: Replica starting. Triggering 0 pending operations. Active config: opid_index: -1 peers { permanent_uuid: "096da8680d274dba91b50831a23bfd58" member_type: VOTER last_known_private_addr { host: "yb-tserver-n1" port: 9100 } cloud_info { placement_cloud: "cloud1" placement_region: "datacenter1" placement_zone: "rack1" } }
I0311 02:48:30.775416    28 raft_consensus.cc:480] T e778eac89ca24f2993340a6d09c687f8 P 096da8680d274dba91b50831a23bfd58 [term 2 FOLLOWER]: Replica starting. Triggering 0 pending operations. Active config: opid_index: -1 peers { permanent_uuid: "096da8680d274dba91b50831a23bfd58" member_type: VOTER last_known_private_addr { host: "yb-tserver-n1" port: 9100 } cloud_info { placement_cloud: "cloud1" placement_region: "datacenter1" placement_zone: "rack1" } }
I0311 02:48:30.775789    27 raft_consensus.cc:480] T ef19613afa234c5d943034489b070927 P 096da8680d274dba91b50831a23bfd58 [term 2 FOLLOWER]: Replica starting. Triggering 0 pending operations. Active config: opid_index: -1 peers { permanent_uuid: "096da8680d274dba91b50831a23bfd58" member_type: VOTER last_known_private_addr { host: "yb-tserver-n1" port: 9100 } cloud_info { placement_cloud: "cloud1" placement_region: "datacenter1" placement_zone: "rack1" } }
I0311 02:48:30.776186    41 heartbeater.cc:387] P 096da8680d274dba91b50831a23bfd58: Registering TS with master...
I0311 02:48:30.777982    41 server_base.cc:541] Using private rpc address yb-tserver-n1
I0311 02:48:30.778393    41 server_base.cc:563] Using http address yb-tserver-n1
I0311 02:48:30.777765    27 raft_consensus.cc:1115] T ef19613afa234c5d943034489b070927 P 096da8680d274dba91b50831a23bfd58 [term 2 FOLLOWER]: Becoming Follower/Learner. State: Replica: 096da8680d274dba91b50831a23bfd58, State: 1, Role: FOLLOWER, Watermarks: {Received: 2.2 Committed: 2.2} Leader: 0.0, new leader: , initial_fd_wait: <uninitialized>
I0311 02:48:30.777932    30 raft_consensus.cc:1115] T c47912c0b2714f58b34c56d0e2dc9025 P 096da8680d274dba91b50831a23bfd58 [term 2 FOLLOWER]: Becoming Follower/Learner. State: Replica: 096da8680d274dba91b50831a23bfd58, State: 1, Role: FOLLOWER, Watermarks: {Received: 2.2 Committed: 2.2} Leader: 0.0, new leader: , initial_fd_wait: <uninitialized>
I0311 02:48:30.777443    29 raft_consensus.cc:1115] T df17b40b75664e0aaa44ec6687a7a233 P 096da8680d274dba91b50831a23bfd58 [term 2 FOLLOWER]: Becoming Follower/Learner. State: Replica: 096da8680d274dba91b50831a23bfd58, State: 1, Role: FOLLOWER, Watermarks: {Received: 2.2 Committed: 2.2} Leader: 0.0, new leader: , initial_fd_wait: <uninitialized>
I0311 02:48:30.777935    28 raft_consensus.cc:1115] T e778eac89ca24f2993340a6d09c687f8 P 096da8680d274dba91b50831a23bfd58 [term 2 FOLLOWER]: Becoming Follower/Learner. State: Replica: 096da8680d274dba91b50831a23bfd58, State: 1, Role: FOLLOWER, Watermarks: {Received: 2.2 Committed: 2.2} Leader: 0.0, new leader: , initial_fd_wait: <uninitialized>
I0311 02:48:30.780716    28 consensus_meta.cc:317] T e778eac89ca24f2993340a6d09c687f8 P 096da8680d274dba91b50831a23bfd58: Updating active role from FOLLOWER to FOLLOWER. Consensus state: current_term: 2 leader_uuid: "" config { opid_index: -1 peers { permanent_uuid: "096da8680d274dba91b50831a23bfd58" member_type: VOTER last_known_private_addr { host: "yb-tserver-n1" port: 9100 } cloud_info { placement_cloud: "cloud1" placement_region: "datacenter1" placement_zone: "rack1" } } }, has_pending_config = 0
I0311 02:48:30.780036    30 consensus_meta.cc:317] T c47912c0b2714f58b34c56d0e2dc9025 P 096da8680d274dba91b50831a23bfd58: Updating active role from FOLLOWER to FOLLOWER. Consensus state: current_term: 2 leader_uuid: "" config { opid_index: -1 peers { permanent_uuid: "096da8680d274dba91b50831a23bfd58" member_type: VOTER last_known_private_addr { host: "yb-tserver-n1" port: 9100 } cloud_info { placement_cloud: "cloud1" placement_region: "datacenter1" placement_zone: "rack1" } } }, has_pending_config = 0
I0311 02:48:30.780437    29 consensus_meta.cc:317] T df17b40b75664e0aaa44ec6687a7a233 P 096da8680d274dba91b50831a23bfd58: Updating active role from FOLLOWER to FOLLOWER. Consensus state: current_term: 2 leader_uuid: "" config { opid_index: -1 peers { permanent_uuid: "096da8680d274dba91b50831a23bfd58" member_type: VOTER last_known_private_addr { host: "yb-tserver-n1" port: 9100 } cloud_info { placement_cloud: "cloud1" placement_region: "datacenter1" placement_zone: "rack1" } } }, has_pending_config = 0
I0311 02:48:30.779170    27 consensus_meta.cc:317] T ef19613afa234c5d943034489b070927 P 096da8680d274dba91b50831a23bfd58: Updating active role from FOLLOWER to FOLLOWER. Consensus state: current_term: 2 leader_uuid: "" config { opid_index: -1 peers { permanent_uuid: "096da8680d274dba91b50831a23bfd58" member_type: VOTER last_known_private_addr { host: "yb-tserver-n1" port: 9100 } cloud_info { placement_cloud: "cloud1" placement_region: "datacenter1" placement_zone: "rack1" } } }, has_pending_config = 0
W0311 02:48:30.780768    41 heartbeater.cc:658] P 096da8680d274dba91b50831a23bfd58: Failed to heartbeat to yb-master-n1:7100: Service unavailable (yb/tserver/heartbeater.cc:479): Master is no longer the leader: code: NOT_THE_LEADER status { code: SERVICE_UNAVAILABLE message: "Catalog manager is not initialized. State: 1" source_file: "../../src/yb/master/scoped_leader_shared_lock.cc" source_line: 91 errors: "\000" } tries=3, num=1, masters=0x00000040152207c8 -> [[yb-master-n1:7100]], code=Service unavailable
I0311 02:48:30.781700    30 consensus_queue.cc:289] T c47912c0b2714f58b34c56d0e2dc9025 P 096da8680d274dba91b50831a23bfd58 [NON_LEADER]: Queue going to NON_LEADER mode. State: All replicated op: 0.0, Majority replicated op: 0.0, Committed index: 0.0, Last applied: 0.0, Last appended: 2.2, Current term: 0, Majority size: -1, State: QUEUE_OPEN, Mode: NON_LEADER
I0311 02:48:30.783427    30 raft_consensus.cc:3367] T c47912c0b2714f58b34c56d0e2dc9025 P 096da8680d274dba91b50831a23bfd58 [term 2 FOLLOWER]: Calling mark dirty synchronously for reason code CONSENSUS_STARTED
I0311 02:48:30.782217    27 consensus_queue.cc:289] T ef19613afa234c5d943034489b070927 P 096da8680d274dba91b50831a23bfd58 [NON_LEADER]: Queue going to NON_LEADER mode. State: All replicated op: 0.0, Majority replicated op: 0.0, Committed index: 0.0, Last applied: 0.0, Last appended: 2.2, Current term: 0, Majority size: -1, State: QUEUE_OPEN, Mode: NON_LEADER
I0311 02:48:30.785053    27 raft_consensus.cc:3367] T ef19613afa234c5d943034489b070927 P 096da8680d274dba91b50831a23bfd58 [term 2 FOLLOWER]: Calling mark dirty synchronously for reason code CONSENSUS_STARTED
I0311 02:48:30.781816    28 consensus_queue.cc:289] T e778eac89ca24f2993340a6d09c687f8 P 096da8680d274dba91b50831a23bfd58 [NON_LEADER]: Queue going to NON_LEADER mode. State: All replicated op: 0.0, Majority replicated op: 0.0, Committed index: 0.0, Last applied: 0.0, Last appended: 2.2, Current term: 0, Majority size: -1, State: QUEUE_OPEN, Mode: NON_LEADER
I0311 02:48:30.784863    30 tablet_peer.cc:1455] T c47912c0b2714f58b34c56d0e2dc9025 P 096da8680d274dba91b50831a23bfd58 [state=RUNNING]: Changed state from BOOTSTRAPPING to RUNNING
I0311 02:48:30.786103    41 heartbeater.cc:338] P 096da8680d274dba91b50831a23bfd58: Connected to a leader master server at yb-master-n1:7100
I0311 02:48:30.785481    27 tablet_peer.cc:1455] T ef19613afa234c5d943034489b070927 P 096da8680d274dba91b50831a23bfd58 [state=RUNNING]: Changed state from BOOTSTRAPPING to RUNNING
I0311 02:48:30.785805    28 raft_consensus.cc:3367] T e778eac89ca24f2993340a6d09c687f8 P 096da8680d274dba91b50831a23bfd58 [term 2 FOLLOWER]: Calling mark dirty synchronously for reason code CONSENSUS_STARTED
I0311 02:48:30.781875    29 consensus_queue.cc:289] T df17b40b75664e0aaa44ec6687a7a233 P 096da8680d274dba91b50831a23bfd58 [NON_LEADER]: Queue going to NON_LEADER mode. State: All replicated op: 0.0, Majority replicated op: 0.0, Committed index: 0.0, Last applied: 0.0, Last appended: 2.2, Current term: 0, Majority size: -1, State: QUEUE_OPEN, Mode: NON_LEADER
I0311 02:48:30.786515    41 heartbeater.cc:387] P 096da8680d274dba91b50831a23bfd58: Registering TS with master...
I0311 02:48:30.787218    30 tablet_peer.cc:1344] T c47912c0b2714f58b34c56d0e2dc9025 P 096da8680d274dba91b50831a23bfd58 [state=RUNNING]: Registered log gc
I0311 02:48:30.791636    30 ts_tablet_manager.cc:1573] T c47912c0b2714f58b34c56d0e2dc9025 P 096da8680d274dba91b50831a23bfd58: Time spent starting tablet: real 0.071s	user 0.015s	sys 0.006s
I0311 02:48:30.792408    30 ts_tablet_manager.cc:2771] Deleted transition in progress opening tablet for tablet c47912c0b2714f58b34c56d0e2dc9025
I0311 02:48:30.793043    30 ts_tablet_manager.cc:1478] T 974d5dc4624a4cc8ba8333f193777a6e P 096da8680d274dba91b50831a23bfd58: Bootstrapping tablet
I0311 02:48:30.794371    27 tablet_peer.cc:1344] T ef19613afa234c5d943034489b070927 P 096da8680d274dba91b50831a23bfd58 [state=RUNNING]: Registered log gc
I0311 02:48:30.794775    27 ts_tablet_manager.cc:1573] T ef19613afa234c5d943034489b070927 P 096da8680d274dba91b50831a23bfd58: Time spent starting tablet: real 0.073s	user 0.012s	sys 0.004s
I0311 02:48:30.795276    27 ts_tablet_manager.cc:2771] Deleted transition in progress opening tablet for tablet ef19613afa234c5d943034489b070927
I0311 02:48:30.790958    29 raft_consensus.cc:3367] T df17b40b75664e0aaa44ec6687a7a233 P 096da8680d274dba91b50831a23bfd58 [term 2 FOLLOWER]: Calling mark dirty synchronously for reason code CONSENSUS_STARTED
I0311 02:48:30.791296    41 server_base.cc:541] Using private rpc address yb-tserver-n1
I0311 02:48:30.795341    30 consensus_meta.cc:317] T 974d5dc4624a4cc8ba8333f193777a6e P 096da8680d274dba91b50831a23bfd58: Updating active role from UNKNOWN_ROLE to FOLLOWER. Consensus state: current_term: 2 leader_uuid: "" config { opid_index: -1 peers { permanent_uuid: "096da8680d274dba91b50831a23bfd58" member_type: VOTER last_known_private_addr { host: "yb-tserver-n1" port: 9100 } cloud_info { placement_cloud: "cloud1" placement_region: "datacenter1" placement_zone: "rack1" } } }, has_pending_config = 0
I0311 02:48:30.795720    27 ts_tablet_manager.cc:1478] T 5c82d2d282b24c23a5a85eaa9b3797e3 P 096da8680d274dba91b50831a23bfd58: Bootstrapping tablet
I0311 02:48:30.790580    28 tablet_peer.cc:1455] T e778eac89ca24f2993340a6d09c687f8 P 096da8680d274dba91b50831a23bfd58 [state=RUNNING]: Changed state from BOOTSTRAPPING to RUNNING
I0311 02:48:30.797259    29 tablet_peer.cc:1455] T df17b40b75664e0aaa44ec6687a7a233 P 096da8680d274dba91b50831a23bfd58 [state=RUNNING]: Changed state from BOOTSTRAPPING to RUNNING
I0311 02:48:30.797595    41 server_base.cc:563] Using http address yb-tserver-n1
I0311 02:48:30.798162    30 tablet_peer.cc:1455] T 974d5dc4624a4cc8ba8333f193777a6e P 096da8680d274dba91b50831a23bfd58 [state=BOOTSTRAPPING]: Changed state from NOT_STARTED to BOOTSTRAPPING
I0311 02:48:30.800135    28 tablet_peer.cc:1344] T e778eac89ca24f2993340a6d09c687f8 P 096da8680d274dba91b50831a23bfd58 [state=RUNNING]: Registered log gc
I0311 02:48:30.801416    30 tablet_bootstrap_if.cc:96] T 974d5dc4624a4cc8ba8333f193777a6e P 096da8680d274dba91b50831a23bfd58: Bootstrap starting.
I0311 02:48:30.801558    27 consensus_meta.cc:317] T 5c82d2d282b24c23a5a85eaa9b3797e3 P 096da8680d274dba91b50831a23bfd58: Updating active role from UNKNOWN_ROLE to FOLLOWER. Consensus state: current_term: 2 leader_uuid: "" config { opid_index: -1 peers { permanent_uuid: "096da8680d274dba91b50831a23bfd58" member_type: VOTER last_known_private_addr { host: "yb-tserver-n1" port: 9100 } cloud_info { placement_cloud: "cloud1" placement_region: "datacenter1" placement_zone: "rack1" } } }, has_pending_config = 0
I0311 02:48:30.801602    28 ts_tablet_manager.cc:1573] T e778eac89ca24f2993340a6d09c687f8 P 096da8680d274dba91b50831a23bfd58: Time spent starting tablet: real 0.081s	user 0.012s	sys 0.004s
I0311 02:48:30.800833    29 tablet_peer.cc:1344] T df17b40b75664e0aaa44ec6687a7a233 P 096da8680d274dba91b50831a23bfd58 [state=RUNNING]: Registered log gc
I0311 02:48:30.802351    27 tablet_peer.cc:1455] T 5c82d2d282b24c23a5a85eaa9b3797e3 P 096da8680d274dba91b50831a23bfd58 [state=BOOTSTRAPPING]: Changed state from NOT_STARTED to BOOTSTRAPPING
I0311 02:48:30.802435    30 tablet.cc:455] T 974d5dc4624a4cc8ba8333f193777a6e P 096da8680d274dba91b50831a23bfd58: Schema version for transactions is 0
I0311 02:48:30.802685    28 ts_tablet_manager.cc:2771] Deleted transition in progress opening tablet for tablet e778eac89ca24f2993340a6d09c687f8
I0311 02:48:30.802961    29 ts_tablet_manager.cc:1573] T df17b40b75664e0aaa44ec6687a7a233 P 096da8680d274dba91b50831a23bfd58: Time spent starting tablet: real 0.083s	user 0.010s	sys 0.005s
I0311 02:48:30.803804    27 tablet_bootstrap_if.cc:96] T 5c82d2d282b24c23a5a85eaa9b3797e3 P 096da8680d274dba91b50831a23bfd58: Bootstrap starting.
I0311 02:48:30.804477    30 tablet_bootstrap.cc:639] T 974d5dc4624a4cc8ba8333f193777a6e P 096da8680d274dba91b50831a23bfd58: Time spent opening tablet: real 0.000s	user 0.000s	sys 0.000s
I0311 02:48:30.804625    28 ts_tablet_manager.cc:1478] T 3a76ab24970d40ef859dfa774b11abe1 P 096da8680d274dba91b50831a23bfd58: Bootstrapping tablet
I0311 02:48:30.804996    29 ts_tablet_manager.cc:2771] Deleted transition in progress opening tablet for tablet df17b40b75664e0aaa44ec6687a7a233
I0311 02:48:30.805908    27 tablet.cc:455] T 5c82d2d282b24c23a5a85eaa9b3797e3 P 096da8680d274dba91b50831a23bfd58: Schema version for transactions is 0
I0311 02:48:30.806387    29 ts_tablet_manager.cc:1478] T 22d66049cb9c4419a35469ea8c2c36bc P 096da8680d274dba91b50831a23bfd58: Bootstrapping tablet
I0311 02:48:30.807799    27 tablet_bootstrap.cc:639] T 5c82d2d282b24c23a5a85eaa9b3797e3 P 096da8680d274dba91b50831a23bfd58: Time spent opening tablet: real 0.000s	user 0.000s	sys 0.000s
I0311 02:48:30.808207    28 consensus_meta.cc:317] T 3a76ab24970d40ef859dfa774b11abe1 P 096da8680d274dba91b50831a23bfd58: Updating active role from UNKNOWN_ROLE to FOLLOWER. Consensus state: current_term: 2 leader_uuid: "" config { opid_index: -1 peers { permanent_uuid: "096da8680d274dba91b50831a23bfd58" member_type: VOTER last_known_private_addr { host: "yb-tserver-n1" port: 9100 } cloud_info { placement_cloud: "cloud1" placement_region: "datacenter1" placement_zone: "rack1" } } }, has_pending_config = 0
I0311 02:48:30.811692    28 tablet_peer.cc:1455] T 3a76ab24970d40ef859dfa774b11abe1 P 096da8680d274dba91b50831a23bfd58 [state=BOOTSTRAPPING]: Changed state from NOT_STARTED to BOOTSTRAPPING
W0311 02:48:30.810845    41 heartbeater.cc:658] P 096da8680d274dba91b50831a23bfd58: Failed to heartbeat to yb-master-n1:7100: Service unavailable (yb/tserver/heartbeater.cc:479): Master is no longer the leader: code: NOT_THE_LEADER status { code: SERVICE_UNAVAILABLE message: "Catalog manager is not initialized. State: 1" source_file: "../../src/yb/master/scoped_leader_shared_lock.cc" source_line: 91 errors: "\000" } tries=4, num=1, masters=0x00000040152207c8 -> [[yb-master-n1:7100]], code=Service unavailable
I0311 02:48:30.809098    30 tablet_bootstrap.cc:716] T 974d5dc4624a4cc8ba8333f193777a6e P 096da8680d274dba91b50831a23bfd58: Will attempt to recover log segment /mnt/tserver/yb-data/tserver/wals/table-929f7d28b7a2483c9b6c4652af3f6131/tablet-974d5dc4624a4cc8ba8333f193777a6e/wal-000000001
I0311 02:48:30.812258    28 tablet_bootstrap_if.cc:96] T 3a76ab24970d40ef859dfa774b11abe1 P 096da8680d274dba91b50831a23bfd58: Bootstrap starting.
I0311 02:48:30.812247    29 consensus_meta.cc:317] T 22d66049cb9c4419a35469ea8c2c36bc P 096da8680d274dba91b50831a23bfd58: Updating active role from UNKNOWN_ROLE to FOLLOWER. Consensus state: current_term: 2 leader_uuid: "" config { opid_index: -1 peers { permanent_uuid: "096da8680d274dba91b50831a23bfd58" member_type: VOTER last_known_private_addr { host: "yb-tserver-n1" port: 9100 } cloud_info { placement_cloud: "cloud1" placement_region: "datacenter1" placement_zone: "rack1" } } }, has_pending_config = 0
I0311 02:48:30.816776    29 tablet_peer.cc:1455] T 22d66049cb9c4419a35469ea8c2c36bc P 096da8680d274dba91b50831a23bfd58 [state=BOOTSTRAPPING]: Changed state from NOT_STARTED to BOOTSTRAPPING
I0311 02:48:30.814848    30 tablet_bootstrap.cc:716] T 974d5dc4624a4cc8ba8333f193777a6e P 096da8680d274dba91b50831a23bfd58: Will attempt to recover log segment /mnt/tserver/yb-data/tserver/wals/table-929f7d28b7a2483c9b6c4652af3f6131/tablet-974d5dc4624a4cc8ba8333f193777a6e/wal-000000002
I0311 02:48:30.815183    41 heartbeater.cc:338] P 096da8680d274dba91b50831a23bfd58: Connected to a leader master server at yb-master-n1:7100
I0311 02:48:30.816831    28 tablet.cc:455] T 3a76ab24970d40ef859dfa774b11abe1 P 096da8680d274dba91b50831a23bfd58: Schema version for transactions is 0
I0311 02:48:30.817248    29 tablet_bootstrap_if.cc:96] T 22d66049cb9c4419a35469ea8c2c36bc P 096da8680d274dba91b50831a23bfd58: Bootstrap starting.
I0311 02:48:30.813863    27 tablet_bootstrap.cc:716] T 5c82d2d282b24c23a5a85eaa9b3797e3 P 096da8680d274dba91b50831a23bfd58: Will attempt to recover log segment /mnt/tserver/yb-data/tserver/wals/table-929f7d28b7a2483c9b6c4652af3f6131/tablet-5c82d2d282b24c23a5a85eaa9b3797e3/wal-000000001
I0311 02:48:30.817569    30 tablet_bootstrap.cc:1127] T 974d5dc4624a4cc8ba8333f193777a6e P 096da8680d274dba91b50831a23bfd58: Flushed DocDB OpIds: { regular: -1.-1 intents: -1.-1 }
I0311 02:48:30.817803    41 heartbeater.cc:387] P 096da8680d274dba91b50831a23bfd58: Registering TS with master...
I0311 02:48:30.818429    28 tablet_bootstrap.cc:639] T 3a76ab24970d40ef859dfa774b11abe1 P 096da8680d274dba91b50831a23bfd58: Time spent opening tablet: real 0.000s	user 0.000s	sys 0.000s
I0311 02:48:30.819075    27 tablet_bootstrap.cc:716] T 5c82d2d282b24c23a5a85eaa9b3797e3 P 096da8680d274dba91b50831a23bfd58: Will attempt to recover log segment /mnt/tserver/yb-data/tserver/wals/table-929f7d28b7a2483c9b6c4652af3f6131/tablet-5c82d2d282b24c23a5a85eaa9b3797e3/wal-000000002
I0311 02:48:30.819139    29 tablet.cc:455] T 22d66049cb9c4419a35469ea8c2c36bc P 096da8680d274dba91b50831a23bfd58: Schema version for transactions is 0
I0311 02:48:30.819407    30 tablet_bootstrap.cc:1288] T 974d5dc4624a4cc8ba8333f193777a6e P 096da8680d274dba91b50831a23bfd58: Max persistent index in RocksDB's SSTables before bootstrap: regular RocksDB: -1.-1; intents RocksDB: -1.-1
I0311 02:48:30.819684    41 server_base.cc:541] Using private rpc address yb-tserver-n1
I0311 02:48:30.821254    41 server_base.cc:563] Using http address yb-tserver-n1
I0311 02:48:30.820729    29 tablet_bootstrap.cc:639] T 22d66049cb9c4419a35469ea8c2c36bc P 096da8680d274dba91b50831a23bfd58: Time spent opening tablet: real 0.000s	user 0.000s	sys 0.000s
I0311 02:48:30.820279    27 tablet_bootstrap.cc:1127] T 5c82d2d282b24c23a5a85eaa9b3797e3 P 096da8680d274dba91b50831a23bfd58: Flushed DocDB OpIds: { regular: -1.-1 intents: -1.-1 }
I0311 02:48:30.821709    30 log.cc:1278] T 974d5dc4624a4cc8ba8333f193777a6e P 096da8680d274dba91b50831a23bfd58: Setting log wal retention time to 0 seconds
I0311 02:48:30.822082    28 tablet_bootstrap.cc:716] T 3a76ab24970d40ef859dfa774b11abe1 P 096da8680d274dba91b50831a23bfd58: Will attempt to recover log segment /mnt/tserver/yb-data/tserver/wals/table-929f7d28b7a2483c9b6c4652af3f6131/tablet-3a76ab24970d40ef859dfa774b11abe1/wal-000000001
W0311 02:48:30.824656    41 heartbeater.cc:658] P 096da8680d274dba91b50831a23bfd58: Failed to heartbeat to yb-master-n1:7100: Service unavailable (yb/tserver/heartbeater.cc:479): Master is no longer the leader: code: NOT_THE_LEADER status { code: SERVICE_UNAVAILABLE message: "Catalog manager is not initialized. State: 1" source_file: "../../src/yb/master/scoped_leader_shared_lock.cc" source_line: 91 errors: "\000" } tries=5, num=1, masters=0x00000040152207c8 -> [[yb-master-n1:7100]], code=Service unavailable
I0311 02:48:30.824766    28 tablet_bootstrap.cc:716] T 3a76ab24970d40ef859dfa774b11abe1 P 096da8680d274dba91b50831a23bfd58: Will attempt to recover log segment /mnt/tserver/yb-data/tserver/wals/table-929f7d28b7a2483c9b6c4652af3f6131/tablet-3a76ab24970d40ef859dfa774b11abe1/wal-000000002
I0311 02:48:30.825976    28 tablet_bootstrap.cc:1127] T 3a76ab24970d40ef859dfa774b11abe1 P 096da8680d274dba91b50831a23bfd58: Flushed DocDB OpIds: { regular: -1.-1 intents: -1.-1 }
I0311 02:48:30.827476    28 tablet_bootstrap.cc:1288] T 3a76ab24970d40ef859dfa774b11abe1 P 096da8680d274dba91b50831a23bfd58: Max persistent index in RocksDB's SSTables before bootstrap: regular RocksDB: -1.-1; intents RocksDB: -1.-1
I0311 02:48:30.823587    27 tablet_bootstrap.cc:1288] T 5c82d2d282b24c23a5a85eaa9b3797e3 P 096da8680d274dba91b50831a23bfd58: Max persistent index in RocksDB's SSTables before bootstrap: regular RocksDB: -1.-1; intents RocksDB: -1.-1
I0311 02:48:30.825448    29 tablet_bootstrap.cc:716] T 22d66049cb9c4419a35469ea8c2c36bc P 096da8680d274dba91b50831a23bfd58: Will attempt to recover log segment /mnt/tserver/yb-data/tserver/wals/table-929f7d28b7a2483c9b6c4652af3f6131/tablet-22d66049cb9c4419a35469ea8c2c36bc/wal-000000001
I0311 02:48:30.830511    28 log.cc:1278] T 3a76ab24970d40ef859dfa774b11abe1 P 096da8680d274dba91b50831a23bfd58: Setting log wal retention time to 0 seconds
I0311 02:48:30.831007    29 tablet_bootstrap.cc:716] T 22d66049cb9c4419a35469ea8c2c36bc P 096da8680d274dba91b50831a23bfd58: Will attempt to recover log segment /mnt/tserver/yb-data/tserver/wals/table-929f7d28b7a2483c9b6c4652af3f6131/tablet-22d66049cb9c4419a35469ea8c2c36bc/wal-000000002
I0311 02:48:30.831512    27 log.cc:1278] T 5c82d2d282b24c23a5a85eaa9b3797e3 P 096da8680d274dba91b50831a23bfd58: Setting log wal retention time to 0 seconds
I0311 02:48:30.833169    29 tablet_bootstrap.cc:1127] T 22d66049cb9c4419a35469ea8c2c36bc P 096da8680d274dba91b50831a23bfd58: Flushed DocDB OpIds: { regular: -1.-1 intents: -1.-1 }
I0311 02:48:30.836491    29 tablet_bootstrap.cc:1288] T 22d66049cb9c4419a35469ea8c2c36bc P 096da8680d274dba91b50831a23bfd58: Max persistent index in RocksDB's SSTables before bootstrap: regular RocksDB: -1.-1; intents RocksDB: -1.-1
W0311 02:48:30.836760    30 log_util.cc:240] Could not read footer for segment: /mnt/tserver/yb-data/tserver/wals/table-929f7d28b7a2483c9b6c4652af3f6131/tablet-974d5dc4624a4cc8ba8333f193777a6e/wal-000000001: Not found (yb/consensus/log_util.cc:554): Footer not found. Footer magic doesn't match
W0311 02:48:30.849982    30 log_reader.cc:192] T 974d5dc4624a4cc8ba8333f193777a6e P 096da8680d274dba91b50831a23bfd58: Log segment /mnt/tserver/yb-data/tserver/wals/table-929f7d28b7a2483c9b6c4652af3f6131/tablet-974d5dc4624a4cc8ba8333f193777a6e/wal-000000001 was likely left in-progress after a previous crash. Will try to rebuild footer by scanning data.
I0311 02:48:30.853691    30 log_util.cc:773] Scanning /mnt/tserver/yb-data/tserver/wals/table-929f7d28b7a2483c9b6c4652af3f6131/tablet-974d5dc4624a4cc8ba8333f193777a6e/wal-000000001 for valid entry headers following offset 189...
I0311 02:48:30.850685    29 log.cc:1278] T 22d66049cb9c4419a35469ea8c2c36bc P 096da8680d274dba91b50831a23bfd58: Setting log wal retention time to 0 seconds
W0311 02:48:30.876256    28 log_util.cc:240] Could not read footer for segment: /mnt/tserver/yb-data/tserver/wals/table-929f7d28b7a2483c9b6c4652af3f6131/tablet-3a76ab24970d40ef859dfa774b11abe1/wal-000000001: Not found (yb/consensus/log_util.cc:554): Footer not found. Footer magic doesn't match
W0311 02:48:30.895491    28 log_reader.cc:192] T 3a76ab24970d40ef859dfa774b11abe1 P 096da8680d274dba91b50831a23bfd58: Log segment /mnt/tserver/yb-data/tserver/wals/table-929f7d28b7a2483c9b6c4652af3f6131/tablet-3a76ab24970d40ef859dfa774b11abe1/wal-000000001 was likely left in-progress after a previous crash. Will try to rebuild footer by scanning data.
I0311 02:48:30.895009    17 log.cc:1342] T c47912c0b2714f58b34c56d0e2dc9025 P 096da8680d274dba91b50831a23bfd58: Running Log GC on /mnt/tserver/yb-data/tserver/wals/table-929f7d28b7a2483c9b6c4652af3f6131/tablet-c47912c0b2714f58b34c56d0e2dc9025: retaining ops >= 2, log segment size = 4194304
W0311 02:48:30.877022    27 log_util.cc:240] Could not read footer for segment: /mnt/tserver/yb-data/tserver/wals/table-929f7d28b7a2483c9b6c4652af3f6131/tablet-5c82d2d282b24c23a5a85eaa9b3797e3/wal-000000001: Not found (yb/consensus/log_util.cc:554): Footer not found. Footer magic doesn't match
I0311 02:48:30.906500    28 log_util.cc:773] Scanning /mnt/tserver/yb-data/tserver/wals/table-929f7d28b7a2483c9b6c4652af3f6131/tablet-3a76ab24970d40ef859dfa774b11abe1/wal-000000001 for valid entry headers following offset 189...
I0311 02:48:30.907622    17 log_reader.cc:522] T c47912c0b2714f58b34c56d0e2dc9025 P 096da8680d274dba91b50831a23bfd58: Removed log segment sequence numbers from log reader: [1]
I0311 02:48:30.907958    30 log_util.cc:817] Found no log entry headers
W0311 02:48:30.908283    27 log_reader.cc:192] T 5c82d2d282b24c23a5a85eaa9b3797e3 P 096da8680d274dba91b50831a23bfd58: Log segment /mnt/tserver/yb-data/tserver/wals/table-929f7d28b7a2483c9b6c4652af3f6131/tablet-5c82d2d282b24c23a5a85eaa9b3797e3/wal-000000001 was likely left in-progress after a previous crash. Will try to rebuild footer by scanning data.
I0311 02:48:30.909209    17 log.cc:1368] T c47912c0b2714f58b34c56d0e2dc9025 P 096da8680d274dba91b50831a23bfd58: Deleting log segment in path: /mnt/tserver/yb-data/tserver/wals/table-929f7d28b7a2483c9b6c4652af3f6131/tablet-c47912c0b2714f58b34c56d0e2dc9025/wal-000000001 (GCed ops < 2)
W0311 02:48:30.909560    29 log_util.cc:240] Could not read footer for segment: /mnt/tserver/yb-data/tserver/wals/table-929f7d28b7a2483c9b6c4652af3f6131/tablet-22d66049cb9c4419a35469ea8c2c36bc/wal-000000001: Not found (yb/consensus/log_util.cc:554): Footer not found. Footer magic doesn't match
I0311 02:48:30.910240    30 log_util.cc:666] Ignoring partially flushed segment in write ahead log /mnt/tserver/yb-data/tserver/wals/table-929f7d28b7a2483c9b6c4652af3f6131/tablet-974d5dc4624a4cc8ba8333f193777a6e/wal-000000001 because there are no log entries following this one. The server probably crashed in the middle of writing an entry to the write-ahead log or downloaded an active log via remote bootstrap. Error detail: Corruption (yb/consensus/log_util.cc:889): Invalid checksum in log entry head header: found=0, computed=2351477386: Failed trying to read batch #3 at offset 189 for log segment /mnt/tserver/yb-data/tserver/wals/table-929f7d28b7a2483c9b6c4652af3f6131/tablet-974d5dc4624a4cc8ba8333f193777a6e/wal-000000001: Prior batch offsets: 107 161 189; Last log entries read: [REPLICATE (1.1)]
I0311 02:48:30.911618    27 log_util.cc:773] Scanning /mnt/tserver/yb-data/tserver/wals/table-929f7d28b7a2483c9b6c4652af3f6131/tablet-5c82d2d282b24c23a5a85eaa9b3797e3/wal-000000001 for valid entry headers following offset 189...
W0311 02:48:30.935571    29 log_reader.cc:192] T 22d66049cb9c4419a35469ea8c2c36bc P 096da8680d274dba91b50831a23bfd58: Log segment /mnt/tserver/yb-data/tserver/wals/table-929f7d28b7a2483c9b6c4652af3f6131/tablet-22d66049cb9c4419a35469ea8c2c36bc/wal-000000001 was likely left in-progress after a previous crash. Will try to rebuild footer by scanning data.
I0311 02:48:30.936086    17 maintenance_manager.cc:375] Time spent running LogGCOp(c47912c0b2714f58b34c56d0e2dc9025): real 0.041s	user 0.001s	sys 0.000s
I0311 02:48:30.936574    30 log_util.cc:285] Successfully rebuilt footer for segment: /mnt/tserver/yb-data/tserver/wals/table-929f7d28b7a2483c9b6c4652af3f6131/tablet-974d5dc4624a4cc8ba8333f193777a6e/wal-000000001 (valid entries through byte offset 189)
I0311 02:48:30.937587    28 log_util.cc:817] Found no log entry headers
I0311 02:48:30.946930    28 log_util.cc:666] Ignoring partially flushed segment in write ahead log /mnt/tserver/yb-data/tserver/wals/table-929f7d28b7a2483c9b6c4652af3f6131/tablet-3a76ab24970d40ef859dfa774b11abe1/wal-000000001 because there are no log entries following this one. The server probably crashed in the middle of writing an entry to the write-ahead log or downloaded an active log via remote bootstrap. Error detail: Corruption (yb/consensus/log_util.cc:889): Invalid checksum in log entry head header: found=0, computed=2351477386: Failed trying to read batch #3 at offset 189 for log segment /mnt/tserver/yb-data/tserver/wals/table-929f7d28b7a2483c9b6c4652af3f6131/tablet-3a76ab24970d40ef859dfa774b11abe1/wal-000000001: Prior batch offsets: 107 161 189; Last log entries read: [REPLICATE (1.1)]
I0311 02:48:30.948208    28 log_util.cc:285] Successfully rebuilt footer for segment: /mnt/tserver/yb-data/tserver/wals/table-929f7d28b7a2483c9b6c4652af3f6131/tablet-3a76ab24970d40ef859dfa774b11abe1/wal-000000001 (valid entries through byte offset 189)
I0311 02:48:30.941735    29 log_util.cc:773] Scanning /mnt/tserver/yb-data/tserver/wals/table-929f7d28b7a2483c9b6c4652af3f6131/tablet-22d66049cb9c4419a35469ea8c2c36bc/wal-000000001 for valid entry headers following offset 189...
I0311 02:48:30.948611    27 log_util.cc:817] Found no log entry headers
I0311 02:48:30.949904    27 log_util.cc:666] Ignoring partially flushed segment in write ahead log /mnt/tserver/yb-data/tserver/wals/table-929f7d28b7a2483c9b6c4652af3f6131/tablet-5c82d2d282b24c23a5a85eaa9b3797e3/wal-000000001 because there are no log entries following this one. The server probably crashed in the middle of writing an entry to the write-ahead log or downloaded an active log via remote bootstrap. Error detail: Corruption (yb/consensus/log_util.cc:889): Invalid checksum in log entry head header: found=0, computed=2351477386: Failed trying to read batch #3 at offset 189 for log segment /mnt/tserver/yb-data/tserver/wals/table-929f7d28b7a2483c9b6c4652af3f6131/tablet-5c82d2d282b24c23a5a85eaa9b3797e3/wal-000000001: Prior batch offsets: 107 161 189; Last log entries read: [REPLICATE (1.1)]
I0311 02:48:30.951067    27 log_util.cc:285] Successfully rebuilt footer for segment: /mnt/tserver/yb-data/tserver/wals/table-929f7d28b7a2483c9b6c4652af3f6131/tablet-5c82d2d282b24c23a5a85eaa9b3797e3/wal-000000001 (valid entries through byte offset 189)
W0311 02:48:30.951591    30 log_util.cc:240] Could not read footer for segment: /mnt/tserver/yb-data/tserver/wals/table-929f7d28b7a2483c9b6c4652af3f6131/tablet-974d5dc4624a4cc8ba8333f193777a6e/wal-000000002: Not found (yb/consensus/log_util.cc:554): Footer not found. Footer magic doesn't match
W0311 02:48:30.963846    30 log_reader.cc:192] T 974d5dc4624a4cc8ba8333f193777a6e P 096da8680d274dba91b50831a23bfd58: Log segment /mnt/tserver/yb-data/tserver/wals/table-929f7d28b7a2483c9b6c4652af3f6131/tablet-974d5dc4624a4cc8ba8333f193777a6e/wal-000000002 was likely left in-progress after a previous crash. Will try to rebuild footer by scanning data.
W0311 02:48:30.965396    28 log_util.cc:240] Could not read footer for segment: /mnt/tserver/yb-data/tserver/wals/table-929f7d28b7a2483c9b6c4652af3f6131/tablet-3a76ab24970d40ef859dfa774b11abe1/wal-000000002: Not found (yb/consensus/log_util.cc:554): Footer not found. Footer magic doesn't match
I0311 02:48:30.966158    30 log_util.cc:773] Scanning /mnt/tserver/yb-data/tserver/wals/table-929f7d28b7a2483c9b6c4652af3f6131/tablet-974d5dc4624a4cc8ba8333f193777a6e/wal-000000002 for valid entry headers following offset 195...
I0311 02:48:30.978454    29 log_util.cc:817] Found no log entry headers
W0311 02:48:30.978786    27 log_util.cc:240] Could not read footer for segment: /mnt/tserver/yb-data/tserver/wals/table-929f7d28b7a2483c9b6c4652af3f6131/tablet-5c82d2d282b24c23a5a85eaa9b3797e3/wal-000000002: Not found (yb/consensus/log_util.cc:554): Footer not found. Footer magic doesn't match
W0311 02:48:30.983986    27 log_reader.cc:192] T 5c82d2d282b24c23a5a85eaa9b3797e3 P 096da8680d274dba91b50831a23bfd58: Log segment /mnt/tserver/yb-data/tserver/wals/table-929f7d28b7a2483c9b6c4652af3f6131/tablet-5c82d2d282b24c23a5a85eaa9b3797e3/wal-000000002 was likely left in-progress after a previous crash. Will try to rebuild footer by scanning data.
I0311 02:48:30.982415    29 log_util.cc:666] Ignoring partially flushed segment in write ahead log /mnt/tserver/yb-data/tserver/wals/table-929f7d28b7a2483c9b6c4652af3f6131/tablet-22d66049cb9c4419a35469ea8c2c36bc/wal-000000001 because there are no log entries following this one. The server probably crashed in the middle of writing an entry to the write-ahead log or downloaded an active log via remote bootstrap. Error detail: Corruption (yb/consensus/log_util.cc:889): Invalid checksum in log entry head header: found=0, computed=2351477386: Failed trying to read batch #3 at offset 189 for log segment /mnt/tserver/yb-data/tserver/wals/table-929f7d28b7a2483c9b6c4652af3f6131/tablet-22d66049cb9c4419a35469ea8c2c36bc/wal-000000001: Prior batch offsets: 107 161 189; Last log entries read: [REPLICATE (1.1)]
I0311 02:48:30.986382    29 log_util.cc:285] Successfully rebuilt footer for segment: /mnt/tserver/yb-data/tserver/wals/table-929f7d28b7a2483c9b6c4652af3f6131/tablet-22d66049cb9c4419a35469ea8c2c36bc/wal-000000001 (valid entries through byte offset 189)
I0311 02:48:30.985616    27 log_util.cc:773] Scanning /mnt/tserver/yb-data/tserver/wals/table-929f7d28b7a2483c9b6c4652af3f6131/tablet-5c82d2d282b24c23a5a85eaa9b3797e3/wal-000000002 for valid entry headers following offset 195...
W0311 02:48:30.979104    28 log_reader.cc:192] T 3a76ab24970d40ef859dfa774b11abe1 P 096da8680d274dba91b50831a23bfd58: Log segment /mnt/tserver/yb-data/tserver/wals/table-929f7d28b7a2483c9b6c4652af3f6131/tablet-3a76ab24970d40ef859dfa774b11abe1/wal-000000002 was likely left in-progress after a previous crash. Will try to rebuild footer by scanning data.
I0311 02:48:30.988834    30 log_util.cc:817] Found no log entry headers
I0311 02:48:31.000211    28 log_util.cc:773] Scanning /mnt/tserver/yb-data/tserver/wals/table-929f7d28b7a2483c9b6c4652af3f6131/tablet-3a76ab24970d40ef859dfa774b11abe1/wal-000000002 for valid entry headers following offset 195...
I0311 02:48:31.000896    30 log_util.cc:666] Ignoring partially flushed segment in write ahead log /mnt/tserver/yb-data/tserver/wals/table-929f7d28b7a2483c9b6c4652af3f6131/tablet-974d5dc4624a4cc8ba8333f193777a6e/wal-000000002 because there are no log entries following this one. The server probably crashed in the middle of writing an entry to the write-ahead log or downloaded an active log via remote bootstrap. Error detail: Corruption (yb/consensus/log_util.cc:889): Invalid checksum in log entry head header: found=0, computed=2351477386: Failed trying to read batch #3 at offset 195 for log segment /mnt/tserver/yb-data/tserver/wals/table-929f7d28b7a2483c9b6c4652af3f6131/tablet-974d5dc4624a4cc8ba8333f193777a6e/wal-000000002: Prior batch offsets: 107 167 195; Last log entries read: [REPLICATE (2.2)]
W0311 02:48:31.014488    29 log_util.cc:240] Could not read footer for segment: /mnt/tserver/yb-data/tserver/wals/table-929f7d28b7a2483c9b6c4652af3f6131/tablet-22d66049cb9c4419a35469ea8c2c36bc/wal-000000002: Not found (yb/consensus/log_util.cc:554): Footer not found. Footer magic doesn't match
I0311 02:48:31.016062    30 log_util.cc:285] Successfully rebuilt footer for segment: /mnt/tserver/yb-data/tserver/wals/table-929f7d28b7a2483c9b6c4652af3f6131/tablet-974d5dc4624a4cc8ba8333f193777a6e/wal-000000002 (valid entries through byte offset 195)
I0311 02:48:31.030963    30 log.cc:661] T 974d5dc4624a4cc8ba8333f193777a6e P 096da8680d274dba91b50831a23bfd58: Opened existing logs. Last segment is /mnt/tserver/yb-data/tserver/wals/table-929f7d28b7a2483c9b6c4652af3f6131/tablet-974d5dc4624a4cc8ba8333f193777a6e/wal-000000002
I0311 02:48:31.031486    30 tablet_bootstrap.cc:386] T 974d5dc4624a4cc8ba8333f193777a6e P 096da8680d274dba91b50831a23bfd58: Bootstrap optimizer (skip_flushed_entries): op_id_replay_lowest=-1.-1 (regular_op_id=-1.-1, intents_op_id=-1.-1, has_intents_db=0)
I0311 02:48:31.019030    27 log_util.cc:817] Found no log entry headers
I0311 02:48:31.031343    28 log_util.cc:817] Found no log entry headers
