Log file created at: 2023/03/11 03:14:10
Current UTC time: 2023/03/11 03:14:10
Running on machine: 8ecfa0de7aa5
Application fingerprint: version 2.16.1.1 build 3 revision a330db94c4b2eabde1f199c7ef6d05402137cc83 build_type RELEASE built at 10 Feb 2023 23:41:37 UTC
Running duration (h:mm:ss): 0:00:00
Log line format: [IWEF]mmdd hh:mm:ss.uuuuuu threadid file:line] msg
I0311 03:14:10.045725     8 server_main_util.cc:72] NumCPUs determined to be: 5
I0311 03:14:10.055116     8 mem_tracker.cc:345] Setting tcmalloc max thread cache bytes to: 174949094
I0311 03:14:10.055785     8 tablet_server_main.cc:166] Using parsed rpc = yb-tserver-n1:9100
I0311 03:14:10.057425     8 tablet_server_main.cc:159] Reset YEDIS bind address to yb-tserver-n1:6379
I0311 03:14:10.057981     8 tablet_server_main.cc:159] Reset YCQL bind address to yb-tserver-n1:9042
I0311 03:14:10.058404     8 tablet_server_main.cc:159] Reset YSQL bind address to yb-tserver-n1:5433
I0311 03:14:10.058780     8 encrypted_file_factory.cc:88] Created encrypted file factory
I0311 03:14:10.060307     8 server_base_options.cc:176] Updating master addrs to {yb-master-n1:7100}
I0311 03:14:10.061273     8 server_base_options.cc:176] Updating master addrs to {yb-master-n1:7100}
I0311 03:14:10.062788     8 server_base_options.cc:176] Updating master addrs to {yb-master-n1:7100}
I0311 03:14:10.070575     8 shared_mem.cc:137] Using memfd_create as a shared memory provider
I0311 03:14:10.074470     8 mem_tracker.cc:892] MemTracker: hard memory limit is 6.517362 GB
I0311 03:14:10.079368     8 mem_tracker.cc:894] MemTracker: soft memory limit is 5.539757 GB
I0311 03:14:10.080299     8 server_base_options.cc:176] Updating master addrs to {yb-master-n1:7100}
I0311 03:14:10.092348     8 docdb_rocksdb_util.cc:601] FLAGS_priority_thread_pool_size was not set, automatically configuring to 2.
I0311 03:14:10.099542     8 rpc_server.cc:90] yb::server::RpcServer created at 0x401501a5a0
I0311 03:14:10.100298     8 tablet_server.cc:189] yb::tserver::TabletServer created at 0x40151ea000
I0311 03:14:10.100735     8 tablet_server.cc:190] yb::tserver::TSTabletManager created at 0x4015105a80
I0311 03:14:10.101140     8 tablet_server_main.cc:231] Initializing tablet server...
I0311 03:14:10.149312     8 fs_manager.cc:383] Opened local filesystem: /mnt/tserver
uuid: "096da8680d274dba91b50831a23bfd58"
format_stamp: "Formatted at 2023-03-10 16:06:28 on ebf588942a27"
initdb_done_set_after_sys_catalog_restore: true
I0311 03:14:10.163022     8 auto_flags_manager.cc:307] AutoFlags applied: TEST_auto_flags_initialized,regular_tablets_data_block_key_value_encoding
I0311 03:14:10.165884     8 server_base.cc:259] Auto setting FLAGS_num_reactor_threads to 5
I0311 03:14:10.167367     8 secure.cc:147] SetupSecureContext: kInternal, 0
I0311 03:14:10.172207     8 thread_pool.cc:170] Starting thread pool { name: TabletServer queue_limit: 10000 max_workers: 1024 }
I0311 03:14:10.184685     8 ts_tablet_manager.cc:497] P 096da8680d274dba91b50831a23bfd58: max_bootstrap_threads=4
I0311 03:14:10.188355     8 server_base.cc:541] Using private rpc address yb-tserver-n1
I0311 03:14:10.189079     8 ts_tablet_manager.cc:1456] Loading metadata for tablet 22d66049cb9c4419a35469ea8c2c36bc
I0311 03:14:10.200913     8 doc_read_context.cc:52] T 22d66049cb9c4419a35469ea8c2c36bc P 096da8680d274dba91b50831a23bfd58: LogAfterLoad: [0]
I0311 03:14:10.202790     8 ts_tablet_manager.cc:2375] Update data/wal directory assignment map for table: 929f7d28b7a2483c9b6c4652af3f6131 and tablet 22d66049cb9c4419a35469ea8c2c36bc
I0311 03:14:10.204603     8 ts_tablet_manager.cc:1456] Loading metadata for tablet 3a76ab24970d40ef859dfa774b11abe1
I0311 03:14:10.207783     8 doc_read_context.cc:52] T 3a76ab24970d40ef859dfa774b11abe1 P 096da8680d274dba91b50831a23bfd58: LogAfterLoad: [0]
I0311 03:14:10.208182     8 ts_tablet_manager.cc:2375] Update data/wal directory assignment map for table: 929f7d28b7a2483c9b6c4652af3f6131 and tablet 3a76ab24970d40ef859dfa774b11abe1
I0311 03:14:10.208613     8 ts_tablet_manager.cc:1456] Loading metadata for tablet 5c82d2d282b24c23a5a85eaa9b3797e3
I0311 03:14:10.211550     8 doc_read_context.cc:52] T 5c82d2d282b24c23a5a85eaa9b3797e3 P 096da8680d274dba91b50831a23bfd58: LogAfterLoad: [0]
I0311 03:14:10.211920     8 ts_tablet_manager.cc:2375] Update data/wal directory assignment map for table: 929f7d28b7a2483c9b6c4652af3f6131 and tablet 5c82d2d282b24c23a5a85eaa9b3797e3
I0311 03:14:10.212486     8 ts_tablet_manager.cc:1456] Loading metadata for tablet 974d5dc4624a4cc8ba8333f193777a6e
I0311 03:14:10.214999     8 doc_read_context.cc:52] T 974d5dc4624a4cc8ba8333f193777a6e P 096da8680d274dba91b50831a23bfd58: LogAfterLoad: [0]
I0311 03:14:10.215337     8 ts_tablet_manager.cc:2375] Update data/wal directory assignment map for table: 929f7d28b7a2483c9b6c4652af3f6131 and tablet 974d5dc4624a4cc8ba8333f193777a6e
I0311 03:14:10.215667     8 ts_tablet_manager.cc:1456] Loading metadata for tablet c47912c0b2714f58b34c56d0e2dc9025
I0311 03:14:10.218118     8 doc_read_context.cc:52] T c47912c0b2714f58b34c56d0e2dc9025 P 096da8680d274dba91b50831a23bfd58: LogAfterLoad: [0]
I0311 03:14:10.218469     8 ts_tablet_manager.cc:2375] Update data/wal directory assignment map for table: 929f7d28b7a2483c9b6c4652af3f6131 and tablet c47912c0b2714f58b34c56d0e2dc9025
I0311 03:14:10.218806     8 ts_tablet_manager.cc:1456] Loading metadata for tablet df17b40b75664e0aaa44ec6687a7a233
I0311 03:14:10.221130     8 doc_read_context.cc:52] T df17b40b75664e0aaa44ec6687a7a233 P 096da8680d274dba91b50831a23bfd58: LogAfterLoad: [0]
I0311 03:14:10.221467     8 ts_tablet_manager.cc:2375] Update data/wal directory assignment map for table: 929f7d28b7a2483c9b6c4652af3f6131 and tablet df17b40b75664e0aaa44ec6687a7a233
I0311 03:14:10.221881     8 ts_tablet_manager.cc:1456] Loading metadata for tablet e778eac89ca24f2993340a6d09c687f8
I0311 03:14:10.224465     8 doc_read_context.cc:52] T e778eac89ca24f2993340a6d09c687f8 P 096da8680d274dba91b50831a23bfd58: LogAfterLoad: [0]
I0311 03:14:10.224795     8 ts_tablet_manager.cc:2375] Update data/wal directory assignment map for table: 929f7d28b7a2483c9b6c4652af3f6131 and tablet e778eac89ca24f2993340a6d09c687f8
I0311 03:14:10.225335     8 ts_tablet_manager.cc:1456] Loading metadata for tablet ef19613afa234c5d943034489b070927
I0311 03:14:10.227808     8 doc_read_context.cc:52] T ef19613afa234c5d943034489b070927 P 096da8680d274dba91b50831a23bfd58: LogAfterLoad: [0]
I0311 03:14:10.228135     8 ts_tablet_manager.cc:2375] Update data/wal directory assignment map for table: 929f7d28b7a2483c9b6c4652af3f6131 and tablet ef19613afa234c5d943034489b070927
I0311 03:14:10.228463     8 ts_tablet_manager.cc:555] Loaded metadata for 8 tablet in 39 ms
I0311 03:14:10.229903     8 ts_tablet_manager.cc:1825] P 096da8680d274dba91b50831a23bfd58: Registered tablet ef19613afa234c5d943034489b070927
I0311 03:14:10.232157    27 ts_tablet_manager.cc:1478] T ef19613afa234c5d943034489b070927 P 096da8680d274dba91b50831a23bfd58: Bootstrapping tablet
I0311 03:14:10.232357     8 ts_tablet_manager.cc:1825] P 096da8680d274dba91b50831a23bfd58: Registered tablet e778eac89ca24f2993340a6d09c687f8
I0311 03:14:10.233543    28 ts_tablet_manager.cc:1478] T e778eac89ca24f2993340a6d09c687f8 P 096da8680d274dba91b50831a23bfd58: Bootstrapping tablet
I0311 03:14:10.233709     8 ts_tablet_manager.cc:1825] P 096da8680d274dba91b50831a23bfd58: Registered tablet df17b40b75664e0aaa44ec6687a7a233
I0311 03:14:10.235224     8 ts_tablet_manager.cc:1825] P 096da8680d274dba91b50831a23bfd58: Registered tablet c47912c0b2714f58b34c56d0e2dc9025
I0311 03:14:10.236822    30 ts_tablet_manager.cc:1478] T c47912c0b2714f58b34c56d0e2dc9025 P 096da8680d274dba91b50831a23bfd58: Bootstrapping tablet
I0311 03:14:10.236833    29 ts_tablet_manager.cc:1478] T df17b40b75664e0aaa44ec6687a7a233 P 096da8680d274dba91b50831a23bfd58: Bootstrapping tablet
I0311 03:14:10.237206     8 ts_tablet_manager.cc:1825] P 096da8680d274dba91b50831a23bfd58: Registered tablet 974d5dc4624a4cc8ba8333f193777a6e
I0311 03:14:10.239573     8 ts_tablet_manager.cc:1825] P 096da8680d274dba91b50831a23bfd58: Registered tablet 5c82d2d282b24c23a5a85eaa9b3797e3
I0311 03:14:10.240038     8 ts_tablet_manager.cc:1825] P 096da8680d274dba91b50831a23bfd58: Registered tablet 3a76ab24970d40ef859dfa774b11abe1
I0311 03:14:10.240835     8 ts_tablet_manager.cc:1825] P 096da8680d274dba91b50831a23bfd58: Registered tablet 22d66049cb9c4419a35469ea8c2c36bc
I0311 03:14:10.248477     8 server_base.cc:541] Using private rpc address yb-tserver-n1
I0311 03:14:10.241071    29 consensus_meta.cc:317] T df17b40b75664e0aaa44ec6687a7a233 P 096da8680d274dba91b50831a23bfd58: Updating active role from UNKNOWN_ROLE to FOLLOWER. Consensus state: current_term: 5 leader_uuid: "" config { opid_index: -1 peers { permanent_uuid: "096da8680d274dba91b50831a23bfd58" member_type: VOTER last_known_private_addr { host: "yb-tserver-n1" port: 9100 } cloud_info { placement_cloud: "cloud1" placement_region: "datacenter1" placement_zone: "rack1" } } }, has_pending_config = 0
I0311 03:14:10.238739    28 consensus_meta.cc:317] T e778eac89ca24f2993340a6d09c687f8 P 096da8680d274dba91b50831a23bfd58: Updating active role from UNKNOWN_ROLE to FOLLOWER. Consensus state: current_term: 5 leader_uuid: "" config { opid_index: -1 peers { permanent_uuid: "096da8680d274dba91b50831a23bfd58" member_type: VOTER last_known_private_addr { host: "yb-tserver-n1" port: 9100 } cloud_info { placement_cloud: "cloud1" placement_region: "datacenter1" placement_zone: "rack1" } } }, has_pending_config = 0
I0311 03:14:10.238066    27 consensus_meta.cc:317] T ef19613afa234c5d943034489b070927 P 096da8680d274dba91b50831a23bfd58: Updating active role from UNKNOWN_ROLE to FOLLOWER. Consensus state: current_term: 5 leader_uuid: "" config { opid_index: -1 peers { permanent_uuid: "096da8680d274dba91b50831a23bfd58" member_type: VOTER last_known_private_addr { host: "yb-tserver-n1" port: 9100 } cloud_info { placement_cloud: "cloud1" placement_region: "datacenter1" placement_zone: "rack1" } } }, has_pending_config = 0
I0311 03:14:10.241083    30 consensus_meta.cc:317] T c47912c0b2714f58b34c56d0e2dc9025 P 096da8680d274dba91b50831a23bfd58: Updating active role from UNKNOWN_ROLE to FOLLOWER. Consensus state: current_term: 5 leader_uuid: "" config { opid_index: -1 peers { permanent_uuid: "096da8680d274dba91b50831a23bfd58" member_type: VOTER last_known_private_addr { host: "yb-tserver-n1" port: 9100 } cloud_info { placement_cloud: "cloud1" placement_region: "datacenter1" placement_zone: "rack1" } } }, has_pending_config = 0
I0311 03:14:10.251439     8 tablet_server_main.cc:233] Starting tablet server...
I0311 03:14:10.251847    29 tablet_peer.cc:1455] T df17b40b75664e0aaa44ec6687a7a233 P 096da8680d274dba91b50831a23bfd58 [state=BOOTSTRAPPING]: Changed state from NOT_STARTED to BOOTSTRAPPING
I0311 03:14:10.251919    27 tablet_peer.cc:1455] T ef19613afa234c5d943034489b070927 P 096da8680d274dba91b50831a23bfd58 [state=BOOTSTRAPPING]: Changed state from NOT_STARTED to BOOTSTRAPPING
I0311 03:14:10.251713    28 tablet_peer.cc:1455] T e778eac89ca24f2993340a6d09c687f8 P 096da8680d274dba91b50831a23bfd58 [state=BOOTSTRAPPING]: Changed state from NOT_STARTED to BOOTSTRAPPING
I0311 03:14:10.251969    30 tablet_peer.cc:1455] T c47912c0b2714f58b34c56d0e2dc9025 P 096da8680d274dba91b50831a23bfd58 [state=BOOTSTRAPPING]: Changed state from NOT_STARTED to BOOTSTRAPPING
I0311 03:14:10.252738     8 ulimit_util.cc:211] Configured soft limit for cpu time is already larger than specified min value (unlimited vs. unlimited). Skipping.
I0311 03:14:10.254071    27 tablet_bootstrap_if.cc:96] T ef19613afa234c5d943034489b070927 P 096da8680d274dba91b50831a23bfd58: Bootstrap starting.
I0311 03:14:10.254197    28 tablet_bootstrap_if.cc:96] T e778eac89ca24f2993340a6d09c687f8 P 096da8680d274dba91b50831a23bfd58: Bootstrap starting.
I0311 03:14:10.254220    30 tablet_bootstrap_if.cc:96] T c47912c0b2714f58b34c56d0e2dc9025 P 096da8680d274dba91b50831a23bfd58: Bootstrap starting.
I0311 03:14:10.254041    29 tablet_bootstrap_if.cc:96] T df17b40b75664e0aaa44ec6687a7a233 P 096da8680d274dba91b50831a23bfd58: Bootstrap starting.
I0311 03:14:10.254688     8 ulimit_util.cc:211] Configured soft limit for file size is already larger than specified min value (unlimited vs. unlimited). Skipping.
I0311 03:14:10.257148     8 ulimit_util.cc:211] Configured soft limit for data seg size is already larger than specified min value (unlimited vs. unlimited). Skipping.
I0311 03:14:10.257236    28 tablet.cc:455] T e778eac89ca24f2993340a6d09c687f8 P 096da8680d274dba91b50831a23bfd58: Schema version for transactions is 0
I0311 03:14:10.257077    27 tablet.cc:455] T ef19613afa234c5d943034489b070927 P 096da8680d274dba91b50831a23bfd58: Schema version for transactions is 0
I0311 03:14:10.257822     8 ulimit_util.cc:211] Configured soft limit for stack size is already larger than specified min value (8388608 vs. 8388608). Skipping.
I0311 03:14:10.257704    30 tablet.cc:455] T c47912c0b2714f58b34c56d0e2dc9025 P 096da8680d274dba91b50831a23bfd58: Schema version for transactions is 0
I0311 03:14:10.259945    29 tablet.cc:455] T df17b40b75664e0aaa44ec6687a7a233 P 096da8680d274dba91b50831a23bfd58: Schema version for transactions is 0
I0311 03:14:10.259989     8 ulimit_util.cc:211] Configured soft limit for max user processes is already larger than specified min value (unlimited vs. 12000). Skipping.
I0311 03:14:10.261233     8 ulimit_util.cc:211] Configured soft limit for open files is already larger than specified min value (1048576 vs. 1048576). Skipping.
I0311 03:14:10.261750     8 ulimit_util.cc:211] Configured soft limit for max locked memory is already larger than specified min value (65536 vs. 65536). Skipping.
I0311 03:14:10.262344     8 ulimit_util.cc:211] Configured soft limit for max memory size is already larger than specified min value (unlimited vs. unlimited). Skipping.
I0311 03:14:10.262861     8 tablet_server_main.cc:235] ulimit cur(max)...
ulimit: core file size 0(unlimited) blks
ulimit: data seg size unlimited(unlimited) kb
ulimit: open files 1048576(1048576)
ulimit: file size unlimited(unlimited) blks
ulimit: pending signals 30948(30948)
ulimit: file locks unlimited(unlimited)
ulimit: max locked memory 64(64) kb
ulimit: max memory size unlimited(unlimited) kb
ulimit: stack size 8192(unlimited) kb
ulimit: cpu time unlimited(unlimited) secs
ulimit: max user processes unlimited(unlimited)
I0311 03:14:10.265383     8 tablet_server.cc:390] Auto setting FLAGS_tablet_server_svc_num_threads to 160
I0311 03:14:10.266737     8 tablet_server.cc:398] Auto setting FLAGS_num_concurrent_backfills_allowed to 2
I0311 03:14:10.268388     8 tablet_server.cc:408] Auto setting FLAGS_ts_consensus_svc_num_threads to 160
I0311 03:14:10.271034    28 tablet_bootstrap.cc:639] T e778eac89ca24f2993340a6d09c687f8 P 096da8680d274dba91b50831a23bfd58: Time spent opening tablet: real 0.000s	user 0.000s	sys 0.000s
I0311 03:14:10.270956    27 tablet_bootstrap.cc:639] T ef19613afa234c5d943034489b070927 P 096da8680d274dba91b50831a23bfd58: Time spent opening tablet: real 0.000s	user 0.000s	sys 0.000s
I0311 03:14:10.270999    29 tablet_bootstrap.cc:639] T df17b40b75664e0aaa44ec6687a7a233 P 096da8680d274dba91b50831a23bfd58: Time spent opening tablet: real 0.000s	user 0.000s	sys 0.000s
I0311 03:14:10.270946    30 tablet_bootstrap.cc:639] T c47912c0b2714f58b34c56d0e2dc9025 P 096da8680d274dba91b50831a23bfd58: Time spent opening tablet: real 0.000s	user 0.000s	sys 0.000s
I0311 03:14:10.277140    33 async_initializer.cc:82] Starting to init ybclient
I0311 03:14:10.279522    30 tablet_bootstrap.cc:716] T c47912c0b2714f58b34c56d0e2dc9025 P 096da8680d274dba91b50831a23bfd58: Will attempt to recover log segment /mnt/tserver/yb-data/tserver/wals/table-929f7d28b7a2483c9b6c4652af3f6131/tablet-c47912c0b2714f58b34c56d0e2dc9025/wal-000000004
I0311 03:14:10.279346    27 tablet_bootstrap.cc:716] T ef19613afa234c5d943034489b070927 P 096da8680d274dba91b50831a23bfd58: Will attempt to recover log segment /mnt/tserver/yb-data/tserver/wals/table-929f7d28b7a2483c9b6c4652af3f6131/tablet-ef19613afa234c5d943034489b070927/wal-000000004
I0311 03:14:10.279318    29 tablet_bootstrap.cc:716] T df17b40b75664e0aaa44ec6687a7a233 P 096da8680d274dba91b50831a23bfd58: Will attempt to recover log segment /mnt/tserver/yb-data/tserver/wals/table-929f7d28b7a2483c9b6c4652af3f6131/tablet-df17b40b75664e0aaa44ec6687a7a233/wal-000000004
I0311 03:14:10.279295    28 tablet_bootstrap.cc:716] T e778eac89ca24f2993340a6d09c687f8 P 096da8680d274dba91b50831a23bfd58: Will attempt to recover log segment /mnt/tserver/yb-data/tserver/wals/table-929f7d28b7a2483c9b6c4652af3f6131/tablet-e778eac89ca24f2993340a6d09c687f8/wal-000000004
I0311 03:14:10.280048    30 tablet_bootstrap.cc:716] T c47912c0b2714f58b34c56d0e2dc9025 P 096da8680d274dba91b50831a23bfd58: Will attempt to recover log segment /mnt/tserver/yb-data/tserver/wals/table-929f7d28b7a2483c9b6c4652af3f6131/tablet-c47912c0b2714f58b34c56d0e2dc9025/wal-000000005
I0311 03:14:10.280333    27 tablet_bootstrap.cc:716] T ef19613afa234c5d943034489b070927 P 096da8680d274dba91b50831a23bfd58: Will attempt to recover log segment /mnt/tserver/yb-data/tserver/wals/table-929f7d28b7a2483c9b6c4652af3f6131/tablet-ef19613afa234c5d943034489b070927/wal-000000005
I0311 03:14:10.280612     8 service_pool.cc:153] yb.tserver.TabletServerBackupService: yb::rpc::ServicePoolImpl created at 0x4014fdefc0
I0311 03:14:10.280932    29 tablet_bootstrap.cc:716] T df17b40b75664e0aaa44ec6687a7a233 P 096da8680d274dba91b50831a23bfd58: Will attempt to recover log segment /mnt/tserver/yb-data/tserver/wals/table-929f7d28b7a2483c9b6c4652af3f6131/tablet-df17b40b75664e0aaa44ec6687a7a233/wal-000000005
I0311 03:14:10.281383    28 tablet_bootstrap.cc:716] T e778eac89ca24f2993340a6d09c687f8 P 096da8680d274dba91b50831a23bfd58: Will attempt to recover log segment /mnt/tserver/yb-data/tserver/wals/table-929f7d28b7a2483c9b6c4652af3f6131/tablet-e778eac89ca24f2993340a6d09c687f8/wal-000000005
I0311 03:14:10.283290    28 tablet_bootstrap.cc:1127] T e778eac89ca24f2993340a6d09c687f8 P 096da8680d274dba91b50831a23bfd58: Flushed DocDB OpIds: { regular: -1.-1 intents: -1.-1 }
I0311 03:14:10.282960    29 tablet_bootstrap.cc:1127] T df17b40b75664e0aaa44ec6687a7a233 P 096da8680d274dba91b50831a23bfd58: Flushed DocDB OpIds: { regular: -1.-1 intents: -1.-1 }
I0311 03:14:10.282928    35 client-internal.cc:2304] New master addresses: [yb-master-n1:7100]
I0311 03:14:10.282696    30 tablet_bootstrap.cc:1127] T c47912c0b2714f58b34c56d0e2dc9025 P 096da8680d274dba91b50831a23bfd58: Flushed DocDB OpIds: { regular: -1.-1 intents: -1.-1 }
I0311 03:14:10.282776    27 tablet_bootstrap.cc:1127] T ef19613afa234c5d943034489b070927 P 096da8680d274dba91b50831a23bfd58: Flushed DocDB OpIds: { regular: -1.-1 intents: -1.-1 }
I0311 03:14:10.284898     8 service_pool.cc:153] yb.cdc.CDCService: yb::rpc::ServicePoolImpl created at 0x4014fdf440
I0311 03:14:10.285161    28 tablet_bootstrap.cc:1288] T e778eac89ca24f2993340a6d09c687f8 P 096da8680d274dba91b50831a23bfd58: Max persistent index in RocksDB's SSTables before bootstrap: regular RocksDB: -1.-1; intents RocksDB: -1.-1
I0311 03:14:10.285372    29 tablet_bootstrap.cc:1288] T df17b40b75664e0aaa44ec6687a7a233 P 096da8680d274dba91b50831a23bfd58: Max persistent index in RocksDB's SSTables before bootstrap: regular RocksDB: -1.-1; intents RocksDB: -1.-1
I0311 03:14:10.286161    30 tablet_bootstrap.cc:1288] T c47912c0b2714f58b34c56d0e2dc9025 P 096da8680d274dba91b50831a23bfd58: Max persistent index in RocksDB's SSTables before bootstrap: regular RocksDB: -1.-1; intents RocksDB: -1.-1
I0311 03:14:10.288290    27 tablet_bootstrap.cc:1288] T ef19613afa234c5d943034489b070927 P 096da8680d274dba91b50831a23bfd58: Max persistent index in RocksDB's SSTables before bootstrap: regular RocksDB: -1.-1; intents RocksDB: -1.-1
I0311 03:14:10.294247    28 log.cc:1278] T e778eac89ca24f2993340a6d09c687f8 P 096da8680d274dba91b50831a23bfd58: Setting log wal retention time to 0 seconds
I0311 03:14:10.294715    27 log.cc:1278] T ef19613afa234c5d943034489b070927 P 096da8680d274dba91b50831a23bfd58: Setting log wal retention time to 0 seconds
I0311 03:14:10.294749    29 log.cc:1278] T df17b40b75664e0aaa44ec6687a7a233 P 096da8680d274dba91b50831a23bfd58: Setting log wal retention time to 0 seconds
I0311 03:14:10.294284    30 log.cc:1278] T c47912c0b2714f58b34c56d0e2dc9025 P 096da8680d274dba91b50831a23bfd58: Setting log wal retention time to 0 seconds
I0311 03:14:10.298835     8 tablet_server.cc:416] yb::tserver::TabletServiceImpl created at 0x4015026020
I0311 03:14:10.300825     8 service_pool.cc:153] yb.tserver.TabletServerService: yb::rpc::ServicePoolImpl created at 0x4014fdf680
I0311 03:14:10.301451    33 async_initializer.cc:86] Successfully built ybclient
I0311 03:14:10.308527     8 tablet_server.cc:421] yb::tserver::TabletServiceAdminImpl created at 0x4015296000
I0311 03:14:10.309487     8 service_pool.cc:153] yb.tserver.TabletServerAdminService: yb::rpc::ServicePoolImpl created at 0x4014fdf8c0
W0311 03:14:10.312381    27 log_util.cc:240] Could not read footer for segment: /mnt/tserver/yb-data/tserver/wals/table-929f7d28b7a2483c9b6c4652af3f6131/tablet-ef19613afa234c5d943034489b070927/wal-000000004: Not found (yb/consensus/log_util.cc:554): Footer not found. Footer magic doesn't match
W0311 03:14:10.312163    28 log_util.cc:240] Could not read footer for segment: /mnt/tserver/yb-data/tserver/wals/table-929f7d28b7a2483c9b6c4652af3f6131/tablet-e778eac89ca24f2993340a6d09c687f8/wal-000000004: Not found (yb/consensus/log_util.cc:554): Footer not found. Footer magic doesn't match
W0311 03:14:10.322124    28 log_reader.cc:192] T e778eac89ca24f2993340a6d09c687f8 P 096da8680d274dba91b50831a23bfd58: Log segment /mnt/tserver/yb-data/tserver/wals/table-929f7d28b7a2483c9b6c4652af3f6131/tablet-e778eac89ca24f2993340a6d09c687f8/wal-000000004 was likely left in-progress after a previous crash. Will try to rebuild footer by scanning data.
W0311 03:14:10.312215    30 log_util.cc:240] Could not read footer for segment: /mnt/tserver/yb-data/tserver/wals/table-929f7d28b7a2483c9b6c4652af3f6131/tablet-c47912c0b2714f58b34c56d0e2dc9025/wal-000000004: Not found (yb/consensus/log_util.cc:554): Footer not found. Footer magic doesn't match
I0311 03:14:10.316581     8 tablet_server.cc:427] yb::tserver::ConsensusServiceImpl created at 0x401522a000
W0311 03:14:10.321550    27 log_reader.cc:192] T ef19613afa234c5d943034489b070927 P 096da8680d274dba91b50831a23bfd58: Log segment /mnt/tserver/yb-data/tserver/wals/table-929f7d28b7a2483c9b6c4652af3f6131/tablet-ef19613afa234c5d943034489b070927/wal-000000004 was likely left in-progress after a previous crash. Will try to rebuild footer by scanning data.
I0311 03:14:10.323968     8 thread_pool.cc:170] Starting thread pool { name: TabletServer-high-pri queue_limit: 10000 max_workers: 1024 }
W0311 03:14:10.323374    30 log_reader.cc:192] T c47912c0b2714f58b34c56d0e2dc9025 P 096da8680d274dba91b50831a23bfd58: Log segment /mnt/tserver/yb-data/tserver/wals/table-929f7d28b7a2483c9b6c4652af3f6131/tablet-c47912c0b2714f58b34c56d0e2dc9025/wal-000000004 was likely left in-progress after a previous crash. Will try to rebuild footer by scanning data.
W0311 03:14:10.312259    29 log_util.cc:240] Could not read footer for segment: /mnt/tserver/yb-data/tserver/wals/table-929f7d28b7a2483c9b6c4652af3f6131/tablet-df17b40b75664e0aaa44ec6687a7a233/wal-000000004: Not found (yb/consensus/log_util.cc:554): Footer not found. Footer magic doesn't match
W0311 03:14:10.325619    29 log_reader.cc:192] T df17b40b75664e0aaa44ec6687a7a233 P 096da8680d274dba91b50831a23bfd58: Log segment /mnt/tserver/yb-data/tserver/wals/table-929f7d28b7a2483c9b6c4652af3f6131/tablet-df17b40b75664e0aaa44ec6687a7a233/wal-000000004 was likely left in-progress after a previous crash. Will try to rebuild footer by scanning data.
I0311 03:14:10.324596     8 service_pool.cc:153] yb.consensus.ConsensusService: yb::rpc::ServicePoolImpl created at 0x4014fdfd40
I0311 03:14:10.328227    27 log_util.cc:773] Scanning /mnt/tserver/yb-data/tserver/wals/table-929f7d28b7a2483c9b6c4652af3f6131/tablet-ef19613afa234c5d943034489b070927/wal-000000004 for valid entry headers following offset 195...
I0311 03:14:10.328410    30 log_util.cc:773] Scanning /mnt/tserver/yb-data/tserver/wals/table-929f7d28b7a2483c9b6c4652af3f6131/tablet-c47912c0b2714f58b34c56d0e2dc9025/wal-000000004 for valid entry headers following offset 195...
I0311 03:14:10.328423    28 log_util.cc:773] Scanning /mnt/tserver/yb-data/tserver/wals/table-929f7d28b7a2483c9b6c4652af3f6131/tablet-e778eac89ca24f2993340a6d09c687f8/wal-000000004 for valid entry headers following offset 195...
I0311 03:14:10.328248    29 log_util.cc:773] Scanning /mnt/tserver/yb-data/tserver/wals/table-929f7d28b7a2483c9b6c4652af3f6131/tablet-df17b40b75664e0aaa44ec6687a7a233/wal-000000004 for valid entry headers following offset 195...
I0311 03:14:10.336448     8 tablet_server.cc:436] yb::tserver::RemoteBootstrapServiceImpl created at 0x401522a800
I0311 03:14:10.339618     8 service_pool.cc:153] yb.tserver.RemoteBootstrapService: yb::rpc::ServicePoolImpl created at 0x4015500480
I0311 03:14:10.350826    30 log_util.cc:817] Found no log entry headers
I0311 03:14:10.355399    30 log_util.cc:666] Ignoring partially flushed segment in write ahead log /mnt/tserver/yb-data/tserver/wals/table-929f7d28b7a2483c9b6c4652af3f6131/tablet-c47912c0b2714f58b34c56d0e2dc9025/wal-000000004 because there are no log entries following this one. The server probably crashed in the middle of writing an entry to the write-ahead log or downloaded an active log via remote bootstrap. Error detail: Corruption (yb/consensus/log_util.cc:889): Invalid checksum in log entry head header: found=0, computed=2351477386: Failed trying to read batch #3 at offset 195 for log segment /mnt/tserver/yb-data/tserver/wals/table-929f7d28b7a2483c9b6c4652af3f6131/tablet-c47912c0b2714f58b34c56d0e2dc9025/wal-000000004: Prior batch offsets: 107 167 195; Last log entries read: [REPLICATE (4.4)]
I0311 03:14:10.357164    30 log_util.cc:285] Successfully rebuilt footer for segment: /mnt/tserver/yb-data/tserver/wals/table-929f7d28b7a2483c9b6c4652af3f6131/tablet-c47912c0b2714f58b34c56d0e2dc9025/wal-000000004 (valid entries through byte offset 195)
I0311 03:14:10.355531    28 log_util.cc:817] Found no log entry headers
I0311 03:14:10.355832    27 log_util.cc:817] Found no log entry headers
I0311 03:14:10.357709    29 log_util.cc:817] Found no log entry headers
I0311 03:14:10.355125     8 tablet_server.cc:445] yb::tserver::PgClientServiceImpl created at 0x4015223820
I0311 03:14:10.359359    28 log_util.cc:666] Ignoring partially flushed segment in write ahead log /mnt/tserver/yb-data/tserver/wals/table-929f7d28b7a2483c9b6c4652af3f6131/tablet-e778eac89ca24f2993340a6d09c687f8/wal-000000004 because there are no log entries following this one. The server probably crashed in the middle of writing an entry to the write-ahead log or downloaded an active log via remote bootstrap. Error detail: Corruption (yb/consensus/log_util.cc:889): Invalid checksum in log entry head header: found=0, computed=2351477386: Failed trying to read batch #3 at offset 195 for log segment /mnt/tserver/yb-data/tserver/wals/table-929f7d28b7a2483c9b6c4652af3f6131/tablet-e778eac89ca24f2993340a6d09c687f8/wal-000000004: Prior batch offsets: 107 167 195; Last log entries read: [REPLICATE (4.4)]
I0311 03:14:10.361001    28 log_util.cc:285] Successfully rebuilt footer for segment: /mnt/tserver/yb-data/tserver/wals/table-929f7d28b7a2483c9b6c4652af3f6131/tablet-e778eac89ca24f2993340a6d09c687f8/wal-000000004 (valid entries through byte offset 195)
I0311 03:14:10.360054    29 log_util.cc:666] Ignoring partially flushed segment in write ahead log /mnt/tserver/yb-data/tserver/wals/table-929f7d28b7a2483c9b6c4652af3f6131/tablet-df17b40b75664e0aaa44ec6687a7a233/wal-000000004 because there are no log entries following this one. The server probably crashed in the middle of writing an entry to the write-ahead log or downloaded an active log via remote bootstrap. Error detail: Corruption (yb/consensus/log_util.cc:889): Invalid checksum in log entry head header: found=0, computed=2351477386: Failed trying to read batch #3 at offset 195 for log segment /mnt/tserver/yb-data/tserver/wals/table-929f7d28b7a2483c9b6c4652af3f6131/tablet-df17b40b75664e0aaa44ec6687a7a233/wal-000000004: Prior batch offsets: 107 167 195; Last log entries read: [REPLICATE (4.4)]
I0311 03:14:10.361734    29 log_util.cc:285] Successfully rebuilt footer for segment: /mnt/tserver/yb-data/tserver/wals/table-929f7d28b7a2483c9b6c4652af3f6131/tablet-df17b40b75664e0aaa44ec6687a7a233/wal-000000004 (valid entries through byte offset 195)
I0311 03:14:10.359665    27 log_util.cc:666] Ignoring partially flushed segment in write ahead log /mnt/tserver/yb-data/tserver/wals/table-929f7d28b7a2483c9b6c4652af3f6131/tablet-ef19613afa234c5d943034489b070927/wal-000000004 because there are no log entries following this one. The server probably crashed in the middle of writing an entry to the write-ahead log or downloaded an active log via remote bootstrap. Error detail: Corruption (yb/consensus/log_util.cc:889): Invalid checksum in log entry head header: found=0, computed=2351477386: Failed trying to read batch #3 at offset 195 for log segment /mnt/tserver/yb-data/tserver/wals/table-929f7d28b7a2483c9b6c4652af3f6131/tablet-ef19613afa234c5d943034489b070927/wal-000000004: Prior batch offsets: 107 167 195; Last log entries read: [REPLICATE (4.4)]
W0311 03:14:10.361582    30 log_util.cc:240] Could not read footer for segment: /mnt/tserver/yb-data/tserver/wals/table-929f7d28b7a2483c9b6c4652af3f6131/tablet-c47912c0b2714f58b34c56d0e2dc9025/wal-000000005: Not found (yb/consensus/log_util.cc:554): Footer not found. Footer magic doesn't match
I0311 03:14:10.360566     8 service_pool.cc:153] yb.tserver.PgClientService: yb::rpc::ServicePoolImpl created at 0x40155006c0
I0311 03:14:10.362677    27 log_util.cc:285] Successfully rebuilt footer for segment: /mnt/tserver/yb-data/tserver/wals/table-929f7d28b7a2483c9b6c4652af3f6131/tablet-ef19613afa234c5d943034489b070927/wal-000000004 (valid entries through byte offset 195)
W0311 03:14:10.363435    30 log_reader.cc:192] T c47912c0b2714f58b34c56d0e2dc9025 P 096da8680d274dba91b50831a23bfd58: Log segment /mnt/tserver/yb-data/tserver/wals/table-929f7d28b7a2483c9b6c4652af3f6131/tablet-c47912c0b2714f58b34c56d0e2dc9025/wal-000000005 was likely left in-progress after a previous crash. Will try to rebuild footer by scanning data.
W0311 03:14:10.364017    28 log_util.cc:240] Could not read footer for segment: /mnt/tserver/yb-data/tserver/wals/table-929f7d28b7a2483c9b6c4652af3f6131/tablet-e778eac89ca24f2993340a6d09c687f8/wal-000000005: Not found (yb/consensus/log_util.cc:554): Footer not found. Footer magic doesn't match
I0311 03:14:10.364830    30 log_util.cc:773] Scanning /mnt/tserver/yb-data/tserver/wals/table-929f7d28b7a2483c9b6c4652af3f6131/tablet-c47912c0b2714f58b34c56d0e2dc9025/wal-000000005 for valid entry headers following offset 195...
W0311 03:14:10.372726    29 log_util.cc:240] Could not read footer for segment: /mnt/tserver/yb-data/tserver/wals/table-929f7d28b7a2483c9b6c4652af3f6131/tablet-df17b40b75664e0aaa44ec6687a7a233/wal-000000005: Not found (yb/consensus/log_util.cc:554): Footer not found. Footer magic doesn't match
I0311 03:14:10.369283     8 webserver.cc:307] Starting webserver on yb-tserver-n1:9000
I0311 03:14:10.376135     8 webserver.cc:312] Document root: /home/yugabyte/www
W0311 03:14:10.374274    27 log_util.cc:240] Could not read footer for segment: /mnt/tserver/yb-data/tserver/wals/table-929f7d28b7a2483c9b6c4652af3f6131/tablet-ef19613afa234c5d943034489b070927/wal-000000005: Not found (yb/consensus/log_util.cc:554): Footer not found. Footer magic doesn't match
W0311 03:14:10.374894    29 log_reader.cc:192] T df17b40b75664e0aaa44ec6687a7a233 P 096da8680d274dba91b50831a23bfd58: Log segment /mnt/tserver/yb-data/tserver/wals/table-929f7d28b7a2483c9b6c4652af3f6131/tablet-df17b40b75664e0aaa44ec6687a7a233/wal-000000005 was likely left in-progress after a previous crash. Will try to rebuild footer by scanning data.
W0311 03:14:10.365774    28 log_reader.cc:192] T e778eac89ca24f2993340a6d09c687f8 P 096da8680d274dba91b50831a23bfd58: Log segment /mnt/tserver/yb-data/tserver/wals/table-929f7d28b7a2483c9b6c4652af3f6131/tablet-e778eac89ca24f2993340a6d09c687f8/wal-000000005 was likely left in-progress after a previous crash. Will try to rebuild footer by scanning data.
W0311 03:14:10.379619    27 log_reader.cc:192] T ef19613afa234c5d943034489b070927 P 096da8680d274dba91b50831a23bfd58: Log segment /mnt/tserver/yb-data/tserver/wals/table-929f7d28b7a2483c9b6c4652af3f6131/tablet-ef19613afa234c5d943034489b070927/wal-000000005 was likely left in-progress after a previous crash. Will try to rebuild footer by scanning data.
I0311 03:14:10.379624     8 webserver.cc:302] Webserver listen spec is 192.168.112.5:9000
I0311 03:14:10.379985    30 log_util.cc:817] Found no log entry headers
I0311 03:14:10.380365    29 log_util.cc:773] Scanning /mnt/tserver/yb-data/tserver/wals/table-929f7d28b7a2483c9b6c4652af3f6131/tablet-df17b40b75664e0aaa44ec6687a7a233/wal-000000005 for valid entry headers following offset 195...
I0311 03:14:10.380915    28 log_util.cc:773] Scanning /mnt/tserver/yb-data/tserver/wals/table-929f7d28b7a2483c9b6c4652af3f6131/tablet-e778eac89ca24f2993340a6d09c687f8/wal-000000005 for valid entry headers following offset 195...
I0311 03:14:10.381681    27 log_util.cc:773] Scanning /mnt/tserver/yb-data/tserver/wals/table-929f7d28b7a2483c9b6c4652af3f6131/tablet-ef19613afa234c5d943034489b070927/wal-000000005 for valid entry headers following offset 195...
I0311 03:14:10.382159    30 log_util.cc:666] Ignoring partially flushed segment in write ahead log /mnt/tserver/yb-data/tserver/wals/table-929f7d28b7a2483c9b6c4652af3f6131/tablet-c47912c0b2714f58b34c56d0e2dc9025/wal-000000005 because there are no log entries following this one. The server probably crashed in the middle of writing an entry to the write-ahead log or downloaded an active log via remote bootstrap. Error detail: Corruption (yb/consensus/log_util.cc:889): Invalid checksum in log entry head header: found=0, computed=2351477386: Failed trying to read batch #3 at offset 195 for log segment /mnt/tserver/yb-data/tserver/wals/table-929f7d28b7a2483c9b6c4652af3f6131/tablet-c47912c0b2714f58b34c56d0e2dc9025/wal-000000005: Prior batch offsets: 107 167 195; Last log entries read: [REPLICATE (5.5)]
I0311 03:14:10.387492    30 log_util.cc:285] Successfully rebuilt footer for segment: /mnt/tserver/yb-data/tserver/wals/table-929f7d28b7a2483c9b6c4652af3f6131/tablet-c47912c0b2714f58b34c56d0e2dc9025/wal-000000005 (valid entries through byte offset 195)
I0311 03:14:10.384035     8 webserver.cc:418] Webserver started. Bound to: http://192.168.112.5:9000/
I0311 03:14:10.390548    30 log.cc:661] T c47912c0b2714f58b34c56d0e2dc9025 P 096da8680d274dba91b50831a23bfd58: Opened existing logs. Last segment is /mnt/tserver/yb-data/tserver/wals/table-929f7d28b7a2483c9b6c4652af3f6131/tablet-c47912c0b2714f58b34c56d0e2dc9025/wal-000000005
I0311 03:14:10.392807     8 service_pool.cc:153] yb.server.GenericService: yb::rpc::ServicePoolImpl created at 0x4015500900
I0311 03:14:10.394070    30 log.cc:676] interval_durable_wal_write_ms is turned on to sync every 1000 ms.
I0311 03:14:10.397334    30 tablet_bootstrap.cc:386] T c47912c0b2714f58b34c56d0e2dc9025 P 096da8680d274dba91b50831a23bfd58: Bootstrap optimizer (skip_flushed_entries): op_id_replay_lowest=-1.-1 (regular_op_id=-1.-1, intents_op_id=-1.-1, has_intents_db=0)
I0311 03:14:10.399004    30 tablet_bootstrap.cc:1237] T c47912c0b2714f58b34c56d0e2dc9025 P 096da8680d274dba91b50831a23bfd58: Segment /mnt/tserver/yb-data/tserver/wals/table-929f7d28b7a2483c9b6c4652af3f6131/tablet-c47912c0b2714f58b34c56d0e2dc9025/wal-000000005 cannot be used as the first segment to start replay with according to our OpId and retention criteria. Continuing to earlier segments.op_id=5.5, op_id_replay_lowest=-1.-1, first_op_time=7161964528.304s, min_seconds_to_retain_logs=660.000s, replay_from_this_or_earlier_time_was_initialized=0, *replay_from_this_or_earlier_time=7161963868.304s, is_first_op_id_low_enough=0, is_first_op_time_early_enough=0
I0311 03:14:10.398212    28 log_util.cc:817] Found no log entry headers
I0311 03:14:10.400399    27 log_util.cc:817] Found no log entry headers
I0311 03:14:10.400475    30 tablet_bootstrap.cc:1237] T c47912c0b2714f58b34c56d0e2dc9025 P 096da8680d274dba91b50831a23bfd58: Segment /mnt/tserver/yb-data/tserver/wals/table-929f7d28b7a2483c9b6c4652af3f6131/tablet-c47912c0b2714f58b34c56d0e2dc9025/wal-000000004 cannot be used as the first segment to start replay with according to our OpId and retention criteria. However, this is already the earliest segment so we have to start replay here. We should probably investigate how we got into this situation. op_id=4.4, op_id_replay_lowest=-1.-1, first_op_time=7161964525.424s, min_seconds_to_retain_logs=660.000s, replay_from_this_or_earlier_time_was_initialized=1, *replay_from_this_or_earlier_time=7161963868.304s, is_first_op_id_low_enough=0, is_first_op_time_early_enough=0
I0311 03:14:10.403234    30 tablet_bootstrap.cc:1250] T c47912c0b2714f58b34c56d0e2dc9025 P 096da8680d274dba91b50831a23bfd58: Bootstrap optimizer (skip_flushed_entries): will replay all segments starting from the very first one.
I0311 03:14:10.401168    29 log_util.cc:817] Found no log entry headers
I0311 03:14:10.402144    28 log_util.cc:666] Ignoring partially flushed segment in write ahead log /mnt/tserver/yb-data/tserver/wals/table-929f7d28b7a2483c9b6c4652af3f6131/tablet-e778eac89ca24f2993340a6d09c687f8/wal-000000005 because there are no log entries following this one. The server probably crashed in the middle of writing an entry to the write-ahead log or downloaded an active log via remote bootstrap. Error detail: Corruption (yb/consensus/log_util.cc:889): Invalid checksum in log entry head header: found=0, computed=2351477386: Failed trying to read batch #3 at offset 195 for log segment /mnt/tserver/yb-data/tserver/wals/table-929f7d28b7a2483c9b6c4652af3f6131/tablet-e778eac89ca24f2993340a6d09c687f8/wal-000000005: Prior batch offsets: 107 167 195; Last log entries read: [REPLICATE (5.5)]
I0311 03:14:10.402559    27 log_util.cc:666] Ignoring partially flushed segment in write ahead log /mnt/tserver/yb-data/tserver/wals/table-929f7d28b7a2483c9b6c4652af3f6131/tablet-ef19613afa234c5d943034489b070927/wal-000000005 because there are no log entries following this one. The server probably crashed in the middle of writing an entry to the write-ahead log or downloaded an active log via remote bootstrap. Error detail: Corruption (yb/consensus/log_util.cc:889): Invalid checksum in log entry head header: found=0, computed=2351477386: Failed trying to read batch #3 at offset 195 for log segment /mnt/tserver/yb-data/tserver/wals/table-929f7d28b7a2483c9b6c4652af3f6131/tablet-ef19613afa234c5d943034489b070927/wal-000000005: Prior batch offsets: 107 167 195; Last log entries read: [REPLICATE (5.5)]
I0311 03:14:10.400838     8 rpc_server.cc:173] RPC server started. Bound to: 192.168.112.5:9100
I0311 03:14:10.404036    29 log_util.cc:666] Ignoring partially flushed segment in write ahead log /mnt/tserver/yb-data/tserver/wals/table-929f7d28b7a2483c9b6c4652af3f6131/tablet-df17b40b75664e0aaa44ec6687a7a233/wal-000000005 because there are no log entries following this one. The server probably crashed in the middle of writing an entry to the write-ahead log or downloaded an active log via remote bootstrap. Error detail: Corruption (yb/consensus/log_util.cc:889): Invalid checksum in log entry head header: found=0, computed=2351477386: Failed trying to read batch #3 at offset 195 for log segment /mnt/tserver/yb-data/tserver/wals/table-929f7d28b7a2483c9b6c4652af3f6131/tablet-df17b40b75664e0aaa44ec6687a7a233/wal-000000005: Prior batch offsets: 107 167 195; Last log entries read: [REPLICATE (5.5)]
I0311 03:14:10.404361    28 log_util.cc:285] Successfully rebuilt footer for segment: /mnt/tserver/yb-data/tserver/wals/table-929f7d28b7a2483c9b6c4652af3f6131/tablet-e778eac89ca24f2993340a6d09c687f8/wal-000000005 (valid entries through byte offset 195)
I0311 03:14:10.404728    27 log_util.cc:285] Successfully rebuilt footer for segment: /mnt/tserver/yb-data/tserver/wals/table-929f7d28b7a2483c9b6c4652af3f6131/tablet-ef19613afa234c5d943034489b070927/wal-000000005 (valid entries through byte offset 195)
I0311 03:14:10.405496    29 log_util.cc:285] Successfully rebuilt footer for segment: /mnt/tserver/yb-data/tserver/wals/table-929f7d28b7a2483c9b6c4652af3f6131/tablet-df17b40b75664e0aaa44ec6687a7a233/wal-000000005 (valid entries through byte offset 195)
I0311 03:14:10.405579    39 async_initializer.cc:82] Starting to init ybclient
I0311 03:14:10.405970     8 db_server_base.cc:68] Node information: { hostname: '8ecfa0de7aa5', rpc_ip: '192.168.112.5', webserver_ip: '192.168.112.5', uuid: '096da8680d274dba91b50831a23bfd58' }
I0311 03:14:10.406070    28 log.cc:661] T e778eac89ca24f2993340a6d09c687f8 P 096da8680d274dba91b50831a23bfd58: Opened existing logs. Last segment is /mnt/tserver/yb-data/tserver/wals/table-929f7d28b7a2483c9b6c4652af3f6131/tablet-e778eac89ca24f2993340a6d09c687f8/wal-000000005
I0311 03:14:10.406407    27 log.cc:661] T ef19613afa234c5d943034489b070927 P 096da8680d274dba91b50831a23bfd58: Opened existing logs. Last segment is /mnt/tserver/yb-data/tserver/wals/table-929f7d28b7a2483c9b6c4652af3f6131/tablet-ef19613afa234c5d943034489b070927/wal-000000005
I0311 03:14:10.408958    27 tablet_bootstrap.cc:386] T ef19613afa234c5d943034489b070927 P 096da8680d274dba91b50831a23bfd58: Bootstrap optimizer (skip_flushed_entries): op_id_replay_lowest=-1.-1 (regular_op_id=-1.-1, intents_op_id=-1.-1, has_intents_db=0)
I0311 03:14:10.409260    30 tablet_bootstrap_if.cc:96] T c47912c0b2714f58b34c56d0e2dc9025 P 096da8680d274dba91b50831a23bfd58: Bootstrap replayed 1/2 log segments. Read operations: 1, overwritten operations: 0. Pending: 1 replicates. Last read committed op id: 4.4, last entry metadata: { entry_time: 7161964525.424s offset: 107 active_segment_sequence_number: 4 }, last read entry op id: 4.4
I0311 03:14:10.406731    29 log.cc:661] T df17b40b75664e0aaa44ec6687a7a233 P 096da8680d274dba91b50831a23bfd58: Opened existing logs. Last segment is /mnt/tserver/yb-data/tserver/wals/table-929f7d28b7a2483c9b6c4652af3f6131/tablet-df17b40b75664e0aaa44ec6687a7a233/wal-000000005
I0311 03:14:10.408671    28 tablet_bootstrap.cc:386] T e778eac89ca24f2993340a6d09c687f8 P 096da8680d274dba91b50831a23bfd58: Bootstrap optimizer (skip_flushed_entries): op_id_replay_lowest=-1.-1 (regular_op_id=-1.-1, intents_op_id=-1.-1, has_intents_db=0)
I0311 03:14:10.409358    27 tablet_bootstrap.cc:1237] T ef19613afa234c5d943034489b070927 P 096da8680d274dba91b50831a23bfd58: Segment /mnt/tserver/yb-data/tserver/wals/table-929f7d28b7a2483c9b6c4652af3f6131/tablet-ef19613afa234c5d943034489b070927/wal-000000005 cannot be used as the first segment to start replay with according to our OpId and retention criteria. Continuing to earlier segments.op_id=5.5, op_id_replay_lowest=-1.-1, first_op_time=3976846278.493s, min_seconds_to_retain_logs=660.000s, replay_from_this_or_earlier_time_was_initialized=0, *replay_from_this_or_earlier_time=3976845618.493s, is_first_op_id_low_enough=0, is_first_op_time_early_enough=0
I0311 03:14:10.409538    40 client-internal.cc:2304] New master addresses: [yb-master-n1:7100]
I0311 03:14:10.409698     8 ts_tablet_manager.cc:637] Split tablets cleanup monitor started...
I0311 03:14:10.410197    30 tablet_bootstrap_if.cc:96] T c47912c0b2714f58b34c56d0e2dc9025 P 096da8680d274dba91b50831a23bfd58: Bootstrap replayed 2/2 log segments. Read operations: 2, overwritten operations: 0. Pending: 1 replicates. Last read committed op id: 5.5, last entry metadata: { entry_time: 7161964528.304s offset: 107 active_segment_sequence_number: 5 }, last read entry op id: 5.5
I0311 03:14:10.410182    29 tablet_bootstrap.cc:386] T df17b40b75664e0aaa44ec6687a7a233 P 096da8680d274dba91b50831a23bfd58: Bootstrap optimizer (skip_flushed_entries): op_id_replay_lowest=-1.-1 (regular_op_id=-1.-1, intents_op_id=-1.-1, has_intents_db=0)
I0311 03:14:10.410557    28 tablet_bootstrap.cc:1237] T e778eac89ca24f2993340a6d09c687f8 P 096da8680d274dba91b50831a23bfd58: Segment /mnt/tserver/yb-data/tserver/wals/table-929f7d28b7a2483c9b6c4652af3f6131/tablet-e778eac89ca24f2993340a6d09c687f8/wal-000000005 cannot be used as the first segment to start replay with according to our OpId and retention criteria. Continuing to earlier segments.op_id=5.5, op_id_replay_lowest=-1.-1, first_op_time=3919098790.517s, min_seconds_to_retain_logs=660.000s, replay_from_this_or_earlier_time_was_initialized=0, *replay_from_this_or_earlier_time=3919098130.517s, is_first_op_id_low_enough=0, is_first_op_time_early_enough=0
I0311 03:14:10.410815    27 tablet_bootstrap.cc:1237] T ef19613afa234c5d943034489b070927 P 096da8680d274dba91b50831a23bfd58: Segment /mnt/tserver/yb-data/tserver/wals/table-929f7d28b7a2483c9b6c4652af3f6131/tablet-ef19613afa234c5d943034489b070927/wal-000000004 cannot be used as the first segment to start replay with according to our OpId and retention criteria. However, this is already the earliest segment so we have to start replay here. We should probably investigate how we got into this situation. op_id=4.4, op_id_replay_lowest=-1.-1, first_op_time=3976846275.614s, min_seconds_to_retain_logs=660.000s, replay_from_this_or_earlier_time_was_initialized=1, *replay_from_this_or_earlier_time=3976845618.493s, is_first_op_id_low_enough=0, is_first_op_time_early_enough=0
I0311 03:14:10.411396    39 async_initializer.cc:86] Successfully built ybclient
I0311 03:14:10.411406     8 ts_tablet_manager.cc:647] Tablet data verification is disabled by verify_tablet_data_interval_sec flag set to 0
I0311 03:14:10.413421     8 ts_tablet_manager.cc:653] Old metrics cleanup task started...
I0311 03:14:10.411741    30 tablet_bootstrap.cc:1405] T c47912c0b2714f58b34c56d0e2dc9025 P 096da8680d274dba91b50831a23bfd58: Dumping replay state to log at the end of PlaySegments
I0311 03:14:10.411931    29 tablet_bootstrap.cc:1237] T df17b40b75664e0aaa44ec6687a7a233 P 096da8680d274dba91b50831a23bfd58: Segment /mnt/tserver/yb-data/tserver/wals/table-929f7d28b7a2483c9b6c4652af3f6131/tablet-df17b40b75664e0aaa44ec6687a7a233/wal-000000005 cannot be used as the first segment to start replay with according to our OpId and retention criteria. Continuing to earlier segments.op_id=5.5, op_id_replay_lowest=-1.-1, first_op_time=3990591269.147s, min_seconds_to_retain_logs=660.000s, replay_from_this_or_earlier_time_was_initialized=0, *replay_from_this_or_earlier_time=3990590609.147s, is_first_op_id_low_enough=0, is_first_op_time_early_enough=0
I0311 03:14:10.412523    28 tablet_bootstrap.cc:1237] T e778eac89ca24f2993340a6d09c687f8 P 096da8680d274dba91b50831a23bfd58: Segment /mnt/tserver/yb-data/tserver/wals/table-929f7d28b7a2483c9b6c4652af3f6131/tablet-e778eac89ca24f2993340a6d09c687f8/wal-000000004 cannot be used as the first segment to start replay with according to our OpId and retention criteria. However, this is already the earliest segment so we have to start replay here. We should probably investigate how we got into this situation. op_id=4.4, op_id_replay_lowest=-1.-1, first_op_time=3919098786.896s, min_seconds_to_retain_logs=660.000s, replay_from_this_or_earlier_time_was_initialized=1, *replay_from_this_or_earlier_time=3919098130.517s, is_first_op_id_low_enough=0, is_first_op_time_early_enough=0
I0311 03:14:10.412784    27 tablet_bootstrap.cc:1250] T ef19613afa234c5d943034489b070927 P 096da8680d274dba91b50831a23bfd58: Bootstrap optimizer (skip_flushed_entries): will replay all segments starting from the very first one.
I0311 03:14:10.415016    29 tablet_bootstrap.cc:1237] T df17b40b75664e0aaa44ec6687a7a233 P 096da8680d274dba91b50831a23bfd58: Segment /mnt/tserver/yb-data/tserver/wals/table-929f7d28b7a2483c9b6c4652af3f6131/tablet-df17b40b75664e0aaa44ec6687a7a233/wal-000000004 cannot be used as the first segment to start replay with according to our OpId and retention criteria. However, this is already the earliest segment so we have to start replay here. We should probably investigate how we got into this situation. op_id=4.4, op_id_replay_lowest=-1.-1, first_op_time=3990591266.698s, min_seconds_to_retain_logs=660.000s, replay_from_this_or_earlier_time_was_initialized=1, *replay_from_this_or_earlier_time=3990590609.147s, is_first_op_id_low_enough=0, is_first_op_time_early_enough=0
I0311 03:14:10.415282    28 tablet_bootstrap.cc:1250] T e778eac89ca24f2993340a6d09c687f8 P 096da8680d274dba91b50831a23bfd58: Bootstrap optimizer (skip_flushed_entries): will replay all segments starting from the very first one.
I0311 03:14:10.415386    30 tablet_bootstrap.cc:1101] T c47912c0b2714f58b34c56d0e2dc9025 P 096da8680d274dba91b50831a23bfd58: ReplayState: Previous OpId: 5.5, Committed OpId: 5.5, Pending Replicates: 0, Flushed Regular: -1.-1, Flushed Intents: -1.-1
I0311 03:14:10.416147     8 tablet_server_main.cc:237] Tablet server successfully started.
I0311 03:14:10.416527    29 tablet_bootstrap.cc:1250] T df17b40b75664e0aaa44ec6687a7a233 P 096da8680d274dba91b50831a23bfd58: Bootstrap optimizer (skip_flushed_entries): will replay all segments starting from the very first one.
I0311 03:14:10.420630    30 tablet_bootstrap.cc:1101] T c47912c0b2714f58b34c56d0e2dc9025 P 096da8680d274dba91b50831a23bfd58: Log entries applied to RocksDB: 2
