I0311 03:21:02.516201    30 tablet_bootstrap.cc:1237] T 974d5dc4624a4cc8ba8333f193777a6e P 096da8680d274dba91b50831a23bfd58: Segment /mnt/tserver/yb-data/tserver/wals/table-929f7d28b7a2483c9b6c4652af3f6131/tablet-974d5dc4624a4cc8ba8333f193777a6e/wal-000000006 cannot be used as the first segment to start replay with according to our OpId and retention criteria. Continuing to earlier segments.op_id=6.6, op_id_replay_lowest=-1.-1, first_op_time=3978764930.036s, min_seconds_to_retain_logs=660.000s, replay_from_this_or_earlier_time_was_initialized=1, *replay_from_this_or_earlier_time=3978764277.048s, is_first_op_id_low_enough=0, is_first_op_time_early_enough=0
I0311 03:21:02.535725    30 tablet_bootstrap.cc:1237] T 974d5dc4624a4cc8ba8333f193777a6e P 096da8680d274dba91b50831a23bfd58: Segment /mnt/tserver/yb-data/tserver/wals/table-929f7d28b7a2483c9b6c4652af3f6131/tablet-974d5dc4624a4cc8ba8333f193777a6e/wal-000000005 cannot be used as the first segment to start replay with according to our OpId and retention criteria. However, this is already the earliest segment so we have to start replay here. We should probably investigate how we got into this situation. op_id=5.5, op_id_replay_lowest=-1.-1, first_op_time=3978764927.003s, min_seconds_to_retain_logs=660.000s, replay_from_this_or_earlier_time_was_initialized=1, *replay_from_this_or_earlier_time=3978764277.048s, is_first_op_id_low_enough=0, is_first_op_time_early_enough=0
I0311 03:21:02.534086    28 log_util.cc:285] Successfully rebuilt footer for segment: /mnt/tserver/yb-data/tserver/wals/table-929f7d28b7a2483c9b6c4652af3f6131/tablet-3a76ab24970d40ef859dfa774b11abe1/wal-000000008 (valid entries through byte offset 195)
I0311 03:21:02.548427    28 log.cc:661] T 3a76ab24970d40ef859dfa774b11abe1 P 096da8680d274dba91b50831a23bfd58: Opened existing logs. Last segment is /mnt/tserver/yb-data/tserver/wals/table-929f7d28b7a2483c9b6c4652af3f6131/tablet-3a76ab24970d40ef859dfa774b11abe1/wal-000000008
I0311 03:21:02.550287    28 tablet_bootstrap.cc:386] T 3a76ab24970d40ef859dfa774b11abe1 P 096da8680d274dba91b50831a23bfd58: Bootstrap optimizer (skip_flushed_entries): op_id_replay_lowest=-1.-1 (regular_op_id=-1.-1, intents_op_id=-1.-1, has_intents_db=0)
I0311 03:21:02.555045    27 log_util.cc:817] Found no log entry headers
I0311 03:21:02.556028    27 log_util.cc:666] Ignoring partially flushed segment in write ahead log /mnt/tserver/yb-data/tserver/wals/table-929f7d28b7a2483c9b6c4652af3f6131/tablet-5c82d2d282b24c23a5a85eaa9b3797e3/wal-000000008 because there are no log entries following this one. The server probably crashed in the middle of writing an entry to the write-ahead log or downloaded an active log via remote bootstrap. Error detail: Corruption (yb/consensus/log_util.cc:889): Invalid checksum in log entry head header: found=0, computed=2351477386: Failed trying to read batch #3 at offset 195 for log segment /mnt/tserver/yb-data/tserver/wals/table-929f7d28b7a2483c9b6c4652af3f6131/tablet-5c82d2d282b24c23a5a85eaa9b3797e3/wal-000000008: Prior batch offsets: 107 167 195; Last log entries read: [REPLICATE (8.8)]
I0311 03:21:02.522287    29 tablet_bootstrap.cc:1237] T 22d66049cb9c4419a35469ea8c2c36bc P 096da8680d274dba91b50831a23bfd58: Segment /mnt/tserver/yb-data/tserver/wals/table-929f7d28b7a2483c9b6c4652af3f6131/tablet-22d66049cb9c4419a35469ea8c2c36bc/wal-000000006 cannot be used as the first segment to start replay with according to our OpId and retention criteria. Continuing to earlier segments.op_id=6.6, op_id_replay_lowest=-1.-1, first_op_time=7147944465.645s, min_seconds_to_retain_logs=660.000s, replay_from_this_or_earlier_time_was_initialized=1, *replay_from_this_or_earlier_time=7147943811.688s, is_first_op_id_low_enough=0, is_first_op_time_early_enough=0
I0311 03:21:02.554905    28 tablet_bootstrap.cc:1237] T 3a76ab24970d40ef859dfa774b11abe1 P 096da8680d274dba91b50831a23bfd58: Segment /mnt/tserver/yb-data/tserver/wals/table-929f7d28b7a2483c9b6c4652af3f6131/tablet-3a76ab24970d40ef859dfa774b11abe1/wal-000000008 cannot be used as the first segment to start replay with according to our OpId and retention criteria. Continuing to earlier segments.op_id=8.8, op_id_replay_lowest=-1.-1, first_op_time=3544782176.446s, min_seconds_to_retain_logs=660.000s, replay_from_this_or_earlier_time_was_initialized=0, *replay_from_this_or_earlier_time=3544781516.446s, is_first_op_id_low_enough=0, is_first_op_time_early_enough=0
I0311 03:21:02.557823    28 tablet_bootstrap.cc:1237] T 3a76ab24970d40ef859dfa774b11abe1 P 096da8680d274dba91b50831a23bfd58: Segment /mnt/tserver/yb-data/tserver/wals/table-929f7d28b7a2483c9b6c4652af3f6131/tablet-3a76ab24970d40ef859dfa774b11abe1/wal-000000007 cannot be used as the first segment to start replay with according to our OpId and retention criteria. Continuing to earlier segments.op_id=7.7, op_id_replay_lowest=-1.-1, first_op_time=3544782173.049s, min_seconds_to_retain_logs=660.000s, replay_from_this_or_earlier_time_was_initialized=1, *replay_from_this_or_earlier_time=3544781516.446s, is_first_op_id_low_enough=0, is_first_op_time_early_enough=0
I0311 03:21:02.556964    27 log_util.cc:285] Successfully rebuilt footer for segment: /mnt/tserver/yb-data/tserver/wals/table-929f7d28b7a2483c9b6c4652af3f6131/tablet-5c82d2d282b24c23a5a85eaa9b3797e3/wal-000000008 (valid entries through byte offset 195)
I0311 03:21:02.557426    29 tablet_bootstrap.cc:1237] T 22d66049cb9c4419a35469ea8c2c36bc P 096da8680d274dba91b50831a23bfd58: Segment /mnt/tserver/yb-data/tserver/wals/table-929f7d28b7a2483c9b6c4652af3f6131/tablet-22d66049cb9c4419a35469ea8c2c36bc/wal-000000005 cannot be used as the first segment to start replay with according to our OpId and retention criteria. However, this is already the earliest segment so we have to start replay here. We should probably investigate how we got into this situation. op_id=5.5, op_id_replay_lowest=-1.-1, first_op_time=7147944462.201s, min_seconds_to_retain_logs=660.000s, replay_from_this_or_earlier_time_was_initialized=1, *replay_from_this_or_earlier_time=7147943811.688s, is_first_op_id_low_enough=0, is_first_op_time_early_enough=0
I0311 03:21:02.547472    30 tablet_bootstrap.cc:1250] T 974d5dc4624a4cc8ba8333f193777a6e P 096da8680d274dba91b50831a23bfd58: Bootstrap optimizer (skip_flushed_entries): will replay all segments starting from the very first one.
I0311 03:21:02.558427    28 tablet_bootstrap.cc:1237] T 3a76ab24970d40ef859dfa774b11abe1 P 096da8680d274dba91b50831a23bfd58: Segment /mnt/tserver/yb-data/tserver/wals/table-929f7d28b7a2483c9b6c4652af3f6131/tablet-3a76ab24970d40ef859dfa774b11abe1/wal-000000006 cannot be used as the first segment to start replay with according to our OpId and retention criteria. Continuing to earlier segments.op_id=6.6, op_id_replay_lowest=-1.-1, first_op_time=3544782169.773s, min_seconds_to_retain_logs=660.000s, replay_from_this_or_earlier_time_was_initialized=1, *replay_from_this_or_earlier_time=3544781516.446s, is_first_op_id_low_enough=0, is_first_op_time_early_enough=0
I0311 03:21:02.560320    28 tablet_bootstrap.cc:1237] T 3a76ab24970d40ef859dfa774b11abe1 P 096da8680d274dba91b50831a23bfd58: Segment /mnt/tserver/yb-data/tserver/wals/table-929f7d28b7a2483c9b6c4652af3f6131/tablet-3a76ab24970d40ef859dfa774b11abe1/wal-000000005 cannot be used as the first segment to start replay with according to our OpId and retention criteria. However, this is already the earliest segment so we have to start replay here. We should probably investigate how we got into this situation. op_id=5.5, op_id_replay_lowest=-1.-1, first_op_time=3544782166.377s, min_seconds_to_retain_logs=660.000s, replay_from_this_or_earlier_time_was_initialized=1, *replay_from_this_or_earlier_time=3544781516.446s, is_first_op_id_low_enough=0, is_first_op_time_early_enough=0
I0311 03:21:02.559074    29 tablet_bootstrap.cc:1250] T 22d66049cb9c4419a35469ea8c2c36bc P 096da8680d274dba91b50831a23bfd58: Bootstrap optimizer (skip_flushed_entries): will replay all segments starting from the very first one.
I0311 03:21:02.558743    27 log.cc:661] T 5c82d2d282b24c23a5a85eaa9b3797e3 P 096da8680d274dba91b50831a23bfd58: Opened existing logs. Last segment is /mnt/tserver/yb-data/tserver/wals/table-929f7d28b7a2483c9b6c4652af3f6131/tablet-5c82d2d282b24c23a5a85eaa9b3797e3/wal-000000008
I0311 03:21:02.562724    27 tablet_bootstrap.cc:386] T 5c82d2d282b24c23a5a85eaa9b3797e3 P 096da8680d274dba91b50831a23bfd58: Bootstrap optimizer (skip_flushed_entries): op_id_replay_lowest=-1.-1 (regular_op_id=-1.-1, intents_op_id=-1.-1, has_intents_db=0)
I0311 03:21:02.560969    28 tablet_bootstrap.cc:1250] T 3a76ab24970d40ef859dfa774b11abe1 P 096da8680d274dba91b50831a23bfd58: Bootstrap optimizer (skip_flushed_entries): will replay all segments starting from the very first one.
I0311 03:21:02.563285    27 tablet_bootstrap.cc:1237] T 5c82d2d282b24c23a5a85eaa9b3797e3 P 096da8680d274dba91b50831a23bfd58: Segment /mnt/tserver/yb-data/tserver/wals/table-929f7d28b7a2483c9b6c4652af3f6131/tablet-5c82d2d282b24c23a5a85eaa9b3797e3/wal-000000008 cannot be used as the first segment to start replay with according to our OpId and retention criteria. Continuing to earlier segments.op_id=8.8, op_id_replay_lowest=-1.-1, first_op_time=3977690713.966s, min_seconds_to_retain_logs=660.000s, replay_from_this_or_earlier_time_was_initialized=0, *replay_from_this_or_earlier_time=3977690053.966s, is_first_op_id_low_enough=0, is_first_op_time_early_enough=0
I0311 03:21:02.564081    30 tablet_bootstrap_if.cc:96] T 974d5dc4624a4cc8ba8333f193777a6e P 096da8680d274dba91b50831a23bfd58: Bootstrap replayed 1/4 log segments. Read operations: 1, overwritten operations: 0. Pending: 1 replicates. Last read committed op id: 5.5, last entry metadata: { entry_time: 3978764927.003s offset: 107 active_segment_sequence_number: 5 }, last read entry op id: 5.5
I0311 03:21:02.566805    30 tablet_bootstrap_if.cc:96] T 974d5dc4624a4cc8ba8333f193777a6e P 096da8680d274dba91b50831a23bfd58: Bootstrap replayed 2/4 log segments. Read operations: 2, overwritten operations: 0. Pending: 1 replicates. Last read committed op id: 6.6, last entry metadata: { entry_time: 3978764930.036s offset: 107 active_segment_sequence_number: 6 }, last read entry op id: 6.6
I0311 03:21:02.565569    27 tablet_bootstrap.cc:1237] T 5c82d2d282b24c23a5a85eaa9b3797e3 P 096da8680d274dba91b50831a23bfd58: Segment /mnt/tserver/yb-data/tserver/wals/table-929f7d28b7a2483c9b6c4652af3f6131/tablet-5c82d2d282b24c23a5a85eaa9b3797e3/wal-000000007 cannot be used as the first segment to start replay with according to our OpId and retention criteria. Continuing to earlier segments.op_id=7.7, op_id_replay_lowest=-1.-1, first_op_time=3977690710.210s, min_seconds_to_retain_logs=660.000s, replay_from_this_or_earlier_time_was_initialized=1, *replay_from_this_or_earlier_time=3977690053.966s, is_first_op_id_low_enough=0, is_first_op_time_early_enough=0
I0311 03:21:02.569095    27 tablet_bootstrap.cc:1237] T 5c82d2d282b24c23a5a85eaa9b3797e3 P 096da8680d274dba91b50831a23bfd58: Segment /mnt/tserver/yb-data/tserver/wals/table-929f7d28b7a2483c9b6c4652af3f6131/tablet-5c82d2d282b24c23a5a85eaa9b3797e3/wal-000000006 cannot be used as the first segment to start replay with according to our OpId and retention criteria. Continuing to earlier segments.op_id=6.6, op_id_replay_lowest=-1.-1, first_op_time=3977690706.917s, min_seconds_to_retain_logs=660.000s, replay_from_this_or_earlier_time_was_initialized=1, *replay_from_this_or_earlier_time=3977690053.966s, is_first_op_id_low_enough=0, is_first_op_time_early_enough=0
I0311 03:21:02.583072    27 tablet_bootstrap.cc:1237] T 5c82d2d282b24c23a5a85eaa9b3797e3 P 096da8680d274dba91b50831a23bfd58: Segment /mnt/tserver/yb-data/tserver/wals/table-929f7d28b7a2483c9b6c4652af3f6131/tablet-5c82d2d282b24c23a5a85eaa9b3797e3/wal-000000005 cannot be used as the first segment to start replay with according to our OpId and retention criteria. However, this is already the earliest segment so we have to start replay here. We should probably investigate how we got into this situation. op_id=5.5, op_id_replay_lowest=-1.-1, first_op_time=3977690703.997s, min_seconds_to_retain_logs=660.000s, replay_from_this_or_earlier_time_was_initialized=1, *replay_from_this_or_earlier_time=3977690053.966s, is_first_op_id_low_enough=0, is_first_op_time_early_enough=0
I0311 03:21:02.567840    30 tablet_bootstrap_if.cc:96] T 974d5dc4624a4cc8ba8333f193777a6e P 096da8680d274dba91b50831a23bfd58: Bootstrap replayed 3/4 log segments. Read operations: 3, overwritten operations: 0. Pending: 1 replicates. Last read committed op id: 7.7, last entry metadata: { entry_time: 3978764933.334s offset: 107 active_segment_sequence_number: 7 }, last read entry op id: 7.7
I0311 03:21:02.583257    28 tablet_bootstrap_if.cc:96] T 3a76ab24970d40ef859dfa774b11abe1 P 096da8680d274dba91b50831a23bfd58: Bootstrap replayed 1/4 log segments. Read operations: 1, overwritten operations: 0. Pending: 1 replicates. Last read committed op id: 5.5, last entry metadata: { entry_time: 3544782166.377s offset: 107 active_segment_sequence_number: 5 }, last read entry op id: 5.5
I0311 03:21:02.584131    27 tablet_bootstrap.cc:1250] T 5c82d2d282b24c23a5a85eaa9b3797e3 P 096da8680d274dba91b50831a23bfd58: Bootstrap optimizer (skip_flushed_entries): will replay all segments starting from the very first one.
I0311 03:21:02.584213    29 tablet_bootstrap_if.cc:96] T 22d66049cb9c4419a35469ea8c2c36bc P 096da8680d274dba91b50831a23bfd58: Bootstrap replayed 1/4 log segments. Read operations: 1, overwritten operations: 0. Pending: 1 replicates. Last read committed op id: 5.5, last entry metadata: { entry_time: 7147944462.201s offset: 107 active_segment_sequence_number: 5 }, last read entry op id: 5.5
I0311 03:21:02.586233    30 tablet_bootstrap_if.cc:96] T 974d5dc4624a4cc8ba8333f193777a6e P 096da8680d274dba91b50831a23bfd58: Bootstrap replayed 4/4 log segments. Read operations: 4, overwritten operations: 0. Pending: 1 replicates. Last read committed op id: 8.8, last entry metadata: { entry_time: 3978764937.048s offset: 107 active_segment_sequence_number: 8 }, last read entry op id: 8.8
I0311 03:21:02.587136    28 tablet_bootstrap_if.cc:96] T 3a76ab24970d40ef859dfa774b11abe1 P 096da8680d274dba91b50831a23bfd58: Bootstrap replayed 2/4 log segments. Read operations: 2, overwritten operations: 0. Pending: 1 replicates. Last read committed op id: 6.6, last entry metadata: { entry_time: 3544782169.773s offset: 107 active_segment_sequence_number: 6 }, last read entry op id: 6.6
I0311 03:21:02.589056    29 tablet_bootstrap_if.cc:96] T 22d66049cb9c4419a35469ea8c2c36bc P 096da8680d274dba91b50831a23bfd58: Bootstrap replayed 2/4 log segments. Read operations: 2, overwritten operations: 0. Pending: 1 replicates. Last read committed op id: 6.6, last entry metadata: { entry_time: 7147944465.645s offset: 107 active_segment_sequence_number: 6 }, last read entry op id: 6.6
I0311 03:21:02.589566    30 tablet_bootstrap.cc:1405] T 974d5dc4624a4cc8ba8333f193777a6e P 096da8680d274dba91b50831a23bfd58: Dumping replay state to log at the end of PlaySegments
I0311 03:21:02.590494    28 tablet_bootstrap_if.cc:96] T 3a76ab24970d40ef859dfa774b11abe1 P 096da8680d274dba91b50831a23bfd58: Bootstrap replayed 3/4 log segments. Read operations: 3, overwritten operations: 0. Pending: 1 replicates. Last read committed op id: 7.7, last entry metadata: { entry_time: 3544782173.049s offset: 107 active_segment_sequence_number: 7 }, last read entry op id: 7.7
I0311 03:21:02.590852    29 tablet_bootstrap_if.cc:96] T 22d66049cb9c4419a35469ea8c2c36bc P 096da8680d274dba91b50831a23bfd58: Bootstrap replayed 3/4 log segments. Read operations: 3, overwritten operations: 0. Pending: 1 replicates. Last read committed op id: 7.7, last entry metadata: { entry_time: 7147944468.926s offset: 107 active_segment_sequence_number: 7 }, last read entry op id: 7.7
I0311 03:21:02.591804    30 tablet_bootstrap.cc:1101] T 974d5dc4624a4cc8ba8333f193777a6e P 096da8680d274dba91b50831a23bfd58: ReplayState: Previous OpId: 8.8, Committed OpId: 8.8, Pending Replicates: 0, Flushed Regular: -1.-1, Flushed Intents: -1.-1
I0311 03:21:02.593863    30 tablet_bootstrap.cc:1101] T 974d5dc4624a4cc8ba8333f193777a6e P 096da8680d274dba91b50831a23bfd58: Log entries applied to RocksDB: 4
I0311 03:21:02.593624    29 tablet_bootstrap_if.cc:96] T 22d66049cb9c4419a35469ea8c2c36bc P 096da8680d274dba91b50831a23bfd58: Bootstrap replayed 4/4 log segments. Read operations: 4, overwritten operations: 0. Pending: 1 replicates. Last read committed op id: 8.8, last entry metadata: { entry_time: 7147944471.688s offset: 107 active_segment_sequence_number: 8 }, last read entry op id: 8.8
I0311 03:21:02.593744    27 tablet_bootstrap_if.cc:96] T 5c82d2d282b24c23a5a85eaa9b3797e3 P 096da8680d274dba91b50831a23bfd58: Bootstrap replayed 1/4 log segments. Read operations: 1, overwritten operations: 0. Pending: 1 replicates. Last read committed op id: 5.5, last entry metadata: { entry_time: 3977690703.997s offset: 107 active_segment_sequence_number: 5 }, last read entry op id: 5.5
I0311 03:21:02.593015    28 tablet_bootstrap_if.cc:96] T 3a76ab24970d40ef859dfa774b11abe1 P 096da8680d274dba91b50831a23bfd58: Bootstrap replayed 4/4 log segments. Read operations: 4, overwritten operations: 0. Pending: 1 replicates. Last read committed op id: 8.8, last entry metadata: { entry_time: 3544782176.446s offset: 107 active_segment_sequence_number: 8 }, last read entry op id: 8.8
I0311 03:21:02.594316    30 tablet_bootstrap.cc:1416] T 974d5dc4624a4cc8ba8333f193777a6e P 096da8680d274dba91b50831a23bfd58: Number of orphaned replicates: 0, last id: 8.8, committed id: 8.8
I0311 03:21:02.594712    29 tablet_bootstrap.cc:1405] T 22d66049cb9c4419a35469ea8c2c36bc P 096da8680d274dba91b50831a23bfd58: Dumping replay state to log at the end of PlaySegments
I0311 03:21:02.595229    27 tablet_bootstrap_if.cc:96] T 5c82d2d282b24c23a5a85eaa9b3797e3 P 096da8680d274dba91b50831a23bfd58: Bootstrap replayed 2/4 log segments. Read operations: 2, overwritten operations: 0. Pending: 1 replicates. Last read committed op id: 6.6, last entry metadata: { entry_time: 3977690706.917s offset: 107 active_segment_sequence_number: 6 }, last read entry op id: 6.6
I0311 03:21:02.595523    28 tablet_bootstrap.cc:1405] T 3a76ab24970d40ef859dfa774b11abe1 P 096da8680d274dba91b50831a23bfd58: Dumping replay state to log at the end of PlaySegments
I0311 03:21:02.597312    28 tablet_bootstrap.cc:1101] T 3a76ab24970d40ef859dfa774b11abe1 P 096da8680d274dba91b50831a23bfd58: ReplayState: Previous OpId: 8.8, Committed OpId: 8.8, Pending Replicates: 0, Flushed Regular: -1.-1, Flushed Intents: -1.-1
I0311 03:21:02.597025    27 tablet_bootstrap_if.cc:96] T 5c82d2d282b24c23a5a85eaa9b3797e3 P 096da8680d274dba91b50831a23bfd58: Bootstrap replayed 3/4 log segments. Read operations: 3, overwritten operations: 0. Pending: 1 replicates. Last read committed op id: 7.7, last entry metadata: { entry_time: 3977690710.210s offset: 107 active_segment_sequence_number: 7 }, last read entry op id: 7.7
I0311 03:21:02.596462    29 tablet_bootstrap.cc:1101] T 22d66049cb9c4419a35469ea8c2c36bc P 096da8680d274dba91b50831a23bfd58: ReplayState: Previous OpId: 8.8, Committed OpId: 8.8, Pending Replicates: 0, Flushed Regular: -1.-1, Flushed Intents: -1.-1
I0311 03:21:02.598213    28 tablet_bootstrap.cc:1101] T 3a76ab24970d40ef859dfa774b11abe1 P 096da8680d274dba91b50831a23bfd58: Log entries applied to RocksDB: 4
I0311 03:21:02.599515    28 tablet_bootstrap.cc:1416] T 3a76ab24970d40ef859dfa774b11abe1 P 096da8680d274dba91b50831a23bfd58: Number of orphaned replicates: 0, last id: 8.8, committed id: 8.8
I0311 03:21:02.599179    29 tablet_bootstrap.cc:1101] T 22d66049cb9c4419a35469ea8c2c36bc P 096da8680d274dba91b50831a23bfd58: Log entries applied to RocksDB: 4
I0311 03:21:02.598834    27 tablet_bootstrap_if.cc:96] T 5c82d2d282b24c23a5a85eaa9b3797e3 P 096da8680d274dba91b50831a23bfd58: Bootstrap replayed 4/4 log segments. Read operations: 4, overwritten operations: 0. Pending: 1 replicates. Last read committed op id: 8.8, last entry metadata: { entry_time: 3977690713.966s offset: 107 active_segment_sequence_number: 8 }, last read entry op id: 8.8
I0311 03:21:02.601136    27 tablet_bootstrap.cc:1405] T 5c82d2d282b24c23a5a85eaa9b3797e3 P 096da8680d274dba91b50831a23bfd58: Dumping replay state to log at the end of PlaySegments
I0311 03:21:02.602010    27 tablet_bootstrap.cc:1101] T 5c82d2d282b24c23a5a85eaa9b3797e3 P 096da8680d274dba91b50831a23bfd58: ReplayState: Previous OpId: 8.8, Committed OpId: 8.8, Pending Replicates: 0, Flushed Regular: -1.-1, Flushed Intents: -1.-1
I0311 03:21:02.600549    29 tablet_bootstrap.cc:1416] T 22d66049cb9c4419a35469ea8c2c36bc P 096da8680d274dba91b50831a23bfd58: Number of orphaned replicates: 0, last id: 8.8, committed id: 8.8
I0311 03:21:02.600652    30 tablet_bootstrap_if.cc:96] T 974d5dc4624a4cc8ba8333f193777a6e P 096da8680d274dba91b50831a23bfd58: Bootstrap complete.
I0311 03:21:02.603818    27 tablet_bootstrap.cc:1101] T 5c82d2d282b24c23a5a85eaa9b3797e3 P 096da8680d274dba91b50831a23bfd58: Log entries applied to RocksDB: 4
I0311 03:21:02.606503    27 tablet_bootstrap.cc:1416] T 5c82d2d282b24c23a5a85eaa9b3797e3 P 096da8680d274dba91b50831a23bfd58: Number of orphaned replicates: 0, last id: 8.8, committed id: 8.8
I0311 03:21:02.609177    28 tablet_bootstrap_if.cc:96] T 3a76ab24970d40ef859dfa774b11abe1 P 096da8680d274dba91b50831a23bfd58: Bootstrap complete.
I0311 03:21:02.611771    29 tablet_bootstrap_if.cc:96] T 22d66049cb9c4419a35469ea8c2c36bc P 096da8680d274dba91b50831a23bfd58: Bootstrap complete.
I0311 03:21:02.613487    27 tablet_bootstrap_if.cc:96] T 5c82d2d282b24c23a5a85eaa9b3797e3 P 096da8680d274dba91b50831a23bfd58: Bootstrap complete.
I0311 03:21:02.614394    30 log.cc:1278] T 974d5dc4624a4cc8ba8333f193777a6e P 096da8680d274dba91b50831a23bfd58: Setting log wal retention time to 0 seconds
I0311 03:21:02.615551    30 ts_tablet_manager.cc:1506] T 974d5dc4624a4cc8ba8333f193777a6e P 096da8680d274dba91b50831a23bfd58: Time spent bootstrapping tablet: real 0.474s	user 0.011s	sys 0.015s
I0311 03:21:02.625340    30 tablet_peer.cc:1033] T 974d5dc4624a4cc8ba8333f193777a6e P 096da8680d274dba91b50831a23bfd58 [state=BOOTSTRAPPING]: Setting cdc min replicated index to 9223372036854775807
I0311 03:21:02.630096    29 log.cc:1278] T 22d66049cb9c4419a35469ea8c2c36bc P 096da8680d274dba91b50831a23bfd58: Setting log wal retention time to 0 seconds
I0311 03:21:02.630827    29 ts_tablet_manager.cc:1506] T 22d66049cb9c4419a35469ea8c2c36bc P 096da8680d274dba91b50831a23bfd58: Time spent bootstrapping tablet: real 0.460s	user 0.013s	sys 0.025s
I0311 03:21:02.633026    28 log.cc:1278] T 3a76ab24970d40ef859dfa774b11abe1 P 096da8680d274dba91b50831a23bfd58: Setting log wal retention time to 0 seconds
I0311 03:21:02.634336    28 ts_tablet_manager.cc:1506] T 3a76ab24970d40ef859dfa774b11abe1 P 096da8680d274dba91b50831a23bfd58: Time spent bootstrapping tablet: real 0.463s	user 0.008s	sys 0.028s
I0311 03:21:02.634869    28 tablet_peer.cc:1033] T 3a76ab24970d40ef859dfa774b11abe1 P 096da8680d274dba91b50831a23bfd58 [state=BOOTSTRAPPING]: Setting cdc min replicated index to 9223372036854775807
I0311 03:21:02.633898    29 tablet_peer.cc:1033] T 22d66049cb9c4419a35469ea8c2c36bc P 096da8680d274dba91b50831a23bfd58 [state=BOOTSTRAPPING]: Setting cdc min replicated index to 9223372036854775807
I0311 03:21:02.634047    30 consensus_meta.cc:317] T 974d5dc4624a4cc8ba8333f193777a6e P 096da8680d274dba91b50831a23bfd58: Updating active role from FOLLOWER to FOLLOWER. Consensus state: current_term: 8 leader_uuid: "" config { opid_index: -1 peers { permanent_uuid: "096da8680d274dba91b50831a23bfd58" member_type: VOTER last_known_private_addr { host: "yb-tserver-n1" port: 9100 } cloud_info { placement_cloud: "cloud1" placement_region: "datacenter1" placement_zone: "rack1" } } }, has_pending_config = 0
I0311 03:21:02.636566    27 log.cc:1278] T 5c82d2d282b24c23a5a85eaa9b3797e3 P 096da8680d274dba91b50831a23bfd58: Setting log wal retention time to 0 seconds
I0311 03:21:02.637930    27 ts_tablet_manager.cc:1506] T 5c82d2d282b24c23a5a85eaa9b3797e3 P 096da8680d274dba91b50831a23bfd58: Time spent bootstrapping tablet: real 0.496s	user 0.018s	sys 0.024s
I0311 03:21:02.637125    30 raft_consensus.cc:480] T 974d5dc4624a4cc8ba8333f193777a6e P 096da8680d274dba91b50831a23bfd58 [term 8 FOLLOWER]: Replica starting. Triggering 0 pending operations. Active config: opid_index: -1 peers { permanent_uuid: "096da8680d274dba91b50831a23bfd58" member_type: VOTER last_known_private_addr { host: "yb-tserver-n1" port: 9100 } cloud_info { placement_cloud: "cloud1" placement_region: "datacenter1" placement_zone: "rack1" } }
I0311 03:21:02.638938    27 tablet_peer.cc:1033] T 5c82d2d282b24c23a5a85eaa9b3797e3 P 096da8680d274dba91b50831a23bfd58 [state=BOOTSTRAPPING]: Setting cdc min replicated index to 9223372036854775807
I0311 03:21:02.639008    30 raft_consensus.cc:1115] T 974d5dc4624a4cc8ba8333f193777a6e P 096da8680d274dba91b50831a23bfd58 [term 8 FOLLOWER]: Becoming Follower/Learner. State: Replica: 096da8680d274dba91b50831a23bfd58, State: 1, Role: FOLLOWER, Watermarks: {Received: 8.8 Committed: 8.8} Leader: 0.0, new leader: , initial_fd_wait: <uninitialized>
I0311 03:21:02.640556    30 consensus_meta.cc:317] T 974d5dc4624a4cc8ba8333f193777a6e P 096da8680d274dba91b50831a23bfd58: Updating active role from FOLLOWER to FOLLOWER. Consensus state: current_term: 8 leader_uuid: "" config { opid_index: -1 peers { permanent_uuid: "096da8680d274dba91b50831a23bfd58" member_type: VOTER last_known_private_addr { host: "yb-tserver-n1" port: 9100 } cloud_info { placement_cloud: "cloud1" placement_region: "datacenter1" placement_zone: "rack1" } } }, has_pending_config = 0
I0311 03:21:02.641001    30 consensus_queue.cc:289] T 974d5dc4624a4cc8ba8333f193777a6e P 096da8680d274dba91b50831a23bfd58 [NON_LEADER]: Queue going to NON_LEADER mode. State: All replicated op: 0.0, Majority replicated op: 0.0, Committed index: 0.0, Last applied: 0.0, Last appended: 8.8, Current term: 0, Majority size: -1, State: QUEUE_OPEN, Mode: NON_LEADER
I0311 03:21:02.641630    30 raft_consensus.cc:3367] T 974d5dc4624a4cc8ba8333f193777a6e P 096da8680d274dba91b50831a23bfd58 [term 8 FOLLOWER]: Calling mark dirty synchronously for reason code CONSENSUS_STARTED
I0311 03:21:02.642217    28 consensus_meta.cc:317] T 3a76ab24970d40ef859dfa774b11abe1 P 096da8680d274dba91b50831a23bfd58: Updating active role from FOLLOWER to FOLLOWER. Consensus state: current_term: 8 leader_uuid: "" config { opid_index: -1 peers { permanent_uuid: "096da8680d274dba91b50831a23bfd58" member_type: VOTER last_known_private_addr { host: "yb-tserver-n1" port: 9100 } cloud_info { placement_cloud: "cloud1" placement_region: "datacenter1" placement_zone: "rack1" } } }, has_pending_config = 0
I0311 03:21:02.642725    30 tablet_peer.cc:1455] T 974d5dc4624a4cc8ba8333f193777a6e P 096da8680d274dba91b50831a23bfd58 [state=RUNNING]: Changed state from BOOTSTRAPPING to RUNNING
I0311 03:21:02.643204    28 raft_consensus.cc:480] T 3a76ab24970d40ef859dfa774b11abe1 P 096da8680d274dba91b50831a23bfd58 [term 8 FOLLOWER]: Replica starting. Triggering 0 pending operations. Active config: opid_index: -1 peers { permanent_uuid: "096da8680d274dba91b50831a23bfd58" member_type: VOTER last_known_private_addr { host: "yb-tserver-n1" port: 9100 } cloud_info { placement_cloud: "cloud1" placement_region: "datacenter1" placement_zone: "rack1" } }
I0311 03:21:02.645061    28 raft_consensus.cc:1115] T 3a76ab24970d40ef859dfa774b11abe1 P 096da8680d274dba91b50831a23bfd58 [term 8 FOLLOWER]: Becoming Follower/Learner. State: Replica: 096da8680d274dba91b50831a23bfd58, State: 1, Role: FOLLOWER, Watermarks: {Received: 8.8 Committed: 8.8} Leader: 0.0, new leader: , initial_fd_wait: <uninitialized>
I0311 03:21:02.643647    41 heartbeater.cc:338] P 096da8680d274dba91b50831a23bfd58: Connected to a leader master server at yb-master-n1:7100
I0311 03:21:02.643859    30 tablet_peer.cc:1344] T 974d5dc4624a4cc8ba8333f193777a6e P 096da8680d274dba91b50831a23bfd58 [state=RUNNING]: Registered log gc
I0311 03:21:02.644352    27 consensus_meta.cc:317] T 5c82d2d282b24c23a5a85eaa9b3797e3 P 096da8680d274dba91b50831a23bfd58: Updating active role from FOLLOWER to FOLLOWER. Consensus state: current_term: 8 leader_uuid: "" config { opid_index: -1 peers { permanent_uuid: "096da8680d274dba91b50831a23bfd58" member_type: VOTER last_known_private_addr { host: "yb-tserver-n1" port: 9100 } cloud_info { placement_cloud: "cloud1" placement_region: "datacenter1" placement_zone: "rack1" } } }, has_pending_config = 0
I0311 03:21:02.647076    27 raft_consensus.cc:480] T 5c82d2d282b24c23a5a85eaa9b3797e3 P 096da8680d274dba91b50831a23bfd58 [term 8 FOLLOWER]: Replica starting. Triggering 0 pending operations. Active config: opid_index: -1 peers { permanent_uuid: "096da8680d274dba91b50831a23bfd58" member_type: VOTER last_known_private_addr { host: "yb-tserver-n1" port: 9100 } cloud_info { placement_cloud: "cloud1" placement_region: "datacenter1" placement_zone: "rack1" } }
I0311 03:21:02.645781    28 consensus_meta.cc:317] T 3a76ab24970d40ef859dfa774b11abe1 P 096da8680d274dba91b50831a23bfd58: Updating active role from FOLLOWER to FOLLOWER. Consensus state: current_term: 8 leader_uuid: "" config { opid_index: -1 peers { permanent_uuid: "096da8680d274dba91b50831a23bfd58" member_type: VOTER last_known_private_addr { host: "yb-tserver-n1" port: 9100 } cloud_info { placement_cloud: "cloud1" placement_region: "datacenter1" placement_zone: "rack1" } } }, has_pending_config = 0
I0311 03:21:02.646224    41 heartbeater.cc:387] P 096da8680d274dba91b50831a23bfd58: Registering TS with master...
I0311 03:21:02.646587    30 ts_tablet_manager.cc:1573] T 974d5dc4624a4cc8ba8333f193777a6e P 096da8680d274dba91b50831a23bfd58: Time spent starting tablet: real 0.030s	user 0.003s	sys 0.001s
I0311 03:21:02.649715    30 ts_tablet_manager.cc:2771] Deleted transition in progress opening tablet for tablet 974d5dc4624a4cc8ba8333f193777a6e
I0311 03:21:02.648356    27 raft_consensus.cc:1115] T 5c82d2d282b24c23a5a85eaa9b3797e3 P 096da8680d274dba91b50831a23bfd58 [term 8 FOLLOWER]: Becoming Follower/Learner. State: Replica: 096da8680d274dba91b50831a23bfd58, State: 1, Role: FOLLOWER, Watermarks: {Received: 8.8 Committed: 8.8} Leader: 0.0, new leader: , initial_fd_wait: <uninitialized>
I0311 03:21:02.648892    28 consensus_queue.cc:289] T 3a76ab24970d40ef859dfa774b11abe1 P 096da8680d274dba91b50831a23bfd58 [NON_LEADER]: Queue going to NON_LEADER mode. State: All replicated op: 0.0, Majority replicated op: 0.0, Committed index: 0.0, Last applied: 0.0, Last appended: 8.8, Current term: 0, Majority size: -1, State: QUEUE_OPEN, Mode: NON_LEADER
I0311 03:21:02.649358    41 server_base.cc:541] Using private rpc address yb-tserver-n1
I0311 03:21:02.643512    29 consensus_meta.cc:317] T 22d66049cb9c4419a35469ea8c2c36bc P 096da8680d274dba91b50831a23bfd58: Updating active role from FOLLOWER to FOLLOWER. Consensus state: current_term: 8 leader_uuid: "" config { opid_index: -1 peers { permanent_uuid: "096da8680d274dba91b50831a23bfd58" member_type: VOTER last_known_private_addr { host: "yb-tserver-n1" port: 9100 } cloud_info { placement_cloud: "cloud1" placement_region: "datacenter1" placement_zone: "rack1" } } }, has_pending_config = 0
I0311 03:21:02.650478    27 consensus_meta.cc:317] T 5c82d2d282b24c23a5a85eaa9b3797e3 P 096da8680d274dba91b50831a23bfd58: Updating active role from FOLLOWER to FOLLOWER. Consensus state: current_term: 8 leader_uuid: "" config { opid_index: -1 peers { permanent_uuid: "096da8680d274dba91b50831a23bfd58" member_type: VOTER last_known_private_addr { host: "yb-tserver-n1" port: 9100 } cloud_info { placement_cloud: "cloud1" placement_region: "datacenter1" placement_zone: "rack1" } } }, has_pending_config = 0
I0311 03:21:02.650820    28 raft_consensus.cc:3367] T 3a76ab24970d40ef859dfa774b11abe1 P 096da8680d274dba91b50831a23bfd58 [term 8 FOLLOWER]: Calling mark dirty synchronously for reason code CONSENSUS_STARTED
I0311 03:21:02.651154    41 server_base.cc:563] Using http address yb-tserver-n1
I0311 03:21:02.651916    29 raft_consensus.cc:480] T 22d66049cb9c4419a35469ea8c2c36bc P 096da8680d274dba91b50831a23bfd58 [term 8 FOLLOWER]: Replica starting. Triggering 0 pending operations. Active config: opid_index: -1 peers { permanent_uuid: "096da8680d274dba91b50831a23bfd58" member_type: VOTER last_known_private_addr { host: "yb-tserver-n1" port: 9100 } cloud_info { placement_cloud: "cloud1" placement_region: "datacenter1" placement_zone: "rack1" } }
I0311 03:21:02.652227    27 consensus_queue.cc:289] T 5c82d2d282b24c23a5a85eaa9b3797e3 P 096da8680d274dba91b50831a23bfd58 [NON_LEADER]: Queue going to NON_LEADER mode. State: All replicated op: 0.0, Majority replicated op: 0.0, Committed index: 0.0, Last applied: 0.0, Last appended: 8.8, Current term: 0, Majority size: -1, State: QUEUE_OPEN, Mode: NON_LEADER
I0311 03:21:02.652602    28 tablet_peer.cc:1455] T 3a76ab24970d40ef859dfa774b11abe1 P 096da8680d274dba91b50831a23bfd58 [state=RUNNING]: Changed state from BOOTSTRAPPING to RUNNING
I0311 03:21:02.654392    28 tablet_peer.cc:1344] T 3a76ab24970d40ef859dfa774b11abe1 P 096da8680d274dba91b50831a23bfd58 [state=RUNNING]: Registered log gc
I0311 03:21:02.654008    27 raft_consensus.cc:3367] T 5c82d2d282b24c23a5a85eaa9b3797e3 P 096da8680d274dba91b50831a23bfd58 [term 8 FOLLOWER]: Calling mark dirty synchronously for reason code CONSENSUS_STARTED
I0311 03:21:02.653558    29 raft_consensus.cc:1115] T 22d66049cb9c4419a35469ea8c2c36bc P 096da8680d274dba91b50831a23bfd58 [term 8 FOLLOWER]: Becoming Follower/Learner. State: Replica: 096da8680d274dba91b50831a23bfd58, State: 1, Role: FOLLOWER, Watermarks: {Received: 8.8 Committed: 8.8} Leader: 0.0, new leader: , initial_fd_wait: <uninitialized>
W0311 03:21:02.654832    41 heartbeater.cc:658] P 096da8680d274dba91b50831a23bfd58: Failed to heartbeat to yb-master-n1:7100: Service unavailable (yb/tserver/heartbeater.cc:479): Master is no longer the leader: code: NOT_THE_LEADER status { code: SERVICE_UNAVAILABLE message: "Catalog manager is not initialized. State: 1" source_file: "../../src/yb/master/scoped_leader_shared_lock.cc" source_line: 91 errors: "\000" } tries=6, num=1, masters=0x00000040152207c8 -> [[yb-master-n1:7100]], code=Service unavailable
I0311 03:21:02.654989    28 ts_tablet_manager.cc:1573] T 3a76ab24970d40ef859dfa774b11abe1 P 096da8680d274dba91b50831a23bfd58: Time spent starting tablet: real 0.020s	user 0.003s	sys 0.000s
I0311 03:21:02.657497    41 heartbeater.cc:338] P 096da8680d274dba91b50831a23bfd58: Connected to a leader master server at yb-master-n1:7100
I0311 03:21:02.655822    29 consensus_meta.cc:317] T 22d66049cb9c4419a35469ea8c2c36bc P 096da8680d274dba91b50831a23bfd58: Updating active role from FOLLOWER to FOLLOWER. Consensus state: current_term: 8 leader_uuid: "" config { opid_index: -1 peers { permanent_uuid: "096da8680d274dba91b50831a23bfd58" member_type: VOTER last_known_private_addr { host: "yb-tserver-n1" port: 9100 } cloud_info { placement_cloud: "cloud1" placement_region: "datacenter1" placement_zone: "rack1" } } }, has_pending_config = 0
I0311 03:21:02.655393    27 tablet_peer.cc:1455] T 5c82d2d282b24c23a5a85eaa9b3797e3 P 096da8680d274dba91b50831a23bfd58 [state=RUNNING]: Changed state from BOOTSTRAPPING to RUNNING
I0311 03:21:02.657581    28 ts_tablet_manager.cc:2771] Deleted transition in progress opening tablet for tablet 3a76ab24970d40ef859dfa774b11abe1
I0311 03:21:02.657958    41 heartbeater.cc:387] P 096da8680d274dba91b50831a23bfd58: Registering TS with master...
I0311 03:21:02.658980    29 consensus_queue.cc:289] T 22d66049cb9c4419a35469ea8c2c36bc P 096da8680d274dba91b50831a23bfd58 [NON_LEADER]: Queue going to NON_LEADER mode. State: All replicated op: 0.0, Majority replicated op: 0.0, Committed index: 0.0, Last applied: 0.0, Last appended: 8.8, Current term: 0, Majority size: -1, State: QUEUE_OPEN, Mode: NON_LEADER
I0311 03:21:02.659550    27 tablet_peer.cc:1344] T 5c82d2d282b24c23a5a85eaa9b3797e3 P 096da8680d274dba91b50831a23bfd58 [state=RUNNING]: Registered log gc
I0311 03:21:02.660459    41 server_base.cc:541] Using private rpc address yb-tserver-n1
I0311 03:21:02.661798    29 raft_consensus.cc:3367] T 22d66049cb9c4419a35469ea8c2c36bc P 096da8680d274dba91b50831a23bfd58 [term 8 FOLLOWER]: Calling mark dirty synchronously for reason code CONSENSUS_STARTED
I0311 03:21:02.662107    27 ts_tablet_manager.cc:1573] T 5c82d2d282b24c23a5a85eaa9b3797e3 P 096da8680d274dba91b50831a23bfd58: Time spent starting tablet: real 0.024s	user 0.002s	sys 0.001s
I0311 03:21:02.662578    41 server_base.cc:563] Using http address yb-tserver-n1
I0311 03:21:02.663059    29 tablet_peer.cc:1455] T 22d66049cb9c4419a35469ea8c2c36bc P 096da8680d274dba91b50831a23bfd58 [state=RUNNING]: Changed state from BOOTSTRAPPING to RUNNING
I0311 03:21:02.664347    29 tablet_peer.cc:1344] T 22d66049cb9c4419a35469ea8c2c36bc P 096da8680d274dba91b50831a23bfd58 [state=RUNNING]: Registered log gc
I0311 03:21:02.663472    27 ts_tablet_manager.cc:2771] Deleted transition in progress opening tablet for tablet 5c82d2d282b24c23a5a85eaa9b3797e3
W0311 03:21:02.665313    41 heartbeater.cc:658] P 096da8680d274dba91b50831a23bfd58: Failed to heartbeat to yb-master-n1:7100: Service unavailable (yb/tserver/heartbeater.cc:479): Master is no longer the leader: code: NOT_THE_LEADER status { code: SERVICE_UNAVAILABLE message: "Catalog manager is not initialized. State: 1" source_file: "../../src/yb/master/scoped_leader_shared_lock.cc" source_line: 91 errors: "\000" } tries=7, num=1, masters=0x00000040152207c8 -> [[yb-master-n1:7100]], code=Service unavailable
I0311 03:21:02.664736    29 ts_tablet_manager.cc:1573] T 22d66049cb9c4419a35469ea8c2c36bc P 096da8680d274dba91b50831a23bfd58: Time spent starting tablet: real 0.031s	user 0.002s	sys 0.001s
I0311 03:21:02.667290    29 ts_tablet_manager.cc:2771] Deleted transition in progress opening tablet for tablet 22d66049cb9c4419a35469ea8c2c36bc
I0311 03:21:02.667393    41 heartbeater.cc:338] P 096da8680d274dba91b50831a23bfd58: Connected to a leader master server at yb-master-n1:7100
I0311 03:21:02.668010    41 heartbeater.cc:387] P 096da8680d274dba91b50831a23bfd58: Registering TS with master...
I0311 03:21:02.668614    41 server_base.cc:541] Using private rpc address yb-tserver-n1
I0311 03:21:02.669317    41 server_base.cc:563] Using http address yb-tserver-n1
W0311 03:21:02.671387    41 heartbeater.cc:658] P 096da8680d274dba91b50831a23bfd58: Failed to heartbeat to yb-master-n1:7100: Service unavailable (yb/tserver/heartbeater.cc:479): Master is no longer the leader: code: NOT_THE_LEADER status { code: SERVICE_UNAVAILABLE message: "Catalog manager is not initialized. State: 1" source_file: "../../src/yb/master/scoped_leader_shared_lock.cc" source_line: 91 errors: "\000" } tries=8, num=1, masters=0x00000040152207c8 -> [[yb-master-n1:7100]], code=Service unavailable
W0311 03:21:02.697762     8 pg_wrapper.cc:389] No hba configuration lines found, defaulting to trust all configuration.
I0311 03:21:02.717389     8 pg_wrapper.cc:528] PostgreSQL server running as pid 53
I0311 03:21:02.719619     8 server_base_options.cc:176] Updating master addrs to {yb-master-n1:7100}
I0311 03:21:02.721793     8 server_base_options.cc:176] Updating master addrs to {yb-master-n1:7100}
I0311 03:21:02.727515     8 server_base_options.cc:176] Updating master addrs to {yb-master-n1:7100}
I0311 03:21:02.728597     8 rpc_server.cc:90] yb::server::RpcServer created at 0x4024e84b40
I0311 03:21:02.729099     8 tablet_server_main.cc:295] Starting redis server...
I0311 03:21:02.736027     8 fs_manager.cc:383] Opened local filesystem: /mnt/tserver
uuid: "096da8680d274dba91b50831a23bfd58"
format_stamp: "Formatted at 2023-03-10 16:06:28 on ebf588942a27"
initdb_done_set_after_sys_catalog_restore: true
I0311 03:21:02.738467     8 thread_pool.cc:170] Starting thread pool { name: RedisServer queue_limit: 10000 max_workers: 1024 }
I0311 03:21:02.754801     8 service_pool.cc:153] yb.redisserver.RedisServerService: yb::rpc::ServicePoolImpl created at 0x4015713200
I0311 03:21:02.755591     8 webserver.cc:307] Starting webserver on yb-tserver-n1:11000
I0311 03:21:02.755893     8 webserver.cc:312] Document root: /home/yugabyte/www
I0311 03:21:02.757030     8 webserver.cc:302] Webserver listen spec is 192.168.176.5:11000
I0311 03:21:02.758229     8 webserver.cc:418] Webserver started. Bound to: http://192.168.176.5:11000/
I0311 03:21:02.758994     8 service_pool.cc:153] yb.server.GenericService: yb::rpc::ServicePoolImpl created at 0x4015713440
I0311 03:21:02.760262     8 rpc_server.cc:173] RPC server started. Bound to: 192.168.176.5:6379
I0311 03:21:02.760699     8 tablet_server_main.cc:297] Redis server successfully started.
I0311 03:21:02.761292     8 server_base_options.cc:176] Updating master addrs to {yb-master-n1:7100}
I0311 03:21:02.761934     8 server_base_options.cc:176] Updating master addrs to {yb-master-n1:7100}
I0311 03:21:02.763921     8 server_base_options.cc:176] Updating master addrs to {yb-master-n1:7100}
I0311 03:21:02.764695     8 rpc_server.cc:90] yb::server::RpcServer created at 0x4024e84be0
I0311 03:21:02.765239     8 tablet_server_main.cc:324] Starting CQL server...
I0311 03:21:02.772259     8 fs_manager.cc:383] Opened local filesystem: /mnt/tserver
uuid: "096da8680d274dba91b50831a23bfd58"
format_stamp: "Formatted at 2023-03-10 16:06:28 on ebf588942a27"
initdb_done_set_after_sys_catalog_restore: true
I0311 03:21:02.772891     8 secure.cc:147] SetupSecureContext: kExternal, 0
I0311 03:21:02.776228     8 thread_pool.cc:170] Starting thread pool { name: CQLServer queue_limit: 10000 max_workers: 1024 }
I0311 03:21:02.781502     8 cql_service.cc:137] CQL processors limit: 26069
I0311 03:21:02.782511     8 service_pool.cc:153] yb.cqlserver.CQLServerService: yb::rpc::ServicePoolImpl created at 0x4031d466c0
I0311 03:21:02.783226     8 webserver.cc:307] Starting webserver on yb-tserver-n1:12000
I0311 03:21:02.783643     8 webserver.cc:312] Document root: /home/yugabyte/www
I0311 03:21:02.784521     8 webserver.cc:302] Webserver listen spec is 192.168.176.5:12000
I0311 03:21:02.785795     8 webserver.cc:418] Webserver started. Bound to: http://192.168.176.5:12000/
I0311 03:21:02.786686     8 service_pool.cc:153] yb.server.GenericService: yb::rpc::ServicePoolImpl created at 0x4031d46900
I0311 03:21:02.787645     8 rpc_server.cc:173] RPC server started. Bound to: 192.168.176.5:9042
I0311 03:21:02.788354     8 tablet_server_main.cc:326] CQL server successfully started.
I0311 03:21:03.676560    41 heartbeater.cc:338] P 096da8680d274dba91b50831a23bfd58: Connected to a leader master server at yb-master-n1:7100
I0311 03:21:03.678503    41 heartbeater.cc:387] P 096da8680d274dba91b50831a23bfd58: Registering TS with master...
I0311 03:21:03.679535    41 server_base.cc:541] Using private rpc address yb-tserver-n1
I0311 03:21:03.680512    41 server_base.cc:563] Using http address yb-tserver-n1
W0311 03:21:03.685220    41 heartbeater.cc:658] P 096da8680d274dba91b50831a23bfd58: Failed to heartbeat to yb-master-n1:7100: Service unavailable (yb/tserver/heartbeater.cc:479): Master is no longer the leader: code: NOT_THE_LEADER status { code: ILLEGAL_STATE message: "Not the leader. Local UUID: e62675f7a535485386d064e83c9c9d83, Consensus state: current_term: 9 config { opid_index: -1 peers { permanent_uuid: \"e62675f7a535485386d064e83c9c9d83\" member_type: VOTER last_known_private_addr { host: \"yb-master-n1\" port: 7100 } cloud_info { placement_cloud: \"cloud1\" placement_region: \"datacenter1\" placement_zone: \"rack1\" } } }" source_file: "../../src/yb/master/scoped_leader_shared_lock.cc" source_line: 113 errors: "\000" } tries=9, num=1, masters=0x00000040152207c8 -> [[yb-master-n1:7100]], code=Service unavailable
I0311 03:21:04.561305    11 raft_consensus.cc:1030] T df17b40b75664e0aaa44ec6687a7a233 P 096da8680d274dba91b50831a23bfd58 [term 8 FOLLOWER]: ReportFailDetected: Starting NORMAL_ELECTION...
I0311 03:21:04.565119    11 raft_consensus.cc:627] T df17b40b75664e0aaa44ec6687a7a233 P 096da8680d274dba91b50831a23bfd58 [term 8 FOLLOWER]: Triggering leader pre-election, mode=NORMAL_ELECTION
I0311 03:21:04.568300    11 raft_consensus.cc:3421] T df17b40b75664e0aaa44ec6687a7a233 P 096da8680d274dba91b50831a23bfd58 [term 8 FOLLOWER]: Snoozing leader timeout detection for 3.106s
I0311 03:21:04.571065    11 raft_consensus.cc:667] T df17b40b75664e0aaa44ec6687a7a233 P 096da8680d274dba91b50831a23bfd58 [term 8 FOLLOWER]: Starting pre-election with config: opid_index: -1 peers { permanent_uuid: "096da8680d274dba91b50831a23bfd58" member_type: VOTER last_known_private_addr { host: "yb-tserver-n1" port: 9100 } cloud_info { placement_cloud: "cloud1" placement_region: "datacenter1" placement_zone: "rack1" } }
I0311 03:21:04.574837    11 leader_election.cc:242] T df17b40b75664e0aaa44ec6687a7a233 P 096da8680d274dba91b50831a23bfd58 [CANDIDATE]: Term 9 pre-election: Election decided. Result: candidate won.
I0311 03:21:04.580932    90 raft_consensus.cc:3421] T df17b40b75664e0aaa44ec6687a7a233 P 096da8680d274dba91b50831a23bfd58 [term 8 FOLLOWER]: Snoozing leader timeout detection for 3.232s
I0311 03:21:04.583544    90 raft_consensus.cc:3314] T df17b40b75664e0aaa44ec6687a7a233 P 096da8680d274dba91b50831a23bfd58 [term 8 FOLLOWER]: Leader pre-election won for term 9
I0311 03:21:04.584944    90 raft_consensus.cc:627] T df17b40b75664e0aaa44ec6687a7a233 P 096da8680d274dba91b50831a23bfd58 [term 8 FOLLOWER]: Triggering leader election, mode=NORMAL_ELECTION
I0311 03:21:04.586175    90 raft_consensus.cc:3421] T df17b40b75664e0aaa44ec6687a7a233 P 096da8680d274dba91b50831a23bfd58 [term 8 FOLLOWER]: Snoozing leader timeout detection for 3.277s
I0311 03:21:04.587575    90 raft_consensus.cc:3482] T df17b40b75664e0aaa44ec6687a7a233 P 096da8680d274dba91b50831a23bfd58 [term 8 FOLLOWER]: Advancing to term 9
I0311 03:21:04.597637    90 consensus_meta.cc:317] T df17b40b75664e0aaa44ec6687a7a233 P 096da8680d274dba91b50831a23bfd58: Updating active role from FOLLOWER to FOLLOWER. Consensus state: current_term: 9 leader_uuid: "" config { opid_index: -1 peers { permanent_uuid: "096da8680d274dba91b50831a23bfd58" member_type: VOTER last_known_private_addr { host: "yb-tserver-n1" port: 9100 } cloud_info { placement_cloud: "cloud1" placement_region: "datacenter1" placement_zone: "rack1" } } }, has_pending_config = 0
I0311 03:21:04.598974    90 raft_consensus.cc:667] T df17b40b75664e0aaa44ec6687a7a233 P 096da8680d274dba91b50831a23bfd58 [term 9 FOLLOWER]: Starting election with config: opid_index: -1 peers { permanent_uuid: "096da8680d274dba91b50831a23bfd58" member_type: VOTER last_known_private_addr { host: "yb-tserver-n1" port: 9100 } cloud_info { placement_cloud: "cloud1" placement_region: "datacenter1" placement_zone: "rack1" } }
I0311 03:21:04.606940    90 leader_election.cc:242] T df17b40b75664e0aaa44ec6687a7a233 P 096da8680d274dba91b50831a23bfd58 [CANDIDATE]: Term 9 election: Election decided. Result: candidate won.
I0311 03:21:04.607754    11 raft_consensus.cc:3421] T df17b40b75664e0aaa44ec6687a7a233 P 096da8680d274dba91b50831a23bfd58 [term 9 FOLLOWER]: Snoozing leader timeout detection for 3.159s
I0311 03:21:04.608821    11 raft_consensus.cc:3328] T df17b40b75664e0aaa44ec6687a7a233 P 096da8680d274dba91b50831a23bfd58 [term 9 FOLLOWER]: Leader election won for term 9
I0311 03:21:04.609524    11 replica_state.cc:1152] T df17b40b75664e0aaa44ec6687a7a233 P 096da8680d274dba91b50831a23bfd58 [term 9 FOLLOWER]: Reset our lease: 87588.191s
I0311 03:21:04.610100    11 replica_state.cc:1414] T df17b40b75664e0aaa44ec6687a7a233 P 096da8680d274dba91b50831a23bfd58 [term 9 FOLLOWER]: SetLeaderNoOpCommittedUnlocked(0), committed: 8.8, received: 8.8
I0311 03:21:04.611505    11 consensus_meta.cc:317] T df17b40b75664e0aaa44ec6687a7a233 P 096da8680d274dba91b50831a23bfd58: Updating active role from FOLLOWER to LEADER. Consensus state: current_term: 9 leader_uuid: "096da8680d274dba91b50831a23bfd58" config { opid_index: -1 peers { permanent_uuid: "096da8680d274dba91b50831a23bfd58" member_type: VOTER last_known_private_addr { host: "yb-tserver-n1" port: 9100 } cloud_info { placement_cloud: "cloud1" placement_region: "datacenter1" placement_zone: "rack1" } } }, has_pending_config = 0
I0311 03:21:04.613220    11 raft_consensus.cc:3367] T df17b40b75664e0aaa44ec6687a7a233 P 096da8680d274dba91b50831a23bfd58 [term 9 LEADER]: Calling mark dirty synchronously for reason code NEW_LEADER_ELECTED
I0311 03:21:04.615628    11 raft_consensus.cc:1059] T df17b40b75664e0aaa44ec6687a7a233 P 096da8680d274dba91b50831a23bfd58 [term 9 LEADER]: Becoming Leader. State: Replica: 096da8680d274dba91b50831a23bfd58, State: 1, Role: LEADER, Watermarks: {Received: 8.8 Committed: 8.8} Leader: 0.0
I0311 03:21:04.616657    41 heartbeater.cc:338] P 096da8680d274dba91b50831a23bfd58: Connected to a leader master server at yb-master-n1:7100
I0311 03:21:04.617338    41 heartbeater.cc:387] P 096da8680d274dba91b50831a23bfd58: Registering TS with master...
I0311 03:21:04.617993    41 server_base.cc:541] Using private rpc address yb-tserver-n1
I0311 03:21:04.617349    11 consensus_queue.cc:271] T df17b40b75664e0aaa44ec6687a7a233 P 096da8680d274dba91b50831a23bfd58 [LEADER]: Queue going to LEADER mode. State: All replicated op: 0.0, Majority replicated op: 8.8, Committed index: 8.8, Last applied: 8.8, Last appended: 8.8, Current term: 9, Majority size: 1, State: QUEUE_OPEN, Mode: LEADER, active raft config: opid_index: -1 peers { permanent_uuid: "096da8680d274dba91b50831a23bfd58" member_type: VOTER last_known_private_addr { host: "yb-tserver-n1" port: 9100 } cloud_info { placement_cloud: "cloud1" placement_region: "datacenter1" placement_zone: "rack1" } }
I0311 03:21:04.618561    41 server_base.cc:563] Using http address yb-tserver-n1
I0311 03:21:04.619855    11 raft_consensus.cc:1077] Sending NO_OP at op 8.8
