I0311 03:17:58.661429    27 log.cc:1278] T 974d5dc4624a4cc8ba8333f193777a6e P 096da8680d274dba91b50831a23bfd58: Setting log wal retention time to 0 seconds
I0311 03:17:58.661839    30 log.cc:1278] T 5c82d2d282b24c23a5a85eaa9b3797e3 P 096da8680d274dba91b50831a23bfd58: Setting log wal retention time to 0 seconds
I0311 03:17:58.662245    28 tablet_bootstrap.cc:1288] T 22d66049cb9c4419a35469ea8c2c36bc P 096da8680d274dba91b50831a23bfd58: Max persistent index in RocksDB's SSTables before bootstrap: regular RocksDB: -1.-1; intents RocksDB: -1.-1
I0311 03:17:58.662663    29 tablet_bootstrap.cc:1288] T 3a76ab24970d40ef859dfa774b11abe1 P 096da8680d274dba91b50831a23bfd58: Max persistent index in RocksDB's SSTables before bootstrap: regular RocksDB: -1.-1; intents RocksDB: -1.-1
I0311 03:17:58.665807    28 log.cc:1278] T 22d66049cb9c4419a35469ea8c2c36bc P 096da8680d274dba91b50831a23bfd58: Setting log wal retention time to 0 seconds
I0311 03:17:58.666244    29 log.cc:1278] T 3a76ab24970d40ef859dfa774b11abe1 P 096da8680d274dba91b50831a23bfd58: Setting log wal retention time to 0 seconds
W0311 03:17:58.675272    30 log_util.cc:240] Could not read footer for segment: /mnt/tserver/yb-data/tserver/wals/table-929f7d28b7a2483c9b6c4652af3f6131/tablet-5c82d2d282b24c23a5a85eaa9b3797e3/wal-000000005: Not found (yb/consensus/log_util.cc:554): Footer not found. Footer magic doesn't match
W0311 03:17:58.675312    27 log_util.cc:240] Could not read footer for segment: /mnt/tserver/yb-data/tserver/wals/table-929f7d28b7a2483c9b6c4652af3f6131/tablet-974d5dc4624a4cc8ba8333f193777a6e/wal-000000005: Not found (yb/consensus/log_util.cc:554): Footer not found. Footer magic doesn't match
W0311 03:17:58.675967    28 log_util.cc:240] Could not read footer for segment: /mnt/tserver/yb-data/tserver/wals/table-929f7d28b7a2483c9b6c4652af3f6131/tablet-22d66049cb9c4419a35469ea8c2c36bc/wal-000000005: Not found (yb/consensus/log_util.cc:554): Footer not found. Footer magic doesn't match
W0311 03:17:58.677230    30 log_reader.cc:192] T 5c82d2d282b24c23a5a85eaa9b3797e3 P 096da8680d274dba91b50831a23bfd58: Log segment /mnt/tserver/yb-data/tserver/wals/table-929f7d28b7a2483c9b6c4652af3f6131/tablet-5c82d2d282b24c23a5a85eaa9b3797e3/wal-000000005 was likely left in-progress after a previous crash. Will try to rebuild footer by scanning data.
W0311 03:17:58.678333    27 log_reader.cc:192] T 974d5dc4624a4cc8ba8333f193777a6e P 096da8680d274dba91b50831a23bfd58: Log segment /mnt/tserver/yb-data/tserver/wals/table-929f7d28b7a2483c9b6c4652af3f6131/tablet-974d5dc4624a4cc8ba8333f193777a6e/wal-000000005 was likely left in-progress after a previous crash. Will try to rebuild footer by scanning data.
W0311 03:17:58.678481    29 log_util.cc:240] Could not read footer for segment: /mnt/tserver/yb-data/tserver/wals/table-929f7d28b7a2483c9b6c4652af3f6131/tablet-3a76ab24970d40ef859dfa774b11abe1/wal-000000005: Not found (yb/consensus/log_util.cc:554): Footer not found. Footer magic doesn't match
W0311 03:17:58.682623    29 log_reader.cc:192] T 3a76ab24970d40ef859dfa774b11abe1 P 096da8680d274dba91b50831a23bfd58: Log segment /mnt/tserver/yb-data/tserver/wals/table-929f7d28b7a2483c9b6c4652af3f6131/tablet-3a76ab24970d40ef859dfa774b11abe1/wal-000000005 was likely left in-progress after a previous crash. Will try to rebuild footer by scanning data.
I0311 03:17:58.681473    30 log_util.cc:773] Scanning /mnt/tserver/yb-data/tserver/wals/table-929f7d28b7a2483c9b6c4652af3f6131/tablet-5c82d2d282b24c23a5a85eaa9b3797e3/wal-000000005 for valid entry headers following offset 195...
I0311 03:17:58.682039    27 log_util.cc:773] Scanning /mnt/tserver/yb-data/tserver/wals/table-929f7d28b7a2483c9b6c4652af3f6131/tablet-974d5dc4624a4cc8ba8333f193777a6e/wal-000000005 for valid entry headers following offset 195...
W0311 03:17:58.680754    28 log_reader.cc:192] T 22d66049cb9c4419a35469ea8c2c36bc P 096da8680d274dba91b50831a23bfd58: Log segment /mnt/tserver/yb-data/tserver/wals/table-929f7d28b7a2483c9b6c4652af3f6131/tablet-22d66049cb9c4419a35469ea8c2c36bc/wal-000000005 was likely left in-progress after a previous crash. Will try to rebuild footer by scanning data.
I0311 03:17:58.692453    28 log_util.cc:773] Scanning /mnt/tserver/yb-data/tserver/wals/table-929f7d28b7a2483c9b6c4652af3f6131/tablet-22d66049cb9c4419a35469ea8c2c36bc/wal-000000005 for valid entry headers following offset 195...
I0311 03:17:58.683553    29 log_util.cc:773] Scanning /mnt/tserver/yb-data/tserver/wals/table-929f7d28b7a2483c9b6c4652af3f6131/tablet-3a76ab24970d40ef859dfa774b11abe1/wal-000000005 for valid entry headers following offset 195...
I0311 03:17:58.698813    30 log_util.cc:817] Found no log entry headers
I0311 03:17:58.701071    30 log_util.cc:666] Ignoring partially flushed segment in write ahead log /mnt/tserver/yb-data/tserver/wals/table-929f7d28b7a2483c9b6c4652af3f6131/tablet-5c82d2d282b24c23a5a85eaa9b3797e3/wal-000000005 because there are no log entries following this one. The server probably crashed in the middle of writing an entry to the write-ahead log or downloaded an active log via remote bootstrap. Error detail: Corruption (yb/consensus/log_util.cc:889): Invalid checksum in log entry head header: found=0, computed=2351477386: Failed trying to read batch #3 at offset 195 for log segment /mnt/tserver/yb-data/tserver/wals/table-929f7d28b7a2483c9b6c4652af3f6131/tablet-5c82d2d282b24c23a5a85eaa9b3797e3/wal-000000005: Prior batch offsets: 107 167 195; Last log entries read: [REPLICATE (5.5)]
I0311 03:17:58.703390    30 log_util.cc:285] Successfully rebuilt footer for segment: /mnt/tserver/yb-data/tserver/wals/table-929f7d28b7a2483c9b6c4652af3f6131/tablet-5c82d2d282b24c23a5a85eaa9b3797e3/wal-000000005 (valid entries through byte offset 195)
I0311 03:17:58.703481    27 log_util.cc:817] Found no log entry headers
I0311 03:17:58.706385    27 log_util.cc:666] Ignoring partially flushed segment in write ahead log /mnt/tserver/yb-data/tserver/wals/table-929f7d28b7a2483c9b6c4652af3f6131/tablet-974d5dc4624a4cc8ba8333f193777a6e/wal-000000005 because there are no log entries following this one. The server probably crashed in the middle of writing an entry to the write-ahead log or downloaded an active log via remote bootstrap. Error detail: Corruption (yb/consensus/log_util.cc:889): Invalid checksum in log entry head header: found=0, computed=2351477386: Failed trying to read batch #3 at offset 195 for log segment /mnt/tserver/yb-data/tserver/wals/table-929f7d28b7a2483c9b6c4652af3f6131/tablet-974d5dc4624a4cc8ba8333f193777a6e/wal-000000005: Prior batch offsets: 107 167 195; Last log entries read: [REPLICATE (5.5)]
I0311 03:17:58.707334    27 log_util.cc:285] Successfully rebuilt footer for segment: /mnt/tserver/yb-data/tserver/wals/table-929f7d28b7a2483c9b6c4652af3f6131/tablet-974d5dc4624a4cc8ba8333f193777a6e/wal-000000005 (valid entries through byte offset 195)
I0311 03:17:58.708323    29 log_util.cc:817] Found no log entry headers
I0311 03:17:58.709053    29 log_util.cc:666] Ignoring partially flushed segment in write ahead log /mnt/tserver/yb-data/tserver/wals/table-929f7d28b7a2483c9b6c4652af3f6131/tablet-3a76ab24970d40ef859dfa774b11abe1/wal-000000005 because there are no log entries following this one. The server probably crashed in the middle of writing an entry to the write-ahead log or downloaded an active log via remote bootstrap. Error detail: Corruption (yb/consensus/log_util.cc:889): Invalid checksum in log entry head header: found=0, computed=2351477386: Failed trying to read batch #3 at offset 195 for log segment /mnt/tserver/yb-data/tserver/wals/table-929f7d28b7a2483c9b6c4652af3f6131/tablet-3a76ab24970d40ef859dfa774b11abe1/wal-000000005: Prior batch offsets: 107 167 195; Last log entries read: [REPLICATE (5.5)]
I0311 03:17:58.707636    28 log_util.cc:817] Found no log entry headers
I0311 03:17:58.711669    29 log_util.cc:285] Successfully rebuilt footer for segment: /mnt/tserver/yb-data/tserver/wals/table-929f7d28b7a2483c9b6c4652af3f6131/tablet-3a76ab24970d40ef859dfa774b11abe1/wal-000000005 (valid entries through byte offset 195)
W0311 03:17:58.712229    30 log_util.cc:240] Could not read footer for segment: /mnt/tserver/yb-data/tserver/wals/table-929f7d28b7a2483c9b6c4652af3f6131/tablet-5c82d2d282b24c23a5a85eaa9b3797e3/wal-000000006: Not found (yb/consensus/log_util.cc:554): Footer not found. Footer magic doesn't match
I0311 03:17:58.712361    28 log_util.cc:666] Ignoring partially flushed segment in write ahead log /mnt/tserver/yb-data/tserver/wals/table-929f7d28b7a2483c9b6c4652af3f6131/tablet-22d66049cb9c4419a35469ea8c2c36bc/wal-000000005 because there are no log entries following this one. The server probably crashed in the middle of writing an entry to the write-ahead log or downloaded an active log via remote bootstrap. Error detail: Corruption (yb/consensus/log_util.cc:889): Invalid checksum in log entry head header: found=0, computed=2351477386: Failed trying to read batch #3 at offset 195 for log segment /mnt/tserver/yb-data/tserver/wals/table-929f7d28b7a2483c9b6c4652af3f6131/tablet-22d66049cb9c4419a35469ea8c2c36bc/wal-000000005: Prior batch offsets: 107 167 195; Last log entries read: [REPLICATE (5.5)]
W0311 03:17:58.713387    27 log_util.cc:240] Could not read footer for segment: /mnt/tserver/yb-data/tserver/wals/table-929f7d28b7a2483c9b6c4652af3f6131/tablet-974d5dc4624a4cc8ba8333f193777a6e/wal-000000006: Not found (yb/consensus/log_util.cc:554): Footer not found. Footer magic doesn't match
W0311 03:17:58.713603    30 log_reader.cc:192] T 5c82d2d282b24c23a5a85eaa9b3797e3 P 096da8680d274dba91b50831a23bfd58: Log segment /mnt/tserver/yb-data/tserver/wals/table-929f7d28b7a2483c9b6c4652af3f6131/tablet-5c82d2d282b24c23a5a85eaa9b3797e3/wal-000000006 was likely left in-progress after a previous crash. Will try to rebuild footer by scanning data.
I0311 03:17:58.716296    30 log_util.cc:773] Scanning /mnt/tserver/yb-data/tserver/wals/table-929f7d28b7a2483c9b6c4652af3f6131/tablet-5c82d2d282b24c23a5a85eaa9b3797e3/wal-000000006 for valid entry headers following offset 195...
W0311 03:17:58.715276    27 log_reader.cc:192] T 974d5dc4624a4cc8ba8333f193777a6e P 096da8680d274dba91b50831a23bfd58: Log segment /mnt/tserver/yb-data/tserver/wals/table-929f7d28b7a2483c9b6c4652af3f6131/tablet-974d5dc4624a4cc8ba8333f193777a6e/wal-000000006 was likely left in-progress after a previous crash. Will try to rebuild footer by scanning data.
I0311 03:17:58.717748    27 log_util.cc:773] Scanning /mnt/tserver/yb-data/tserver/wals/table-929f7d28b7a2483c9b6c4652af3f6131/tablet-974d5dc4624a4cc8ba8333f193777a6e/wal-000000006 for valid entry headers following offset 195...
W0311 03:17:58.716351    29 log_util.cc:240] Could not read footer for segment: /mnt/tserver/yb-data/tserver/wals/table-929f7d28b7a2483c9b6c4652af3f6131/tablet-3a76ab24970d40ef859dfa774b11abe1/wal-000000006: Not found (yb/consensus/log_util.cc:554): Footer not found. Footer magic doesn't match
W0311 03:17:58.723353    29 log_reader.cc:192] T 3a76ab24970d40ef859dfa774b11abe1 P 096da8680d274dba91b50831a23bfd58: Log segment /mnt/tserver/yb-data/tserver/wals/table-929f7d28b7a2483c9b6c4652af3f6131/tablet-3a76ab24970d40ef859dfa774b11abe1/wal-000000006 was likely left in-progress after a previous crash. Will try to rebuild footer by scanning data.
I0311 03:17:58.729017    29 log_util.cc:773] Scanning /mnt/tserver/yb-data/tserver/wals/table-929f7d28b7a2483c9b6c4652af3f6131/tablet-3a76ab24970d40ef859dfa774b11abe1/wal-000000006 for valid entry headers following offset 195...
I0311 03:17:58.714572    28 log_util.cc:285] Successfully rebuilt footer for segment: /mnt/tserver/yb-data/tserver/wals/table-929f7d28b7a2483c9b6c4652af3f6131/tablet-22d66049cb9c4419a35469ea8c2c36bc/wal-000000005 (valid entries through byte offset 195)
I0311 03:17:58.730041    30 log_util.cc:817] Found no log entry headers
I0311 03:17:58.733017    30 log_util.cc:666] Ignoring partially flushed segment in write ahead log /mnt/tserver/yb-data/tserver/wals/table-929f7d28b7a2483c9b6c4652af3f6131/tablet-5c82d2d282b24c23a5a85eaa9b3797e3/wal-000000006 because there are no log entries following this one. The server probably crashed in the middle of writing an entry to the write-ahead log or downloaded an active log via remote bootstrap. Error detail: Corruption (yb/consensus/log_util.cc:889): Invalid checksum in log entry head header: found=0, computed=2351477386: Failed trying to read batch #3 at offset 195 for log segment /mnt/tserver/yb-data/tserver/wals/table-929f7d28b7a2483c9b6c4652af3f6131/tablet-5c82d2d282b24c23a5a85eaa9b3797e3/wal-000000006: Prior batch offsets: 107 167 195; Last log entries read: [REPLICATE (6.6)]
I0311 03:17:58.731113    27 log_util.cc:817] Found no log entry headers
I0311 03:17:58.735746    27 log_util.cc:666] Ignoring partially flushed segment in write ahead log /mnt/tserver/yb-data/tserver/wals/table-929f7d28b7a2483c9b6c4652af3f6131/tablet-974d5dc4624a4cc8ba8333f193777a6e/wal-000000006 because there are no log entries following this one. The server probably crashed in the middle of writing an entry to the write-ahead log or downloaded an active log via remote bootstrap. Error detail: Corruption (yb/consensus/log_util.cc:889): Invalid checksum in log entry head header: found=0, computed=2351477386: Failed trying to read batch #3 at offset 195 for log segment /mnt/tserver/yb-data/tserver/wals/table-929f7d28b7a2483c9b6c4652af3f6131/tablet-974d5dc4624a4cc8ba8333f193777a6e/wal-000000006: Prior batch offsets: 107 167 195; Last log entries read: [REPLICATE (6.6)]
I0311 03:17:58.734162    30 log_util.cc:285] Successfully rebuilt footer for segment: /mnt/tserver/yb-data/tserver/wals/table-929f7d28b7a2483c9b6c4652af3f6131/tablet-5c82d2d282b24c23a5a85eaa9b3797e3/wal-000000006 (valid entries through byte offset 195)
I0311 03:17:58.736683    27 log_util.cc:285] Successfully rebuilt footer for segment: /mnt/tserver/yb-data/tserver/wals/table-929f7d28b7a2483c9b6c4652af3f6131/tablet-974d5dc4624a4cc8ba8333f193777a6e/wal-000000006 (valid entries through byte offset 195)
W0311 03:17:58.738952    28 log_util.cc:240] Could not read footer for segment: /mnt/tserver/yb-data/tserver/wals/table-929f7d28b7a2483c9b6c4652af3f6131/tablet-22d66049cb9c4419a35469ea8c2c36bc/wal-000000006: Not found (yb/consensus/log_util.cc:554): Footer not found. Footer magic doesn't match
I0311 03:17:58.739231    29 log_util.cc:817] Found no log entry headers
W0311 03:17:58.740245    28 log_reader.cc:192] T 22d66049cb9c4419a35469ea8c2c36bc P 096da8680d274dba91b50831a23bfd58: Log segment /mnt/tserver/yb-data/tserver/wals/table-929f7d28b7a2483c9b6c4652af3f6131/tablet-22d66049cb9c4419a35469ea8c2c36bc/wal-000000006 was likely left in-progress after a previous crash. Will try to rebuild footer by scanning data.
I0311 03:17:58.740793    29 log_util.cc:666] Ignoring partially flushed segment in write ahead log /mnt/tserver/yb-data/tserver/wals/table-929f7d28b7a2483c9b6c4652af3f6131/tablet-3a76ab24970d40ef859dfa774b11abe1/wal-000000006 because there are no log entries following this one. The server probably crashed in the middle of writing an entry to the write-ahead log or downloaded an active log via remote bootstrap. Error detail: Corruption (yb/consensus/log_util.cc:889): Invalid checksum in log entry head header: found=0, computed=2351477386: Failed trying to read batch #3 at offset 195 for log segment /mnt/tserver/yb-data/tserver/wals/table-929f7d28b7a2483c9b6c4652af3f6131/tablet-3a76ab24970d40ef859dfa774b11abe1/wal-000000006: Prior batch offsets: 107 167 195; Last log entries read: [REPLICATE (6.6)]
W0311 03:17:58.743507    30 log_util.cc:240] Could not read footer for segment: /mnt/tserver/yb-data/tserver/wals/table-929f7d28b7a2483c9b6c4652af3f6131/tablet-5c82d2d282b24c23a5a85eaa9b3797e3/wal-000000007: Not found (yb/consensus/log_util.cc:554): Footer not found. Footer magic doesn't match
I0311 03:17:58.743561    28 log_util.cc:773] Scanning /mnt/tserver/yb-data/tserver/wals/table-929f7d28b7a2483c9b6c4652af3f6131/tablet-22d66049cb9c4419a35469ea8c2c36bc/wal-000000006 for valid entry headers following offset 195...
W0311 03:17:58.744614    27 log_util.cc:240] Could not read footer for segment: /mnt/tserver/yb-data/tserver/wals/table-929f7d28b7a2483c9b6c4652af3f6131/tablet-974d5dc4624a4cc8ba8333f193777a6e/wal-000000007: Not found (yb/consensus/log_util.cc:554): Footer not found. Footer magic doesn't match
I0311 03:17:58.744858    29 log_util.cc:285] Successfully rebuilt footer for segment: /mnt/tserver/yb-data/tserver/wals/table-929f7d28b7a2483c9b6c4652af3f6131/tablet-3a76ab24970d40ef859dfa774b11abe1/wal-000000006 (valid entries through byte offset 195)
W0311 03:17:58.745592    30 log_reader.cc:192] T 5c82d2d282b24c23a5a85eaa9b3797e3 P 096da8680d274dba91b50831a23bfd58: Log segment /mnt/tserver/yb-data/tserver/wals/table-929f7d28b7a2483c9b6c4652af3f6131/tablet-5c82d2d282b24c23a5a85eaa9b3797e3/wal-000000007 was likely left in-progress after a previous crash. Will try to rebuild footer by scanning data.
I0311 03:17:58.750137    30 log_util.cc:773] Scanning /mnt/tserver/yb-data/tserver/wals/table-929f7d28b7a2483c9b6c4652af3f6131/tablet-5c82d2d282b24c23a5a85eaa9b3797e3/wal-000000007 for valid entry headers following offset 195...
W0311 03:17:58.747516    27 log_reader.cc:192] T 974d5dc4624a4cc8ba8333f193777a6e P 096da8680d274dba91b50831a23bfd58: Log segment /mnt/tserver/yb-data/tserver/wals/table-929f7d28b7a2483c9b6c4652af3f6131/tablet-974d5dc4624a4cc8ba8333f193777a6e/wal-000000007 was likely left in-progress after a previous crash. Will try to rebuild footer by scanning data.
I0311 03:17:58.755234    28 log_util.cc:817] Found no log entry headers
I0311 03:17:58.755292    27 log_util.cc:773] Scanning /mnt/tserver/yb-data/tserver/wals/table-929f7d28b7a2483c9b6c4652af3f6131/tablet-974d5dc4624a4cc8ba8333f193777a6e/wal-000000007 for valid entry headers following offset 195...
I0311 03:17:58.756901    28 log_util.cc:666] Ignoring partially flushed segment in write ahead log /mnt/tserver/yb-data/tserver/wals/table-929f7d28b7a2483c9b6c4652af3f6131/tablet-22d66049cb9c4419a35469ea8c2c36bc/wal-000000006 because there are no log entries following this one. The server probably crashed in the middle of writing an entry to the write-ahead log or downloaded an active log via remote bootstrap. Error detail: Corruption (yb/consensus/log_util.cc:889): Invalid checksum in log entry head header: found=0, computed=2351477386: Failed trying to read batch #3 at offset 195 for log segment /mnt/tserver/yb-data/tserver/wals/table-929f7d28b7a2483c9b6c4652af3f6131/tablet-22d66049cb9c4419a35469ea8c2c36bc/wal-000000006: Prior batch offsets: 107 167 195; Last log entries read: [REPLICATE (6.6)]
I0311 03:17:58.759660    28 log_util.cc:285] Successfully rebuilt footer for segment: /mnt/tserver/yb-data/tserver/wals/table-929f7d28b7a2483c9b6c4652af3f6131/tablet-22d66049cb9c4419a35469ea8c2c36bc/wal-000000006 (valid entries through byte offset 195)
W0311 03:17:58.760742    29 log_util.cc:240] Could not read footer for segment: /mnt/tserver/yb-data/tserver/wals/table-929f7d28b7a2483c9b6c4652af3f6131/tablet-3a76ab24970d40ef859dfa774b11abe1/wal-000000007: Not found (yb/consensus/log_util.cc:554): Footer not found. Footer magic doesn't match
I0311 03:17:58.762254    30 log_util.cc:817] Found no log entry headers
W0311 03:17:58.763301    29 log_reader.cc:192] T 3a76ab24970d40ef859dfa774b11abe1 P 096da8680d274dba91b50831a23bfd58: Log segment /mnt/tserver/yb-data/tserver/wals/table-929f7d28b7a2483c9b6c4652af3f6131/tablet-3a76ab24970d40ef859dfa774b11abe1/wal-000000007 was likely left in-progress after a previous crash. Will try to rebuild footer by scanning data.
I0311 03:17:58.767792    29 log_util.cc:773] Scanning /mnt/tserver/yb-data/tserver/wals/table-929f7d28b7a2483c9b6c4652af3f6131/tablet-3a76ab24970d40ef859dfa774b11abe1/wal-000000007 for valid entry headers following offset 195...
I0311 03:17:58.763624    30 log_util.cc:666] Ignoring partially flushed segment in write ahead log /mnt/tserver/yb-data/tserver/wals/table-929f7d28b7a2483c9b6c4652af3f6131/tablet-5c82d2d282b24c23a5a85eaa9b3797e3/wal-000000007 because there are no log entries following this one. The server probably crashed in the middle of writing an entry to the write-ahead log or downloaded an active log via remote bootstrap. Error detail: Corruption (yb/consensus/log_util.cc:889): Invalid checksum in log entry head header: found=0, computed=2351477386: Failed trying to read batch #3 at offset 195 for log segment /mnt/tserver/yb-data/tserver/wals/table-929f7d28b7a2483c9b6c4652af3f6131/tablet-5c82d2d282b24c23a5a85eaa9b3797e3/wal-000000007: Prior batch offsets: 107 167 195; Last log entries read: [REPLICATE (7.7)]
I0311 03:17:58.767973    27 log_util.cc:817] Found no log entry headers
W0311 03:17:58.767987    28 log_util.cc:240] Could not read footer for segment: /mnt/tserver/yb-data/tserver/wals/table-929f7d28b7a2483c9b6c4652af3f6131/tablet-22d66049cb9c4419a35469ea8c2c36bc/wal-000000007: Not found (yb/consensus/log_util.cc:554): Footer not found. Footer magic doesn't match
I0311 03:17:58.769135    30 log_util.cc:285] Successfully rebuilt footer for segment: /mnt/tserver/yb-data/tserver/wals/table-929f7d28b7a2483c9b6c4652af3f6131/tablet-5c82d2d282b24c23a5a85eaa9b3797e3/wal-000000007 (valid entries through byte offset 195)
I0311 03:17:58.770148    27 log_util.cc:666] Ignoring partially flushed segment in write ahead log /mnt/tserver/yb-data/tserver/wals/table-929f7d28b7a2483c9b6c4652af3f6131/tablet-974d5dc4624a4cc8ba8333f193777a6e/wal-000000007 because there are no log entries following this one. The server probably crashed in the middle of writing an entry to the write-ahead log or downloaded an active log via remote bootstrap. Error detail: Corruption (yb/consensus/log_util.cc:889): Invalid checksum in log entry head header: found=0, computed=2351477386: Failed trying to read batch #3 at offset 195 for log segment /mnt/tserver/yb-data/tserver/wals/table-929f7d28b7a2483c9b6c4652af3f6131/tablet-974d5dc4624a4cc8ba8333f193777a6e/wal-000000007: Prior batch offsets: 107 167 195; Last log entries read: [REPLICATE (7.7)]
W0311 03:17:58.771461    28 log_reader.cc:192] T 22d66049cb9c4419a35469ea8c2c36bc P 096da8680d274dba91b50831a23bfd58: Log segment /mnt/tserver/yb-data/tserver/wals/table-929f7d28b7a2483c9b6c4652af3f6131/tablet-22d66049cb9c4419a35469ea8c2c36bc/wal-000000007 was likely left in-progress after a previous crash. Will try to rebuild footer by scanning data.
I0311 03:17:58.774442    29 log_util.cc:817] Found no log entry headers
I0311 03:17:58.773492    27 log_util.cc:285] Successfully rebuilt footer for segment: /mnt/tserver/yb-data/tserver/wals/table-929f7d28b7a2483c9b6c4652af3f6131/tablet-974d5dc4624a4cc8ba8333f193777a6e/wal-000000007 (valid entries through byte offset 195)
I0311 03:17:58.772150    30 log.cc:661] T 5c82d2d282b24c23a5a85eaa9b3797e3 P 096da8680d274dba91b50831a23bfd58: Opened existing logs. Last segment is /mnt/tserver/yb-data/tserver/wals/table-929f7d28b7a2483c9b6c4652af3f6131/tablet-5c82d2d282b24c23a5a85eaa9b3797e3/wal-000000007
I0311 03:17:58.775478    30 tablet_bootstrap.cc:386] T 5c82d2d282b24c23a5a85eaa9b3797e3 P 096da8680d274dba91b50831a23bfd58: Bootstrap optimizer (skip_flushed_entries): op_id_replay_lowest=-1.-1 (regular_op_id=-1.-1, intents_op_id=-1.-1, has_intents_db=0)
I0311 03:17:58.774837    29 log_util.cc:666] Ignoring partially flushed segment in write ahead log /mnt/tserver/yb-data/tserver/wals/table-929f7d28b7a2483c9b6c4652af3f6131/tablet-3a76ab24970d40ef859dfa774b11abe1/wal-000000007 because there are no log entries following this one. The server probably crashed in the middle of writing an entry to the write-ahead log or downloaded an active log via remote bootstrap. Error detail: Corruption (yb/consensus/log_util.cc:889): Invalid checksum in log entry head header: found=0, computed=2351477386: Failed trying to read batch #3 at offset 195 for log segment /mnt/tserver/yb-data/tserver/wals/table-929f7d28b7a2483c9b6c4652af3f6131/tablet-3a76ab24970d40ef859dfa774b11abe1/wal-000000007: Prior batch offsets: 107 167 195; Last log entries read: [REPLICATE (7.7)]
I0311 03:17:58.775144    27 log.cc:661] T 974d5dc4624a4cc8ba8333f193777a6e P 096da8680d274dba91b50831a23bfd58: Opened existing logs. Last segment is /mnt/tserver/yb-data/tserver/wals/table-929f7d28b7a2483c9b6c4652af3f6131/tablet-974d5dc4624a4cc8ba8333f193777a6e/wal-000000007
I0311 03:17:58.774574    28 log_util.cc:773] Scanning /mnt/tserver/yb-data/tserver/wals/table-929f7d28b7a2483c9b6c4652af3f6131/tablet-22d66049cb9c4419a35469ea8c2c36bc/wal-000000007 for valid entry headers following offset 195...
I0311 03:17:58.775981    30 tablet_bootstrap.cc:1237] T 5c82d2d282b24c23a5a85eaa9b3797e3 P 096da8680d274dba91b50831a23bfd58: Segment /mnt/tserver/yb-data/tserver/wals/table-929f7d28b7a2483c9b6c4652af3f6131/tablet-5c82d2d282b24c23a5a85eaa9b3797e3/wal-000000007 cannot be used as the first segment to start replay with according to our OpId and retention criteria. Continuing to earlier segments.op_id=7.7, op_id_replay_lowest=-1.-1, first_op_time=3977690710.210s, min_seconds_to_retain_logs=660.000s, replay_from_this_or_earlier_time_was_initialized=0, *replay_from_this_or_earlier_time=3977690050.210s, is_first_op_id_low_enough=0, is_first_op_time_early_enough=0
I0311 03:17:58.776504    29 log_util.cc:285] Successfully rebuilt footer for segment: /mnt/tserver/yb-data/tserver/wals/table-929f7d28b7a2483c9b6c4652af3f6131/tablet-3a76ab24970d40ef859dfa774b11abe1/wal-000000007 (valid entries through byte offset 195)
I0311 03:17:58.785285    29 log.cc:661] T 3a76ab24970d40ef859dfa774b11abe1 P 096da8680d274dba91b50831a23bfd58: Opened existing logs. Last segment is /mnt/tserver/yb-data/tserver/wals/table-929f7d28b7a2483c9b6c4652af3f6131/tablet-3a76ab24970d40ef859dfa774b11abe1/wal-000000007
I0311 03:17:58.783175    30 tablet_bootstrap.cc:1237] T 5c82d2d282b24c23a5a85eaa9b3797e3 P 096da8680d274dba91b50831a23bfd58: Segment /mnt/tserver/yb-data/tserver/wals/table-929f7d28b7a2483c9b6c4652af3f6131/tablet-5c82d2d282b24c23a5a85eaa9b3797e3/wal-000000006 cannot be used as the first segment to start replay with according to our OpId and retention criteria. Continuing to earlier segments.op_id=6.6, op_id_replay_lowest=-1.-1, first_op_time=3977690706.917s, min_seconds_to_retain_logs=660.000s, replay_from_this_or_earlier_time_was_initialized=1, *replay_from_this_or_earlier_time=3977690050.210s, is_first_op_id_low_enough=0, is_first_op_time_early_enough=0
I0311 03:17:58.787335    30 tablet_bootstrap.cc:1237] T 5c82d2d282b24c23a5a85eaa9b3797e3 P 096da8680d274dba91b50831a23bfd58: Segment /mnt/tserver/yb-data/tserver/wals/table-929f7d28b7a2483c9b6c4652af3f6131/tablet-5c82d2d282b24c23a5a85eaa9b3797e3/wal-000000005 cannot be used as the first segment to start replay with according to our OpId and retention criteria. However, this is already the earliest segment so we have to start replay here. We should probably investigate how we got into this situation. op_id=5.5, op_id_replay_lowest=-1.-1, first_op_time=3977690703.997s, min_seconds_to_retain_logs=660.000s, replay_from_this_or_earlier_time_was_initialized=1, *replay_from_this_or_earlier_time=3977690050.210s, is_first_op_id_low_enough=0, is_first_op_time_early_enough=0
I0311 03:17:58.785857    29 tablet_bootstrap.cc:386] T 3a76ab24970d40ef859dfa774b11abe1 P 096da8680d274dba91b50831a23bfd58: Bootstrap optimizer (skip_flushed_entries): op_id_replay_lowest=-1.-1 (regular_op_id=-1.-1, intents_op_id=-1.-1, has_intents_db=0)
I0311 03:17:58.777799    27 tablet_bootstrap.cc:386] T 974d5dc4624a4cc8ba8333f193777a6e P 096da8680d274dba91b50831a23bfd58: Bootstrap optimizer (skip_flushed_entries): op_id_replay_lowest=-1.-1 (regular_op_id=-1.-1, intents_op_id=-1.-1, has_intents_db=0)
I0311 03:17:58.788100    30 tablet_bootstrap.cc:1250] T 5c82d2d282b24c23a5a85eaa9b3797e3 P 096da8680d274dba91b50831a23bfd58: Bootstrap optimizer (skip_flushed_entries): will replay all segments starting from the very first one.
I0311 03:17:58.791700    29 tablet_bootstrap.cc:1237] T 3a76ab24970d40ef859dfa774b11abe1 P 096da8680d274dba91b50831a23bfd58: Segment /mnt/tserver/yb-data/tserver/wals/table-929f7d28b7a2483c9b6c4652af3f6131/tablet-3a76ab24970d40ef859dfa774b11abe1/wal-000000007 cannot be used as the first segment to start replay with according to our OpId and retention criteria. Continuing to earlier segments.op_id=7.7, op_id_replay_lowest=-1.-1, first_op_time=3544782173.049s, min_seconds_to_retain_logs=660.000s, replay_from_this_or_earlier_time_was_initialized=0, *replay_from_this_or_earlier_time=3544781513.049s, is_first_op_id_low_enough=0, is_first_op_time_early_enough=0
I0311 03:17:58.793630    29 tablet_bootstrap.cc:1237] T 3a76ab24970d40ef859dfa774b11abe1 P 096da8680d274dba91b50831a23bfd58: Segment /mnt/tserver/yb-data/tserver/wals/table-929f7d28b7a2483c9b6c4652af3f6131/tablet-3a76ab24970d40ef859dfa774b11abe1/wal-000000006 cannot be used as the first segment to start replay with according to our OpId and retention criteria. Continuing to earlier segments.op_id=6.6, op_id_replay_lowest=-1.-1, first_op_time=3544782169.773s, min_seconds_to_retain_logs=660.000s, replay_from_this_or_earlier_time_was_initialized=1, *replay_from_this_or_earlier_time=3544781513.049s, is_first_op_id_low_enough=0, is_first_op_time_early_enough=0
I0311 03:17:58.792466    28 log_util.cc:817] Found no log entry headers
I0311 03:17:58.792230    27 tablet_bootstrap.cc:1237] T 974d5dc4624a4cc8ba8333f193777a6e P 096da8680d274dba91b50831a23bfd58: Segment /mnt/tserver/yb-data/tserver/wals/table-929f7d28b7a2483c9b6c4652af3f6131/tablet-974d5dc4624a4cc8ba8333f193777a6e/wal-000000007 cannot be used as the first segment to start replay with according to our OpId and retention criteria. Continuing to earlier segments.op_id=7.7, op_id_replay_lowest=-1.-1, first_op_time=3978764933.334s, min_seconds_to_retain_logs=660.000s, replay_from_this_or_earlier_time_was_initialized=0, *replay_from_this_or_earlier_time=3978764273.334s, is_first_op_id_low_enough=0, is_first_op_time_early_enough=0
I0311 03:17:58.794201    29 tablet_bootstrap.cc:1237] T 3a76ab24970d40ef859dfa774b11abe1 P 096da8680d274dba91b50831a23bfd58: Segment /mnt/tserver/yb-data/tserver/wals/table-929f7d28b7a2483c9b6c4652af3f6131/tablet-3a76ab24970d40ef859dfa774b11abe1/wal-000000005 cannot be used as the first segment to start replay with according to our OpId and retention criteria. However, this is already the earliest segment so we have to start replay here. We should probably investigate how we got into this situation. op_id=5.5, op_id_replay_lowest=-1.-1, first_op_time=3544782166.377s, min_seconds_to_retain_logs=660.000s, replay_from_this_or_earlier_time_was_initialized=1, *replay_from_this_or_earlier_time=3544781513.049s, is_first_op_id_low_enough=0, is_first_op_time_early_enough=0
I0311 03:17:58.794484    28 log_util.cc:666] Ignoring partially flushed segment in write ahead log /mnt/tserver/yb-data/tserver/wals/table-929f7d28b7a2483c9b6c4652af3f6131/tablet-22d66049cb9c4419a35469ea8c2c36bc/wal-000000007 because there are no log entries following this one. The server probably crashed in the middle of writing an entry to the write-ahead log or downloaded an active log via remote bootstrap. Error detail: Corruption (yb/consensus/log_util.cc:889): Invalid checksum in log entry head header: found=0, computed=2351477386: Failed trying to read batch #3 at offset 195 for log segment /mnt/tserver/yb-data/tserver/wals/table-929f7d28b7a2483c9b6c4652af3f6131/tablet-22d66049cb9c4419a35469ea8c2c36bc/wal-000000007: Prior batch offsets: 107 167 195; Last log entries read: [REPLICATE (7.7)]
I0311 03:17:58.794951    27 tablet_bootstrap.cc:1237] T 974d5dc4624a4cc8ba8333f193777a6e P 096da8680d274dba91b50831a23bfd58: Segment /mnt/tserver/yb-data/tserver/wals/table-929f7d28b7a2483c9b6c4652af3f6131/tablet-974d5dc4624a4cc8ba8333f193777a6e/wal-000000006 cannot be used as the first segment to start replay with according to our OpId and retention criteria. Continuing to earlier segments.op_id=6.6, op_id_replay_lowest=-1.-1, first_op_time=3978764930.036s, min_seconds_to_retain_logs=660.000s, replay_from_this_or_earlier_time_was_initialized=1, *replay_from_this_or_earlier_time=3978764273.334s, is_first_op_id_low_enough=0, is_first_op_time_early_enough=0
I0311 03:17:58.795414    29 tablet_bootstrap.cc:1250] T 3a76ab24970d40ef859dfa774b11abe1 P 096da8680d274dba91b50831a23bfd58: Bootstrap optimizer (skip_flushed_entries): will replay all segments starting from the very first one.
I0311 03:17:58.795718    28 log_util.cc:285] Successfully rebuilt footer for segment: /mnt/tserver/yb-data/tserver/wals/table-929f7d28b7a2483c9b6c4652af3f6131/tablet-22d66049cb9c4419a35469ea8c2c36bc/wal-000000007 (valid entries through byte offset 195)
I0311 03:17:58.796824    27 tablet_bootstrap.cc:1237] T 974d5dc4624a4cc8ba8333f193777a6e P 096da8680d274dba91b50831a23bfd58: Segment /mnt/tserver/yb-data/tserver/wals/table-929f7d28b7a2483c9b6c4652af3f6131/tablet-974d5dc4624a4cc8ba8333f193777a6e/wal-000000005 cannot be used as the first segment to start replay with according to our OpId and retention criteria. However, this is already the earliest segment so we have to start replay here. We should probably investigate how we got into this situation. op_id=5.5, op_id_replay_lowest=-1.-1, first_op_time=3978764927.003s, min_seconds_to_retain_logs=660.000s, replay_from_this_or_earlier_time_was_initialized=1, *replay_from_this_or_earlier_time=3978764273.334s, is_first_op_id_low_enough=0, is_first_op_time_early_enough=0
I0311 03:17:58.797000    30 tablet_bootstrap_if.cc:96] T 5c82d2d282b24c23a5a85eaa9b3797e3 P 096da8680d274dba91b50831a23bfd58: Bootstrap replayed 1/3 log segments. Read operations: 1, overwritten operations: 0. Pending: 1 replicates. Last read committed op id: 5.5, last entry metadata: { entry_time: 3977690703.997s offset: 107 active_segment_sequence_number: 5 }, last read entry op id: 5.5
I0311 03:17:58.797613    28 log.cc:661] T 22d66049cb9c4419a35469ea8c2c36bc P 096da8680d274dba91b50831a23bfd58: Opened existing logs. Last segment is /mnt/tserver/yb-data/tserver/wals/table-929f7d28b7a2483c9b6c4652af3f6131/tablet-22d66049cb9c4419a35469ea8c2c36bc/wal-000000007
I0311 03:17:58.798918    28 tablet_bootstrap.cc:386] T 22d66049cb9c4419a35469ea8c2c36bc P 096da8680d274dba91b50831a23bfd58: Bootstrap optimizer (skip_flushed_entries): op_id_replay_lowest=-1.-1 (regular_op_id=-1.-1, intents_op_id=-1.-1, has_intents_db=0)
I0311 03:17:58.798521    30 tablet_bootstrap_if.cc:96] T 5c82d2d282b24c23a5a85eaa9b3797e3 P 096da8680d274dba91b50831a23bfd58: Bootstrap replayed 2/3 log segments. Read operations: 2, overwritten operations: 0. Pending: 1 replicates. Last read committed op id: 6.6, last entry metadata: { entry_time: 3977690706.917s offset: 107 active_segment_sequence_number: 6 }, last read entry op id: 6.6
I0311 03:17:58.797994    27 tablet_bootstrap.cc:1250] T 974d5dc4624a4cc8ba8333f193777a6e P 096da8680d274dba91b50831a23bfd58: Bootstrap optimizer (skip_flushed_entries): will replay all segments starting from the very first one.
I0311 03:17:58.800688    29 tablet_bootstrap_if.cc:96] T 3a76ab24970d40ef859dfa774b11abe1 P 096da8680d274dba91b50831a23bfd58: Bootstrap replayed 1/3 log segments. Read operations: 1, overwritten operations: 0. Pending: 1 replicates. Last read committed op id: 5.5, last entry metadata: { entry_time: 3544782166.377s offset: 107 active_segment_sequence_number: 5 }, last read entry op id: 5.5
I0311 03:17:58.799806    30 tablet_bootstrap_if.cc:96] T 5c82d2d282b24c23a5a85eaa9b3797e3 P 096da8680d274dba91b50831a23bfd58: Bootstrap replayed 3/3 log segments. Read operations: 3, overwritten operations: 0. Pending: 1 replicates. Last read committed op id: 7.7, last entry metadata: { entry_time: 3977690710.210s offset: 107 active_segment_sequence_number: 7 }, last read entry op id: 7.7
I0311 03:17:58.801631    30 tablet_bootstrap.cc:1405] T 5c82d2d282b24c23a5a85eaa9b3797e3 P 096da8680d274dba91b50831a23bfd58: Dumping replay state to log at the end of PlaySegments
I0311 03:17:58.801339    29 tablet_bootstrap_if.cc:96] T 3a76ab24970d40ef859dfa774b11abe1 P 096da8680d274dba91b50831a23bfd58: Bootstrap replayed 2/3 log segments. Read operations: 2, overwritten operations: 0. Pending: 1 replicates. Last read committed op id: 6.6, last entry metadata: { entry_time: 3544782169.773s offset: 107 active_segment_sequence_number: 6 }, last read entry op id: 6.6
I0311 03:17:58.799347    28 tablet_bootstrap.cc:1237] T 22d66049cb9c4419a35469ea8c2c36bc P 096da8680d274dba91b50831a23bfd58: Segment /mnt/tserver/yb-data/tserver/wals/table-929f7d28b7a2483c9b6c4652af3f6131/tablet-22d66049cb9c4419a35469ea8c2c36bc/wal-000000007 cannot be used as the first segment to start replay with according to our OpId and retention criteria. Continuing to earlier segments.op_id=7.7, op_id_replay_lowest=-1.-1, first_op_time=7147944468.926s, min_seconds_to_retain_logs=660.000s, replay_from_this_or_earlier_time_was_initialized=0, *replay_from_this_or_earlier_time=7147943808.926s, is_first_op_id_low_enough=0, is_first_op_time_early_enough=0
I0311 03:17:58.802455    30 tablet_bootstrap.cc:1101] T 5c82d2d282b24c23a5a85eaa9b3797e3 P 096da8680d274dba91b50831a23bfd58: ReplayState: Previous OpId: 7.7, Committed OpId: 7.7, Pending Replicates: 0, Flushed Regular: -1.-1, Flushed Intents: -1.-1
I0311 03:17:58.802811    29 tablet_bootstrap_if.cc:96] T 3a76ab24970d40ef859dfa774b11abe1 P 096da8680d274dba91b50831a23bfd58: Bootstrap replayed 3/3 log segments. Read operations: 3, overwritten operations: 0. Pending: 1 replicates. Last read committed op id: 7.7, last entry metadata: { entry_time: 3544782173.049s offset: 107 active_segment_sequence_number: 7 }, last read entry op id: 7.7
I0311 03:17:58.803966    28 tablet_bootstrap.cc:1237] T 22d66049cb9c4419a35469ea8c2c36bc P 096da8680d274dba91b50831a23bfd58: Segment /mnt/tserver/yb-data/tserver/wals/table-929f7d28b7a2483c9b6c4652af3f6131/tablet-22d66049cb9c4419a35469ea8c2c36bc/wal-000000006 cannot be used as the first segment to start replay with according to our OpId and retention criteria. Continuing to earlier segments.op_id=6.6, op_id_replay_lowest=-1.-1, first_op_time=7147944465.645s, min_seconds_to_retain_logs=660.000s, replay_from_this_or_earlier_time_was_initialized=1, *replay_from_this_or_earlier_time=7147943808.926s, is_first_op_id_low_enough=0, is_first_op_time_early_enough=0
I0311 03:17:58.806856    28 tablet_bootstrap.cc:1237] T 22d66049cb9c4419a35469ea8c2c36bc P 096da8680d274dba91b50831a23bfd58: Segment /mnt/tserver/yb-data/tserver/wals/table-929f7d28b7a2483c9b6c4652af3f6131/tablet-22d66049cb9c4419a35469ea8c2c36bc/wal-000000005 cannot be used as the first segment to start replay with according to our OpId and retention criteria. However, this is already the earliest segment so we have to start replay here. We should probably investigate how we got into this situation. op_id=5.5, op_id_replay_lowest=-1.-1, first_op_time=7147944462.201s, min_seconds_to_retain_logs=660.000s, replay_from_this_or_earlier_time_was_initialized=1, *replay_from_this_or_earlier_time=7147943808.926s, is_first_op_id_low_enough=0, is_first_op_time_early_enough=0
I0311 03:17:58.804457    30 tablet_bootstrap.cc:1101] T 5c82d2d282b24c23a5a85eaa9b3797e3 P 096da8680d274dba91b50831a23bfd58: Log entries applied to RocksDB: 3
I0311 03:17:58.807904    30 tablet_bootstrap.cc:1416] T 5c82d2d282b24c23a5a85eaa9b3797e3 P 096da8680d274dba91b50831a23bfd58: Number of orphaned replicates: 0, last id: 7.7, committed id: 7.7
I0311 03:17:58.804289    27 tablet_bootstrap_if.cc:96] T 974d5dc4624a4cc8ba8333f193777a6e P 096da8680d274dba91b50831a23bfd58: Bootstrap replayed 1/3 log segments. Read operations: 1, overwritten operations: 0. Pending: 1 replicates. Last read committed op id: 5.5, last entry metadata: { entry_time: 3978764927.003s offset: 107 active_segment_sequence_number: 5 }, last read entry op id: 5.5
I0311 03:17:58.808938    27 tablet_bootstrap_if.cc:96] T 974d5dc4624a4cc8ba8333f193777a6e P 096da8680d274dba91b50831a23bfd58: Bootstrap replayed 2/3 log segments. Read operations: 2, overwritten operations: 0. Pending: 1 replicates. Last read committed op id: 6.6, last entry metadata: { entry_time: 3978764930.036s offset: 107 active_segment_sequence_number: 6 }, last read entry op id: 6.6
I0311 03:17:58.810009    27 tablet_bootstrap_if.cc:96] T 974d5dc4624a4cc8ba8333f193777a6e P 096da8680d274dba91b50831a23bfd58: Bootstrap replayed 3/3 log segments. Read operations: 3, overwritten operations: 0. Pending: 1 replicates. Last read committed op id: 7.7, last entry metadata: { entry_time: 3978764933.334s offset: 107 active_segment_sequence_number: 7 }, last read entry op id: 7.7
I0311 03:17:58.807360    28 tablet_bootstrap.cc:1250] T 22d66049cb9c4419a35469ea8c2c36bc P 096da8680d274dba91b50831a23bfd58: Bootstrap optimizer (skip_flushed_entries): will replay all segments starting from the very first one.
I0311 03:17:58.805665    29 tablet_bootstrap.cc:1405] T 3a76ab24970d40ef859dfa774b11abe1 P 096da8680d274dba91b50831a23bfd58: Dumping replay state to log at the end of PlaySegments
I0311 03:17:58.810415    27 tablet_bootstrap.cc:1405] T 974d5dc4624a4cc8ba8333f193777a6e P 096da8680d274dba91b50831a23bfd58: Dumping replay state to log at the end of PlaySegments
I0311 03:17:58.811527    29 tablet_bootstrap.cc:1101] T 3a76ab24970d40ef859dfa774b11abe1 P 096da8680d274dba91b50831a23bfd58: ReplayState: Previous OpId: 7.7, Committed OpId: 7.7, Pending Replicates: 0, Flushed Regular: -1.-1, Flushed Intents: -1.-1
I0311 03:17:58.813958    27 tablet_bootstrap.cc:1101] T 974d5dc4624a4cc8ba8333f193777a6e P 096da8680d274dba91b50831a23bfd58: ReplayState: Previous OpId: 7.7, Committed OpId: 7.7, Pending Replicates: 0, Flushed Regular: -1.-1, Flushed Intents: -1.-1
I0311 03:17:58.815366    27 tablet_bootstrap.cc:1101] T 974d5dc4624a4cc8ba8333f193777a6e P 096da8680d274dba91b50831a23bfd58: Log entries applied to RocksDB: 3
I0311 03:17:58.816051    27 tablet_bootstrap.cc:1416] T 974d5dc4624a4cc8ba8333f193777a6e P 096da8680d274dba91b50831a23bfd58: Number of orphaned replicates: 0, last id: 7.7, committed id: 7.7
I0311 03:17:58.814395    29 tablet_bootstrap.cc:1101] T 3a76ab24970d40ef859dfa774b11abe1 P 096da8680d274dba91b50831a23bfd58: Log entries applied to RocksDB: 3
I0311 03:17:58.815307    30 tablet_bootstrap_if.cc:96] T 5c82d2d282b24c23a5a85eaa9b3797e3 P 096da8680d274dba91b50831a23bfd58: Bootstrap complete.
I0311 03:17:58.817067    29 tablet_bootstrap.cc:1416] T 3a76ab24970d40ef859dfa774b11abe1 P 096da8680d274dba91b50831a23bfd58: Number of orphaned replicates: 0, last id: 7.7, committed id: 7.7
I0311 03:17:58.817453    28 tablet_bootstrap_if.cc:96] T 22d66049cb9c4419a35469ea8c2c36bc P 096da8680d274dba91b50831a23bfd58: Bootstrap replayed 1/3 log segments. Read operations: 1, overwritten operations: 0. Pending: 1 replicates. Last read committed op id: 5.5, last entry metadata: { entry_time: 7147944462.201s offset: 107 active_segment_sequence_number: 5 }, last read entry op id: 5.5
I0311 03:17:58.818737    28 tablet_bootstrap_if.cc:96] T 22d66049cb9c4419a35469ea8c2c36bc P 096da8680d274dba91b50831a23bfd58: Bootstrap replayed 2/3 log segments. Read operations: 2, overwritten operations: 0. Pending: 1 replicates. Last read committed op id: 6.6, last entry metadata: { entry_time: 7147944465.645s offset: 107 active_segment_sequence_number: 6 }, last read entry op id: 6.6
I0311 03:17:58.819906    28 tablet_bootstrap_if.cc:96] T 22d66049cb9c4419a35469ea8c2c36bc P 096da8680d274dba91b50831a23bfd58: Bootstrap replayed 3/3 log segments. Read operations: 3, overwritten operations: 0. Pending: 1 replicates. Last read committed op id: 7.7, last entry metadata: { entry_time: 7147944468.926s offset: 107 active_segment_sequence_number: 7 }, last read entry op id: 7.7
I0311 03:17:58.820554    28 tablet_bootstrap.cc:1405] T 22d66049cb9c4419a35469ea8c2c36bc P 096da8680d274dba91b50831a23bfd58: Dumping replay state to log at the end of PlaySegments
I0311 03:17:58.821450    28 tablet_bootstrap.cc:1101] T 22d66049cb9c4419a35469ea8c2c36bc P 096da8680d274dba91b50831a23bfd58: ReplayState: Previous OpId: 7.7, Committed OpId: 7.7, Pending Replicates: 0, Flushed Regular: -1.-1, Flushed Intents: -1.-1
I0311 03:17:58.822494    28 tablet_bootstrap.cc:1101] T 22d66049cb9c4419a35469ea8c2c36bc P 096da8680d274dba91b50831a23bfd58: Log entries applied to RocksDB: 3
I0311 03:17:58.822898    28 tablet_bootstrap.cc:1416] T 22d66049cb9c4419a35469ea8c2c36bc P 096da8680d274dba91b50831a23bfd58: Number of orphaned replicates: 0, last id: 7.7, committed id: 7.7
I0311 03:17:58.822800    27 tablet_bootstrap_if.cc:96] T 974d5dc4624a4cc8ba8333f193777a6e P 096da8680d274dba91b50831a23bfd58: Bootstrap complete.
I0311 03:17:58.823786    29 tablet_bootstrap_if.cc:96] T 3a76ab24970d40ef859dfa774b11abe1 P 096da8680d274dba91b50831a23bfd58: Bootstrap complete.
I0311 03:17:58.826824    30 log.cc:1278] T 5c82d2d282b24c23a5a85eaa9b3797e3 P 096da8680d274dba91b50831a23bfd58: Setting log wal retention time to 0 seconds
I0311 03:17:58.827172    30 ts_tablet_manager.cc:1506] T 5c82d2d282b24c23a5a85eaa9b3797e3 P 096da8680d274dba91b50831a23bfd58: Time spent bootstrapping tablet: real 0.223s	user 0.008s	sys 0.006s
I0311 03:17:58.828207    30 tablet_peer.cc:1033] T 5c82d2d282b24c23a5a85eaa9b3797e3 P 096da8680d274dba91b50831a23bfd58 [state=BOOTSTRAPPING]: Setting cdc min replicated index to 9223372036854775807
I0311 03:17:58.828701    28 tablet_bootstrap_if.cc:96] T 22d66049cb9c4419a35469ea8c2c36bc P 096da8680d274dba91b50831a23bfd58: Bootstrap complete.
I0311 03:17:58.831372    27 log.cc:1278] T 974d5dc4624a4cc8ba8333f193777a6e P 096da8680d274dba91b50831a23bfd58: Setting log wal retention time to 0 seconds
I0311 03:17:58.831918    27 ts_tablet_manager.cc:1506] T 974d5dc4624a4cc8ba8333f193777a6e P 096da8680d274dba91b50831a23bfd58: Time spent bootstrapping tablet: real 0.234s	user 0.005s	sys 0.009s
I0311 03:17:58.833246    27 tablet_peer.cc:1033] T 974d5dc4624a4cc8ba8333f193777a6e P 096da8680d274dba91b50831a23bfd58 [state=BOOTSTRAPPING]: Setting cdc min replicated index to 9223372036854775807
I0311 03:17:58.833364    29 log.cc:1278] T 3a76ab24970d40ef859dfa774b11abe1 P 096da8680d274dba91b50831a23bfd58: Setting log wal retention time to 0 seconds
I0311 03:17:58.833469    30 consensus_meta.cc:317] T 5c82d2d282b24c23a5a85eaa9b3797e3 P 096da8680d274dba91b50831a23bfd58: Updating active role from FOLLOWER to FOLLOWER. Consensus state: current_term: 7 leader_uuid: "" config { opid_index: -1 peers { permanent_uuid: "096da8680d274dba91b50831a23bfd58" member_type: VOTER last_known_private_addr { host: "yb-tserver-n1" port: 9100 } cloud_info { placement_cloud: "cloud1" placement_region: "datacenter1" placement_zone: "rack1" } } }, has_pending_config = 0
I0311 03:17:58.834336    29 ts_tablet_manager.cc:1506] T 3a76ab24970d40ef859dfa774b11abe1 P 096da8680d274dba91b50831a23bfd58: Time spent bootstrapping tablet: real 0.226s	user 0.009s	sys 0.004s
I0311 03:17:58.835134    30 raft_consensus.cc:480] T 5c82d2d282b24c23a5a85eaa9b3797e3 P 096da8680d274dba91b50831a23bfd58 [term 7 FOLLOWER]: Replica starting. Triggering 0 pending operations. Active config: opid_index: -1 peers { permanent_uuid: "096da8680d274dba91b50831a23bfd58" member_type: VOTER last_known_private_addr { host: "yb-tserver-n1" port: 9100 } cloud_info { placement_cloud: "cloud1" placement_region: "datacenter1" placement_zone: "rack1" } }
I0311 03:17:58.835868    28 log.cc:1278] T 22d66049cb9c4419a35469ea8c2c36bc P 096da8680d274dba91b50831a23bfd58: Setting log wal retention time to 0 seconds
I0311 03:17:58.836802    28 ts_tablet_manager.cc:1506] T 22d66049cb9c4419a35469ea8c2c36bc P 096da8680d274dba91b50831a23bfd58: Time spent bootstrapping tablet: real 0.226s	user 0.011s	sys 0.003s
I0311 03:17:58.836076    30 raft_consensus.cc:1115] T 5c82d2d282b24c23a5a85eaa9b3797e3 P 096da8680d274dba91b50831a23bfd58 [term 7 FOLLOWER]: Becoming Follower/Learner. State: Replica: 096da8680d274dba91b50831a23bfd58, State: 1, Role: FOLLOWER, Watermarks: {Received: 7.7 Committed: 7.7} Leader: 0.0, new leader: , initial_fd_wait: <uninitialized>
I0311 03:17:58.847832    30 consensus_meta.cc:317] T 5c82d2d282b24c23a5a85eaa9b3797e3 P 096da8680d274dba91b50831a23bfd58: Updating active role from FOLLOWER to FOLLOWER. Consensus state: current_term: 7 leader_uuid: "" config { opid_index: -1 peers { permanent_uuid: "096da8680d274dba91b50831a23bfd58" member_type: VOTER last_known_private_addr { host: "yb-tserver-n1" port: 9100 } cloud_info { placement_cloud: "cloud1" placement_region: "datacenter1" placement_zone: "rack1" } } }, has_pending_config = 0
I0311 03:17:58.847551    28 tablet_peer.cc:1033] T 22d66049cb9c4419a35469ea8c2c36bc P 096da8680d274dba91b50831a23bfd58 [state=BOOTSTRAPPING]: Setting cdc min replicated index to 9223372036854775807
I0311 03:17:58.835956    29 tablet_peer.cc:1033] T 3a76ab24970d40ef859dfa774b11abe1 P 096da8680d274dba91b50831a23bfd58 [state=BOOTSTRAPPING]: Setting cdc min replicated index to 9223372036854775807
I0311 03:17:58.848481    27 consensus_meta.cc:317] T 974d5dc4624a4cc8ba8333f193777a6e P 096da8680d274dba91b50831a23bfd58: Updating active role from FOLLOWER to FOLLOWER. Consensus state: current_term: 7 leader_uuid: "" config { opid_index: -1 peers { permanent_uuid: "096da8680d274dba91b50831a23bfd58" member_type: VOTER last_known_private_addr { host: "yb-tserver-n1" port: 9100 } cloud_info { placement_cloud: "cloud1" placement_region: "datacenter1" placement_zone: "rack1" } } }, has_pending_config = 0
I0311 03:17:58.848728    30 consensus_queue.cc:289] T 5c82d2d282b24c23a5a85eaa9b3797e3 P 096da8680d274dba91b50831a23bfd58 [NON_LEADER]: Queue going to NON_LEADER mode. State: All replicated op: 0.0, Majority replicated op: 0.0, Committed index: 0.0, Last applied: 0.0, Last appended: 7.7, Current term: 0, Majority size: -1, State: QUEUE_OPEN, Mode: NON_LEADER
