Log file created at: 2023/03/11 03:40:02
Current UTC time: 2023/03/11 03:40:02
Running on machine: 486d4480b26b
Application fingerprint: version 2.16.1.1 build 3 revision a330db94c4b2eabde1f199c7ef6d05402137cc83 build_type RELEASE built at 10 Feb 2023 23:41:37 UTC
Running duration (h:mm:ss): 0:00:00
Log line format: [IWEF]mmdd hh:mm:ss.uuuuuu threadid file:line] msg
I0311 03:40:02.606943     8 server_main_util.cc:72] NumCPUs determined to be: 5
I0311 03:40:02.616636     8 mem_tracker.cc:345] Setting tcmalloc max thread cache bytes to: 174949094
I0311 03:40:02.617215     8 tablet_server_main.cc:166] Using parsed rpc = yb-tserver-n1:9100
I0311 03:40:02.618480     8 tablet_server_main.cc:159] Reset YEDIS bind address to yb-tserver-n1:6379
I0311 03:40:02.618943     8 tablet_server_main.cc:159] Reset YCQL bind address to yb-tserver-n1:9042
I0311 03:40:02.619340     8 tablet_server_main.cc:159] Reset YSQL bind address to yb-tserver-n1:5433
I0311 03:40:02.619704     8 encrypted_file_factory.cc:88] Created encrypted file factory
I0311 03:40:02.621378     8 server_base_options.cc:176] Updating master addrs to {yb-master-n1:7100}
I0311 03:40:02.622488     8 server_base_options.cc:176] Updating master addrs to {yb-master-n1:7100}
I0311 03:40:02.623934     8 server_base_options.cc:176] Updating master addrs to {yb-master-n1:7100}
I0311 03:40:02.631670     8 shared_mem.cc:137] Using memfd_create as a shared memory provider
I0311 03:40:02.635898     8 mem_tracker.cc:892] MemTracker: hard memory limit is 6.517362 GB
I0311 03:40:02.640225     8 mem_tracker.cc:894] MemTracker: soft memory limit is 5.539757 GB
I0311 03:40:02.640905     8 server_base_options.cc:176] Updating master addrs to {yb-master-n1:7100}
I0311 03:40:02.651924     8 docdb_rocksdb_util.cc:601] FLAGS_priority_thread_pool_size was not set, automatically configuring to 2.
I0311 03:40:02.658592     8 rpc_server.cc:90] yb::server::RpcServer created at 0x401501a5a0
I0311 03:40:02.659302     8 tablet_server.cc:189] yb::tserver::TabletServer created at 0x40151ea000
I0311 03:40:02.659678     8 tablet_server.cc:190] yb::tserver::TSTabletManager created at 0x4015105a80
I0311 03:40:02.660075     8 tablet_server_main.cc:231] Initializing tablet server...
I0311 03:40:02.701732     8 fs_manager.cc:383] Opened local filesystem: /mnt/tserver
uuid: "096da8680d274dba91b50831a23bfd58"
format_stamp: "Formatted at 2023-03-10 16:06:28 on ebf588942a27"
initdb_done_set_after_sys_catalog_restore: true
I0311 03:40:02.717485     8 auto_flags_manager.cc:307] AutoFlags applied: TEST_auto_flags_initialized,regular_tablets_data_block_key_value_encoding
I0311 03:40:02.720432     8 server_base.cc:259] Auto setting FLAGS_num_reactor_threads to 5
I0311 03:40:02.722250     8 secure.cc:147] SetupSecureContext: kInternal, 0
I0311 03:40:02.726382     8 thread_pool.cc:170] Starting thread pool { name: TabletServer queue_limit: 10000 max_workers: 1024 }
I0311 03:40:02.737116     8 ts_tablet_manager.cc:497] P 096da8680d274dba91b50831a23bfd58: max_bootstrap_threads=4
I0311 03:40:02.741268     8 server_base.cc:541] Using private rpc address yb-tserver-n1
I0311 03:40:02.742383     8 ts_tablet_manager.cc:1456] Loading metadata for tablet 22d66049cb9c4419a35469ea8c2c36bc
I0311 03:40:02.755825     8 doc_read_context.cc:52] T 22d66049cb9c4419a35469ea8c2c36bc P 096da8680d274dba91b50831a23bfd58: LogAfterLoad: [0]
I0311 03:40:02.757803     8 ts_tablet_manager.cc:2375] Update data/wal directory assignment map for table: 929f7d28b7a2483c9b6c4652af3f6131 and tablet 22d66049cb9c4419a35469ea8c2c36bc
I0311 03:40:02.759650     8 ts_tablet_manager.cc:1456] Loading metadata for tablet 3a76ab24970d40ef859dfa774b11abe1
I0311 03:40:02.763022     8 doc_read_context.cc:52] T 3a76ab24970d40ef859dfa774b11abe1 P 096da8680d274dba91b50831a23bfd58: LogAfterLoad: [0]
I0311 03:40:02.763423     8 ts_tablet_manager.cc:2375] Update data/wal directory assignment map for table: 929f7d28b7a2483c9b6c4652af3f6131 and tablet 3a76ab24970d40ef859dfa774b11abe1
I0311 03:40:02.763741     8 ts_tablet_manager.cc:1456] Loading metadata for tablet 5c82d2d282b24c23a5a85eaa9b3797e3
I0311 03:40:02.766645     8 doc_read_context.cc:52] T 5c82d2d282b24c23a5a85eaa9b3797e3 P 096da8680d274dba91b50831a23bfd58: LogAfterLoad: [0]
I0311 03:40:02.767027     8 ts_tablet_manager.cc:2375] Update data/wal directory assignment map for table: 929f7d28b7a2483c9b6c4652af3f6131 and tablet 5c82d2d282b24c23a5a85eaa9b3797e3
I0311 03:40:02.767458     8 ts_tablet_manager.cc:1456] Loading metadata for tablet 974d5dc4624a4cc8ba8333f193777a6e
I0311 03:40:02.769860     8 doc_read_context.cc:52] T 974d5dc4624a4cc8ba8333f193777a6e P 096da8680d274dba91b50831a23bfd58: LogAfterLoad: [0]
I0311 03:40:02.770200     8 ts_tablet_manager.cc:2375] Update data/wal directory assignment map for table: 929f7d28b7a2483c9b6c4652af3f6131 and tablet 974d5dc4624a4cc8ba8333f193777a6e
I0311 03:40:02.770532     8 ts_tablet_manager.cc:1456] Loading metadata for tablet c47912c0b2714f58b34c56d0e2dc9025
I0311 03:40:02.773278     8 doc_read_context.cc:52] T c47912c0b2714f58b34c56d0e2dc9025 P 096da8680d274dba91b50831a23bfd58: LogAfterLoad: [0]
I0311 03:40:02.773653     8 ts_tablet_manager.cc:2375] Update data/wal directory assignment map for table: 929f7d28b7a2483c9b6c4652af3f6131 and tablet c47912c0b2714f58b34c56d0e2dc9025
I0311 03:40:02.773993     8 ts_tablet_manager.cc:1456] Loading metadata for tablet df17b40b75664e0aaa44ec6687a7a233
I0311 03:40:02.777199     8 doc_read_context.cc:52] T df17b40b75664e0aaa44ec6687a7a233 P 096da8680d274dba91b50831a23bfd58: LogAfterLoad: [0]
I0311 03:40:02.777585     8 ts_tablet_manager.cc:2375] Update data/wal directory assignment map for table: 929f7d28b7a2483c9b6c4652af3f6131 and tablet df17b40b75664e0aaa44ec6687a7a233
I0311 03:40:02.777962     8 ts_tablet_manager.cc:1456] Loading metadata for tablet e778eac89ca24f2993340a6d09c687f8
I0311 03:40:02.780560     8 doc_read_context.cc:52] T e778eac89ca24f2993340a6d09c687f8 P 096da8680d274dba91b50831a23bfd58: LogAfterLoad: [0]
I0311 03:40:02.780951     8 ts_tablet_manager.cc:2375] Update data/wal directory assignment map for table: 929f7d28b7a2483c9b6c4652af3f6131 and tablet e778eac89ca24f2993340a6d09c687f8
I0311 03:40:02.781258     8 ts_tablet_manager.cc:1456] Loading metadata for tablet ef19613afa234c5d943034489b070927
I0311 03:40:02.783517     8 doc_read_context.cc:52] T ef19613afa234c5d943034489b070927 P 096da8680d274dba91b50831a23bfd58: LogAfterLoad: [0]
I0311 03:40:02.783815     8 ts_tablet_manager.cc:2375] Update data/wal directory assignment map for table: 929f7d28b7a2483c9b6c4652af3f6131 and tablet ef19613afa234c5d943034489b070927
I0311 03:40:02.784155     8 ts_tablet_manager.cc:555] Loaded metadata for 8 tablet in 41 ms
I0311 03:40:02.785480     8 ts_tablet_manager.cc:1825] P 096da8680d274dba91b50831a23bfd58: Registered tablet ef19613afa234c5d943034489b070927
I0311 03:40:02.787292    27 ts_tablet_manager.cc:1478] T ef19613afa234c5d943034489b070927 P 096da8680d274dba91b50831a23bfd58: Bootstrapping tablet
I0311 03:40:02.787580     8 ts_tablet_manager.cc:1825] P 096da8680d274dba91b50831a23bfd58: Registered tablet e778eac89ca24f2993340a6d09c687f8
I0311 03:40:02.788686    28 ts_tablet_manager.cc:1478] T e778eac89ca24f2993340a6d09c687f8 P 096da8680d274dba91b50831a23bfd58: Bootstrapping tablet
I0311 03:40:02.788872     8 ts_tablet_manager.cc:1825] P 096da8680d274dba91b50831a23bfd58: Registered tablet df17b40b75664e0aaa44ec6687a7a233
I0311 03:40:02.790270    29 ts_tablet_manager.cc:1478] T df17b40b75664e0aaa44ec6687a7a233 P 096da8680d274dba91b50831a23bfd58: Bootstrapping tablet
I0311 03:40:02.790426     8 ts_tablet_manager.cc:1825] P 096da8680d274dba91b50831a23bfd58: Registered tablet c47912c0b2714f58b34c56d0e2dc9025
I0311 03:40:02.795672     8 ts_tablet_manager.cc:1825] P 096da8680d274dba91b50831a23bfd58: Registered tablet 974d5dc4624a4cc8ba8333f193777a6e
I0311 03:40:02.797993     8 ts_tablet_manager.cc:1825] P 096da8680d274dba91b50831a23bfd58: Registered tablet 5c82d2d282b24c23a5a85eaa9b3797e3
I0311 03:40:02.798750     8 ts_tablet_manager.cc:1825] P 096da8680d274dba91b50831a23bfd58: Registered tablet 3a76ab24970d40ef859dfa774b11abe1
I0311 03:40:02.791322    27 consensus_meta.cc:317] T ef19613afa234c5d943034489b070927 P 096da8680d274dba91b50831a23bfd58: Updating active role from UNKNOWN_ROLE to FOLLOWER. Consensus state: current_term: 10 leader_uuid: "" config { opid_index: -1 peers { permanent_uuid: "096da8680d274dba91b50831a23bfd58" member_type: VOTER last_known_private_addr { host: "yb-tserver-n1" port: 9100 } cloud_info { placement_cloud: "cloud1" placement_region: "datacenter1" placement_zone: "rack1" } } }, has_pending_config = 0
I0311 03:40:02.795555    29 consensus_meta.cc:317] T df17b40b75664e0aaa44ec6687a7a233 P 096da8680d274dba91b50831a23bfd58: Updating active role from UNKNOWN_ROLE to FOLLOWER. Consensus state: current_term: 10 leader_uuid: "" config { opid_index: -1 peers { permanent_uuid: "096da8680d274dba91b50831a23bfd58" member_type: VOTER last_known_private_addr { host: "yb-tserver-n1" port: 9100 } cloud_info { placement_cloud: "cloud1" placement_region: "datacenter1" placement_zone: "rack1" } } }, has_pending_config = 0
I0311 03:40:02.793596    28 consensus_meta.cc:317] T e778eac89ca24f2993340a6d09c687f8 P 096da8680d274dba91b50831a23bfd58: Updating active role from UNKNOWN_ROLE to FOLLOWER. Consensus state: current_term: 10 leader_uuid: "" config { opid_index: -1 peers { permanent_uuid: "096da8680d274dba91b50831a23bfd58" member_type: VOTER last_known_private_addr { host: "yb-tserver-n1" port: 9100 } cloud_info { placement_cloud: "cloud1" placement_region: "datacenter1" placement_zone: "rack1" } } }, has_pending_config = 0
I0311 03:40:02.799556    30 ts_tablet_manager.cc:1478] T c47912c0b2714f58b34c56d0e2dc9025 P 096da8680d274dba91b50831a23bfd58: Bootstrapping tablet
I0311 03:40:02.799597     8 ts_tablet_manager.cc:1825] P 096da8680d274dba91b50831a23bfd58: Registered tablet 22d66049cb9c4419a35469ea8c2c36bc
I0311 03:40:02.800894    28 tablet_peer.cc:1455] T e778eac89ca24f2993340a6d09c687f8 P 096da8680d274dba91b50831a23bfd58 [state=BOOTSTRAPPING]: Changed state from NOT_STARTED to BOOTSTRAPPING
I0311 03:40:02.800904    29 tablet_peer.cc:1455] T df17b40b75664e0aaa44ec6687a7a233 P 096da8680d274dba91b50831a23bfd58 [state=BOOTSTRAPPING]: Changed state from NOT_STARTED to BOOTSTRAPPING
I0311 03:40:02.800884    27 tablet_peer.cc:1455] T ef19613afa234c5d943034489b070927 P 096da8680d274dba91b50831a23bfd58 [state=BOOTSTRAPPING]: Changed state from NOT_STARTED to BOOTSTRAPPING
I0311 03:40:02.803275    30 consensus_meta.cc:317] T c47912c0b2714f58b34c56d0e2dc9025 P 096da8680d274dba91b50831a23bfd58: Updating active role from UNKNOWN_ROLE to FOLLOWER. Consensus state: current_term: 10 leader_uuid: "" config { opid_index: -1 peers { permanent_uuid: "096da8680d274dba91b50831a23bfd58" member_type: VOTER last_known_private_addr { host: "yb-tserver-n1" port: 9100 } cloud_info { placement_cloud: "cloud1" placement_region: "datacenter1" placement_zone: "rack1" } } }, has_pending_config = 0
I0311 03:40:02.804412    30 tablet_peer.cc:1455] T c47912c0b2714f58b34c56d0e2dc9025 P 096da8680d274dba91b50831a23bfd58 [state=BOOTSTRAPPING]: Changed state from NOT_STARTED to BOOTSTRAPPING
I0311 03:40:02.804175    27 tablet_bootstrap_if.cc:96] T ef19613afa234c5d943034489b070927 P 096da8680d274dba91b50831a23bfd58: Bootstrap starting.
I0311 03:40:02.804154    28 tablet_bootstrap_if.cc:96] T e778eac89ca24f2993340a6d09c687f8 P 096da8680d274dba91b50831a23bfd58: Bootstrap starting.
I0311 03:40:02.804230    29 tablet_bootstrap_if.cc:96] T df17b40b75664e0aaa44ec6687a7a233 P 096da8680d274dba91b50831a23bfd58: Bootstrap starting.
I0311 03:40:02.804834    30 tablet_bootstrap_if.cc:96] T c47912c0b2714f58b34c56d0e2dc9025 P 096da8680d274dba91b50831a23bfd58: Bootstrap starting.
I0311 03:40:02.805056     8 server_base.cc:541] Using private rpc address yb-tserver-n1
I0311 03:40:02.808140     8 tablet_server_main.cc:233] Starting tablet server...
I0311 03:40:02.809486     8 ulimit_util.cc:211] Configured soft limit for cpu time is already larger than specified min value (unlimited vs. unlimited). Skipping.
I0311 03:40:02.810660     8 ulimit_util.cc:211] Configured soft limit for file size is already larger than specified min value (unlimited vs. unlimited). Skipping.
I0311 03:40:02.810298    29 tablet.cc:455] T df17b40b75664e0aaa44ec6687a7a233 P 096da8680d274dba91b50831a23bfd58: Schema version for transactions is 0
I0311 03:40:02.810300    27 tablet.cc:455] T ef19613afa234c5d943034489b070927 P 096da8680d274dba91b50831a23bfd58: Schema version for transactions is 0
I0311 03:40:02.810272    30 tablet.cc:455] T c47912c0b2714f58b34c56d0e2dc9025 P 096da8680d274dba91b50831a23bfd58: Schema version for transactions is 0
I0311 03:40:02.811307     8 ulimit_util.cc:211] Configured soft limit for data seg size is already larger than specified min value (unlimited vs. unlimited). Skipping.
I0311 03:40:02.810289    28 tablet.cc:455] T e778eac89ca24f2993340a6d09c687f8 P 096da8680d274dba91b50831a23bfd58: Schema version for transactions is 0
I0311 03:40:02.812665     8 ulimit_util.cc:211] Configured soft limit for stack size is already larger than specified min value (8388608 vs. 8388608). Skipping.
I0311 03:40:02.813526     8 ulimit_util.cc:211] Configured soft limit for max user processes is already larger than specified min value (unlimited vs. 12000). Skipping.
I0311 03:40:02.813906     8 ulimit_util.cc:211] Configured soft limit for open files is already larger than specified min value (1048576 vs. 1048576). Skipping.
I0311 03:40:02.814389     8 ulimit_util.cc:211] Configured soft limit for max locked memory is already larger than specified min value (65536 vs. 65536). Skipping.
I0311 03:40:02.814695     8 ulimit_util.cc:211] Configured soft limit for max memory size is already larger than specified min value (unlimited vs. unlimited). Skipping.
I0311 03:40:02.815105     8 tablet_server_main.cc:235] ulimit cur(max)...
ulimit: core file size 0(unlimited) blks
ulimit: data seg size unlimited(unlimited) kb
ulimit: open files 1048576(1048576)
ulimit: file size unlimited(unlimited) blks
ulimit: pending signals 30948(30948)
ulimit: file locks unlimited(unlimited)
ulimit: max locked memory 64(64) kb
ulimit: max memory size unlimited(unlimited) kb
ulimit: stack size 8192(unlimited) kb
ulimit: cpu time unlimited(unlimited) secs
ulimit: max user processes unlimited(unlimited)
I0311 03:40:02.820326     8 tablet_server.cc:390] Auto setting FLAGS_tablet_server_svc_num_threads to 160
I0311 03:40:02.821202     8 tablet_server.cc:398] Auto setting FLAGS_num_concurrent_backfills_allowed to 2
I0311 03:40:02.822963     8 tablet_server.cc:408] Auto setting FLAGS_ts_consensus_svc_num_threads to 160
I0311 03:40:02.823561    27 tablet_bootstrap.cc:639] T ef19613afa234c5d943034489b070927 P 096da8680d274dba91b50831a23bfd58: Time spent opening tablet: real 0.001s	user 0.000s	sys 0.000s
I0311 03:40:02.823534    28 tablet_bootstrap.cc:639] T e778eac89ca24f2993340a6d09c687f8 P 096da8680d274dba91b50831a23bfd58: Time spent opening tablet: real 0.001s	user 0.000s	sys 0.000s
I0311 03:40:02.823540    29 tablet_bootstrap.cc:639] T df17b40b75664e0aaa44ec6687a7a233 P 096da8680d274dba91b50831a23bfd58: Time spent opening tablet: real 0.000s	user 0.000s	sys 0.000s
I0311 03:40:02.827739    30 tablet_bootstrap.cc:639] T c47912c0b2714f58b34c56d0e2dc9025 P 096da8680d274dba91b50831a23bfd58: Time spent opening tablet: real 0.000s	user 0.000s	sys 0.000s
I0311 03:40:02.829005    27 tablet_bootstrap.cc:716] T ef19613afa234c5d943034489b070927 P 096da8680d274dba91b50831a23bfd58: Will attempt to recover log segment /mnt/tserver/yb-data/tserver/wals/table-929f7d28b7a2483c9b6c4652af3f6131/tablet-ef19613afa234c5d943034489b070927/wal-000000009
I0311 03:40:02.828807    29 tablet_bootstrap.cc:716] T df17b40b75664e0aaa44ec6687a7a233 P 096da8680d274dba91b50831a23bfd58: Will attempt to recover log segment /mnt/tserver/yb-data/tserver/wals/table-929f7d28b7a2483c9b6c4652af3f6131/tablet-df17b40b75664e0aaa44ec6687a7a233/wal-000000009
I0311 03:40:02.828876    28 tablet_bootstrap.cc:716] T e778eac89ca24f2993340a6d09c687f8 P 096da8680d274dba91b50831a23bfd58: Will attempt to recover log segment /mnt/tserver/yb-data/tserver/wals/table-929f7d28b7a2483c9b6c4652af3f6131/tablet-e778eac89ca24f2993340a6d09c687f8/wal-000000009
I0311 03:40:02.830739    28 tablet_bootstrap.cc:716] T e778eac89ca24f2993340a6d09c687f8 P 096da8680d274dba91b50831a23bfd58: Will attempt to recover log segment /mnt/tserver/yb-data/tserver/wals/table-929f7d28b7a2483c9b6c4652af3f6131/tablet-e778eac89ca24f2993340a6d09c687f8/wal-000000010
I0311 03:40:02.830081    29 tablet_bootstrap.cc:716] T df17b40b75664e0aaa44ec6687a7a233 P 096da8680d274dba91b50831a23bfd58: Will attempt to recover log segment /mnt/tserver/yb-data/tserver/wals/table-929f7d28b7a2483c9b6c4652af3f6131/tablet-df17b40b75664e0aaa44ec6687a7a233/wal-000000010
I0311 03:40:02.830456    30 tablet_bootstrap.cc:716] T c47912c0b2714f58b34c56d0e2dc9025 P 096da8680d274dba91b50831a23bfd58: Will attempt to recover log segment /mnt/tserver/yb-data/tserver/wals/table-929f7d28b7a2483c9b6c4652af3f6131/tablet-c47912c0b2714f58b34c56d0e2dc9025/wal-000000009
I0311 03:40:02.830003    27 tablet_bootstrap.cc:716] T ef19613afa234c5d943034489b070927 P 096da8680d274dba91b50831a23bfd58: Will attempt to recover log segment /mnt/tserver/yb-data/tserver/wals/table-929f7d28b7a2483c9b6c4652af3f6131/tablet-ef19613afa234c5d943034489b070927/wal-000000010
I0311 03:40:02.831905    30 tablet_bootstrap.cc:716] T c47912c0b2714f58b34c56d0e2dc9025 P 096da8680d274dba91b50831a23bfd58: Will attempt to recover log segment /mnt/tserver/yb-data/tserver/wals/table-929f7d28b7a2483c9b6c4652af3f6131/tablet-c47912c0b2714f58b34c56d0e2dc9025/wal-000000010
I0311 03:40:02.832187    33 async_initializer.cc:82] Starting to init ybclient
I0311 03:40:02.832247    28 tablet_bootstrap.cc:1127] T e778eac89ca24f2993340a6d09c687f8 P 096da8680d274dba91b50831a23bfd58: Flushed DocDB OpIds: { regular: -1.-1 intents: -1.-1 }
I0311 03:40:02.832224    29 tablet_bootstrap.cc:1127] T df17b40b75664e0aaa44ec6687a7a233 P 096da8680d274dba91b50831a23bfd58: Flushed DocDB OpIds: { regular: -1.-1 intents: -1.-1 }
I0311 03:40:02.832276    27 tablet_bootstrap.cc:1127] T ef19613afa234c5d943034489b070927 P 096da8680d274dba91b50831a23bfd58: Flushed DocDB OpIds: { regular: -1.-1 intents: -1.-1 }
I0311 03:40:02.832684    30 tablet_bootstrap.cc:1127] T c47912c0b2714f58b34c56d0e2dc9025 P 096da8680d274dba91b50831a23bfd58: Flushed DocDB OpIds: { regular: -1.-1 intents: -1.-1 }
I0311 03:40:02.834247     8 service_pool.cc:153] yb.tserver.TabletServerBackupService: yb::rpc::ServicePoolImpl created at 0x4014fdefc0
I0311 03:40:02.834877    29 tablet_bootstrap.cc:1288] T df17b40b75664e0aaa44ec6687a7a233 P 096da8680d274dba91b50831a23bfd58: Max persistent index in RocksDB's SSTables before bootstrap: regular RocksDB: -1.-1; intents RocksDB: -1.-1
I0311 03:40:02.835150    27 tablet_bootstrap.cc:1288] T ef19613afa234c5d943034489b070927 P 096da8680d274dba91b50831a23bfd58: Max persistent index in RocksDB's SSTables before bootstrap: regular RocksDB: -1.-1; intents RocksDB: -1.-1
I0311 03:40:02.834818    28 tablet_bootstrap.cc:1288] T e778eac89ca24f2993340a6d09c687f8 P 096da8680d274dba91b50831a23bfd58: Max persistent index in RocksDB's SSTables before bootstrap: regular RocksDB: -1.-1; intents RocksDB: -1.-1
I0311 03:40:02.835747    30 tablet_bootstrap.cc:1288] T c47912c0b2714f58b34c56d0e2dc9025 P 096da8680d274dba91b50831a23bfd58: Max persistent index in RocksDB's SSTables before bootstrap: regular RocksDB: -1.-1; intents RocksDB: -1.-1
I0311 03:40:02.838207    35 client-internal.cc:2304] New master addresses: [yb-master-n1:7100]
I0311 03:40:02.838694     8 service_pool.cc:153] yb.cdc.CDCService: yb::rpc::ServicePoolImpl created at 0x4014fdf440
I0311 03:40:02.839929    27 log.cc:1278] T ef19613afa234c5d943034489b070927 P 096da8680d274dba91b50831a23bfd58: Setting log wal retention time to 0 seconds
I0311 03:40:02.839887    29 log.cc:1278] T df17b40b75664e0aaa44ec6687a7a233 P 096da8680d274dba91b50831a23bfd58: Setting log wal retention time to 0 seconds
I0311 03:40:02.840150    30 log.cc:1278] T c47912c0b2714f58b34c56d0e2dc9025 P 096da8680d274dba91b50831a23bfd58: Setting log wal retention time to 0 seconds
I0311 03:40:02.840530    28 log.cc:1278] T e778eac89ca24f2993340a6d09c687f8 P 096da8680d274dba91b50831a23bfd58: Setting log wal retention time to 0 seconds
I0311 03:40:02.854228     8 tablet_server.cc:416] yb::tserver::TabletServiceImpl created at 0x4015026020
I0311 03:40:02.855453     8 service_pool.cc:153] yb.tserver.TabletServerService: yb::rpc::ServicePoolImpl created at 0x4014fdf680
W0311 03:40:02.857266    28 log_util.cc:240] Could not read footer for segment: /mnt/tserver/yb-data/tserver/wals/table-929f7d28b7a2483c9b6c4652af3f6131/tablet-e778eac89ca24f2993340a6d09c687f8/wal-000000009: Not found (yb/consensus/log_util.cc:554): Footer not found. Footer magic doesn't match
W0311 03:40:02.857244    29 log_util.cc:240] Could not read footer for segment: /mnt/tserver/yb-data/tserver/wals/table-929f7d28b7a2483c9b6c4652af3f6131/tablet-df17b40b75664e0aaa44ec6687a7a233/wal-000000009: Not found (yb/consensus/log_util.cc:554): Footer not found. Footer magic doesn't match
W0311 03:40:02.868978    29 log_reader.cc:192] T df17b40b75664e0aaa44ec6687a7a233 P 096da8680d274dba91b50831a23bfd58: Log segment /mnt/tserver/yb-data/tserver/wals/table-929f7d28b7a2483c9b6c4652af3f6131/tablet-df17b40b75664e0aaa44ec6687a7a233/wal-000000009 was likely left in-progress after a previous crash. Will try to rebuild footer by scanning data.
W0311 03:40:02.857031    27 log_util.cc:240] Could not read footer for segment: /mnt/tserver/yb-data/tserver/wals/table-929f7d28b7a2483c9b6c4652af3f6131/tablet-ef19613afa234c5d943034489b070927/wal-000000009: Not found (yb/consensus/log_util.cc:554): Footer not found. Footer magic doesn't match
W0311 03:40:02.870177    27 log_reader.cc:192] T ef19613afa234c5d943034489b070927 P 096da8680d274dba91b50831a23bfd58: Log segment /mnt/tserver/yb-data/tserver/wals/table-929f7d28b7a2483c9b6c4652af3f6131/tablet-ef19613afa234c5d943034489b070927/wal-000000009 was likely left in-progress after a previous crash. Will try to rebuild footer by scanning data.
I0311 03:40:02.866701    33 async_initializer.cc:86] Successfully built ybclient
W0311 03:40:02.868273    28 log_reader.cc:192] T e778eac89ca24f2993340a6d09c687f8 P 096da8680d274dba91b50831a23bfd58: Log segment /mnt/tserver/yb-data/tserver/wals/table-929f7d28b7a2483c9b6c4652af3f6131/tablet-e778eac89ca24f2993340a6d09c687f8/wal-000000009 was likely left in-progress after a previous crash. Will try to rebuild footer by scanning data.
W0311 03:40:02.857074    30 log_util.cc:240] Could not read footer for segment: /mnt/tserver/yb-data/tserver/wals/table-929f7d28b7a2483c9b6c4652af3f6131/tablet-c47912c0b2714f58b34c56d0e2dc9025/wal-000000009: Not found (yb/consensus/log_util.cc:554): Footer not found. Footer magic doesn't match
W0311 03:40:02.872393    30 log_reader.cc:192] T c47912c0b2714f58b34c56d0e2dc9025 P 096da8680d274dba91b50831a23bfd58: Log segment /mnt/tserver/yb-data/tserver/wals/table-929f7d28b7a2483c9b6c4652af3f6131/tablet-c47912c0b2714f58b34c56d0e2dc9025/wal-000000009 was likely left in-progress after a previous crash. Will try to rebuild footer by scanning data.
I0311 03:40:02.865900     8 tablet_server.cc:421] yb::tserver::TabletServiceAdminImpl created at 0x4015296000
I0311 03:40:02.874374     8 service_pool.cc:153] yb.tserver.TabletServerAdminService: yb::rpc::ServicePoolImpl created at 0x4014fdf8c0
I0311 03:40:02.874235    30 log_util.cc:773] Scanning /mnt/tserver/yb-data/tserver/wals/table-929f7d28b7a2483c9b6c4652af3f6131/tablet-c47912c0b2714f58b34c56d0e2dc9025/wal-000000009 for valid entry headers following offset 195...
I0311 03:40:02.874236    28 log_util.cc:773] Scanning /mnt/tserver/yb-data/tserver/wals/table-929f7d28b7a2483c9b6c4652af3f6131/tablet-e778eac89ca24f2993340a6d09c687f8/wal-000000009 for valid entry headers following offset 195...
I0311 03:40:02.874262    27 log_util.cc:773] Scanning /mnt/tserver/yb-data/tserver/wals/table-929f7d28b7a2483c9b6c4652af3f6131/tablet-ef19613afa234c5d943034489b070927/wal-000000009 for valid entry headers following offset 195...
I0311 03:40:02.876772    29 log_util.cc:773] Scanning /mnt/tserver/yb-data/tserver/wals/table-929f7d28b7a2483c9b6c4652af3f6131/tablet-df17b40b75664e0aaa44ec6687a7a233/wal-000000009 for valid entry headers following offset 195...
I0311 03:40:02.877632     8 tablet_server.cc:427] yb::tserver::ConsensusServiceImpl created at 0x401522a000
I0311 03:40:02.882440     8 thread_pool.cc:170] Starting thread pool { name: TabletServer-high-pri queue_limit: 10000 max_workers: 1024 }
I0311 03:40:02.884166     8 service_pool.cc:153] yb.consensus.ConsensusService: yb::rpc::ServicePoolImpl created at 0x4014fdfd40
I0311 03:40:02.888358     8 tablet_server.cc:436] yb::tserver::RemoteBootstrapServiceImpl created at 0x401522a800
I0311 03:40:02.890836     8 service_pool.cc:153] yb.tserver.RemoteBootstrapService: yb::rpc::ServicePoolImpl created at 0x40154ac240
I0311 03:40:02.892907    30 log_util.cc:817] Found no log entry headers
I0311 03:40:02.894325    28 log_util.cc:817] Found no log entry headers
I0311 03:40:02.895166    28 log_util.cc:666] Ignoring partially flushed segment in write ahead log /mnt/tserver/yb-data/tserver/wals/table-929f7d28b7a2483c9b6c4652af3f6131/tablet-e778eac89ca24f2993340a6d09c687f8/wal-000000009 because there are no log entries following this one. The server probably crashed in the middle of writing an entry to the write-ahead log or downloaded an active log via remote bootstrap. Error detail: Corruption (yb/consensus/log_util.cc:889): Invalid checksum in log entry head header: found=0, computed=2351477386: Failed trying to read batch #3 at offset 195 for log segment /mnt/tserver/yb-data/tserver/wals/table-929f7d28b7a2483c9b6c4652af3f6131/tablet-e778eac89ca24f2993340a6d09c687f8/wal-000000009: Prior batch offsets: 107 167 195; Last log entries read: [REPLICATE (9.9)]
I0311 03:40:02.895117    27 log_util.cc:817] Found no log entry headers
I0311 03:40:02.894627    30 log_util.cc:666] Ignoring partially flushed segment in write ahead log /mnt/tserver/yb-data/tserver/wals/table-929f7d28b7a2483c9b6c4652af3f6131/tablet-c47912c0b2714f58b34c56d0e2dc9025/wal-000000009 because there are no log entries following this one. The server probably crashed in the middle of writing an entry to the write-ahead log or downloaded an active log via remote bootstrap. Error detail: Corruption (yb/consensus/log_util.cc:889): Invalid checksum in log entry head header: found=0, computed=2351477386: Failed trying to read batch #3 at offset 195 for log segment /mnt/tserver/yb-data/tserver/wals/table-929f7d28b7a2483c9b6c4652af3f6131/tablet-c47912c0b2714f58b34c56d0e2dc9025/wal-000000009: Prior batch offsets: 107 167 195; Last log entries read: [REPLICATE (9.9)]
I0311 03:40:02.896441    28 log_util.cc:285] Successfully rebuilt footer for segment: /mnt/tserver/yb-data/tserver/wals/table-929f7d28b7a2483c9b6c4652af3f6131/tablet-e778eac89ca24f2993340a6d09c687f8/wal-000000009 (valid entries through byte offset 195)
I0311 03:40:02.896621    29 log_util.cc:817] Found no log entry headers
I0311 03:40:02.896611    27 log_util.cc:666] Ignoring partially flushed segment in write ahead log /mnt/tserver/yb-data/tserver/wals/table-929f7d28b7a2483c9b6c4652af3f6131/tablet-ef19613afa234c5d943034489b070927/wal-000000009 because there are no log entries following this one. The server probably crashed in the middle of writing an entry to the write-ahead log or downloaded an active log via remote bootstrap. Error detail: Corruption (yb/consensus/log_util.cc:889): Invalid checksum in log entry head header: found=0, computed=2351477386: Failed trying to read batch #3 at offset 195 for log segment /mnt/tserver/yb-data/tserver/wals/table-929f7d28b7a2483c9b6c4652af3f6131/tablet-ef19613afa234c5d943034489b070927/wal-000000009: Prior batch offsets: 107 167 195; Last log entries read: [REPLICATE (9.9)]
I0311 03:40:02.899900    27 log_util.cc:285] Successfully rebuilt footer for segment: /mnt/tserver/yb-data/tserver/wals/table-929f7d28b7a2483c9b6c4652af3f6131/tablet-ef19613afa234c5d943034489b070927/wal-000000009 (valid entries through byte offset 195)
I0311 03:40:02.898077    29 log_util.cc:666] Ignoring partially flushed segment in write ahead log /mnt/tserver/yb-data/tserver/wals/table-929f7d28b7a2483c9b6c4652af3f6131/tablet-df17b40b75664e0aaa44ec6687a7a233/wal-000000009 because there are no log entries following this one. The server probably crashed in the middle of writing an entry to the write-ahead log or downloaded an active log via remote bootstrap. Error detail: Corruption (yb/consensus/log_util.cc:889): Invalid checksum in log entry head header: found=0, computed=2351477386: Failed trying to read batch #3 at offset 195 for log segment /mnt/tserver/yb-data/tserver/wals/table-929f7d28b7a2483c9b6c4652af3f6131/tablet-df17b40b75664e0aaa44ec6687a7a233/wal-000000009: Prior batch offsets: 107 167 195; Last log entries read: [REPLICATE (9.9)]
I0311 03:40:02.901427    29 log_util.cc:285] Successfully rebuilt footer for segment: /mnt/tserver/yb-data/tserver/wals/table-929f7d28b7a2483c9b6c4652af3f6131/tablet-df17b40b75664e0aaa44ec6687a7a233/wal-000000009 (valid entries through byte offset 195)
W0311 03:40:02.900661    28 log_util.cc:240] Could not read footer for segment: /mnt/tserver/yb-data/tserver/wals/table-929f7d28b7a2483c9b6c4652af3f6131/tablet-e778eac89ca24f2993340a6d09c687f8/wal-000000010: Not found (yb/consensus/log_util.cc:554): Footer not found. Footer magic doesn't match
I0311 03:40:02.900957     8 tablet_server.cc:445] yb::tserver::PgClientServiceImpl created at 0x4015223820
I0311 03:40:02.897015    30 log_util.cc:285] Successfully rebuilt footer for segment: /mnt/tserver/yb-data/tserver/wals/table-929f7d28b7a2483c9b6c4652af3f6131/tablet-c47912c0b2714f58b34c56d0e2dc9025/wal-000000009 (valid entries through byte offset 195)
W0311 03:40:02.902719    28 log_reader.cc:192] T e778eac89ca24f2993340a6d09c687f8 P 096da8680d274dba91b50831a23bfd58: Log segment /mnt/tserver/yb-data/tserver/wals/table-929f7d28b7a2483c9b6c4652af3f6131/tablet-e778eac89ca24f2993340a6d09c687f8/wal-000000010 was likely left in-progress after a previous crash. Will try to rebuild footer by scanning data.
I0311 03:40:02.905485     8 service_pool.cc:153] yb.tserver.PgClientService: yb::rpc::ServicePoolImpl created at 0x40154ac480
W0311 03:40:02.906064    27 log_util.cc:240] Could not read footer for segment: /mnt/tserver/yb-data/tserver/wals/table-929f7d28b7a2483c9b6c4652af3f6131/tablet-ef19613afa234c5d943034489b070927/wal-000000010: Not found (yb/consensus/log_util.cc:554): Footer not found. Footer magic doesn't match
W0311 03:40:02.906706    29 log_util.cc:240] Could not read footer for segment: /mnt/tserver/yb-data/tserver/wals/table-929f7d28b7a2483c9b6c4652af3f6131/tablet-df17b40b75664e0aaa44ec6687a7a233/wal-000000010: Not found (yb/consensus/log_util.cc:554): Footer not found. Footer magic doesn't match
I0311 03:40:02.906780    28 log_util.cc:773] Scanning /mnt/tserver/yb-data/tserver/wals/table-929f7d28b7a2483c9b6c4652af3f6131/tablet-e778eac89ca24f2993340a6d09c687f8/wal-000000010 for valid entry headers following offset 195...
W0311 03:40:02.908206    27 log_reader.cc:192] T ef19613afa234c5d943034489b070927 P 096da8680d274dba91b50831a23bfd58: Log segment /mnt/tserver/yb-data/tserver/wals/table-929f7d28b7a2483c9b6c4652af3f6131/tablet-ef19613afa234c5d943034489b070927/wal-000000010 was likely left in-progress after a previous crash. Will try to rebuild footer by scanning data.
W0311 03:40:02.908819    30 log_util.cc:240] Could not read footer for segment: /mnt/tserver/yb-data/tserver/wals/table-929f7d28b7a2483c9b6c4652af3f6131/tablet-c47912c0b2714f58b34c56d0e2dc9025/wal-000000010: Not found (yb/consensus/log_util.cc:554): Footer not found. Footer magic doesn't match
W0311 03:40:02.909276    29 log_reader.cc:192] T df17b40b75664e0aaa44ec6687a7a233 P 096da8680d274dba91b50831a23bfd58: Log segment /mnt/tserver/yb-data/tserver/wals/table-929f7d28b7a2483c9b6c4652af3f6131/tablet-df17b40b75664e0aaa44ec6687a7a233/wal-000000010 was likely left in-progress after a previous crash. Will try to rebuild footer by scanning data.
I0311 03:40:02.911006    27 log_util.cc:773] Scanning /mnt/tserver/yb-data/tserver/wals/table-929f7d28b7a2483c9b6c4652af3f6131/tablet-ef19613afa234c5d943034489b070927/wal-000000010 for valid entry headers following offset 195...
W0311 03:40:02.912175    30 log_reader.cc:192] T c47912c0b2714f58b34c56d0e2dc9025 P 096da8680d274dba91b50831a23bfd58: Log segment /mnt/tserver/yb-data/tserver/wals/table-929f7d28b7a2483c9b6c4652af3f6131/tablet-c47912c0b2714f58b34c56d0e2dc9025/wal-000000010 was likely left in-progress after a previous crash. Will try to rebuild footer by scanning data.
I0311 03:40:02.922770    30 log_util.cc:773] Scanning /mnt/tserver/yb-data/tserver/wals/table-929f7d28b7a2483c9b6c4652af3f6131/tablet-c47912c0b2714f58b34c56d0e2dc9025/wal-000000010 for valid entry headers following offset 195...
I0311 03:40:02.916011    29 log_util.cc:773] Scanning /mnt/tserver/yb-data/tserver/wals/table-929f7d28b7a2483c9b6c4652af3f6131/tablet-df17b40b75664e0aaa44ec6687a7a233/wal-000000010 for valid entry headers following offset 195...
I0311 03:40:02.917064    28 log_util.cc:817] Found no log entry headers
I0311 03:40:02.912900     8 webserver.cc:307] Starting webserver on yb-tserver-n1:9000
I0311 03:40:02.926512    28 log_util.cc:666] Ignoring partially flushed segment in write ahead log /mnt/tserver/yb-data/tserver/wals/table-929f7d28b7a2483c9b6c4652af3f6131/tablet-e778eac89ca24f2993340a6d09c687f8/wal-000000010 because there are no log entries following this one. The server probably crashed in the middle of writing an entry to the write-ahead log or downloaded an active log via remote bootstrap. Error detail: Corruption (yb/consensus/log_util.cc:889): Invalid checksum in log entry head header: found=0, computed=2351477386: Failed trying to read batch #3 at offset 195 for log segment /mnt/tserver/yb-data/tserver/wals/table-929f7d28b7a2483c9b6c4652af3f6131/tablet-e778eac89ca24f2993340a6d09c687f8/wal-000000010: Prior batch offsets: 107 167 195; Last log entries read: [REPLICATE (10.10)]
I0311 03:40:02.927165    27 log_util.cc:817] Found no log entry headers
I0311 03:40:02.927944     8 webserver.cc:312] Document root: /home/yugabyte/www
I0311 03:40:02.928505    28 log_util.cc:285] Successfully rebuilt footer for segment: /mnt/tserver/yb-data/tserver/wals/table-929f7d28b7a2483c9b6c4652af3f6131/tablet-e778eac89ca24f2993340a6d09c687f8/wal-000000010 (valid entries through byte offset 195)
I0311 03:40:02.930042    27 log_util.cc:666] Ignoring partially flushed segment in write ahead log /mnt/tserver/yb-data/tserver/wals/table-929f7d28b7a2483c9b6c4652af3f6131/tablet-ef19613afa234c5d943034489b070927/wal-000000010 because there are no log entries following this one. The server probably crashed in the middle of writing an entry to the write-ahead log or downloaded an active log via remote bootstrap. Error detail: Corruption (yb/consensus/log_util.cc:889): Invalid checksum in log entry head header: found=0, computed=2351477386: Failed trying to read batch #3 at offset 195 for log segment /mnt/tserver/yb-data/tserver/wals/table-929f7d28b7a2483c9b6c4652af3f6131/tablet-ef19613afa234c5d943034489b070927/wal-000000010: Prior batch offsets: 107 167 195; Last log entries read: [REPLICATE (10.10)]
I0311 03:40:02.932960     8 webserver.cc:302] Webserver listen spec is 172.18.0.5:9000
I0311 03:40:02.935461    30 log_util.cc:817] Found no log entry headers
I0311 03:40:02.934171    27 log_util.cc:285] Successfully rebuilt footer for segment: /mnt/tserver/yb-data/tserver/wals/table-929f7d28b7a2483c9b6c4652af3f6131/tablet-ef19613afa234c5d943034489b070927/wal-000000010 (valid entries through byte offset 195)
I0311 03:40:02.933987    28 log.cc:661] T e778eac89ca24f2993340a6d09c687f8 P 096da8680d274dba91b50831a23bfd58: Opened existing logs. Last segment is /mnt/tserver/yb-data/tserver/wals/table-929f7d28b7a2483c9b6c4652af3f6131/tablet-e778eac89ca24f2993340a6d09c687f8/wal-000000010
I0311 03:40:02.938585    28 log.cc:676] interval_durable_wal_write_ms is turned on to sync every 1000 ms.
I0311 03:40:02.936832    29 log_util.cc:817] Found no log entry headers
I0311 03:40:02.939535    29 log_util.cc:666] Ignoring partially flushed segment in write ahead log /mnt/tserver/yb-data/tserver/wals/table-929f7d28b7a2483c9b6c4652af3f6131/tablet-df17b40b75664e0aaa44ec6687a7a233/wal-000000010 because there are no log entries following this one. The server probably crashed in the middle of writing an entry to the write-ahead log or downloaded an active log via remote bootstrap. Error detail: Corruption (yb/consensus/log_util.cc:889): Invalid checksum in log entry head header: found=0, computed=2351477386: Failed trying to read batch #3 at offset 195 for log segment /mnt/tserver/yb-data/tserver/wals/table-929f7d28b7a2483c9b6c4652af3f6131/tablet-df17b40b75664e0aaa44ec6687a7a233/wal-000000010: Prior batch offsets: 107 167 195; Last log entries read: [REPLICATE (10.10)]
I0311 03:40:02.938158    27 log.cc:661] T ef19613afa234c5d943034489b070927 P 096da8680d274dba91b50831a23bfd58: Opened existing logs. Last segment is /mnt/tserver/yb-data/tserver/wals/table-929f7d28b7a2483c9b6c4652af3f6131/tablet-ef19613afa234c5d943034489b070927/wal-000000010
I0311 03:40:02.936589     8 webserver.cc:418] Webserver started. Bound to: http://172.18.0.5:9000/
I0311 03:40:02.939158    28 tablet_bootstrap.cc:386] T e778eac89ca24f2993340a6d09c687f8 P 096da8680d274dba91b50831a23bfd58: Bootstrap optimizer (skip_flushed_entries): op_id_replay_lowest=-1.-1 (regular_op_id=-1.-1, intents_op_id=-1.-1, has_intents_db=0)
I0311 03:40:02.937515    30 log_util.cc:666] Ignoring partially flushed segment in write ahead log /mnt/tserver/yb-data/tserver/wals/table-929f7d28b7a2483c9b6c4652af3f6131/tablet-c47912c0b2714f58b34c56d0e2dc9025/wal-000000010 because there are no log entries following this one. The server probably crashed in the middle of writing an entry to the write-ahead log or downloaded an active log via remote bootstrap. Error detail: Corruption (yb/consensus/log_util.cc:889): Invalid checksum in log entry head header: found=0, computed=2351477386: Failed trying to read batch #3 at offset 195 for log segment /mnt/tserver/yb-data/tserver/wals/table-929f7d28b7a2483c9b6c4652af3f6131/tablet-c47912c0b2714f58b34c56d0e2dc9025/wal-000000010: Prior batch offsets: 107 167 195; Last log entries read: [REPLICATE (10.10)]
I0311 03:40:02.940482    29 log_util.cc:285] Successfully rebuilt footer for segment: /mnt/tserver/yb-data/tserver/wals/table-929f7d28b7a2483c9b6c4652af3f6131/tablet-df17b40b75664e0aaa44ec6687a7a233/wal-000000010 (valid entries through byte offset 195)
I0311 03:40:02.942528    29 log.cc:661] T df17b40b75664e0aaa44ec6687a7a233 P 096da8680d274dba91b50831a23bfd58: Opened existing logs. Last segment is /mnt/tserver/yb-data/tserver/wals/table-929f7d28b7a2483c9b6c4652af3f6131/tablet-df17b40b75664e0aaa44ec6687a7a233/wal-000000010
I0311 03:40:02.942081    30 log_util.cc:285] Successfully rebuilt footer for segment: /mnt/tserver/yb-data/tserver/wals/table-929f7d28b7a2483c9b6c4652af3f6131/tablet-c47912c0b2714f58b34c56d0e2dc9025/wal-000000010 (valid entries through byte offset 195)
I0311 03:40:02.940960    27 tablet_bootstrap.cc:386] T ef19613afa234c5d943034489b070927 P 096da8680d274dba91b50831a23bfd58: Bootstrap optimizer (skip_flushed_entries): op_id_replay_lowest=-1.-1 (regular_op_id=-1.-1, intents_op_id=-1.-1, has_intents_db=0)
I0311 03:40:02.942996    29 tablet_bootstrap.cc:386] T df17b40b75664e0aaa44ec6687a7a233 P 096da8680d274dba91b50831a23bfd58: Bootstrap optimizer (skip_flushed_entries): op_id_replay_lowest=-1.-1 (regular_op_id=-1.-1, intents_op_id=-1.-1, has_intents_db=0)
I0311 03:40:02.943176     8 service_pool.cc:153] yb.server.GenericService: yb::rpc::ServicePoolImpl created at 0x40154ac6c0
I0311 03:40:02.943810    30 log.cc:661] T c47912c0b2714f58b34c56d0e2dc9025 P 096da8680d274dba91b50831a23bfd58: Opened existing logs. Last segment is /mnt/tserver/yb-data/tserver/wals/table-929f7d28b7a2483c9b6c4652af3f6131/tablet-c47912c0b2714f58b34c56d0e2dc9025/wal-000000010
I0311 03:40:02.948462    30 tablet_bootstrap.cc:386] T c47912c0b2714f58b34c56d0e2dc9025 P 096da8680d274dba91b50831a23bfd58: Bootstrap optimizer (skip_flushed_entries): op_id_replay_lowest=-1.-1 (regular_op_id=-1.-1, intents_op_id=-1.-1, has_intents_db=0)
I0311 03:40:02.944406    27 tablet_bootstrap.cc:1237] T ef19613afa234c5d943034489b070927 P 096da8680d274dba91b50831a23bfd58: Segment /mnt/tserver/yb-data/tserver/wals/table-929f7d28b7a2483c9b6c4652af3f6131/tablet-ef19613afa234c5d943034489b070927/wal-000000010 cannot be used as the first segment to start replay with according to our OpId and retention criteria. Continuing to earlier segments.op_id=10.10, op_id_replay_lowest=-1.-1, first_op_time=3976846292.953s, min_seconds_to_retain_logs=660.000s, replay_from_this_or_earlier_time_was_initialized=0, *replay_from_this_or_earlier_time=3976845632.953s, is_first_op_id_low_enough=0, is_first_op_time_early_enough=0
I0311 03:40:02.945995    29 tablet_bootstrap.cc:1237] T df17b40b75664e0aaa44ec6687a7a233 P 096da8680d274dba91b50831a23bfd58: Segment /mnt/tserver/yb-data/tserver/wals/table-929f7d28b7a2483c9b6c4652af3f6131/tablet-df17b40b75664e0aaa44ec6687a7a233/wal-000000010 cannot be used as the first segment to start replay with according to our OpId and retention criteria. Continuing to earlier segments.op_id=10.10, op_id_replay_lowest=-1.-1, first_op_time=3990591283.155s, min_seconds_to_retain_logs=660.000s, replay_from_this_or_earlier_time_was_initialized=0, *replay_from_this_or_earlier_time=3990590623.155s, is_first_op_id_low_enough=0, is_first_op_time_early_enough=0
I0311 03:40:02.943290    28 tablet_bootstrap.cc:1237] T e778eac89ca24f2993340a6d09c687f8 P 096da8680d274dba91b50831a23bfd58: Segment /mnt/tserver/yb-data/tserver/wals/table-929f7d28b7a2483c9b6c4652af3f6131/tablet-e778eac89ca24f2993340a6d09c687f8/wal-000000010 cannot be used as the first segment to start replay with according to our OpId and retention criteria. Continuing to earlier segments.op_id=10.10, op_id_replay_lowest=-1.-1, first_op_time=3919098806.368s, min_seconds_to_retain_logs=660.000s, replay_from_this_or_earlier_time_was_initialized=0, *replay_from_this_or_earlier_time=3919098146.368s, is_first_op_id_low_enough=0, is_first_op_time_early_enough=0
I0311 03:40:02.949796    30 tablet_bootstrap.cc:1237] T c47912c0b2714f58b34c56d0e2dc9025 P 096da8680d274dba91b50831a23bfd58: Segment /mnt/tserver/yb-data/tserver/wals/table-929f7d28b7a2483c9b6c4652af3f6131/tablet-c47912c0b2714f58b34c56d0e2dc9025/wal-000000010 cannot be used as the first segment to start replay with according to our OpId and retention criteria. Continuing to earlier segments.op_id=10.10, op_id_replay_lowest=-1.-1, first_op_time=7161964546.038s, min_seconds_to_retain_logs=660.000s, replay_from_this_or_earlier_time_was_initialized=0, *replay_from_this_or_earlier_time=7161963886.038s, is_first_op_id_low_enough=0, is_first_op_time_early_enough=0
I0311 03:40:02.950965    27 tablet_bootstrap.cc:1237] T ef19613afa234c5d943034489b070927 P 096da8680d274dba91b50831a23bfd58: Segment /mnt/tserver/yb-data/tserver/wals/table-929f7d28b7a2483c9b6c4652af3f6131/tablet-ef19613afa234c5d943034489b070927/wal-000000009 cannot be used as the first segment to start replay with according to our OpId and retention criteria. However, this is already the earliest segment so we have to start replay here. We should probably investigate how we got into this situation. op_id=9.9, op_id_replay_lowest=-1.-1, first_op_time=3976846290.360s, min_seconds_to_retain_logs=660.000s, replay_from_this_or_earlier_time_was_initialized=1, *replay_from_this_or_earlier_time=3976845632.953s, is_first_op_id_low_enough=0, is_first_op_time_early_enough=0
I0311 03:40:02.951181     8 rpc_server.cc:173] RPC server started. Bound to: 172.18.0.5:9100
I0311 03:40:02.952168    29 tablet_bootstrap.cc:1237] T df17b40b75664e0aaa44ec6687a7a233 P 096da8680d274dba91b50831a23bfd58: Segment /mnt/tserver/yb-data/tserver/wals/table-929f7d28b7a2483c9b6c4652af3f6131/tablet-df17b40b75664e0aaa44ec6687a7a233/wal-000000009 cannot be used as the first segment to start replay with according to our OpId and retention criteria. However, this is already the earliest segment so we have to start replay here. We should probably investigate how we got into this situation. op_id=9.9, op_id_replay_lowest=-1.-1, first_op_time=3990591280.536s, min_seconds_to_retain_logs=660.000s, replay_from_this_or_earlier_time_was_initialized=1, *replay_from_this_or_earlier_time=3990590623.155s, is_first_op_id_low_enough=0, is_first_op_time_early_enough=0
I0311 03:40:02.957546    29 tablet_bootstrap.cc:1250] T df17b40b75664e0aaa44ec6687a7a233 P 096da8680d274dba91b50831a23bfd58: Bootstrap optimizer (skip_flushed_entries): will replay all segments starting from the very first one.
I0311 03:40:02.955742    30 tablet_bootstrap.cc:1237] T c47912c0b2714f58b34c56d0e2dc9025 P 096da8680d274dba91b50831a23bfd58: Segment /mnt/tserver/yb-data/tserver/wals/table-929f7d28b7a2483c9b6c4652af3f6131/tablet-c47912c0b2714f58b34c56d0e2dc9025/wal-000000009 cannot be used as the first segment to start replay with according to our OpId and retention criteria. However, this is already the earliest segment so we have to start replay here. We should probably investigate how we got into this situation. op_id=9.9, op_id_replay_lowest=-1.-1, first_op_time=7161964542.582s, min_seconds_to_retain_logs=660.000s, replay_from_this_or_earlier_time_was_initialized=1, *replay_from_this_or_earlier_time=7161963886.038s, is_first_op_id_low_enough=0, is_first_op_time_early_enough=0
I0311 03:40:02.958436    30 tablet_bootstrap.cc:1250] T c47912c0b2714f58b34c56d0e2dc9025 P 096da8680d274dba91b50831a23bfd58: Bootstrap optimizer (skip_flushed_entries): will replay all segments starting from the very first one.
I0311 03:40:02.957363    39 async_initializer.cc:82] Starting to init ybclient
I0311 03:40:02.957769     8 db_server_base.cc:68] Node information: { hostname: '486d4480b26b', rpc_ip: '172.18.0.5', webserver_ip: '172.18.0.5', uuid: '096da8680d274dba91b50831a23bfd58' }
I0311 03:40:02.954833    28 tablet_bootstrap.cc:1237] T e778eac89ca24f2993340a6d09c687f8 P 096da8680d274dba91b50831a23bfd58: Segment /mnt/tserver/yb-data/tserver/wals/table-929f7d28b7a2483c9b6c4652af3f6131/tablet-e778eac89ca24f2993340a6d09c687f8/wal-000000009 cannot be used as the first segment to start replay with according to our OpId and retention criteria. However, this is already the earliest segment so we have to start replay here. We should probably investigate how we got into this situation. op_id=9.9, op_id_replay_lowest=-1.-1, first_op_time=3919098802.774s, min_seconds_to_retain_logs=660.000s, replay_from_this_or_earlier_time_was_initialized=1, *replay_from_this_or_earlier_time=3919098146.368s, is_first_op_id_low_enough=0, is_first_op_time_early_enough=0
I0311 03:40:02.960403    28 tablet_bootstrap.cc:1250] T e778eac89ca24f2993340a6d09c687f8 P 096da8680d274dba91b50831a23bfd58: Bootstrap optimizer (skip_flushed_entries): will replay all segments starting from the very first one.
I0311 03:40:02.956411    27 tablet_bootstrap.cc:1250] T ef19613afa234c5d943034489b070927 P 096da8680d274dba91b50831a23bfd58: Bootstrap optimizer (skip_flushed_entries): will replay all segments starting from the very first one.
I0311 03:40:02.960556     8 ts_tablet_manager.cc:637] Split tablets cleanup monitor started...
I0311 03:40:02.962116     8 ts_tablet_manager.cc:647] Tablet data verification is disabled by verify_tablet_data_interval_sec flag set to 0
I0311 03:40:02.960757    40 client-internal.cc:2304] New master addresses: [yb-master-n1:7100]
I0311 03:40:02.964874     8 ts_tablet_manager.cc:653] Old metrics cleanup task started...
I0311 03:40:02.965178    30 tablet_bootstrap_if.cc:96] T c47912c0b2714f58b34c56d0e2dc9025 P 096da8680d274dba91b50831a23bfd58: Bootstrap replayed 1/2 log segments. Read operations: 1, overwritten operations: 0. Pending: 1 replicates. Last read committed op id: 9.9, last entry metadata: { entry_time: 7161964542.582s offset: 107 active_segment_sequence_number: 9 }, last read entry op id: 9.9
I0311 03:40:02.965725    29 tablet_bootstrap_if.cc:96] T df17b40b75664e0aaa44ec6687a7a233 P 096da8680d274dba91b50831a23bfd58: Bootstrap replayed 1/2 log segments. Read operations: 1, overwritten operations: 0. Pending: 1 replicates. Last read committed op id: 9.9, last entry metadata: { entry_time: 3990591280.536s offset: 107 active_segment_sequence_number: 9 }, last read entry op id: 9.9
I0311 03:40:02.966130    39 async_initializer.cc:86] Successfully built ybclient
I0311 03:40:02.968166    28 tablet_bootstrap_if.cc:96] T e778eac89ca24f2993340a6d09c687f8 P 096da8680d274dba91b50831a23bfd58: Bootstrap replayed 1/2 log segments. Read operations: 1, overwritten operations: 0. Pending: 1 replicates. Last read committed op id: 9.9, last entry metadata: { entry_time: 3919098802.774s offset: 107 active_segment_sequence_number: 9 }, last read entry op id: 9.9
I0311 03:40:02.968546    27 tablet_bootstrap_if.cc:96] T ef19613afa234c5d943034489b070927 P 096da8680d274dba91b50831a23bfd58: Bootstrap replayed 1/2 log segments. Read operations: 1, overwritten operations: 0. Pending: 1 replicates. Last read committed op id: 9.9, last entry metadata: { entry_time: 3976846290.360s offset: 107 active_segment_sequence_number: 9 }, last read entry op id: 9.9
I0311 03:40:02.971606     8 tablet_server_main.cc:237] Tablet server successfully started.
