Log file created at: 2023/03/11 03:15:05
Current UTC time: 2023/03/11 03:15:05
Running on machine: 5521b036e510
Application fingerprint: version 2.16.1.1 build 3 revision a330db94c4b2eabde1f199c7ef6d05402137cc83 build_type RELEASE built at 10 Feb 2023 23:41:37 UTC
Running duration (h:mm:ss): 0:00:00
Log line format: [IWEF]mmdd hh:mm:ss.uuuuuu threadid file:line] msg
I0311 03:15:05.579946     8 server_main_util.cc:72] NumCPUs determined to be: 5
I0311 03:15:05.591465     8 mem_tracker.cc:345] Setting tcmalloc max thread cache bytes to: 174949094
I0311 03:15:05.592408     8 tablet_server_main.cc:166] Using parsed rpc = yb-tserver-n1:9100
I0311 03:15:05.594024     8 tablet_server_main.cc:159] Reset YEDIS bind address to yb-tserver-n1:6379
I0311 03:15:05.594578     8 tablet_server_main.cc:159] Reset YCQL bind address to yb-tserver-n1:9042
I0311 03:15:05.595000     8 tablet_server_main.cc:159] Reset YSQL bind address to yb-tserver-n1:5433
I0311 03:15:05.595494     8 encrypted_file_factory.cc:88] Created encrypted file factory
I0311 03:15:05.597937     8 server_base_options.cc:176] Updating master addrs to {yb-master-n1:7100}
I0311 03:15:05.599143     8 server_base_options.cc:176] Updating master addrs to {yb-master-n1:7100}
I0311 03:15:05.601007     8 server_base_options.cc:176] Updating master addrs to {yb-master-n1:7100}
I0311 03:15:05.608541     8 shared_mem.cc:137] Using memfd_create as a shared memory provider
I0311 03:15:05.612335     8 mem_tracker.cc:892] MemTracker: hard memory limit is 6.517362 GB
I0311 03:15:05.616737     8 mem_tracker.cc:894] MemTracker: soft memory limit is 5.539757 GB
I0311 03:15:05.617672     8 server_base_options.cc:176] Updating master addrs to {yb-master-n1:7100}
I0311 03:15:05.629416     8 docdb_rocksdb_util.cc:601] FLAGS_priority_thread_pool_size was not set, automatically configuring to 2.
I0311 03:15:05.637969     8 rpc_server.cc:90] yb::server::RpcServer created at 0x401501a5a0
I0311 03:15:05.638890     8 tablet_server.cc:189] yb::tserver::TabletServer created at 0x40151ea000
I0311 03:15:05.639256     8 tablet_server.cc:190] yb::tserver::TSTabletManager created at 0x4015105a80
I0311 03:15:05.639627     8 tablet_server_main.cc:231] Initializing tablet server...
I0311 03:15:05.689389     8 fs_manager.cc:383] Opened local filesystem: /mnt/tserver
uuid: "096da8680d274dba91b50831a23bfd58"
format_stamp: "Formatted at 2023-03-10 16:06:28 on ebf588942a27"
initdb_done_set_after_sys_catalog_restore: true
I0311 03:15:05.706140     8 auto_flags_manager.cc:307] AutoFlags applied: TEST_auto_flags_initialized,regular_tablets_data_block_key_value_encoding
I0311 03:15:05.710562     8 server_base.cc:259] Auto setting FLAGS_num_reactor_threads to 5
I0311 03:15:05.712651     8 secure.cc:147] SetupSecureContext: kInternal, 0
I0311 03:15:05.718581     8 thread_pool.cc:170] Starting thread pool { name: TabletServer queue_limit: 10000 max_workers: 1024 }
I0311 03:15:05.731823     8 ts_tablet_manager.cc:497] P 096da8680d274dba91b50831a23bfd58: max_bootstrap_threads=4
I0311 03:15:05.736196     8 server_base.cc:541] Using private rpc address yb-tserver-n1
I0311 03:15:05.737078     8 ts_tablet_manager.cc:1456] Loading metadata for tablet 22d66049cb9c4419a35469ea8c2c36bc
I0311 03:15:05.748064     8 doc_read_context.cc:52] T 22d66049cb9c4419a35469ea8c2c36bc P 096da8680d274dba91b50831a23bfd58: LogAfterLoad: [0]
I0311 03:15:05.750344     8 ts_tablet_manager.cc:2375] Update data/wal directory assignment map for table: 929f7d28b7a2483c9b6c4652af3f6131 and tablet 22d66049cb9c4419a35469ea8c2c36bc
I0311 03:15:05.752473     8 ts_tablet_manager.cc:1456] Loading metadata for tablet 3a76ab24970d40ef859dfa774b11abe1
I0311 03:15:05.756325     8 doc_read_context.cc:52] T 3a76ab24970d40ef859dfa774b11abe1 P 096da8680d274dba91b50831a23bfd58: LogAfterLoad: [0]
I0311 03:15:05.756968     8 ts_tablet_manager.cc:2375] Update data/wal directory assignment map for table: 929f7d28b7a2483c9b6c4652af3f6131 and tablet 3a76ab24970d40ef859dfa774b11abe1
I0311 03:15:05.757547     8 ts_tablet_manager.cc:1456] Loading metadata for tablet 5c82d2d282b24c23a5a85eaa9b3797e3
I0311 03:15:05.761798     8 doc_read_context.cc:52] T 5c82d2d282b24c23a5a85eaa9b3797e3 P 096da8680d274dba91b50831a23bfd58: LogAfterLoad: [0]
I0311 03:15:05.762341     8 ts_tablet_manager.cc:2375] Update data/wal directory assignment map for table: 929f7d28b7a2483c9b6c4652af3f6131 and tablet 5c82d2d282b24c23a5a85eaa9b3797e3
I0311 03:15:05.763015     8 ts_tablet_manager.cc:1456] Loading metadata for tablet 974d5dc4624a4cc8ba8333f193777a6e
I0311 03:15:05.766145     8 doc_read_context.cc:52] T 974d5dc4624a4cc8ba8333f193777a6e P 096da8680d274dba91b50831a23bfd58: LogAfterLoad: [0]
I0311 03:15:05.766733     8 ts_tablet_manager.cc:2375] Update data/wal directory assignment map for table: 929f7d28b7a2483c9b6c4652af3f6131 and tablet 974d5dc4624a4cc8ba8333f193777a6e
I0311 03:15:05.767206     8 ts_tablet_manager.cc:1456] Loading metadata for tablet c47912c0b2714f58b34c56d0e2dc9025
I0311 03:15:05.770169     8 doc_read_context.cc:52] T c47912c0b2714f58b34c56d0e2dc9025 P 096da8680d274dba91b50831a23bfd58: LogAfterLoad: [0]
I0311 03:15:05.770536     8 ts_tablet_manager.cc:2375] Update data/wal directory assignment map for table: 929f7d28b7a2483c9b6c4652af3f6131 and tablet c47912c0b2714f58b34c56d0e2dc9025
I0311 03:15:05.770857     8 ts_tablet_manager.cc:1456] Loading metadata for tablet df17b40b75664e0aaa44ec6687a7a233
I0311 03:15:05.773175     8 doc_read_context.cc:52] T df17b40b75664e0aaa44ec6687a7a233 P 096da8680d274dba91b50831a23bfd58: LogAfterLoad: [0]
I0311 03:15:05.773557     8 ts_tablet_manager.cc:2375] Update data/wal directory assignment map for table: 929f7d28b7a2483c9b6c4652af3f6131 and tablet df17b40b75664e0aaa44ec6687a7a233
I0311 03:15:05.774021     8 ts_tablet_manager.cc:1456] Loading metadata for tablet e778eac89ca24f2993340a6d09c687f8
I0311 03:15:05.777276     8 doc_read_context.cc:52] T e778eac89ca24f2993340a6d09c687f8 P 096da8680d274dba91b50831a23bfd58: LogAfterLoad: [0]
I0311 03:15:05.777681     8 ts_tablet_manager.cc:2375] Update data/wal directory assignment map for table: 929f7d28b7a2483c9b6c4652af3f6131 and tablet e778eac89ca24f2993340a6d09c687f8
I0311 03:15:05.778017     8 ts_tablet_manager.cc:1456] Loading metadata for tablet ef19613afa234c5d943034489b070927
I0311 03:15:05.780655     8 doc_read_context.cc:52] T ef19613afa234c5d943034489b070927 P 096da8680d274dba91b50831a23bfd58: LogAfterLoad: [0]
I0311 03:15:05.781083     8 ts_tablet_manager.cc:2375] Update data/wal directory assignment map for table: 929f7d28b7a2483c9b6c4652af3f6131 and tablet ef19613afa234c5d943034489b070927
I0311 03:15:05.781683     8 ts_tablet_manager.cc:555] Loaded metadata for 8 tablet in 44 ms
I0311 03:15:05.783205     8 ts_tablet_manager.cc:1825] P 096da8680d274dba91b50831a23bfd58: Registered tablet ef19613afa234c5d943034489b070927
I0311 03:15:05.785503    27 ts_tablet_manager.cc:1478] T ef19613afa234c5d943034489b070927 P 096da8680d274dba91b50831a23bfd58: Bootstrapping tablet
I0311 03:15:05.785710     8 ts_tablet_manager.cc:1825] P 096da8680d274dba91b50831a23bfd58: Registered tablet e778eac89ca24f2993340a6d09c687f8
I0311 03:15:05.787000    28 ts_tablet_manager.cc:1478] T e778eac89ca24f2993340a6d09c687f8 P 096da8680d274dba91b50831a23bfd58: Bootstrapping tablet
I0311 03:15:05.787101     8 ts_tablet_manager.cc:1825] P 096da8680d274dba91b50831a23bfd58: Registered tablet df17b40b75664e0aaa44ec6687a7a233
I0311 03:15:05.789208     8 ts_tablet_manager.cc:1825] P 096da8680d274dba91b50831a23bfd58: Registered tablet c47912c0b2714f58b34c56d0e2dc9025
I0311 03:15:05.790897    29 ts_tablet_manager.cc:1478] T df17b40b75664e0aaa44ec6687a7a233 P 096da8680d274dba91b50831a23bfd58: Bootstrapping tablet
I0311 03:15:05.790904    30 ts_tablet_manager.cc:1478] T c47912c0b2714f58b34c56d0e2dc9025 P 096da8680d274dba91b50831a23bfd58: Bootstrapping tablet
I0311 03:15:05.792155     8 ts_tablet_manager.cc:1825] P 096da8680d274dba91b50831a23bfd58: Registered tablet 974d5dc4624a4cc8ba8333f193777a6e
I0311 03:15:05.794108     8 ts_tablet_manager.cc:1825] P 096da8680d274dba91b50831a23bfd58: Registered tablet 5c82d2d282b24c23a5a85eaa9b3797e3
I0311 03:15:05.795153     8 ts_tablet_manager.cc:1825] P 096da8680d274dba91b50831a23bfd58: Registered tablet 3a76ab24970d40ef859dfa774b11abe1
I0311 03:15:05.799131     8 ts_tablet_manager.cc:1825] P 096da8680d274dba91b50831a23bfd58: Registered tablet 22d66049cb9c4419a35469ea8c2c36bc
I0311 03:15:05.795351    29 consensus_meta.cc:317] T df17b40b75664e0aaa44ec6687a7a233 P 096da8680d274dba91b50831a23bfd58: Updating active role from UNKNOWN_ROLE to FOLLOWER. Consensus state: current_term: 6 leader_uuid: "" config { opid_index: -1 peers { permanent_uuid: "096da8680d274dba91b50831a23bfd58" member_type: VOTER last_known_private_addr { host: "yb-tserver-n1" port: 9100 } cloud_info { placement_cloud: "cloud1" placement_region: "datacenter1" placement_zone: "rack1" } } }, has_pending_config = 0
I0311 03:15:05.791615    27 consensus_meta.cc:317] T ef19613afa234c5d943034489b070927 P 096da8680d274dba91b50831a23bfd58: Updating active role from UNKNOWN_ROLE to FOLLOWER. Consensus state: current_term: 6 leader_uuid: "" config { opid_index: -1 peers { permanent_uuid: "096da8680d274dba91b50831a23bfd58" member_type: VOTER last_known_private_addr { host: "yb-tserver-n1" port: 9100 } cloud_info { placement_cloud: "cloud1" placement_region: "datacenter1" placement_zone: "rack1" } } }, has_pending_config = 0
I0311 03:15:05.791769    28 consensus_meta.cc:317] T e778eac89ca24f2993340a6d09c687f8 P 096da8680d274dba91b50831a23bfd58: Updating active role from UNKNOWN_ROLE to FOLLOWER. Consensus state: current_term: 6 leader_uuid: "" config { opid_index: -1 peers { permanent_uuid: "096da8680d274dba91b50831a23bfd58" member_type: VOTER last_known_private_addr { host: "yb-tserver-n1" port: 9100 } cloud_info { placement_cloud: "cloud1" placement_region: "datacenter1" placement_zone: "rack1" } } }, has_pending_config = 0
I0311 03:15:05.795748    30 consensus_meta.cc:317] T c47912c0b2714f58b34c56d0e2dc9025 P 096da8680d274dba91b50831a23bfd58: Updating active role from UNKNOWN_ROLE to FOLLOWER. Consensus state: current_term: 6 leader_uuid: "" config { opid_index: -1 peers { permanent_uuid: "096da8680d274dba91b50831a23bfd58" member_type: VOTER last_known_private_addr { host: "yb-tserver-n1" port: 9100 } cloud_info { placement_cloud: "cloud1" placement_region: "datacenter1" placement_zone: "rack1" } } }, has_pending_config = 0
I0311 03:15:05.801648    28 tablet_peer.cc:1455] T e778eac89ca24f2993340a6d09c687f8 P 096da8680d274dba91b50831a23bfd58 [state=BOOTSTRAPPING]: Changed state from NOT_STARTED to BOOTSTRAPPING
I0311 03:15:05.801631    27 tablet_peer.cc:1455] T ef19613afa234c5d943034489b070927 P 096da8680d274dba91b50831a23bfd58 [state=BOOTSTRAPPING]: Changed state from NOT_STARTED to BOOTSTRAPPING
I0311 03:15:05.801538    29 tablet_peer.cc:1455] T df17b40b75664e0aaa44ec6687a7a233 P 096da8680d274dba91b50831a23bfd58 [state=BOOTSTRAPPING]: Changed state from NOT_STARTED to BOOTSTRAPPING
I0311 03:15:05.802104    30 tablet_peer.cc:1455] T c47912c0b2714f58b34c56d0e2dc9025 P 096da8680d274dba91b50831a23bfd58 [state=BOOTSTRAPPING]: Changed state from NOT_STARTED to BOOTSTRAPPING
I0311 03:15:05.805263     8 server_base.cc:541] Using private rpc address yb-tserver-n1
I0311 03:15:05.806058    28 tablet_bootstrap_if.cc:96] T e778eac89ca24f2993340a6d09c687f8 P 096da8680d274dba91b50831a23bfd58: Bootstrap starting.
I0311 03:15:05.806139    27 tablet_bootstrap_if.cc:96] T ef19613afa234c5d943034489b070927 P 096da8680d274dba91b50831a23bfd58: Bootstrap starting.
I0311 03:15:05.806548    29 tablet_bootstrap_if.cc:96] T df17b40b75664e0aaa44ec6687a7a233 P 096da8680d274dba91b50831a23bfd58: Bootstrap starting.
I0311 03:15:05.806893    30 tablet_bootstrap_if.cc:96] T c47912c0b2714f58b34c56d0e2dc9025 P 096da8680d274dba91b50831a23bfd58: Bootstrap starting.
I0311 03:15:05.808368     8 tablet_server_main.cc:233] Starting tablet server...
I0311 03:15:05.810287     8 ulimit_util.cc:211] Configured soft limit for cpu time is already larger than specified min value (unlimited vs. unlimited). Skipping.
I0311 03:15:05.811664     8 ulimit_util.cc:211] Configured soft limit for file size is already larger than specified min value (unlimited vs. unlimited). Skipping.
I0311 03:15:05.811735    29 tablet.cc:455] T df17b40b75664e0aaa44ec6687a7a233 P 096da8680d274dba91b50831a23bfd58: Schema version for transactions is 0
I0311 03:15:05.811969    27 tablet.cc:455] T ef19613afa234c5d943034489b070927 P 096da8680d274dba91b50831a23bfd58: Schema version for transactions is 0
I0311 03:15:05.812013    30 tablet.cc:455] T c47912c0b2714f58b34c56d0e2dc9025 P 096da8680d274dba91b50831a23bfd58: Schema version for transactions is 0
I0311 03:15:05.812026    28 tablet.cc:455] T e778eac89ca24f2993340a6d09c687f8 P 096da8680d274dba91b50831a23bfd58: Schema version for transactions is 0
I0311 03:15:05.812389     8 ulimit_util.cc:211] Configured soft limit for data seg size is already larger than specified min value (unlimited vs. unlimited). Skipping.
I0311 03:15:05.817225     8 ulimit_util.cc:211] Configured soft limit for stack size is already larger than specified min value (8388608 vs. 8388608). Skipping.
I0311 03:15:05.818261     8 ulimit_util.cc:211] Configured soft limit for max user processes is already larger than specified min value (unlimited vs. 12000). Skipping.
I0311 03:15:05.818881     8 ulimit_util.cc:211] Configured soft limit for open files is already larger than specified min value (1048576 vs. 1048576). Skipping.
I0311 03:15:05.820875     8 ulimit_util.cc:211] Configured soft limit for max locked memory is already larger than specified min value (65536 vs. 65536). Skipping.
I0311 03:15:05.821329     8 ulimit_util.cc:211] Configured soft limit for max memory size is already larger than specified min value (unlimited vs. unlimited). Skipping.
I0311 03:15:05.821395    27 tablet_bootstrap.cc:639] T ef19613afa234c5d943034489b070927 P 096da8680d274dba91b50831a23bfd58: Time spent opening tablet: real 0.000s	user 0.000s	sys 0.000s
I0311 03:15:05.821521    29 tablet_bootstrap.cc:639] T df17b40b75664e0aaa44ec6687a7a233 P 096da8680d274dba91b50831a23bfd58: Time spent opening tablet: real 0.000s	user 0.000s	sys 0.000s
I0311 03:15:05.821894    30 tablet_bootstrap.cc:639] T c47912c0b2714f58b34c56d0e2dc9025 P 096da8680d274dba91b50831a23bfd58: Time spent opening tablet: real 0.000s	user 0.000s	sys 0.000s
I0311 03:15:05.820818    28 tablet_bootstrap.cc:639] T e778eac89ca24f2993340a6d09c687f8 P 096da8680d274dba91b50831a23bfd58: Time spent opening tablet: real 0.000s	user 0.000s	sys 0.000s
I0311 03:15:05.821800     8 tablet_server_main.cc:235] ulimit cur(max)...
ulimit: core file size 0(unlimited) blks
ulimit: data seg size unlimited(unlimited) kb
ulimit: open files 1048576(1048576)
ulimit: file size unlimited(unlimited) blks
ulimit: pending signals 30948(30948)
ulimit: file locks unlimited(unlimited)
ulimit: max locked memory 64(64) kb
ulimit: max memory size unlimited(unlimited) kb
ulimit: stack size 8192(unlimited) kb
ulimit: cpu time unlimited(unlimited) secs
ulimit: max user processes unlimited(unlimited)
I0311 03:15:05.826128     8 tablet_server.cc:390] Auto setting FLAGS_tablet_server_svc_num_threads to 160
I0311 03:15:05.826696     8 tablet_server.cc:398] Auto setting FLAGS_num_concurrent_backfills_allowed to 2
I0311 03:15:05.827375     8 tablet_server.cc:408] Auto setting FLAGS_ts_consensus_svc_num_threads to 160
I0311 03:15:05.831020    29 tablet_bootstrap.cc:716] T df17b40b75664e0aaa44ec6687a7a233 P 096da8680d274dba91b50831a23bfd58: Will attempt to recover log segment /mnt/tserver/yb-data/tserver/wals/table-929f7d28b7a2483c9b6c4652af3f6131/tablet-df17b40b75664e0aaa44ec6687a7a233/wal-000000005
I0311 03:15:05.830993    30 tablet_bootstrap.cc:716] T c47912c0b2714f58b34c56d0e2dc9025 P 096da8680d274dba91b50831a23bfd58: Will attempt to recover log segment /mnt/tserver/yb-data/tserver/wals/table-929f7d28b7a2483c9b6c4652af3f6131/tablet-c47912c0b2714f58b34c56d0e2dc9025/wal-000000005
I0311 03:15:05.830987    27 tablet_bootstrap.cc:716] T ef19613afa234c5d943034489b070927 P 096da8680d274dba91b50831a23bfd58: Will attempt to recover log segment /mnt/tserver/yb-data/tserver/wals/table-929f7d28b7a2483c9b6c4652af3f6131/tablet-ef19613afa234c5d943034489b070927/wal-000000005
I0311 03:15:05.831452    28 tablet_bootstrap.cc:716] T e778eac89ca24f2993340a6d09c687f8 P 096da8680d274dba91b50831a23bfd58: Will attempt to recover log segment /mnt/tserver/yb-data/tserver/wals/table-929f7d28b7a2483c9b6c4652af3f6131/tablet-e778eac89ca24f2993340a6d09c687f8/wal-000000005
I0311 03:15:05.831853    29 tablet_bootstrap.cc:716] T df17b40b75664e0aaa44ec6687a7a233 P 096da8680d274dba91b50831a23bfd58: Will attempt to recover log segment /mnt/tserver/yb-data/tserver/wals/table-929f7d28b7a2483c9b6c4652af3f6131/tablet-df17b40b75664e0aaa44ec6687a7a233/wal-000000006
I0311 03:15:05.832756    30 tablet_bootstrap.cc:716] T c47912c0b2714f58b34c56d0e2dc9025 P 096da8680d274dba91b50831a23bfd58: Will attempt to recover log segment /mnt/tserver/yb-data/tserver/wals/table-929f7d28b7a2483c9b6c4652af3f6131/tablet-c47912c0b2714f58b34c56d0e2dc9025/wal-000000006
I0311 03:15:05.833388    27 tablet_bootstrap.cc:716] T ef19613afa234c5d943034489b070927 P 096da8680d274dba91b50831a23bfd58: Will attempt to recover log segment /mnt/tserver/yb-data/tserver/wals/table-929f7d28b7a2483c9b6c4652af3f6131/tablet-ef19613afa234c5d943034489b070927/wal-000000006
I0311 03:15:05.834499    33 async_initializer.cc:82] Starting to init ybclient
I0311 03:15:05.835047    28 tablet_bootstrap.cc:716] T e778eac89ca24f2993340a6d09c687f8 P 096da8680d274dba91b50831a23bfd58: Will attempt to recover log segment /mnt/tserver/yb-data/tserver/wals/table-929f7d28b7a2483c9b6c4652af3f6131/tablet-e778eac89ca24f2993340a6d09c687f8/wal-000000006
I0311 03:15:05.836061     8 service_pool.cc:153] yb.tserver.TabletServerBackupService: yb::rpc::ServicePoolImpl created at 0x4014fdefc0
I0311 03:15:05.837327    28 tablet_bootstrap.cc:1127] T e778eac89ca24f2993340a6d09c687f8 P 096da8680d274dba91b50831a23bfd58: Flushed DocDB OpIds: { regular: -1.-1 intents: -1.-1 }
I0311 03:15:05.836338    30 tablet_bootstrap.cc:1127] T c47912c0b2714f58b34c56d0e2dc9025 P 096da8680d274dba91b50831a23bfd58: Flushed DocDB OpIds: { regular: -1.-1 intents: -1.-1 }
I0311 03:15:05.836413    29 tablet_bootstrap.cc:1127] T df17b40b75664e0aaa44ec6687a7a233 P 096da8680d274dba91b50831a23bfd58: Flushed DocDB OpIds: { regular: -1.-1 intents: -1.-1 }
I0311 03:15:05.836453    27 tablet_bootstrap.cc:1127] T ef19613afa234c5d943034489b070927 P 096da8680d274dba91b50831a23bfd58: Flushed DocDB OpIds: { regular: -1.-1 intents: -1.-1 }
I0311 03:15:05.838253    30 tablet_bootstrap.cc:1288] T c47912c0b2714f58b34c56d0e2dc9025 P 096da8680d274dba91b50831a23bfd58: Max persistent index in RocksDB's SSTables before bootstrap: regular RocksDB: -1.-1; intents RocksDB: -1.-1
I0311 03:15:05.838177    28 tablet_bootstrap.cc:1288] T e778eac89ca24f2993340a6d09c687f8 P 096da8680d274dba91b50831a23bfd58: Max persistent index in RocksDB's SSTables before bootstrap: regular RocksDB: -1.-1; intents RocksDB: -1.-1
I0311 03:15:05.838621    29 tablet_bootstrap.cc:1288] T df17b40b75664e0aaa44ec6687a7a233 P 096da8680d274dba91b50831a23bfd58: Max persistent index in RocksDB's SSTables before bootstrap: regular RocksDB: -1.-1; intents RocksDB: -1.-1
I0311 03:15:05.838945    27 tablet_bootstrap.cc:1288] T ef19613afa234c5d943034489b070927 P 096da8680d274dba91b50831a23bfd58: Max persistent index in RocksDB's SSTables before bootstrap: regular RocksDB: -1.-1; intents RocksDB: -1.-1
I0311 03:15:05.840207     8 service_pool.cc:153] yb.cdc.CDCService: yb::rpc::ServicePoolImpl created at 0x4014fdf440
I0311 03:15:05.843917    30 log.cc:1278] T c47912c0b2714f58b34c56d0e2dc9025 P 096da8680d274dba91b50831a23bfd58: Setting log wal retention time to 0 seconds
I0311 03:15:05.844838    29 log.cc:1278] T df17b40b75664e0aaa44ec6687a7a233 P 096da8680d274dba91b50831a23bfd58: Setting log wal retention time to 0 seconds
I0311 03:15:05.844862    27 log.cc:1278] T ef19613afa234c5d943034489b070927 P 096da8680d274dba91b50831a23bfd58: Setting log wal retention time to 0 seconds
I0311 03:15:05.845017    28 log.cc:1278] T e778eac89ca24f2993340a6d09c687f8 P 096da8680d274dba91b50831a23bfd58: Setting log wal retention time to 0 seconds
I0311 03:15:05.844511    35 client-internal.cc:2304] New master addresses: [yb-master-n1:7100]
I0311 03:15:05.853173     8 tablet_server.cc:416] yb::tserver::TabletServiceImpl created at 0x4015026020
I0311 03:15:05.854285     8 service_pool.cc:153] yb.tserver.TabletServerService: yb::rpc::ServicePoolImpl created at 0x4014fdf680
W0311 03:15:05.860785    28 log_util.cc:240] Could not read footer for segment: /mnt/tserver/yb-data/tserver/wals/table-929f7d28b7a2483c9b6c4652af3f6131/tablet-e778eac89ca24f2993340a6d09c687f8/wal-000000005: Not found (yb/consensus/log_util.cc:554): Footer not found. Footer magic doesn't match
W0311 03:15:05.860767    27 log_util.cc:240] Could not read footer for segment: /mnt/tserver/yb-data/tserver/wals/table-929f7d28b7a2483c9b6c4652af3f6131/tablet-ef19613afa234c5d943034489b070927/wal-000000005: Not found (yb/consensus/log_util.cc:554): Footer not found. Footer magic doesn't match
W0311 03:15:05.860965    29 log_util.cc:240] Could not read footer for segment: /mnt/tserver/yb-data/tserver/wals/table-929f7d28b7a2483c9b6c4652af3f6131/tablet-df17b40b75664e0aaa44ec6687a7a233/wal-000000005: Not found (yb/consensus/log_util.cc:554): Footer not found. Footer magic doesn't match
W0311 03:15:05.860792    30 log_util.cc:240] Could not read footer for segment: /mnt/tserver/yb-data/tserver/wals/table-929f7d28b7a2483c9b6c4652af3f6131/tablet-c47912c0b2714f58b34c56d0e2dc9025/wal-000000005: Not found (yb/consensus/log_util.cc:554): Footer not found. Footer magic doesn't match
I0311 03:15:05.872721    33 async_initializer.cc:86] Successfully built ybclient
I0311 03:15:05.873288     8 tablet_server.cc:421] yb::tserver::TabletServiceAdminImpl created at 0x4015296000
W0311 03:15:05.874629    28 log_reader.cc:192] T e778eac89ca24f2993340a6d09c687f8 P 096da8680d274dba91b50831a23bfd58: Log segment /mnt/tserver/yb-data/tserver/wals/table-929f7d28b7a2483c9b6c4652af3f6131/tablet-e778eac89ca24f2993340a6d09c687f8/wal-000000005 was likely left in-progress after a previous crash. Will try to rebuild footer by scanning data.
W0311 03:15:05.875416    27 log_reader.cc:192] T ef19613afa234c5d943034489b070927 P 096da8680d274dba91b50831a23bfd58: Log segment /mnt/tserver/yb-data/tserver/wals/table-929f7d28b7a2483c9b6c4652af3f6131/tablet-ef19613afa234c5d943034489b070927/wal-000000005 was likely left in-progress after a previous crash. Will try to rebuild footer by scanning data.
W0311 03:15:05.876092    29 log_reader.cc:192] T df17b40b75664e0aaa44ec6687a7a233 P 096da8680d274dba91b50831a23bfd58: Log segment /mnt/tserver/yb-data/tserver/wals/table-929f7d28b7a2483c9b6c4652af3f6131/tablet-df17b40b75664e0aaa44ec6687a7a233/wal-000000005 was likely left in-progress after a previous crash. Will try to rebuild footer by scanning data.
W0311 03:15:05.876848    30 log_reader.cc:192] T c47912c0b2714f58b34c56d0e2dc9025 P 096da8680d274dba91b50831a23bfd58: Log segment /mnt/tserver/yb-data/tserver/wals/table-929f7d28b7a2483c9b6c4652af3f6131/tablet-c47912c0b2714f58b34c56d0e2dc9025/wal-000000005 was likely left in-progress after a previous crash. Will try to rebuild footer by scanning data.
I0311 03:15:05.877610     8 service_pool.cc:153] yb.tserver.TabletServerAdminService: yb::rpc::ServicePoolImpl created at 0x4014fdf8c0
I0311 03:15:05.884837    30 log_util.cc:773] Scanning /mnt/tserver/yb-data/tserver/wals/table-929f7d28b7a2483c9b6c4652af3f6131/tablet-c47912c0b2714f58b34c56d0e2dc9025/wal-000000005 for valid entry headers following offset 195...
I0311 03:15:05.884788    27 log_util.cc:773] Scanning /mnt/tserver/yb-data/tserver/wals/table-929f7d28b7a2483c9b6c4652af3f6131/tablet-ef19613afa234c5d943034489b070927/wal-000000005 for valid entry headers following offset 195...
I0311 03:15:05.884846    28 log_util.cc:773] Scanning /mnt/tserver/yb-data/tserver/wals/table-929f7d28b7a2483c9b6c4652af3f6131/tablet-e778eac89ca24f2993340a6d09c687f8/wal-000000005 for valid entry headers following offset 195...
I0311 03:15:05.884800    29 log_util.cc:773] Scanning /mnt/tserver/yb-data/tserver/wals/table-929f7d28b7a2483c9b6c4652af3f6131/tablet-df17b40b75664e0aaa44ec6687a7a233/wal-000000005 for valid entry headers following offset 195...
I0311 03:15:05.887691     8 tablet_server.cc:427] yb::tserver::ConsensusServiceImpl created at 0x401522a000
I0311 03:15:05.893453     8 thread_pool.cc:170] Starting thread pool { name: TabletServer-high-pri queue_limit: 10000 max_workers: 1024 }
I0311 03:15:05.897603     8 service_pool.cc:153] yb.consensus.ConsensusService: yb::rpc::ServicePoolImpl created at 0x4014fdfd40
I0311 03:15:05.904208     8 tablet_server.cc:436] yb::tserver::RemoteBootstrapServiceImpl created at 0x401522a800
I0311 03:15:05.905833     8 service_pool.cc:153] yb.tserver.RemoteBootstrapService: yb::rpc::ServicePoolImpl created at 0x40154a6480
I0311 03:15:05.905668    27 log_util.cc:817] Found no log entry headers
I0311 03:15:05.905159    30 log_util.cc:817] Found no log entry headers
I0311 03:15:05.906545    28 log_util.cc:817] Found no log entry headers
I0311 03:15:05.910825    29 log_util.cc:817] Found no log entry headers
I0311 03:15:05.909180    27 log_util.cc:666] Ignoring partially flushed segment in write ahead log /mnt/tserver/yb-data/tserver/wals/table-929f7d28b7a2483c9b6c4652af3f6131/tablet-ef19613afa234c5d943034489b070927/wal-000000005 because there are no log entries following this one. The server probably crashed in the middle of writing an entry to the write-ahead log or downloaded an active log via remote bootstrap. Error detail: Corruption (yb/consensus/log_util.cc:889): Invalid checksum in log entry head header: found=0, computed=2351477386: Failed trying to read batch #3 at offset 195 for log segment /mnt/tserver/yb-data/tserver/wals/table-929f7d28b7a2483c9b6c4652af3f6131/tablet-ef19613afa234c5d943034489b070927/wal-000000005: Prior batch offsets: 107 167 195; Last log entries read: [REPLICATE (5.5)]
I0311 03:15:05.911288    28 log_util.cc:666] Ignoring partially flushed segment in write ahead log /mnt/tserver/yb-data/tserver/wals/table-929f7d28b7a2483c9b6c4652af3f6131/tablet-e778eac89ca24f2993340a6d09c687f8/wal-000000005 because there are no log entries following this one. The server probably crashed in the middle of writing an entry to the write-ahead log or downloaded an active log via remote bootstrap. Error detail: Corruption (yb/consensus/log_util.cc:889): Invalid checksum in log entry head header: found=0, computed=2351477386: Failed trying to read batch #3 at offset 195 for log segment /mnt/tserver/yb-data/tserver/wals/table-929f7d28b7a2483c9b6c4652af3f6131/tablet-e778eac89ca24f2993340a6d09c687f8/wal-000000005: Prior batch offsets: 107 167 195; Last log entries read: [REPLICATE (5.5)]
I0311 03:15:05.911482    29 log_util.cc:666] Ignoring partially flushed segment in write ahead log /mnt/tserver/yb-data/tserver/wals/table-929f7d28b7a2483c9b6c4652af3f6131/tablet-df17b40b75664e0aaa44ec6687a7a233/wal-000000005 because there are no log entries following this one. The server probably crashed in the middle of writing an entry to the write-ahead log or downloaded an active log via remote bootstrap. Error detail: Corruption (yb/consensus/log_util.cc:889): Invalid checksum in log entry head header: found=0, computed=2351477386: Failed trying to read batch #3 at offset 195 for log segment /mnt/tserver/yb-data/tserver/wals/table-929f7d28b7a2483c9b6c4652af3f6131/tablet-df17b40b75664e0aaa44ec6687a7a233/wal-000000005: Prior batch offsets: 107 167 195; Last log entries read: [REPLICATE (5.5)]
I0311 03:15:05.912667    29 log_util.cc:285] Successfully rebuilt footer for segment: /mnt/tserver/yb-data/tserver/wals/table-929f7d28b7a2483c9b6c4652af3f6131/tablet-df17b40b75664e0aaa44ec6687a7a233/wal-000000005 (valid entries through byte offset 195)
I0311 03:15:05.909212    30 log_util.cc:666] Ignoring partially flushed segment in write ahead log /mnt/tserver/yb-data/tserver/wals/table-929f7d28b7a2483c9b6c4652af3f6131/tablet-c47912c0b2714f58b34c56d0e2dc9025/wal-000000005 because there are no log entries following this one. The server probably crashed in the middle of writing an entry to the write-ahead log or downloaded an active log via remote bootstrap. Error detail: Corruption (yb/consensus/log_util.cc:889): Invalid checksum in log entry head header: found=0, computed=2351477386: Failed trying to read batch #3 at offset 195 for log segment /mnt/tserver/yb-data/tserver/wals/table-929f7d28b7a2483c9b6c4652af3f6131/tablet-c47912c0b2714f58b34c56d0e2dc9025/wal-000000005: Prior batch offsets: 107 167 195; Last log entries read: [REPLICATE (5.5)]
I0311 03:15:05.912238    27 log_util.cc:285] Successfully rebuilt footer for segment: /mnt/tserver/yb-data/tserver/wals/table-929f7d28b7a2483c9b6c4652af3f6131/tablet-ef19613afa234c5d943034489b070927/wal-000000005 (valid entries through byte offset 195)
I0311 03:15:05.912395    28 log_util.cc:285] Successfully rebuilt footer for segment: /mnt/tserver/yb-data/tserver/wals/table-929f7d28b7a2483c9b6c4652af3f6131/tablet-e778eac89ca24f2993340a6d09c687f8/wal-000000005 (valid entries through byte offset 195)
I0311 03:15:05.913987    30 log_util.cc:285] Successfully rebuilt footer for segment: /mnt/tserver/yb-data/tserver/wals/table-929f7d28b7a2483c9b6c4652af3f6131/tablet-c47912c0b2714f58b34c56d0e2dc9025/wal-000000005 (valid entries through byte offset 195)
W0311 03:15:05.916587    29 log_util.cc:240] Could not read footer for segment: /mnt/tserver/yb-data/tserver/wals/table-929f7d28b7a2483c9b6c4652af3f6131/tablet-df17b40b75664e0aaa44ec6687a7a233/wal-000000006: Not found (yb/consensus/log_util.cc:554): Footer not found. Footer magic doesn't match
W0311 03:15:05.917444    29 log_reader.cc:192] T df17b40b75664e0aaa44ec6687a7a233 P 096da8680d274dba91b50831a23bfd58: Log segment /mnt/tserver/yb-data/tserver/wals/table-929f7d28b7a2483c9b6c4652af3f6131/tablet-df17b40b75664e0aaa44ec6687a7a233/wal-000000006 was likely left in-progress after a previous crash. Will try to rebuild footer by scanning data.
I0311 03:15:05.916951     8 tablet_server.cc:445] yb::tserver::PgClientServiceImpl created at 0x4015223820
W0311 03:15:05.917620    27 log_util.cc:240] Could not read footer for segment: /mnt/tserver/yb-data/tserver/wals/table-929f7d28b7a2483c9b6c4652af3f6131/tablet-ef19613afa234c5d943034489b070927/wal-000000006: Not found (yb/consensus/log_util.cc:554): Footer not found. Footer magic doesn't match
W0311 03:15:05.919376    28 log_util.cc:240] Could not read footer for segment: /mnt/tserver/yb-data/tserver/wals/table-929f7d28b7a2483c9b6c4652af3f6131/tablet-e778eac89ca24f2993340a6d09c687f8/wal-000000006: Not found (yb/consensus/log_util.cc:554): Footer not found. Footer magic doesn't match
I0311 03:15:05.919474    29 log_util.cc:773] Scanning /mnt/tserver/yb-data/tserver/wals/table-929f7d28b7a2483c9b6c4652af3f6131/tablet-df17b40b75664e0aaa44ec6687a7a233/wal-000000006 for valid entry headers following offset 195...
W0311 03:15:05.919767    30 log_util.cc:240] Could not read footer for segment: /mnt/tserver/yb-data/tserver/wals/table-929f7d28b7a2483c9b6c4652af3f6131/tablet-c47912c0b2714f58b34c56d0e2dc9025/wal-000000006: Not found (yb/consensus/log_util.cc:554): Footer not found. Footer magic doesn't match
W0311 03:15:05.924822    30 log_reader.cc:192] T c47912c0b2714f58b34c56d0e2dc9025 P 096da8680d274dba91b50831a23bfd58: Log segment /mnt/tserver/yb-data/tserver/wals/table-929f7d28b7a2483c9b6c4652af3f6131/tablet-c47912c0b2714f58b34c56d0e2dc9025/wal-000000006 was likely left in-progress after a previous crash. Will try to rebuild footer by scanning data.
W0311 03:15:05.922056    27 log_reader.cc:192] T ef19613afa234c5d943034489b070927 P 096da8680d274dba91b50831a23bfd58: Log segment /mnt/tserver/yb-data/tserver/wals/table-929f7d28b7a2483c9b6c4652af3f6131/tablet-ef19613afa234c5d943034489b070927/wal-000000006 was likely left in-progress after a previous crash. Will try to rebuild footer by scanning data.
W0311 03:15:05.922935    28 log_reader.cc:192] T e778eac89ca24f2993340a6d09c687f8 P 096da8680d274dba91b50831a23bfd58: Log segment /mnt/tserver/yb-data/tserver/wals/table-929f7d28b7a2483c9b6c4652af3f6131/tablet-e778eac89ca24f2993340a6d09c687f8/wal-000000006 was likely left in-progress after a previous crash. Will try to rebuild footer by scanning data.
I0311 03:15:05.921602     8 service_pool.cc:153] yb.tserver.PgClientService: yb::rpc::ServicePoolImpl created at 0x40154a66c0
I0311 03:15:05.926484    30 log_util.cc:773] Scanning /mnt/tserver/yb-data/tserver/wals/table-929f7d28b7a2483c9b6c4652af3f6131/tablet-c47912c0b2714f58b34c56d0e2dc9025/wal-000000006 for valid entry headers following offset 195...
I0311 03:15:05.929790    27 log_util.cc:773] Scanning /mnt/tserver/yb-data/tserver/wals/table-929f7d28b7a2483c9b6c4652af3f6131/tablet-ef19613afa234c5d943034489b070927/wal-000000006 for valid entry headers following offset 195...
I0311 03:15:05.930425    29 log_util.cc:817] Found no log entry headers
I0311 03:15:05.936877    29 log_util.cc:666] Ignoring partially flushed segment in write ahead log /mnt/tserver/yb-data/tserver/wals/table-929f7d28b7a2483c9b6c4652af3f6131/tablet-df17b40b75664e0aaa44ec6687a7a233/wal-000000006 because there are no log entries following this one. The server probably crashed in the middle of writing an entry to the write-ahead log or downloaded an active log via remote bootstrap. Error detail: Corruption (yb/consensus/log_util.cc:889): Invalid checksum in log entry head header: found=0, computed=2351477386: Failed trying to read batch #3 at offset 195 for log segment /mnt/tserver/yb-data/tserver/wals/table-929f7d28b7a2483c9b6c4652af3f6131/tablet-df17b40b75664e0aaa44ec6687a7a233/wal-000000006: Prior batch offsets: 107 167 195; Last log entries read: [REPLICATE (6.6)]
I0311 03:15:05.930850    28 log_util.cc:773] Scanning /mnt/tserver/yb-data/tserver/wals/table-929f7d28b7a2483c9b6c4652af3f6131/tablet-e778eac89ca24f2993340a6d09c687f8/wal-000000006 for valid entry headers following offset 195...
I0311 03:15:05.938270     8 webserver.cc:307] Starting webserver on yb-tserver-n1:9000
I0311 03:15:05.938939    29 log_util.cc:285] Successfully rebuilt footer for segment: /mnt/tserver/yb-data/tserver/wals/table-929f7d28b7a2483c9b6c4652af3f6131/tablet-df17b40b75664e0aaa44ec6687a7a233/wal-000000006 (valid entries through byte offset 195)
I0311 03:15:05.944859    29 log.cc:661] T df17b40b75664e0aaa44ec6687a7a233 P 096da8680d274dba91b50831a23bfd58: Opened existing logs. Last segment is /mnt/tserver/yb-data/tserver/wals/table-929f7d28b7a2483c9b6c4652af3f6131/tablet-df17b40b75664e0aaa44ec6687a7a233/wal-000000006
I0311 03:15:05.947978    29 log.cc:676] interval_durable_wal_write_ms is turned on to sync every 1000 ms.
I0311 03:15:05.950832    29 tablet_bootstrap.cc:386] T df17b40b75664e0aaa44ec6687a7a233 P 096da8680d274dba91b50831a23bfd58: Bootstrap optimizer (skip_flushed_entries): op_id_replay_lowest=-1.-1 (regular_op_id=-1.-1, intents_op_id=-1.-1, has_intents_db=0)
I0311 03:15:05.949482    30 log_util.cc:817] Found no log entry headers
I0311 03:15:05.950379    27 log_util.cc:817] Found no log entry headers
I0311 03:15:05.942165     8 webserver.cc:312] Document root: /home/yugabyte/www
I0311 03:15:05.953886    30 log_util.cc:666] Ignoring partially flushed segment in write ahead log /mnt/tserver/yb-data/tserver/wals/table-929f7d28b7a2483c9b6c4652af3f6131/tablet-c47912c0b2714f58b34c56d0e2dc9025/wal-000000006 because there are no log entries following this one. The server probably crashed in the middle of writing an entry to the write-ahead log or downloaded an active log via remote bootstrap. Error detail: Corruption (yb/consensus/log_util.cc:889): Invalid checksum in log entry head header: found=0, computed=2351477386: Failed trying to read batch #3 at offset 195 for log segment /mnt/tserver/yb-data/tserver/wals/table-929f7d28b7a2483c9b6c4652af3f6131/tablet-c47912c0b2714f58b34c56d0e2dc9025/wal-000000006: Prior batch offsets: 107 167 195; Last log entries read: [REPLICATE (6.6)]
I0311 03:15:05.954277    27 log_util.cc:666] Ignoring partially flushed segment in write ahead log /mnt/tserver/yb-data/tserver/wals/table-929f7d28b7a2483c9b6c4652af3f6131/tablet-ef19613afa234c5d943034489b070927/wal-000000006 because there are no log entries following this one. The server probably crashed in the middle of writing an entry to the write-ahead log or downloaded an active log via remote bootstrap. Error detail: Corruption (yb/consensus/log_util.cc:889): Invalid checksum in log entry head header: found=0, computed=2351477386: Failed trying to read batch #3 at offset 195 for log segment /mnt/tserver/yb-data/tserver/wals/table-929f7d28b7a2483c9b6c4652af3f6131/tablet-ef19613afa234c5d943034489b070927/wal-000000006: Prior batch offsets: 107 167 195; Last log entries read: [REPLICATE (6.6)]
I0311 03:15:05.955588    27 log_util.cc:285] Successfully rebuilt footer for segment: /mnt/tserver/yb-data/tserver/wals/table-929f7d28b7a2483c9b6c4652af3f6131/tablet-ef19613afa234c5d943034489b070927/wal-000000006 (valid entries through byte offset 195)
I0311 03:15:05.953456    29 tablet_bootstrap.cc:1237] T df17b40b75664e0aaa44ec6687a7a233 P 096da8680d274dba91b50831a23bfd58: Segment /mnt/tserver/yb-data/tserver/wals/table-929f7d28b7a2483c9b6c4652af3f6131/tablet-df17b40b75664e0aaa44ec6687a7a233/wal-000000006 cannot be used as the first segment to start replay with according to our OpId and retention criteria. Continuing to earlier segments.op_id=6.6, op_id_replay_lowest=-1.-1, first_op_time=3990591271.744s, min_seconds_to_retain_logs=660.000s, replay_from_this_or_earlier_time_was_initialized=0, *replay_from_this_or_earlier_time=3990590611.744s, is_first_op_id_low_enough=0, is_first_op_time_early_enough=0
I0311 03:15:05.955006    30 log_util.cc:285] Successfully rebuilt footer for segment: /mnt/tserver/yb-data/tserver/wals/table-929f7d28b7a2483c9b6c4652af3f6131/tablet-c47912c0b2714f58b34c56d0e2dc9025/wal-000000006 (valid entries through byte offset 195)
I0311 03:15:05.954252    28 log_util.cc:817] Found no log entry headers
I0311 03:15:05.956137     8 webserver.cc:302] Webserver listen spec is 192.168.128.5:9000
I0311 03:15:05.959712    27 log.cc:661] T ef19613afa234c5d943034489b070927 P 096da8680d274dba91b50831a23bfd58: Opened existing logs. Last segment is /mnt/tserver/yb-data/tserver/wals/table-929f7d28b7a2483c9b6c4652af3f6131/tablet-ef19613afa234c5d943034489b070927/wal-000000006
I0311 03:15:05.962015    27 tablet_bootstrap.cc:386] T ef19613afa234c5d943034489b070927 P 096da8680d274dba91b50831a23bfd58: Bootstrap optimizer (skip_flushed_entries): op_id_replay_lowest=-1.-1 (regular_op_id=-1.-1, intents_op_id=-1.-1, has_intents_db=0)
I0311 03:15:05.960633    30 log.cc:661] T c47912c0b2714f58b34c56d0e2dc9025 P 096da8680d274dba91b50831a23bfd58: Opened existing logs. Last segment is /mnt/tserver/yb-data/tserver/wals/table-929f7d28b7a2483c9b6c4652af3f6131/tablet-c47912c0b2714f58b34c56d0e2dc9025/wal-000000006
I0311 03:15:05.962872    30 tablet_bootstrap.cc:386] T c47912c0b2714f58b34c56d0e2dc9025 P 096da8680d274dba91b50831a23bfd58: Bootstrap optimizer (skip_flushed_entries): op_id_replay_lowest=-1.-1 (regular_op_id=-1.-1, intents_op_id=-1.-1, has_intents_db=0)
I0311 03:15:05.960199    29 tablet_bootstrap.cc:1237] T df17b40b75664e0aaa44ec6687a7a233 P 096da8680d274dba91b50831a23bfd58: Segment /mnt/tserver/yb-data/tserver/wals/table-929f7d28b7a2483c9b6c4652af3f6131/tablet-df17b40b75664e0aaa44ec6687a7a233/wal-000000005 cannot be used as the first segment to start replay with according to our OpId and retention criteria. However, this is already the earliest segment so we have to start replay here. We should probably investigate how we got into this situation. op_id=5.5, op_id_replay_lowest=-1.-1, first_op_time=3990591269.147s, min_seconds_to_retain_logs=660.000s, replay_from_this_or_earlier_time_was_initialized=1, *replay_from_this_or_earlier_time=3990590611.744s, is_first_op_id_low_enough=0, is_first_op_time_early_enough=0
I0311 03:15:05.962508    27 tablet_bootstrap.cc:1237] T ef19613afa234c5d943034489b070927 P 096da8680d274dba91b50831a23bfd58: Segment /mnt/tserver/yb-data/tserver/wals/table-929f7d28b7a2483c9b6c4652af3f6131/tablet-ef19613afa234c5d943034489b070927/wal-000000006 cannot be used as the first segment to start replay with according to our OpId and retention criteria. Continuing to earlier segments.op_id=6.6, op_id_replay_lowest=-1.-1, first_op_time=3976846281.011s, min_seconds_to_retain_logs=660.000s, replay_from_this_or_earlier_time_was_initialized=0, *replay_from_this_or_earlier_time=3976845621.011s, is_first_op_id_low_enough=0, is_first_op_time_early_enough=0
I0311 03:15:05.961150    28 log_util.cc:666] Ignoring partially flushed segment in write ahead log /mnt/tserver/yb-data/tserver/wals/table-929f7d28b7a2483c9b6c4652af3f6131/tablet-e778eac89ca24f2993340a6d09c687f8/wal-000000006 because there are no log entries following this one. The server probably crashed in the middle of writing an entry to the write-ahead log or downloaded an active log via remote bootstrap. Error detail: Corruption (yb/consensus/log_util.cc:889): Invalid checksum in log entry head header: found=0, computed=2351477386: Failed trying to read batch #3 at offset 195 for log segment /mnt/tserver/yb-data/tserver/wals/table-929f7d28b7a2483c9b6c4652af3f6131/tablet-e778eac89ca24f2993340a6d09c687f8/wal-000000006: Prior batch offsets: 107 167 195; Last log entries read: [REPLICATE (6.6)]
I0311 03:15:05.963258    30 tablet_bootstrap.cc:1237] T c47912c0b2714f58b34c56d0e2dc9025 P 096da8680d274dba91b50831a23bfd58: Segment /mnt/tserver/yb-data/tserver/wals/table-929f7d28b7a2483c9b6c4652af3f6131/tablet-c47912c0b2714f58b34c56d0e2dc9025/wal-000000006 cannot be used as the first segment to start replay with according to our OpId and retention criteria. Continuing to earlier segments.op_id=6.6, op_id_replay_lowest=-1.-1, first_op_time=7161964532.091s, min_seconds_to_retain_logs=660.000s, replay_from_this_or_earlier_time_was_initialized=0, *replay_from_this_or_earlier_time=7161963872.091s, is_first_op_id_low_enough=0, is_first_op_time_early_enough=0
I0311 03:15:05.963649    29 tablet_bootstrap.cc:1250] T df17b40b75664e0aaa44ec6687a7a233 P 096da8680d274dba91b50831a23bfd58: Bootstrap optimizer (skip_flushed_entries): will replay all segments starting from the very first one.
I0311 03:15:05.964469     8 webserver.cc:418] Webserver started. Bound to: http://192.168.128.5:9000/
I0311 03:15:05.964491    27 tablet_bootstrap.cc:1237] T ef19613afa234c5d943034489b070927 P 096da8680d274dba91b50831a23bfd58: Segment /mnt/tserver/yb-data/tserver/wals/table-929f7d28b7a2483c9b6c4652af3f6131/tablet-ef19613afa234c5d943034489b070927/wal-000000005 cannot be used as the first segment to start replay with according to our OpId and retention criteria. However, this is already the earliest segment so we have to start replay here. We should probably investigate how we got into this situation. op_id=5.5, op_id_replay_lowest=-1.-1, first_op_time=3976846278.493s, min_seconds_to_retain_logs=660.000s, replay_from_this_or_earlier_time_was_initialized=1, *replay_from_this_or_earlier_time=3976845621.011s, is_first_op_id_low_enough=0, is_first_op_time_early_enough=0
I0311 03:15:05.966146    27 tablet_bootstrap.cc:1250] T ef19613afa234c5d943034489b070927 P 096da8680d274dba91b50831a23bfd58: Bootstrap optimizer (skip_flushed_entries): will replay all segments starting from the very first one.
I0311 03:15:05.965204    30 tablet_bootstrap.cc:1237] T c47912c0b2714f58b34c56d0e2dc9025 P 096da8680d274dba91b50831a23bfd58: Segment /mnt/tserver/yb-data/tserver/wals/table-929f7d28b7a2483c9b6c4652af3f6131/tablet-c47912c0b2714f58b34c56d0e2dc9025/wal-000000005 cannot be used as the first segment to start replay with according to our OpId and retention criteria. However, this is already the earliest segment so we have to start replay here. We should probably investigate how we got into this situation. op_id=5.5, op_id_replay_lowest=-1.-1, first_op_time=7161964528.304s, min_seconds_to_retain_logs=660.000s, replay_from_this_or_earlier_time_was_initialized=1, *replay_from_this_or_earlier_time=7161963872.091s, is_first_op_id_low_enough=0, is_first_op_time_early_enough=0
I0311 03:15:05.964812    28 log_util.cc:285] Successfully rebuilt footer for segment: /mnt/tserver/yb-data/tserver/wals/table-929f7d28b7a2483c9b6c4652af3f6131/tablet-e778eac89ca24f2993340a6d09c687f8/wal-000000006 (valid entries through byte offset 195)
I0311 03:15:05.966938    30 tablet_bootstrap.cc:1250] T c47912c0b2714f58b34c56d0e2dc9025 P 096da8680d274dba91b50831a23bfd58: Bootstrap optimizer (skip_flushed_entries): will replay all segments starting from the very first one.
I0311 03:15:05.967482    28 log.cc:661] T e778eac89ca24f2993340a6d09c687f8 P 096da8680d274dba91b50831a23bfd58: Opened existing logs. Last segment is /mnt/tserver/yb-data/tserver/wals/table-929f7d28b7a2483c9b6c4652af3f6131/tablet-e778eac89ca24f2993340a6d09c687f8/wal-000000006
I0311 03:15:05.967981     8 service_pool.cc:153] yb.server.GenericService: yb::rpc::ServicePoolImpl created at 0x40154a6900
I0311 03:15:05.969920    28 tablet_bootstrap.cc:386] T e778eac89ca24f2993340a6d09c687f8 P 096da8680d274dba91b50831a23bfd58: Bootstrap optimizer (skip_flushed_entries): op_id_replay_lowest=-1.-1 (regular_op_id=-1.-1, intents_op_id=-1.-1, has_intents_db=0)
I0311 03:15:05.970974    28 tablet_bootstrap.cc:1237] T e778eac89ca24f2993340a6d09c687f8 P 096da8680d274dba91b50831a23bfd58: Segment /mnt/tserver/yb-data/tserver/wals/table-929f7d28b7a2483c9b6c4652af3f6131/tablet-e778eac89ca24f2993340a6d09c687f8/wal-000000006 cannot be used as the first segment to start replay with according to our OpId and retention criteria. Continuing to earlier segments.op_id=6.6, op_id_replay_lowest=-1.-1, first_op_time=3919098792.977s, min_seconds_to_retain_logs=660.000s, replay_from_this_or_earlier_time_was_initialized=0, *replay_from_this_or_earlier_time=3919098132.977s, is_first_op_id_low_enough=0, is_first_op_time_early_enough=0
I0311 03:15:05.971771    28 tablet_bootstrap.cc:1237] T e778eac89ca24f2993340a6d09c687f8 P 096da8680d274dba91b50831a23bfd58: Segment /mnt/tserver/yb-data/tserver/wals/table-929f7d28b7a2483c9b6c4652af3f6131/tablet-e778eac89ca24f2993340a6d09c687f8/wal-000000005 cannot be used as the first segment to start replay with according to our OpId and retention criteria. However, this is already the earliest segment so we have to start replay here. We should probably investigate how we got into this situation. op_id=5.5, op_id_replay_lowest=-1.-1, first_op_time=3919098790.517s, min_seconds_to_retain_logs=660.000s, replay_from_this_or_earlier_time_was_initialized=1, *replay_from_this_or_earlier_time=3919098132.977s, is_first_op_id_low_enough=0, is_first_op_time_early_enough=0
I0311 03:15:05.972750    28 tablet_bootstrap.cc:1250] T e778eac89ca24f2993340a6d09c687f8 P 096da8680d274dba91b50831a23bfd58: Bootstrap optimizer (skip_flushed_entries): will replay all segments starting from the very first one.
I0311 03:15:05.976128    29 tablet_bootstrap_if.cc:96] T df17b40b75664e0aaa44ec6687a7a233 P 096da8680d274dba91b50831a23bfd58: Bootstrap replayed 1/2 log segments. Read operations: 1, overwritten operations: 0. Pending: 1 replicates. Last read committed op id: 5.5, last entry metadata: { entry_time: 3990591269.147s offset: 107 active_segment_sequence_number: 5 }, last read entry op id: 5.5
I0311 03:15:05.976219    27 tablet_bootstrap_if.cc:96] T ef19613afa234c5d943034489b070927 P 096da8680d274dba91b50831a23bfd58: Bootstrap replayed 1/2 log segments. Read operations: 1, overwritten operations: 0. Pending: 1 replicates. Last read committed op id: 5.5, last entry metadata: { entry_time: 3976846278.493s offset: 107 active_segment_sequence_number: 5 }, last read entry op id: 5.5
I0311 03:15:05.976430    30 tablet_bootstrap_if.cc:96] T c47912c0b2714f58b34c56d0e2dc9025 P 096da8680d274dba91b50831a23bfd58: Bootstrap replayed 1/2 log segments. Read operations: 1, overwritten operations: 0. Pending: 1 replicates. Last read committed op id: 5.5, last entry metadata: { entry_time: 7161964528.304s offset: 107 active_segment_sequence_number: 5 }, last read entry op id: 5.5
I0311 03:15:05.979511    30 tablet_bootstrap_if.cc:96] T c47912c0b2714f58b34c56d0e2dc9025 P 096da8680d274dba91b50831a23bfd58: Bootstrap replayed 2/2 log segments. Read operations: 2, overwritten operations: 0. Pending: 1 replicates. Last read committed op id: 6.6, last entry metadata: { entry_time: 7161964532.091s offset: 107 active_segment_sequence_number: 6 }, last read entry op id: 6.6
I0311 03:15:05.977769    27 tablet_bootstrap_if.cc:96] T ef19613afa234c5d943034489b070927 P 096da8680d274dba91b50831a23bfd58: Bootstrap replayed 2/2 log segments. Read operations: 2, overwritten operations: 0. Pending: 1 replicates. Last read committed op id: 6.6, last entry metadata: { entry_time: 3976846281.011s offset: 107 active_segment_sequence_number: 6 }, last read entry op id: 6.6
I0311 03:15:05.977870    28 tablet_bootstrap_if.cc:96] T e778eac89ca24f2993340a6d09c687f8 P 096da8680d274dba91b50831a23bfd58: Bootstrap replayed 1/2 log segments. Read operations: 1, overwritten operations: 0. Pending: 1 replicates. Last read committed op id: 5.5, last entry metadata: { entry_time: 3919098790.517s offset: 107 active_segment_sequence_number: 5 }, last read entry op id: 5.5
