I0310 16:06:39.907316    87 raft_consensus.cc:3421] T 22d66049cb9c4419a35469ea8c2c36bc P 096da8680d274dba91b50831a23bfd58 [term 1 FOLLOWER]: Snoozing leader timeout detection for 3.258s
W0310 16:06:39.908020    11 raft_consensus.cc:1374] Leader lease expiration was not set: Illegal state (yb/consensus/replica_state.cc:1345): NoOp of current term is not committed (majority_replicated_lease_expiration_ = <uninitialized>, majority_replicated_ht_lease_expiration_ = 0)
I0310 16:06:39.908104    84 raft_consensus.cc:3421] T df17b40b75664e0aaa44ec6687a7a233 P 096da8680d274dba91b50831a23bfd58 [term 1 FOLLOWER]: Snoozing leader timeout detection for 3.212s
I0310 16:06:39.908164    90 raft_consensus.cc:1059] T 5c82d2d282b24c23a5a85eaa9b3797e3 P 096da8680d274dba91b50831a23bfd58 [term 1 LEADER]: Becoming Leader. State: Replica: 096da8680d274dba91b50831a23bfd58, State: 1, Role: LEADER, Watermarks: {Received: 0.0 Committed: 0.0} Leader: 0.0
I0310 16:06:39.908993    87 raft_consensus.cc:3328] T 22d66049cb9c4419a35469ea8c2c36bc P 096da8680d274dba91b50831a23bfd58 [term 1 FOLLOWER]: Leader election won for term 1
I0310 16:06:39.929952    87 replica_state.cc:1152] T 22d66049cb9c4419a35469ea8c2c36bc P 096da8680d274dba91b50831a23bfd58 [term 1 FOLLOWER]: Reset our lease: 59796.994s
I0310 16:06:39.930470    87 replica_state.cc:1414] T 22d66049cb9c4419a35469ea8c2c36bc P 096da8680d274dba91b50831a23bfd58 [term 1 FOLLOWER]: SetLeaderNoOpCommittedUnlocked(0), committed: 0.0, received: 0.0
I0310 16:06:39.930953    87 consensus_meta.cc:317] T 22d66049cb9c4419a35469ea8c2c36bc P 096da8680d274dba91b50831a23bfd58: Updating active role from FOLLOWER to LEADER. Consensus state: current_term: 1 leader_uuid: "096da8680d274dba91b50831a23bfd58" config { opid_index: -1 peers { permanent_uuid: "096da8680d274dba91b50831a23bfd58" member_type: VOTER last_known_private_addr { host: "yb-tserver-n1" port: 9100 } cloud_info { placement_cloud: "cloud1" placement_region: "datacenter1" placement_zone: "rack1" } } }, has_pending_config = 0
I0310 16:06:39.931528    87 raft_consensus.cc:3367] T 22d66049cb9c4419a35469ea8c2c36bc P 096da8680d274dba91b50831a23bfd58 [term 1 LEADER]: Calling mark dirty synchronously for reason code NEW_LEADER_ELECTED
I0310 16:06:39.918776    11 replica_state.cc:1414] T c47912c0b2714f58b34c56d0e2dc9025 P 096da8680d274dba91b50831a23bfd58 [term 1 LEADER]: SetLeaderNoOpCommittedUnlocked(1), committed: 0.0, received: 1.1
I0310 16:06:39.911756    86 leader_election.cc:242] T ef19613afa234c5d943034489b070927 P 096da8680d274dba91b50831a23bfd58 [CANDIDATE]: Term 1 election: Election decided. Result: candidate won.
W0310 16:06:39.930341    91 raft_consensus.cc:1374] Leader lease expiration was not set: Illegal state (yb/consensus/replica_state.cc:1345): NoOp of current term is not committed (majority_replicated_lease_expiration_ = <uninitialized>, majority_replicated_ht_lease_expiration_ = 0)
I0310 16:06:39.912663    89 leader_election.cc:242] T e778eac89ca24f2993340a6d09c687f8 P 096da8680d274dba91b50831a23bfd58 [CANDIDATE]: Term 1 election: Election decided. Result: candidate won.
W0310 16:06:39.930647    88 raft_consensus.cc:1374] Leader lease expiration was not set: Illegal state (yb/consensus/replica_state.cc:1345): NoOp of current term is not committed (majority_replicated_lease_expiration_ = <uninitialized>, majority_replicated_ht_lease_expiration_ = 0)
I0310 16:06:39.934796    88 replica_state.cc:1414] T 3a76ab24970d40ef859dfa774b11abe1 P 096da8680d274dba91b50831a23bfd58 [term 1 LEADER]: SetLeaderNoOpCommittedUnlocked(1), committed: 0.0, received: 1.1
I0310 16:06:39.918107    90 consensus_queue.cc:271] T 5c82d2d282b24c23a5a85eaa9b3797e3 P 096da8680d274dba91b50831a23bfd58 [LEADER]: Queue going to LEADER mode. State: All replicated op: 0.0, Majority replicated op: 0.0, Committed index: 0.0, Last applied: 0.0, Last appended: 0.0, Current term: 1, Majority size: 1, State: QUEUE_OPEN, Mode: LEADER, active raft config: opid_index: -1 peers { permanent_uuid: "096da8680d274dba91b50831a23bfd58" member_type: VOTER last_known_private_addr { host: "yb-tserver-n1" port: 9100 } cloud_info { placement_cloud: "cloud1" placement_region: "datacenter1" placement_zone: "rack1" } }
I0310 16:06:39.931939    87 raft_consensus.cc:1059] T 22d66049cb9c4419a35469ea8c2c36bc P 096da8680d274dba91b50831a23bfd58 [term 1 LEADER]: Becoming Leader. State: Replica: 096da8680d274dba91b50831a23bfd58, State: 1, Role: LEADER, Watermarks: {Received: 0.0 Committed: 0.0} Leader: 0.0
I0310 16:06:39.932739    86 raft_consensus.cc:3421] T ef19613afa234c5d943034489b070927 P 096da8680d274dba91b50831a23bfd58 [term 1 FOLLOWER]: Snoozing leader timeout detection for 3.082s
I0310 16:06:39.936323    86 raft_consensus.cc:3328] T ef19613afa234c5d943034489b070927 P 096da8680d274dba91b50831a23bfd58 [term 1 FOLLOWER]: Leader election won for term 1
I0310 16:06:39.933894    91 replica_state.cc:1414] T 974d5dc4624a4cc8ba8333f193777a6e P 096da8680d274dba91b50831a23bfd58 [term 1 LEADER]: SetLeaderNoOpCommittedUnlocked(1), committed: 0.0, received: 1.1
I0310 16:06:39.937106    91 replica_state.cc:784] T 974d5dc4624a4cc8ba8333f193777a6e P 096da8680d274dba91b50831a23bfd58 [term 1 LEADER]: Advanced the committed_op_id across terms. Last committed operation was: 0.0 New committed index is: 1.1
I0310 16:06:39.917677    84 raft_consensus.cc:3328] T df17b40b75664e0aaa44ec6687a7a233 P 096da8680d274dba91b50831a23bfd58 [term 1 FOLLOWER]: Leader election won for term 1
I0310 16:06:39.935261    88 replica_state.cc:784] T 3a76ab24970d40ef859dfa774b11abe1 P 096da8680d274dba91b50831a23bfd58 [term 1 LEADER]: Advanced the committed_op_id across terms. Last committed operation was: 0.0 New committed index is: 1.1
I0310 16:06:39.935616    90 raft_consensus.cc:1077] Sending NO_OP at op 0.0
I0310 16:06:39.936017    87 consensus_queue.cc:271] T 22d66049cb9c4419a35469ea8c2c36bc P 096da8680d274dba91b50831a23bfd58 [LEADER]: Queue going to LEADER mode. State: All replicated op: 0.0, Majority replicated op: 0.0, Committed index: 0.0, Last applied: 0.0, Last appended: 0.0, Current term: 1, Majority size: 1, State: QUEUE_OPEN, Mode: LEADER, active raft config: opid_index: -1 peers { permanent_uuid: "096da8680d274dba91b50831a23bfd58" member_type: VOTER last_known_private_addr { host: "yb-tserver-n1" port: 9100 } cloud_info { placement_cloud: "cloud1" placement_region: "datacenter1" placement_zone: "rack1" } }
I0310 16:06:39.932868    11 replica_state.cc:784] T c47912c0b2714f58b34c56d0e2dc9025 P 096da8680d274dba91b50831a23bfd58 [term 1 LEADER]: Advanced the committed_op_id across terms. Last committed operation was: 0.0 New committed index is: 1.1
I0310 16:06:39.936679    86 replica_state.cc:1152] T ef19613afa234c5d943034489b070927 P 096da8680d274dba91b50831a23bfd58 [term 1 FOLLOWER]: Reset our lease: 59797.001s
I0310 16:06:39.934171    89 raft_consensus.cc:3421] T e778eac89ca24f2993340a6d09c687f8 P 096da8680d274dba91b50831a23bfd58 [term 1 FOLLOWER]: Snoozing leader timeout detection for 3.285s
I0310 16:06:39.938686    84 replica_state.cc:1152] T df17b40b75664e0aaa44ec6687a7a233 P 096da8680d274dba91b50831a23bfd58 [term 1 FOLLOWER]: Reset our lease: 59797.003s
I0310 16:06:39.940466    87 raft_consensus.cc:1077] Sending NO_OP at op 0.0
I0310 16:06:39.941679    86 replica_state.cc:1414] T ef19613afa234c5d943034489b070927 P 096da8680d274dba91b50831a23bfd58 [term 1 FOLLOWER]: SetLeaderNoOpCommittedUnlocked(0), committed: 0.0, received: 0.0
I0310 16:06:39.943567    86 consensus_meta.cc:317] T ef19613afa234c5d943034489b070927 P 096da8680d274dba91b50831a23bfd58: Updating active role from FOLLOWER to LEADER. Consensus state: current_term: 1 leader_uuid: "096da8680d274dba91b50831a23bfd58" config { opid_index: -1 peers { permanent_uuid: "096da8680d274dba91b50831a23bfd58" member_type: VOTER last_known_private_addr { host: "yb-tserver-n1" port: 9100 } cloud_info { placement_cloud: "cloud1" placement_region: "datacenter1" placement_zone: "rack1" } } }, has_pending_config = 0
I0310 16:06:39.944357    86 raft_consensus.cc:3367] T ef19613afa234c5d943034489b070927 P 096da8680d274dba91b50831a23bfd58 [term 1 LEADER]: Calling mark dirty synchronously for reason code NEW_LEADER_ELECTED
I0310 16:06:39.944813    86 raft_consensus.cc:1059] T ef19613afa234c5d943034489b070927 P 096da8680d274dba91b50831a23bfd58 [term 1 LEADER]: Becoming Leader. State: Replica: 096da8680d274dba91b50831a23bfd58, State: 1, Role: LEADER, Watermarks: {Received: 0.0 Committed: 0.0} Leader: 0.0
I0310 16:06:39.942449    84 replica_state.cc:1414] T df17b40b75664e0aaa44ec6687a7a233 P 096da8680d274dba91b50831a23bfd58 [term 1 FOLLOWER]: SetLeaderNoOpCommittedUnlocked(0), committed: 0.0, received: 0.0
I0310 16:06:39.945986    84 consensus_meta.cc:317] T df17b40b75664e0aaa44ec6687a7a233 P 096da8680d274dba91b50831a23bfd58: Updating active role from FOLLOWER to LEADER. Consensus state: current_term: 1 leader_uuid: "096da8680d274dba91b50831a23bfd58" config { opid_index: -1 peers { permanent_uuid: "096da8680d274dba91b50831a23bfd58" member_type: VOTER last_known_private_addr { host: "yb-tserver-n1" port: 9100 } cloud_info { placement_cloud: "cloud1" placement_region: "datacenter1" placement_zone: "rack1" } } }, has_pending_config = 0
I0310 16:06:39.945423    86 consensus_queue.cc:271] T ef19613afa234c5d943034489b070927 P 096da8680d274dba91b50831a23bfd58 [LEADER]: Queue going to LEADER mode. State: All replicated op: 0.0, Majority replicated op: 0.0, Committed index: 0.0, Last applied: 0.0, Last appended: 0.0, Current term: 1, Majority size: 1, State: QUEUE_OPEN, Mode: LEADER, active raft config: opid_index: -1 peers { permanent_uuid: "096da8680d274dba91b50831a23bfd58" member_type: VOTER last_known_private_addr { host: "yb-tserver-n1" port: 9100 } cloud_info { placement_cloud: "cloud1" placement_region: "datacenter1" placement_zone: "rack1" } }
I0310 16:06:39.946902    86 raft_consensus.cc:1077] Sending NO_OP at op 0.0
I0310 16:06:39.946702    84 raft_consensus.cc:3367] T df17b40b75664e0aaa44ec6687a7a233 P 096da8680d274dba91b50831a23bfd58 [term 1 LEADER]: Calling mark dirty synchronously for reason code NEW_LEADER_ELECTED
I0310 16:06:39.942020    89 raft_consensus.cc:3328] T e778eac89ca24f2993340a6d09c687f8 P 096da8680d274dba91b50831a23bfd58 [term 1 FOLLOWER]: Leader election won for term 1
I0310 16:06:39.950556    84 raft_consensus.cc:1059] T df17b40b75664e0aaa44ec6687a7a233 P 096da8680d274dba91b50831a23bfd58 [term 1 LEADER]: Becoming Leader. State: Replica: 096da8680d274dba91b50831a23bfd58, State: 1, Role: LEADER, Watermarks: {Received: 0.0 Committed: 0.0} Leader: 0.0
W0310 16:06:39.950798    85 raft_consensus.cc:1374] Leader lease expiration was not set: Illegal state (yb/consensus/replica_state.cc:1345): NoOp of current term is not committed (majority_replicated_lease_expiration_ = <uninitialized>, majority_replicated_ht_lease_expiration_ = 0)
I0310 16:06:39.952883    85 replica_state.cc:1414] T 22d66049cb9c4419a35469ea8c2c36bc P 096da8680d274dba91b50831a23bfd58 [term 1 LEADER]: SetLeaderNoOpCommittedUnlocked(1), committed: 0.0, received: 1.1
I0310 16:06:39.951133    89 replica_state.cc:1152] T e778eac89ca24f2993340a6d09c687f8 P 096da8680d274dba91b50831a23bfd58 [term 1 FOLLOWER]: Reset our lease: 59797.016s
I0310 16:06:39.951643    84 consensus_queue.cc:271] T df17b40b75664e0aaa44ec6687a7a233 P 096da8680d274dba91b50831a23bfd58 [LEADER]: Queue going to LEADER mode. State: All replicated op: 0.0, Majority replicated op: 0.0, Committed index: 0.0, Last applied: 0.0, Last appended: 0.0, Current term: 1, Majority size: 1, State: QUEUE_OPEN, Mode: LEADER, active raft config: opid_index: -1 peers { permanent_uuid: "096da8680d274dba91b50831a23bfd58" member_type: VOTER last_known_private_addr { host: "yb-tserver-n1" port: 9100 } cloud_info { placement_cloud: "cloud1" placement_region: "datacenter1" placement_zone: "rack1" } }
W0310 16:06:39.950870    11 raft_consensus.cc:1374] Leader lease expiration was not set: Illegal state (yb/consensus/replica_state.cc:1345): NoOp of current term is not committed (majority_replicated_lease_expiration_ = <uninitialized>, majority_replicated_ht_lease_expiration_ = 0)
I0310 16:06:39.953313    85 replica_state.cc:784] T 22d66049cb9c4419a35469ea8c2c36bc P 096da8680d274dba91b50831a23bfd58 [term 1 LEADER]: Advanced the committed_op_id across terms. Last committed operation was: 0.0 New committed index is: 1.1
I0310 16:06:39.953596    89 replica_state.cc:1414] T e778eac89ca24f2993340a6d09c687f8 P 096da8680d274dba91b50831a23bfd58 [term 1 FOLLOWER]: SetLeaderNoOpCommittedUnlocked(0), committed: 0.0, received: 0.0
I0310 16:06:39.953971    84 raft_consensus.cc:1077] Sending NO_OP at op 0.0
I0310 16:06:39.954810    11 replica_state.cc:1414] T 5c82d2d282b24c23a5a85eaa9b3797e3 P 096da8680d274dba91b50831a23bfd58 [term 1 LEADER]: SetLeaderNoOpCommittedUnlocked(1), committed: 0.0, received: 1.1
I0310 16:06:39.955518    89 consensus_meta.cc:317] T e778eac89ca24f2993340a6d09c687f8 P 096da8680d274dba91b50831a23bfd58: Updating active role from FOLLOWER to LEADER. Consensus state: current_term: 1 leader_uuid: "096da8680d274dba91b50831a23bfd58" config { opid_index: -1 peers { permanent_uuid: "096da8680d274dba91b50831a23bfd58" member_type: VOTER last_known_private_addr { host: "yb-tserver-n1" port: 9100 } cloud_info { placement_cloud: "cloud1" placement_region: "datacenter1" placement_zone: "rack1" } } }, has_pending_config = 0
I0310 16:06:39.956454    11 replica_state.cc:784] T 5c82d2d282b24c23a5a85eaa9b3797e3 P 096da8680d274dba91b50831a23bfd58 [term 1 LEADER]: Advanced the committed_op_id across terms. Last committed operation was: 0.0 New committed index is: 1.1
I0310 16:06:39.956802    89 raft_consensus.cc:3367] T e778eac89ca24f2993340a6d09c687f8 P 096da8680d274dba91b50831a23bfd58 [term 1 LEADER]: Calling mark dirty synchronously for reason code NEW_LEADER_ELECTED
I0310 16:06:39.957592    89 raft_consensus.cc:1059] T e778eac89ca24f2993340a6d09c687f8 P 096da8680d274dba91b50831a23bfd58 [term 1 LEADER]: Becoming Leader. State: Replica: 096da8680d274dba91b50831a23bfd58, State: 1, Role: LEADER, Watermarks: {Received: 0.0 Committed: 0.0} Leader: 0.0
I0310 16:06:39.960191    89 consensus_queue.cc:271] T e778eac89ca24f2993340a6d09c687f8 P 096da8680d274dba91b50831a23bfd58 [LEADER]: Queue going to LEADER mode. State: All replicated op: 0.0, Majority replicated op: 0.0, Committed index: 0.0, Last applied: 0.0, Last appended: 0.0, Current term: 1, Majority size: 1, State: QUEUE_OPEN, Mode: LEADER, active raft config: opid_index: -1 peers { permanent_uuid: "096da8680d274dba91b50831a23bfd58" member_type: VOTER last_known_private_addr { host: "yb-tserver-n1" port: 9100 } cloud_info { placement_cloud: "cloud1" placement_region: "datacenter1" placement_zone: "rack1" } }
W0310 16:06:39.958592    90 raft_consensus.cc:1374] Leader lease expiration was not set: Illegal state (yb/consensus/replica_state.cc:1345): NoOp of current term is not committed (majority_replicated_lease_expiration_ = <uninitialized>, majority_replicated_ht_lease_expiration_ = 0)
I0310 16:06:39.960806    89 raft_consensus.cc:1077] Sending NO_OP at op 0.0
W0310 16:06:39.962255    87 raft_consensus.cc:1374] Leader lease expiration was not set: Illegal state (yb/consensus/replica_state.cc:1345): NoOp of current term is not committed (majority_replicated_lease_expiration_ = <uninitialized>, majority_replicated_ht_lease_expiration_ = 0)
I0310 16:06:39.962312    90 replica_state.cc:1414] T ef19613afa234c5d943034489b070927 P 096da8680d274dba91b50831a23bfd58 [term 1 LEADER]: SetLeaderNoOpCommittedUnlocked(1), committed: 0.0, received: 1.1
I0310 16:06:39.963582    87 replica_state.cc:1414] T df17b40b75664e0aaa44ec6687a7a233 P 096da8680d274dba91b50831a23bfd58 [term 1 LEADER]: SetLeaderNoOpCommittedUnlocked(1), committed: 0.0, received: 1.1
I0310 16:06:39.964015    90 replica_state.cc:784] T ef19613afa234c5d943034489b070927 P 096da8680d274dba91b50831a23bfd58 [term 1 LEADER]: Advanced the committed_op_id across terms. Last committed operation was: 0.0 New committed index is: 1.1
I0310 16:06:39.964300    87 replica_state.cc:784] T df17b40b75664e0aaa44ec6687a7a233 P 096da8680d274dba91b50831a23bfd58 [term 1 LEADER]: Advanced the committed_op_id across terms. Last committed operation was: 0.0 New committed index is: 1.1
W0310 16:06:39.976344    88 raft_consensus.cc:1374] Leader lease expiration was not set: Illegal state (yb/consensus/replica_state.cc:1345): NoOp of current term is not committed (majority_replicated_lease_expiration_ = <uninitialized>, majority_replicated_ht_lease_expiration_ = 0)
I0310 16:06:39.977356    88 replica_state.cc:1414] T e778eac89ca24f2993340a6d09c687f8 P 096da8680d274dba91b50831a23bfd58 [term 1 LEADER]: SetLeaderNoOpCommittedUnlocked(1), committed: 0.0, received: 1.1
I0310 16:06:39.977890    88 replica_state.cc:784] T e778eac89ca24f2993340a6d09c687f8 P 096da8680d274dba91b50831a23bfd58 [term 1 LEADER]: Advanced the committed_op_id across terms. Last committed operation was: 0.0 New committed index is: 1.1
I0310 16:06:42.931085     8 pg_wrapper.cc:569] initdb completed successfully. Database initialized at /mnt/tserver/pg_data
I0310 16:06:42.932766     8 tablet_server_main.cc:276] Starting PostgreSQL server listening on yb-tserver-n1, port 5433
I0310 16:06:42.934276     8 pg_wrapper.cc:723] Starting PostgreSQL server
W0310 16:06:43.154592     8 pg_wrapper.cc:389] No hba configuration lines found, defaulting to trust all configuration.
I0310 16:06:43.168208     8 pg_wrapper.cc:528] PostgreSQL server running as pid 115
I0310 16:06:43.171679     8 server_base_options.cc:176] Updating master addrs to {yb-master-n1:7100}
I0310 16:06:43.172816     8 server_base_options.cc:176] Updating master addrs to {yb-master-n1:7100}
I0310 16:06:43.174640     8 server_base_options.cc:176] Updating master addrs to {yb-master-n1:7100}
I0310 16:06:43.175558     8 rpc_server.cc:90] yb::server::RpcServer created at 0x403492ac80
I0310 16:06:43.175997     8 tablet_server_main.cc:295] Starting redis server...
I0310 16:06:43.182828     8 fs_manager.cc:383] Opened local filesystem: /mnt/tserver
uuid: "096da8680d274dba91b50831a23bfd58"
format_stamp: "Formatted at 2023-03-10 16:06:28 on ebf588942a27"
initdb_done_set_after_sys_catalog_restore: true
I0310 16:06:43.185070     8 thread_pool.cc:170] Starting thread pool { name: RedisServer queue_limit: 10000 max_workers: 1024 }
I0310 16:06:43.198419     8 service_pool.cc:153] yb.redisserver.RedisServerService: yb::rpc::ServicePoolImpl created at 0x402e76ad80
I0310 16:06:43.199398     8 webserver.cc:307] Starting webserver on yb-tserver-n1:11000
I0310 16:06:43.199854     8 webserver.cc:312] Document root: /home/yugabyte/www
I0310 16:06:43.200814     8 webserver.cc:302] Webserver listen spec is 172.30.0.5:11000
I0310 16:06:43.201782     8 webserver.cc:418] Webserver started. Bound to: http://172.30.0.5:11000/
I0310 16:06:43.202426     8 service_pool.cc:153] yb.server.GenericService: yb::rpc::ServicePoolImpl created at 0x402e76afc0
I0310 16:06:43.203572     8 rpc_server.cc:173] RPC server started. Bound to: 172.30.0.5:6379
I0310 16:06:43.204278     8 tablet_server_main.cc:297] Redis server successfully started.
I0310 16:06:43.204885     8 server_base_options.cc:176] Updating master addrs to {yb-master-n1:7100}
I0310 16:06:43.205488     8 server_base_options.cc:176] Updating master addrs to {yb-master-n1:7100}
I0310 16:06:43.206176     8 server_base_options.cc:176] Updating master addrs to {yb-master-n1:7100}
I0310 16:06:43.206916     8 rpc_server.cc:90] yb::server::RpcServer created at 0x403492abe0
I0310 16:06:43.207522     8 tablet_server_main.cc:324] Starting CQL server...
I0310 16:06:43.213800     8 fs_manager.cc:383] Opened local filesystem: /mnt/tserver
uuid: "096da8680d274dba91b50831a23bfd58"
format_stamp: "Formatted at 2023-03-10 16:06:28 on ebf588942a27"
initdb_done_set_after_sys_catalog_restore: true
I0310 16:06:43.214756     8 secure.cc:147] SetupSecureContext: kExternal, 0
I0310 16:06:43.216941     8 thread_pool.cc:170] Starting thread pool { name: CQLServer queue_limit: 10000 max_workers: 1024 }
I0310 16:06:43.230434     8 cql_service.cc:137] CQL processors limit: 26069
I0310 16:06:43.231503     8 service_pool.cc:153] yb.cqlserver.CQLServerService: yb::rpc::ServicePoolImpl created at 0x4034931d40
I0310 16:06:43.232213     8 webserver.cc:307] Starting webserver on yb-tserver-n1:12000
I0310 16:06:43.232688     8 webserver.cc:312] Document root: /home/yugabyte/www
I0310 16:06:43.233790     8 webserver.cc:302] Webserver listen spec is 172.30.0.5:12000
I0310 16:06:43.234866     8 webserver.cc:418] Webserver started. Bound to: http://172.30.0.5:12000/
I0310 16:06:43.235571     8 service_pool.cc:153] yb.server.GenericService: yb::rpc::ServicePoolImpl created at 0x404cbaa000
I0310 16:06:43.236459     8 rpc_server.cc:173] RPC server started. Bound to: 172.30.0.5:9042
I0310 16:06:43.237179     8 tablet_server_main.cc:326] CQL server successfully started.
I0310 16:06:49.419353    52 call_home.cc:78] Skipping collector MetricsCollector because it has a higher collection level than the requested one
I0310 16:06:49.423635    52 call_home.cc:78] Skipping collector RpcsCollector because it has a higher collection level than the requested one
I0310 16:06:49.444371    52 call_home.cc:221] Done with collector GFlagsCollector
I0310 16:06:49.446388    52 server_base.cc:242] Running on host: ebf588942a27
I0310 16:06:49.448486    52 call_home.cc:100] Logged in user: root
I0310 16:06:49.449857    52 call_home.cc:221] Done with collector BasicCollector
I0310 16:06:49.450819    52 call_home.cc:221] Done with collector TabletsCollector
I0310 16:07:44.758888    37 reactor.cc:466] TabletServer_R003: DEBUG: Closing idle connection: Connection (0x00000040156b2b58) server 172.30.0.3:45273 => 172.30.0.5:9100 - it has been idle for 65.0008s
I0310 16:07:44.756063    38 reactor.cc:466] TabletServer_R004: DEBUG: Closing idle connection: Connection (0x00000040156b2a38) server 172.30.0.3:33575 => 172.30.0.5:9100 - it has been idle for 65.0008s
I0310 16:07:44.767582    37 reactor.cc:466] TabletServer_R003: DEBUG: Closing idle connection: Connection (0x00000040156b2fd8) server 172.30.0.3:36963 => 172.30.0.5:9100 - it has been idle for 65.0008s
I0310 16:07:44.836887    34 reactor.cc:466] TabletServer_R000: DEBUG: Closing idle connection: Connection (0x00000040156b2c78) server 172.30.0.3:39913 => 172.30.0.5:9100 - it has been idle for 65.1028s
I0310 16:07:44.841033    35 reactor.cc:466] TabletServer_R001: DEBUG: Closing idle connection: Connection (0x00000040156b2918) server 172.30.0.3:46261 => 172.30.0.5:9100 - it has been idle for 65.0028s
I0310 16:07:44.846364    34 reactor.cc:466] TabletServer_R000: DEBUG: Closing idle connection: Connection (0x00000040156b2eb8) server 172.30.0.3:45551 => 172.30.0.5:9100 - it has been idle for 65.0028s
I0310 16:07:44.848495    35 reactor.cc:466] TabletServer_R001: DEBUG: Closing idle connection: Connection (0x00000040156b2d98) server 172.30.0.3:42641 => 172.30.0.5:9100 - it has been idle for 65.0028s
I0310 16:07:44.849365    34 reactor.cc:466] TabletServer_R000: DEBUG: Closing idle connection: Connection (0x00000040156b30f8) server 172.30.0.3:42405 => 172.30.0.5:9100 - it has been idle for 65.0028s
I0310 17:06:49.899055    52 call_home.cc:78] Skipping collector MetricsCollector because it has a higher collection level than the requested one
I0310 17:06:49.913239    52 call_home.cc:78] Skipping collector RpcsCollector because it has a higher collection level than the requested one
I0310 17:06:49.958281    52 call_home.cc:221] Done with collector GFlagsCollector
I0310 17:06:49.961398    52 call_home.cc:221] Done with collector BasicCollector
I0310 17:06:49.962482    52 call_home.cc:221] Done with collector TabletsCollector
