Log file created at: 2023/03/11 02:56:20
Current UTC time: 2023/03/11 02:56:20
Running on machine: b7a19c1fe869
Application fingerprint: version 2.16.1.1 build 3 revision a330db94c4b2eabde1f199c7ef6d05402137cc83 build_type RELEASE built at 10 Feb 2023 23:41:37 UTC
Running duration (h:mm:ss): 0:00:00
Log line format: [IWEF]mmdd hh:mm:ss.uuuuuu threadid file:line] msg
I0311 02:56:20.482034     9 server_main_util.cc:72] NumCPUs determined to be: 5
I0311 02:56:20.490967     9 mem_tracker.cc:345] Setting tcmalloc max thread cache bytes to: 174949094
I0311 02:56:20.491552     9 tablet_server_main.cc:166] Using parsed rpc = yb-tserver-n1:9100
I0311 02:56:20.493007     9 tablet_server_main.cc:159] Reset YEDIS bind address to yb-tserver-n1:6379
I0311 02:56:20.493499     9 tablet_server_main.cc:159] Reset YCQL bind address to yb-tserver-n1:9042
I0311 02:56:20.493911     9 tablet_server_main.cc:159] Reset YSQL bind address to yb-tserver-n1:5433
I0311 02:56:20.494282     9 encrypted_file_factory.cc:88] Created encrypted file factory
I0311 02:56:20.496436     9 server_base_options.cc:176] Updating master addrs to {yb-master-n1:7100}
I0311 02:56:20.497346     9 server_base_options.cc:176] Updating master addrs to {yb-master-n1:7100}
I0311 02:56:20.499162     9 server_base_options.cc:176] Updating master addrs to {yb-master-n1:7100}
I0311 02:56:20.507575     9 shared_mem.cc:137] Using memfd_create as a shared memory provider
I0311 02:56:20.510800     9 mem_tracker.cc:892] MemTracker: hard memory limit is 6.517362 GB
I0311 02:56:20.515489     9 mem_tracker.cc:894] MemTracker: soft memory limit is 5.539757 GB
I0311 02:56:20.516260     9 server_base_options.cc:176] Updating master addrs to {yb-master-n1:7100}
I0311 02:56:20.527843     9 docdb_rocksdb_util.cc:601] FLAGS_priority_thread_pool_size was not set, automatically configuring to 2.
I0311 02:56:20.534837     9 rpc_server.cc:90] yb::server::RpcServer created at 0x401501a5a0
I0311 02:56:20.538017     9 tablet_server.cc:189] yb::tserver::TabletServer created at 0x40151ea000
I0311 02:56:20.538468     9 tablet_server.cc:190] yb::tserver::TSTabletManager created at 0x4015105a80
I0311 02:56:20.539021     9 tablet_server_main.cc:231] Initializing tablet server...
I0311 02:56:20.584901     9 fs_manager.cc:383] Opened local filesystem: /mnt/tserver
uuid: "096da8680d274dba91b50831a23bfd58"
format_stamp: "Formatted at 2023-03-10 16:06:28 on ebf588942a27"
initdb_done_set_after_sys_catalog_restore: true
I0311 02:56:20.599081     9 auto_flags_manager.cc:307] AutoFlags applied: TEST_auto_flags_initialized,regular_tablets_data_block_key_value_encoding
I0311 02:56:20.602003     9 server_base.cc:259] Auto setting FLAGS_num_reactor_threads to 5
I0311 02:56:20.603644     9 secure.cc:147] SetupSecureContext: kInternal, 0
I0311 02:56:20.608211     9 thread_pool.cc:170] Starting thread pool { name: TabletServer queue_limit: 10000 max_workers: 1024 }
I0311 02:56:20.619596     9 ts_tablet_manager.cc:497] P 096da8680d274dba91b50831a23bfd58: max_bootstrap_threads=4
I0311 02:56:20.623138     9 server_base.cc:541] Using private rpc address yb-tserver-n1
I0311 02:56:20.623991     9 ts_tablet_manager.cc:1456] Loading metadata for tablet 22d66049cb9c4419a35469ea8c2c36bc
I0311 02:56:20.633849     9 doc_read_context.cc:52] T 22d66049cb9c4419a35469ea8c2c36bc P 096da8680d274dba91b50831a23bfd58: LogAfterLoad: [0]
I0311 02:56:20.636108     9 ts_tablet_manager.cc:2375] Update data/wal directory assignment map for table: 929f7d28b7a2483c9b6c4652af3f6131 and tablet 22d66049cb9c4419a35469ea8c2c36bc
I0311 02:56:20.638104     9 ts_tablet_manager.cc:1456] Loading metadata for tablet 3a76ab24970d40ef859dfa774b11abe1
I0311 02:56:20.641474     9 doc_read_context.cc:52] T 3a76ab24970d40ef859dfa774b11abe1 P 096da8680d274dba91b50831a23bfd58: LogAfterLoad: [0]
I0311 02:56:20.641871     9 ts_tablet_manager.cc:2375] Update data/wal directory assignment map for table: 929f7d28b7a2483c9b6c4652af3f6131 and tablet 3a76ab24970d40ef859dfa774b11abe1
I0311 02:56:20.642267     9 ts_tablet_manager.cc:1456] Loading metadata for tablet 5c82d2d282b24c23a5a85eaa9b3797e3
I0311 02:56:20.645108     9 doc_read_context.cc:52] T 5c82d2d282b24c23a5a85eaa9b3797e3 P 096da8680d274dba91b50831a23bfd58: LogAfterLoad: [0]
I0311 02:56:20.645530     9 ts_tablet_manager.cc:2375] Update data/wal directory assignment map for table: 929f7d28b7a2483c9b6c4652af3f6131 and tablet 5c82d2d282b24c23a5a85eaa9b3797e3
I0311 02:56:20.646032     9 ts_tablet_manager.cc:1456] Loading metadata for tablet 974d5dc4624a4cc8ba8333f193777a6e
I0311 02:56:20.659068     9 doc_read_context.cc:52] T 974d5dc4624a4cc8ba8333f193777a6e P 096da8680d274dba91b50831a23bfd58: LogAfterLoad: [0]
I0311 02:56:20.659636     9 ts_tablet_manager.cc:2375] Update data/wal directory assignment map for table: 929f7d28b7a2483c9b6c4652af3f6131 and tablet 974d5dc4624a4cc8ba8333f193777a6e
I0311 02:56:20.660130     9 ts_tablet_manager.cc:1456] Loading metadata for tablet c47912c0b2714f58b34c56d0e2dc9025
I0311 02:56:20.663173     9 doc_read_context.cc:52] T c47912c0b2714f58b34c56d0e2dc9025 P 096da8680d274dba91b50831a23bfd58: LogAfterLoad: [0]
I0311 02:56:20.663573     9 ts_tablet_manager.cc:2375] Update data/wal directory assignment map for table: 929f7d28b7a2483c9b6c4652af3f6131 and tablet c47912c0b2714f58b34c56d0e2dc9025
I0311 02:56:20.663910     9 ts_tablet_manager.cc:1456] Loading metadata for tablet df17b40b75664e0aaa44ec6687a7a233
I0311 02:56:20.666551     9 doc_read_context.cc:52] T df17b40b75664e0aaa44ec6687a7a233 P 096da8680d274dba91b50831a23bfd58: LogAfterLoad: [0]
I0311 02:56:20.666884     9 ts_tablet_manager.cc:2375] Update data/wal directory assignment map for table: 929f7d28b7a2483c9b6c4652af3f6131 and tablet df17b40b75664e0aaa44ec6687a7a233
I0311 02:56:20.667269     9 ts_tablet_manager.cc:1456] Loading metadata for tablet e778eac89ca24f2993340a6d09c687f8
I0311 02:56:20.670346     9 doc_read_context.cc:52] T e778eac89ca24f2993340a6d09c687f8 P 096da8680d274dba91b50831a23bfd58: LogAfterLoad: [0]
I0311 02:56:20.670696     9 ts_tablet_manager.cc:2375] Update data/wal directory assignment map for table: 929f7d28b7a2483c9b6c4652af3f6131 and tablet e778eac89ca24f2993340a6d09c687f8
I0311 02:56:20.671090     9 ts_tablet_manager.cc:1456] Loading metadata for tablet ef19613afa234c5d943034489b070927
I0311 02:56:20.673593     9 doc_read_context.cc:52] T ef19613afa234c5d943034489b070927 P 096da8680d274dba91b50831a23bfd58: LogAfterLoad: [0]
I0311 02:56:20.674021     9 ts_tablet_manager.cc:2375] Update data/wal directory assignment map for table: 929f7d28b7a2483c9b6c4652af3f6131 and tablet ef19613afa234c5d943034489b070927
I0311 02:56:20.674415     9 ts_tablet_manager.cc:555] Loaded metadata for 8 tablet in 50 ms
I0311 02:56:20.675810     9 ts_tablet_manager.cc:1825] P 096da8680d274dba91b50831a23bfd58: Registered tablet ef19613afa234c5d943034489b070927
I0311 02:56:20.678051    28 ts_tablet_manager.cc:1478] T ef19613afa234c5d943034489b070927 P 096da8680d274dba91b50831a23bfd58: Bootstrapping tablet
I0311 02:56:20.678233     9 ts_tablet_manager.cc:1825] P 096da8680d274dba91b50831a23bfd58: Registered tablet e778eac89ca24f2993340a6d09c687f8
I0311 02:56:20.679487    29 ts_tablet_manager.cc:1478] T e778eac89ca24f2993340a6d09c687f8 P 096da8680d274dba91b50831a23bfd58: Bootstrapping tablet
I0311 02:56:20.679634     9 ts_tablet_manager.cc:1825] P 096da8680d274dba91b50831a23bfd58: Registered tablet df17b40b75664e0aaa44ec6687a7a233
I0311 02:56:20.680768     9 ts_tablet_manager.cc:1825] P 096da8680d274dba91b50831a23bfd58: Registered tablet c47912c0b2714f58b34c56d0e2dc9025
I0311 02:56:20.681852    30 ts_tablet_manager.cc:1478] T df17b40b75664e0aaa44ec6687a7a233 P 096da8680d274dba91b50831a23bfd58: Bootstrapping tablet
I0311 02:56:20.681871    31 ts_tablet_manager.cc:1478] T c47912c0b2714f58b34c56d0e2dc9025 P 096da8680d274dba91b50831a23bfd58: Bootstrapping tablet
I0311 02:56:20.682042     9 ts_tablet_manager.cc:1825] P 096da8680d274dba91b50831a23bfd58: Registered tablet 974d5dc4624a4cc8ba8333f193777a6e
I0311 02:56:20.683511     9 ts_tablet_manager.cc:1825] P 096da8680d274dba91b50831a23bfd58: Registered tablet 5c82d2d282b24c23a5a85eaa9b3797e3
I0311 02:56:20.684314     9 ts_tablet_manager.cc:1825] P 096da8680d274dba91b50831a23bfd58: Registered tablet 3a76ab24970d40ef859dfa774b11abe1
I0311 02:56:20.688577     9 ts_tablet_manager.cc:1825] P 096da8680d274dba91b50831a23bfd58: Registered tablet 22d66049cb9c4419a35469ea8c2c36bc
I0311 02:56:20.683964    28 consensus_meta.cc:317] T ef19613afa234c5d943034489b070927 P 096da8680d274dba91b50831a23bfd58: Updating active role from UNKNOWN_ROLE to FOLLOWER. Consensus state: current_term: 3 leader_uuid: "" config { opid_index: -1 peers { permanent_uuid: "096da8680d274dba91b50831a23bfd58" member_type: VOTER last_known_private_addr { host: "yb-tserver-n1" port: 9100 } cloud_info { placement_cloud: "cloud1" placement_region: "datacenter1" placement_zone: "rack1" } } }, has_pending_config = 0
I0311 02:56:20.683921    29 consensus_meta.cc:317] T e778eac89ca24f2993340a6d09c687f8 P 096da8680d274dba91b50831a23bfd58: Updating active role from UNKNOWN_ROLE to FOLLOWER. Consensus state: current_term: 3 leader_uuid: "" config { opid_index: -1 peers { permanent_uuid: "096da8680d274dba91b50831a23bfd58" member_type: VOTER last_known_private_addr { host: "yb-tserver-n1" port: 9100 } cloud_info { placement_cloud: "cloud1" placement_region: "datacenter1" placement_zone: "rack1" } } }, has_pending_config = 0
I0311 02:56:20.689244    30 consensus_meta.cc:317] T df17b40b75664e0aaa44ec6687a7a233 P 096da8680d274dba91b50831a23bfd58: Updating active role from UNKNOWN_ROLE to FOLLOWER. Consensus state: current_term: 3 leader_uuid: "" config { opid_index: -1 peers { permanent_uuid: "096da8680d274dba91b50831a23bfd58" member_type: VOTER last_known_private_addr { host: "yb-tserver-n1" port: 9100 } cloud_info { placement_cloud: "cloud1" placement_region: "datacenter1" placement_zone: "rack1" } } }, has_pending_config = 0
I0311 02:56:20.689536    31 consensus_meta.cc:317] T c47912c0b2714f58b34c56d0e2dc9025 P 096da8680d274dba91b50831a23bfd58: Updating active role from UNKNOWN_ROLE to FOLLOWER. Consensus state: current_term: 3 leader_uuid: "" config { opid_index: -1 peers { permanent_uuid: "096da8680d274dba91b50831a23bfd58" member_type: VOTER last_known_private_addr { host: "yb-tserver-n1" port: 9100 } cloud_info { placement_cloud: "cloud1" placement_region: "datacenter1" placement_zone: "rack1" } } }, has_pending_config = 0
I0311 02:56:20.692108    29 tablet_peer.cc:1455] T e778eac89ca24f2993340a6d09c687f8 P 096da8680d274dba91b50831a23bfd58 [state=BOOTSTRAPPING]: Changed state from NOT_STARTED to BOOTSTRAPPING
I0311 02:56:20.694046     9 server_base.cc:541] Using private rpc address yb-tserver-n1
I0311 02:56:20.692117    31 tablet_peer.cc:1455] T c47912c0b2714f58b34c56d0e2dc9025 P 096da8680d274dba91b50831a23bfd58 [state=BOOTSTRAPPING]: Changed state from NOT_STARTED to BOOTSTRAPPING
I0311 02:56:20.692047    28 tablet_peer.cc:1455] T ef19613afa234c5d943034489b070927 P 096da8680d274dba91b50831a23bfd58 [state=BOOTSTRAPPING]: Changed state from NOT_STARTED to BOOTSTRAPPING
I0311 02:56:20.692222    30 tablet_peer.cc:1455] T df17b40b75664e0aaa44ec6687a7a233 P 096da8680d274dba91b50831a23bfd58 [state=BOOTSTRAPPING]: Changed state from NOT_STARTED to BOOTSTRAPPING
I0311 02:56:20.695127    28 tablet_bootstrap_if.cc:96] T ef19613afa234c5d943034489b070927 P 096da8680d274dba91b50831a23bfd58: Bootstrap starting.
I0311 02:56:20.695036    29 tablet_bootstrap_if.cc:96] T e778eac89ca24f2993340a6d09c687f8 P 096da8680d274dba91b50831a23bfd58: Bootstrap starting.
I0311 02:56:20.694926    31 tablet_bootstrap_if.cc:96] T c47912c0b2714f58b34c56d0e2dc9025 P 096da8680d274dba91b50831a23bfd58: Bootstrap starting.
I0311 02:56:20.695456    30 tablet_bootstrap_if.cc:96] T df17b40b75664e0aaa44ec6687a7a233 P 096da8680d274dba91b50831a23bfd58: Bootstrap starting.
I0311 02:56:20.696121     9 tablet_server_main.cc:233] Starting tablet server...
I0311 02:56:20.697908     9 ulimit_util.cc:211] Configured soft limit for cpu time is already larger than specified min value (unlimited vs. unlimited). Skipping.
I0311 02:56:20.699160     9 ulimit_util.cc:211] Configured soft limit for file size is already larger than specified min value (unlimited vs. unlimited). Skipping.
I0311 02:56:20.699970     9 ulimit_util.cc:211] Configured soft limit for data seg size is already larger than specified min value (unlimited vs. unlimited). Skipping.
I0311 02:56:20.699551    28 tablet.cc:455] T ef19613afa234c5d943034489b070927 P 096da8680d274dba91b50831a23bfd58: Schema version for transactions is 0
I0311 02:56:20.699714    29 tablet.cc:455] T e778eac89ca24f2993340a6d09c687f8 P 096da8680d274dba91b50831a23bfd58: Schema version for transactions is 0
I0311 02:56:20.699525    31 tablet.cc:455] T c47912c0b2714f58b34c56d0e2dc9025 P 096da8680d274dba91b50831a23bfd58: Schema version for transactions is 0
I0311 02:56:20.699594    30 tablet.cc:455] T df17b40b75664e0aaa44ec6687a7a233 P 096da8680d274dba91b50831a23bfd58: Schema version for transactions is 0
I0311 02:56:20.700281     9 ulimit_util.cc:211] Configured soft limit for stack size is already larger than specified min value (8388608 vs. 8388608). Skipping.
I0311 02:56:20.702435     9 ulimit_util.cc:211] Configured soft limit for max user processes is already larger than specified min value (unlimited vs. 12000). Skipping.
I0311 02:56:20.702833     9 ulimit_util.cc:211] Configured soft limit for open files is already larger than specified min value (1048576 vs. 1048576). Skipping.
I0311 02:56:20.703251     9 ulimit_util.cc:211] Configured soft limit for max locked memory is already larger than specified min value (65536 vs. 65536). Skipping.
I0311 02:56:20.703598     9 ulimit_util.cc:211] Configured soft limit for max memory size is already larger than specified min value (unlimited vs. unlimited). Skipping.
I0311 02:56:20.704182     9 tablet_server_main.cc:235] ulimit cur(max)...
ulimit: core file size 0(unlimited) blks
ulimit: data seg size unlimited(unlimited) kb
ulimit: open files 1048576(1048576)
ulimit: file size unlimited(unlimited) blks
ulimit: pending signals 30948(30948)
ulimit: file locks unlimited(unlimited)
ulimit: max locked memory 64(64) kb
ulimit: max memory size unlimited(unlimited) kb
ulimit: stack size 8192(unlimited) kb
ulimit: cpu time unlimited(unlimited) secs
ulimit: max user processes unlimited(unlimited)
I0311 02:56:20.713466    28 tablet_bootstrap.cc:639] T ef19613afa234c5d943034489b070927 P 096da8680d274dba91b50831a23bfd58: Time spent opening tablet: real 0.000s	user 0.000s	sys 0.000s
I0311 02:56:20.714649    30 tablet_bootstrap.cc:639] T df17b40b75664e0aaa44ec6687a7a233 P 096da8680d274dba91b50831a23bfd58: Time spent opening tablet: real 0.000s	user 0.000s	sys 0.000s
I0311 02:56:20.715281    31 tablet_bootstrap.cc:639] T c47912c0b2714f58b34c56d0e2dc9025 P 096da8680d274dba91b50831a23bfd58: Time spent opening tablet: real 0.000s	user 0.000s	sys 0.000s
I0311 02:56:20.714962     9 tablet_server.cc:390] Auto setting FLAGS_tablet_server_svc_num_threads to 160
I0311 02:56:20.715824    29 tablet_bootstrap.cc:639] T e778eac89ca24f2993340a6d09c687f8 P 096da8680d274dba91b50831a23bfd58: Time spent opening tablet: real 0.000s	user 0.000s	sys 0.000s
I0311 02:56:20.717370     9 tablet_server.cc:398] Auto setting FLAGS_num_concurrent_backfills_allowed to 2
I0311 02:56:20.718266     9 tablet_server.cc:408] Auto setting FLAGS_ts_consensus_svc_num_threads to 160
I0311 02:56:20.719230    28 tablet_bootstrap.cc:716] T ef19613afa234c5d943034489b070927 P 096da8680d274dba91b50831a23bfd58: Will attempt to recover log segment /mnt/tserver/yb-data/tserver/wals/table-929f7d28b7a2483c9b6c4652af3f6131/tablet-ef19613afa234c5d943034489b070927/wal-000000002
I0311 02:56:20.720109    31 tablet_bootstrap.cc:716] T c47912c0b2714f58b34c56d0e2dc9025 P 096da8680d274dba91b50831a23bfd58: Will attempt to recover log segment /mnt/tserver/yb-data/tserver/wals/table-929f7d28b7a2483c9b6c4652af3f6131/tablet-c47912c0b2714f58b34c56d0e2dc9025/wal-000000002
I0311 02:56:20.720373    28 tablet_bootstrap.cc:716] T ef19613afa234c5d943034489b070927 P 096da8680d274dba91b50831a23bfd58: Will attempt to recover log segment /mnt/tserver/yb-data/tserver/wals/table-929f7d28b7a2483c9b6c4652af3f6131/tablet-ef19613afa234c5d943034489b070927/wal-000000003
I0311 02:56:20.720412    31 tablet_bootstrap.cc:716] T c47912c0b2714f58b34c56d0e2dc9025 P 096da8680d274dba91b50831a23bfd58: Will attempt to recover log segment /mnt/tserver/yb-data/tserver/wals/table-929f7d28b7a2483c9b6c4652af3f6131/tablet-c47912c0b2714f58b34c56d0e2dc9025/wal-000000003
I0311 02:56:20.720341    30 tablet_bootstrap.cc:716] T df17b40b75664e0aaa44ec6687a7a233 P 096da8680d274dba91b50831a23bfd58: Will attempt to recover log segment /mnt/tserver/yb-data/tserver/wals/table-929f7d28b7a2483c9b6c4652af3f6131/tablet-df17b40b75664e0aaa44ec6687a7a233/wal-000000002
I0311 02:56:20.721716    30 tablet_bootstrap.cc:716] T df17b40b75664e0aaa44ec6687a7a233 P 096da8680d274dba91b50831a23bfd58: Will attempt to recover log segment /mnt/tserver/yb-data/tserver/wals/table-929f7d28b7a2483c9b6c4652af3f6131/tablet-df17b40b75664e0aaa44ec6687a7a233/wal-000000003
I0311 02:56:20.720504    29 tablet_bootstrap.cc:716] T e778eac89ca24f2993340a6d09c687f8 P 096da8680d274dba91b50831a23bfd58: Will attempt to recover log segment /mnt/tserver/yb-data/tserver/wals/table-929f7d28b7a2483c9b6c4652af3f6131/tablet-e778eac89ca24f2993340a6d09c687f8/wal-000000002
I0311 02:56:20.722621    29 tablet_bootstrap.cc:716] T e778eac89ca24f2993340a6d09c687f8 P 096da8680d274dba91b50831a23bfd58: Will attempt to recover log segment /mnt/tserver/yb-data/tserver/wals/table-929f7d28b7a2483c9b6c4652af3f6131/tablet-e778eac89ca24f2993340a6d09c687f8/wal-000000003
I0311 02:56:20.721884    31 tablet_bootstrap.cc:1127] T c47912c0b2714f58b34c56d0e2dc9025 P 096da8680d274dba91b50831a23bfd58: Flushed DocDB OpIds: { regular: -1.-1 intents: -1.-1 }
I0311 02:56:20.721889    28 tablet_bootstrap.cc:1127] T ef19613afa234c5d943034489b070927 P 096da8680d274dba91b50831a23bfd58: Flushed DocDB OpIds: { regular: -1.-1 intents: -1.-1 }
I0311 02:56:20.723451    31 tablet_bootstrap.cc:1288] T c47912c0b2714f58b34c56d0e2dc9025 P 096da8680d274dba91b50831a23bfd58: Max persistent index in RocksDB's SSTables before bootstrap: regular RocksDB: -1.-1; intents RocksDB: -1.-1
I0311 02:56:20.723021    29 tablet_bootstrap.cc:1127] T e778eac89ca24f2993340a6d09c687f8 P 096da8680d274dba91b50831a23bfd58: Flushed DocDB OpIds: { regular: -1.-1 intents: -1.-1 }
I0311 02:56:20.723583    28 tablet_bootstrap.cc:1288] T ef19613afa234c5d943034489b070927 P 096da8680d274dba91b50831a23bfd58: Max persistent index in RocksDB's SSTables before bootstrap: regular RocksDB: -1.-1; intents RocksDB: -1.-1
I0311 02:56:20.722311    30 tablet_bootstrap.cc:1127] T df17b40b75664e0aaa44ec6687a7a233 P 096da8680d274dba91b50831a23bfd58: Flushed DocDB OpIds: { regular: -1.-1 intents: -1.-1 }
I0311 02:56:20.724265    29 tablet_bootstrap.cc:1288] T e778eac89ca24f2993340a6d09c687f8 P 096da8680d274dba91b50831a23bfd58: Max persistent index in RocksDB's SSTables before bootstrap: regular RocksDB: -1.-1; intents RocksDB: -1.-1
I0311 02:56:20.725093    30 tablet_bootstrap.cc:1288] T df17b40b75664e0aaa44ec6687a7a233 P 096da8680d274dba91b50831a23bfd58: Max persistent index in RocksDB's SSTables before bootstrap: regular RocksDB: -1.-1; intents RocksDB: -1.-1
I0311 02:56:20.726150    28 log.cc:1278] T ef19613afa234c5d943034489b070927 P 096da8680d274dba91b50831a23bfd58: Setting log wal retention time to 0 seconds
I0311 02:56:20.726889    30 log.cc:1278] T df17b40b75664e0aaa44ec6687a7a233 P 096da8680d274dba91b50831a23bfd58: Setting log wal retention time to 0 seconds
I0311 02:56:20.726526    29 log.cc:1278] T e778eac89ca24f2993340a6d09c687f8 P 096da8680d274dba91b50831a23bfd58: Setting log wal retention time to 0 seconds
I0311 02:56:20.726009    31 log.cc:1278] T c47912c0b2714f58b34c56d0e2dc9025 P 096da8680d274dba91b50831a23bfd58: Setting log wal retention time to 0 seconds
I0311 02:56:20.730093    34 async_initializer.cc:82] Starting to init ybclient
I0311 02:56:20.731201     9 service_pool.cc:153] yb.tserver.TabletServerBackupService: yb::rpc::ServicePoolImpl created at 0x4014fdefc0
I0311 02:56:20.735049     9 service_pool.cc:153] yb.cdc.CDCService: yb::rpc::ServicePoolImpl created at 0x4014fdf440
I0311 02:56:20.740093     9 tablet_server.cc:416] yb::tserver::TabletServiceImpl created at 0x4015026020
I0311 02:56:20.741613     9 service_pool.cc:153] yb.tserver.TabletServerService: yb::rpc::ServicePoolImpl created at 0x4014fdf680
I0311 02:56:20.741366    36 client-internal.cc:2304] New master addresses: [yb-master-n1:7100]
W0311 02:56:20.747225    30 log_util.cc:240] Could not read footer for segment: /mnt/tserver/yb-data/tserver/wals/table-929f7d28b7a2483c9b6c4652af3f6131/tablet-df17b40b75664e0aaa44ec6687a7a233/wal-000000002: Not found (yb/consensus/log_util.cc:554): Footer not found. Footer magic doesn't match
W0311 02:56:20.747289    29 log_util.cc:240] Could not read footer for segment: /mnt/tserver/yb-data/tserver/wals/table-929f7d28b7a2483c9b6c4652af3f6131/tablet-e778eac89ca24f2993340a6d09c687f8/wal-000000002: Not found (yb/consensus/log_util.cc:554): Footer not found. Footer magic doesn't match
W0311 02:56:20.747285    28 log_util.cc:240] Could not read footer for segment: /mnt/tserver/yb-data/tserver/wals/table-929f7d28b7a2483c9b6c4652af3f6131/tablet-ef19613afa234c5d943034489b070927/wal-000000002: Not found (yb/consensus/log_util.cc:554): Footer not found. Footer magic doesn't match
W0311 02:56:20.747444    31 log_util.cc:240] Could not read footer for segment: /mnt/tserver/yb-data/tserver/wals/table-929f7d28b7a2483c9b6c4652af3f6131/tablet-c47912c0b2714f58b34c56d0e2dc9025/wal-000000002: Not found (yb/consensus/log_util.cc:554): Footer not found. Footer magic doesn't match
I0311 02:56:20.755232     9 tablet_server.cc:421] yb::tserver::TabletServiceAdminImpl created at 0x4015296000
I0311 02:56:20.760443    34 async_initializer.cc:86] Successfully built ybclient
W0311 02:56:20.764632    30 log_reader.cc:192] T df17b40b75664e0aaa44ec6687a7a233 P 096da8680d274dba91b50831a23bfd58: Log segment /mnt/tserver/yb-data/tserver/wals/table-929f7d28b7a2483c9b6c4652af3f6131/tablet-df17b40b75664e0aaa44ec6687a7a233/wal-000000002 was likely left in-progress after a previous crash. Will try to rebuild footer by scanning data.
W0311 02:56:20.765158    29 log_reader.cc:192] T e778eac89ca24f2993340a6d09c687f8 P 096da8680d274dba91b50831a23bfd58: Log segment /mnt/tserver/yb-data/tserver/wals/table-929f7d28b7a2483c9b6c4652af3f6131/tablet-e778eac89ca24f2993340a6d09c687f8/wal-000000002 was likely left in-progress after a previous crash. Will try to rebuild footer by scanning data.
W0311 02:56:20.765671    28 log_reader.cc:192] T ef19613afa234c5d943034489b070927 P 096da8680d274dba91b50831a23bfd58: Log segment /mnt/tserver/yb-data/tserver/wals/table-929f7d28b7a2483c9b6c4652af3f6131/tablet-ef19613afa234c5d943034489b070927/wal-000000002 was likely left in-progress after a previous crash. Will try to rebuild footer by scanning data.
W0311 02:56:20.766175    31 log_reader.cc:192] T c47912c0b2714f58b34c56d0e2dc9025 P 096da8680d274dba91b50831a23bfd58: Log segment /mnt/tserver/yb-data/tserver/wals/table-929f7d28b7a2483c9b6c4652af3f6131/tablet-c47912c0b2714f58b34c56d0e2dc9025/wal-000000002 was likely left in-progress after a previous crash. Will try to rebuild footer by scanning data.
I0311 02:56:20.766530     9 service_pool.cc:153] yb.tserver.TabletServerAdminService: yb::rpc::ServicePoolImpl created at 0x4014fdf8c0
I0311 02:56:20.775115    31 log_util.cc:773] Scanning /mnt/tserver/yb-data/tserver/wals/table-929f7d28b7a2483c9b6c4652af3f6131/tablet-c47912c0b2714f58b34c56d0e2dc9025/wal-000000002 for valid entry headers following offset 195...
I0311 02:56:20.775604    28 log_util.cc:773] Scanning /mnt/tserver/yb-data/tserver/wals/table-929f7d28b7a2483c9b6c4652af3f6131/tablet-ef19613afa234c5d943034489b070927/wal-000000002 for valid entry headers following offset 195...
I0311 02:56:20.774897    30 log_util.cc:773] Scanning /mnt/tserver/yb-data/tserver/wals/table-929f7d28b7a2483c9b6c4652af3f6131/tablet-df17b40b75664e0aaa44ec6687a7a233/wal-000000002 for valid entry headers following offset 195...
I0311 02:56:20.774808    29 log_util.cc:773] Scanning /mnt/tserver/yb-data/tserver/wals/table-929f7d28b7a2483c9b6c4652af3f6131/tablet-e778eac89ca24f2993340a6d09c687f8/wal-000000002 for valid entry headers following offset 195...
I0311 02:56:20.776661     9 tablet_server.cc:427] yb::tserver::ConsensusServiceImpl created at 0x401522a000
I0311 02:56:20.782114     9 thread_pool.cc:170] Starting thread pool { name: TabletServer-high-pri queue_limit: 10000 max_workers: 1024 }
I0311 02:56:20.784090     9 service_pool.cc:153] yb.consensus.ConsensusService: yb::rpc::ServicePoolImpl created at 0x4014fdfd40
I0311 02:56:20.788370     9 tablet_server.cc:436] yb::tserver::RemoteBootstrapServiceImpl created at 0x401522a800
I0311 02:56:20.792332     9 service_pool.cc:153] yb.tserver.RemoteBootstrapService: yb::rpc::ServicePoolImpl created at 0x40154bc240
I0311 02:56:20.793253    31 log_util.cc:817] Found no log entry headers
I0311 02:56:20.793874    28 log_util.cc:817] Found no log entry headers
I0311 02:56:20.794821    31 log_util.cc:666] Ignoring partially flushed segment in write ahead log /mnt/tserver/yb-data/tserver/wals/table-929f7d28b7a2483c9b6c4652af3f6131/tablet-c47912c0b2714f58b34c56d0e2dc9025/wal-000000002 because there are no log entries following this one. The server probably crashed in the middle of writing an entry to the write-ahead log or downloaded an active log via remote bootstrap. Error detail: Corruption (yb/consensus/log_util.cc:889): Invalid checksum in log entry head header: found=0, computed=2351477386: Failed trying to read batch #3 at offset 195 for log segment /mnt/tserver/yb-data/tserver/wals/table-929f7d28b7a2483c9b6c4652af3f6131/tablet-c47912c0b2714f58b34c56d0e2dc9025/wal-000000002: Prior batch offsets: 107 167 195; Last log entries read: [REPLICATE (2.2)]
I0311 02:56:20.795603    28 log_util.cc:666] Ignoring partially flushed segment in write ahead log /mnt/tserver/yb-data/tserver/wals/table-929f7d28b7a2483c9b6c4652af3f6131/tablet-ef19613afa234c5d943034489b070927/wal-000000002 because there are no log entries following this one. The server probably crashed in the middle of writing an entry to the write-ahead log or downloaded an active log via remote bootstrap. Error detail: Corruption (yb/consensus/log_util.cc:889): Invalid checksum in log entry head header: found=0, computed=2351477386: Failed trying to read batch #3 at offset 195 for log segment /mnt/tserver/yb-data/tserver/wals/table-929f7d28b7a2483c9b6c4652af3f6131/tablet-ef19613afa234c5d943034489b070927/wal-000000002: Prior batch offsets: 107 167 195; Last log entries read: [REPLICATE (2.2)]
I0311 02:56:20.798012    28 log_util.cc:285] Successfully rebuilt footer for segment: /mnt/tserver/yb-data/tserver/wals/table-929f7d28b7a2483c9b6c4652af3f6131/tablet-ef19613afa234c5d943034489b070927/wal-000000002 (valid entries through byte offset 195)
I0311 02:56:20.796211    30 log_util.cc:817] Found no log entry headers
I0311 02:56:20.796478    31 log_util.cc:285] Successfully rebuilt footer for segment: /mnt/tserver/yb-data/tserver/wals/table-929f7d28b7a2483c9b6c4652af3f6131/tablet-c47912c0b2714f58b34c56d0e2dc9025/wal-000000002 (valid entries through byte offset 195)
I0311 02:56:20.796006    29 log_util.cc:817] Found no log entry headers
I0311 02:56:20.800973    29 log_util.cc:666] Ignoring partially flushed segment in write ahead log /mnt/tserver/yb-data/tserver/wals/table-929f7d28b7a2483c9b6c4652af3f6131/tablet-e778eac89ca24f2993340a6d09c687f8/wal-000000002 because there are no log entries following this one. The server probably crashed in the middle of writing an entry to the write-ahead log or downloaded an active log via remote bootstrap. Error detail: Corruption (yb/consensus/log_util.cc:889): Invalid checksum in log entry head header: found=0, computed=2351477386: Failed trying to read batch #3 at offset 195 for log segment /mnt/tserver/yb-data/tserver/wals/table-929f7d28b7a2483c9b6c4652af3f6131/tablet-e778eac89ca24f2993340a6d09c687f8/wal-000000002: Prior batch offsets: 107 167 195; Last log entries read: [REPLICATE (2.2)]
I0311 02:56:20.801378    29 log_util.cc:285] Successfully rebuilt footer for segment: /mnt/tserver/yb-data/tserver/wals/table-929f7d28b7a2483c9b6c4652af3f6131/tablet-e778eac89ca24f2993340a6d09c687f8/wal-000000002 (valid entries through byte offset 195)
I0311 02:56:20.798753    30 log_util.cc:666] Ignoring partially flushed segment in write ahead log /mnt/tserver/yb-data/tserver/wals/table-929f7d28b7a2483c9b6c4652af3f6131/tablet-df17b40b75664e0aaa44ec6687a7a233/wal-000000002 because there are no log entries following this one. The server probably crashed in the middle of writing an entry to the write-ahead log or downloaded an active log via remote bootstrap. Error detail: Corruption (yb/consensus/log_util.cc:889): Invalid checksum in log entry head header: found=0, computed=2351477386: Failed trying to read batch #3 at offset 195 for log segment /mnt/tserver/yb-data/tserver/wals/table-929f7d28b7a2483c9b6c4652af3f6131/tablet-df17b40b75664e0aaa44ec6687a7a233/wal-000000002: Prior batch offsets: 107 167 195; Last log entries read: [REPLICATE (2.2)]
I0311 02:56:20.802574    30 log_util.cc:285] Successfully rebuilt footer for segment: /mnt/tserver/yb-data/tserver/wals/table-929f7d28b7a2483c9b6c4652af3f6131/tablet-df17b40b75664e0aaa44ec6687a7a233/wal-000000002 (valid entries through byte offset 195)
I0311 02:56:20.800215     9 tablet_server.cc:445] yb::tserver::PgClientServiceImpl created at 0x4015223820
W0311 02:56:20.803498    28 log_util.cc:240] Could not read footer for segment: /mnt/tserver/yb-data/tserver/wals/table-929f7d28b7a2483c9b6c4652af3f6131/tablet-ef19613afa234c5d943034489b070927/wal-000000003: Not found (yb/consensus/log_util.cc:554): Footer not found. Footer magic doesn't match
W0311 02:56:20.819371    28 log_reader.cc:192] T ef19613afa234c5d943034489b070927 P 096da8680d274dba91b50831a23bfd58: Log segment /mnt/tserver/yb-data/tserver/wals/table-929f7d28b7a2483c9b6c4652af3f6131/tablet-ef19613afa234c5d943034489b070927/wal-000000003 was likely left in-progress after a previous crash. Will try to rebuild footer by scanning data.
I0311 02:56:20.803691     9 service_pool.cc:153] yb.tserver.PgClientService: yb::rpc::ServicePoolImpl created at 0x40154bc480
W0311 02:56:20.818249    29 log_util.cc:240] Could not read footer for segment: /mnt/tserver/yb-data/tserver/wals/table-929f7d28b7a2483c9b6c4652af3f6131/tablet-e778eac89ca24f2993340a6d09c687f8/wal-000000003: Not found (yb/consensus/log_util.cc:554): Footer not found. Footer magic doesn't match
W0311 02:56:20.803573    31 log_util.cc:240] Could not read footer for segment: /mnt/tserver/yb-data/tserver/wals/table-929f7d28b7a2483c9b6c4652af3f6131/tablet-c47912c0b2714f58b34c56d0e2dc9025/wal-000000003: Not found (yb/consensus/log_util.cc:554): Footer not found. Footer magic doesn't match
I0311 02:56:20.820485    28 log_util.cc:773] Scanning /mnt/tserver/yb-data/tserver/wals/table-929f7d28b7a2483c9b6c4652af3f6131/tablet-ef19613afa234c5d943034489b070927/wal-000000003 for valid entry headers following offset 195...
W0311 02:56:20.820896    30 log_util.cc:240] Could not read footer for segment: /mnt/tserver/yb-data/tserver/wals/table-929f7d28b7a2483c9b6c4652af3f6131/tablet-df17b40b75664e0aaa44ec6687a7a233/wal-000000003: Not found (yb/consensus/log_util.cc:554): Footer not found. Footer magic doesn't match
W0311 02:56:20.821791    29 log_reader.cc:192] T e778eac89ca24f2993340a6d09c687f8 P 096da8680d274dba91b50831a23bfd58: Log segment /mnt/tserver/yb-data/tserver/wals/table-929f7d28b7a2483c9b6c4652af3f6131/tablet-e778eac89ca24f2993340a6d09c687f8/wal-000000003 was likely left in-progress after a previous crash. Will try to rebuild footer by scanning data.
W0311 02:56:20.823020    31 log_reader.cc:192] T c47912c0b2714f58b34c56d0e2dc9025 P 096da8680d274dba91b50831a23bfd58: Log segment /mnt/tserver/yb-data/tserver/wals/table-929f7d28b7a2483c9b6c4652af3f6131/tablet-c47912c0b2714f58b34c56d0e2dc9025/wal-000000003 was likely left in-progress after a previous crash. Will try to rebuild footer by scanning data.
I0311 02:56:20.828653    31 log_util.cc:773] Scanning /mnt/tserver/yb-data/tserver/wals/table-929f7d28b7a2483c9b6c4652af3f6131/tablet-c47912c0b2714f58b34c56d0e2dc9025/wal-000000003 for valid entry headers following offset 195...
I0311 02:56:20.826705     9 webserver.cc:307] Starting webserver on yb-tserver-n1:9000
I0311 02:56:20.827837    29 log_util.cc:773] Scanning /mnt/tserver/yb-data/tserver/wals/table-929f7d28b7a2483c9b6c4652af3f6131/tablet-e778eac89ca24f2993340a6d09c687f8/wal-000000003 for valid entry headers following offset 195...
W0311 02:56:20.826123    30 log_reader.cc:192] T df17b40b75664e0aaa44ec6687a7a233 P 096da8680d274dba91b50831a23bfd58: Log segment /mnt/tserver/yb-data/tserver/wals/table-929f7d28b7a2483c9b6c4652af3f6131/tablet-df17b40b75664e0aaa44ec6687a7a233/wal-000000003 was likely left in-progress after a previous crash. Will try to rebuild footer by scanning data.
I0311 02:56:20.831344     9 webserver.cc:312] Document root: /home/yugabyte/www
I0311 02:56:20.832648    28 log_util.cc:817] Found no log entry headers
I0311 02:56:20.837189    28 log_util.cc:666] Ignoring partially flushed segment in write ahead log /mnt/tserver/yb-data/tserver/wals/table-929f7d28b7a2483c9b6c4652af3f6131/tablet-ef19613afa234c5d943034489b070927/wal-000000003 because there are no log entries following this one. The server probably crashed in the middle of writing an entry to the write-ahead log or downloaded an active log via remote bootstrap. Error detail: Corruption (yb/consensus/log_util.cc:889): Invalid checksum in log entry head header: found=0, computed=2351477386: Failed trying to read batch #3 at offset 195 for log segment /mnt/tserver/yb-data/tserver/wals/table-929f7d28b7a2483c9b6c4652af3f6131/tablet-ef19613afa234c5d943034489b070927/wal-000000003: Prior batch offsets: 107 167 195; Last log entries read: [REPLICATE (3.3)]
I0311 02:56:20.835419    30 log_util.cc:773] Scanning /mnt/tserver/yb-data/tserver/wals/table-929f7d28b7a2483c9b6c4652af3f6131/tablet-df17b40b75664e0aaa44ec6687a7a233/wal-000000003 for valid entry headers following offset 195...
I0311 02:56:20.838467    28 log_util.cc:285] Successfully rebuilt footer for segment: /mnt/tserver/yb-data/tserver/wals/table-929f7d28b7a2483c9b6c4652af3f6131/tablet-ef19613afa234c5d943034489b070927/wal-000000003 (valid entries through byte offset 195)
I0311 02:56:20.838569     9 webserver.cc:302] Webserver listen spec is 192.168.80.5:9000
I0311 02:56:20.840456    31 log_util.cc:817] Found no log entry headers
I0311 02:56:20.840878    28 log.cc:661] T ef19613afa234c5d943034489b070927 P 096da8680d274dba91b50831a23bfd58: Opened existing logs. Last segment is /mnt/tserver/yb-data/tserver/wals/table-929f7d28b7a2483c9b6c4652af3f6131/tablet-ef19613afa234c5d943034489b070927/wal-000000003
I0311 02:56:20.843439    31 log_util.cc:666] Ignoring partially flushed segment in write ahead log /mnt/tserver/yb-data/tserver/wals/table-929f7d28b7a2483c9b6c4652af3f6131/tablet-c47912c0b2714f58b34c56d0e2dc9025/wal-000000003 because there are no log entries following this one. The server probably crashed in the middle of writing an entry to the write-ahead log or downloaded an active log via remote bootstrap. Error detail: Corruption (yb/consensus/log_util.cc:889): Invalid checksum in log entry head header: found=0, computed=2351477386: Failed trying to read batch #3 at offset 195 for log segment /mnt/tserver/yb-data/tserver/wals/table-929f7d28b7a2483c9b6c4652af3f6131/tablet-c47912c0b2714f58b34c56d0e2dc9025/wal-000000003: Prior batch offsets: 107 167 195; Last log entries read: [REPLICATE (3.3)]
I0311 02:56:20.845526    31 log_util.cc:285] Successfully rebuilt footer for segment: /mnt/tserver/yb-data/tserver/wals/table-929f7d28b7a2483c9b6c4652af3f6131/tablet-c47912c0b2714f58b34c56d0e2dc9025/wal-000000003 (valid entries through byte offset 195)
I0311 02:56:20.846527    31 log.cc:661] T c47912c0b2714f58b34c56d0e2dc9025 P 096da8680d274dba91b50831a23bfd58: Opened existing logs. Last segment is /mnt/tserver/yb-data/tserver/wals/table-929f7d28b7a2483c9b6c4652af3f6131/tablet-c47912c0b2714f58b34c56d0e2dc9025/wal-000000003
I0311 02:56:20.845094    28 log.cc:676] interval_durable_wal_write_ms is turned on to sync every 1000 ms.
I0311 02:56:20.848282    28 tablet_bootstrap.cc:386] T ef19613afa234c5d943034489b070927 P 096da8680d274dba91b50831a23bfd58: Bootstrap optimizer (skip_flushed_entries): op_id_replay_lowest=-1.-1 (regular_op_id=-1.-1, intents_op_id=-1.-1, has_intents_db=0)
I0311 02:56:20.844470    29 log_util.cc:817] Found no log entry headers
I0311 02:56:20.847347    31 tablet_bootstrap.cc:386] T c47912c0b2714f58b34c56d0e2dc9025 P 096da8680d274dba91b50831a23bfd58: Bootstrap optimizer (skip_flushed_entries): op_id_replay_lowest=-1.-1 (regular_op_id=-1.-1, intents_op_id=-1.-1, has_intents_db=0)
I0311 02:56:20.846278     9 webserver.cc:418] Webserver started. Bound to: http://192.168.80.5:9000/
I0311 02:56:20.848999    30 log_util.cc:817] Found no log entry headers
I0311 02:56:20.849715    29 log_util.cc:666] Ignoring partially flushed segment in write ahead log /mnt/tserver/yb-data/tserver/wals/table-929f7d28b7a2483c9b6c4652af3f6131/tablet-e778eac89ca24f2993340a6d09c687f8/wal-000000003 because there are no log entries following this one. The server probably crashed in the middle of writing an entry to the write-ahead log or downloaded an active log via remote bootstrap. Error detail: Corruption (yb/consensus/log_util.cc:889): Invalid checksum in log entry head header: found=0, computed=2351477386: Failed trying to read batch #3 at offset 195 for log segment /mnt/tserver/yb-data/tserver/wals/table-929f7d28b7a2483c9b6c4652af3f6131/tablet-e778eac89ca24f2993340a6d09c687f8/wal-000000003: Prior batch offsets: 107 167 195; Last log entries read: [REPLICATE (3.3)]
I0311 02:56:20.850838    30 log_util.cc:666] Ignoring partially flushed segment in write ahead log /mnt/tserver/yb-data/tserver/wals/table-929f7d28b7a2483c9b6c4652af3f6131/tablet-df17b40b75664e0aaa44ec6687a7a233/wal-000000003 because there are no log entries following this one. The server probably crashed in the middle of writing an entry to the write-ahead log or downloaded an active log via remote bootstrap. Error detail: Corruption (yb/consensus/log_util.cc:889): Invalid checksum in log entry head header: found=0, computed=2351477386: Failed trying to read batch #3 at offset 195 for log segment /mnt/tserver/yb-data/tserver/wals/table-929f7d28b7a2483c9b6c4652af3f6131/tablet-df17b40b75664e0aaa44ec6687a7a233/wal-000000003: Prior batch offsets: 107 167 195; Last log entries read: [REPLICATE (3.3)]
I0311 02:56:20.850122    31 tablet_bootstrap.cc:1237] T c47912c0b2714f58b34c56d0e2dc9025 P 096da8680d274dba91b50831a23bfd58: Segment /mnt/tserver/yb-data/tserver/wals/table-929f7d28b7a2483c9b6c4652af3f6131/tablet-c47912c0b2714f58b34c56d0e2dc9025/wal-000000003 cannot be used as the first segment to start replay with according to our OpId and retention criteria. Continuing to earlier segments.op_id=3.3, op_id_replay_lowest=-1.-1, first_op_time=7161964522.194s, min_seconds_to_retain_logs=660.000s, replay_from_this_or_earlier_time_was_initialized=0, *replay_from_this_or_earlier_time=7161963862.194s, is_first_op_id_low_enough=0, is_first_op_time_early_enough=0
I0311 02:56:20.849568    28 tablet_bootstrap.cc:1237] T ef19613afa234c5d943034489b070927 P 096da8680d274dba91b50831a23bfd58: Segment /mnt/tserver/yb-data/tserver/wals/table-929f7d28b7a2483c9b6c4652af3f6131/tablet-ef19613afa234c5d943034489b070927/wal-000000003 cannot be used as the first segment to start replay with according to our OpId and retention criteria. Continuing to earlier segments.op_id=3.3, op_id_replay_lowest=-1.-1, first_op_time=3976846272.564s, min_seconds_to_retain_logs=660.000s, replay_from_this_or_earlier_time_was_initialized=0, *replay_from_this_or_earlier_time=3976845612.564s, is_first_op_id_low_enough=0, is_first_op_time_early_enough=0
I0311 02:56:20.852885    28 tablet_bootstrap.cc:1237] T ef19613afa234c5d943034489b070927 P 096da8680d274dba91b50831a23bfd58: Segment /mnt/tserver/yb-data/tserver/wals/table-929f7d28b7a2483c9b6c4652af3f6131/tablet-ef19613afa234c5d943034489b070927/wal-000000002 cannot be used as the first segment to start replay with according to our OpId and retention criteria. However, this is already the earliest segment so we have to start replay here. We should probably investigate how we got into this situation. op_id=2.2, op_id_replay_lowest=-1.-1, first_op_time=3976846269.409s, min_seconds_to_retain_logs=660.000s, replay_from_this_or_earlier_time_was_initialized=1, *replay_from_this_or_earlier_time=3976845612.564s, is_first_op_id_low_enough=0, is_first_op_time_early_enough=0
I0311 02:56:20.852063    30 log_util.cc:285] Successfully rebuilt footer for segment: /mnt/tserver/yb-data/tserver/wals/table-929f7d28b7a2483c9b6c4652af3f6131/tablet-df17b40b75664e0aaa44ec6687a7a233/wal-000000003 (valid entries through byte offset 195)
I0311 02:56:20.852571    31 tablet_bootstrap.cc:1237] T c47912c0b2714f58b34c56d0e2dc9025 P 096da8680d274dba91b50831a23bfd58: Segment /mnt/tserver/yb-data/tserver/wals/table-929f7d28b7a2483c9b6c4652af3f6131/tablet-c47912c0b2714f58b34c56d0e2dc9025/wal-000000002 cannot be used as the first segment to start replay with according to our OpId and retention criteria. However, this is already the earliest segment so we have to start replay here. We should probably investigate how we got into this situation. op_id=2.2, op_id_replay_lowest=-1.-1, first_op_time=7161964518.323s, min_seconds_to_retain_logs=660.000s, replay_from_this_or_earlier_time_was_initialized=1, *replay_from_this_or_earlier_time=7161963862.194s, is_first_op_id_low_enough=0, is_first_op_time_early_enough=0
I0311 02:56:20.851240    29 log_util.cc:285] Successfully rebuilt footer for segment: /mnt/tserver/yb-data/tserver/wals/table-929f7d28b7a2483c9b6c4652af3f6131/tablet-e778eac89ca24f2993340a6d09c687f8/wal-000000003 (valid entries through byte offset 195)
I0311 02:56:20.852993     9 service_pool.cc:153] yb.server.GenericService: yb::rpc::ServicePoolImpl created at 0x40154bc6c0
I0311 02:56:20.853636    28 tablet_bootstrap.cc:1250] T ef19613afa234c5d943034489b070927 P 096da8680d274dba91b50831a23bfd58: Bootstrap optimizer (skip_flushed_entries): will replay all segments starting from the very first one.
I0311 02:56:20.854012    30 log.cc:661] T df17b40b75664e0aaa44ec6687a7a233 P 096da8680d274dba91b50831a23bfd58: Opened existing logs. Last segment is /mnt/tserver/yb-data/tserver/wals/table-929f7d28b7a2483c9b6c4652af3f6131/tablet-df17b40b75664e0aaa44ec6687a7a233/wal-000000003
I0311 02:56:20.854272    31 tablet_bootstrap.cc:1250] T c47912c0b2714f58b34c56d0e2dc9025 P 096da8680d274dba91b50831a23bfd58: Bootstrap optimizer (skip_flushed_entries): will replay all segments starting from the very first one.
I0311 02:56:20.854661    29 log.cc:661] T e778eac89ca24f2993340a6d09c687f8 P 096da8680d274dba91b50831a23bfd58: Opened existing logs. Last segment is /mnt/tserver/yb-data/tserver/wals/table-929f7d28b7a2483c9b6c4652af3f6131/tablet-e778eac89ca24f2993340a6d09c687f8/wal-000000003
I0311 02:56:20.855708    30 tablet_bootstrap.cc:386] T df17b40b75664e0aaa44ec6687a7a233 P 096da8680d274dba91b50831a23bfd58: Bootstrap optimizer (skip_flushed_entries): op_id_replay_lowest=-1.-1 (regular_op_id=-1.-1, intents_op_id=-1.-1, has_intents_db=0)
I0311 02:56:20.857492    30 tablet_bootstrap.cc:1237] T df17b40b75664e0aaa44ec6687a7a233 P 096da8680d274dba91b50831a23bfd58: Segment /mnt/tserver/yb-data/tserver/wals/table-929f7d28b7a2483c9b6c4652af3f6131/tablet-df17b40b75664e0aaa44ec6687a7a233/wal-000000003 cannot be used as the first segment to start replay with according to our OpId and retention criteria. Continuing to earlier segments.op_id=3.3, op_id_replay_lowest=-1.-1, first_op_time=3990591263.253s, min_seconds_to_retain_logs=660.000s, replay_from_this_or_earlier_time_was_initialized=0, *replay_from_this_or_earlier_time=3990590603.253s, is_first_op_id_low_enough=0, is_first_op_time_early_enough=0
I0311 02:56:20.856402    29 tablet_bootstrap.cc:386] T e778eac89ca24f2993340a6d09c687f8 P 096da8680d274dba91b50831a23bfd58: Bootstrap optimizer (skip_flushed_entries): op_id_replay_lowest=-1.-1 (regular_op_id=-1.-1, intents_op_id=-1.-1, has_intents_db=0)
I0311 02:56:20.858263    30 tablet_bootstrap.cc:1237] T df17b40b75664e0aaa44ec6687a7a233 P 096da8680d274dba91b50831a23bfd58: Segment /mnt/tserver/yb-data/tserver/wals/table-929f7d28b7a2483c9b6c4652af3f6131/tablet-df17b40b75664e0aaa44ec6687a7a233/wal-000000002 cannot be used as the first segment to start replay with according to our OpId and retention criteria. However, this is already the earliest segment so we have to start replay here. We should probably investigate how we got into this situation. op_id=2.2, op_id_replay_lowest=-1.-1, first_op_time=3990591259.834s, min_seconds_to_retain_logs=660.000s, replay_from_this_or_earlier_time_was_initialized=1, *replay_from_this_or_earlier_time=3990590603.253s, is_first_op_id_low_enough=0, is_first_op_time_early_enough=0
I0311 02:56:20.859985     9 rpc_server.cc:173] RPC server started. Bound to: 192.168.80.5:9100
I0311 02:56:20.859230    29 tablet_bootstrap.cc:1237] T e778eac89ca24f2993340a6d09c687f8 P 096da8680d274dba91b50831a23bfd58: Segment /mnt/tserver/yb-data/tserver/wals/table-929f7d28b7a2483c9b6c4652af3f6131/tablet-e778eac89ca24f2993340a6d09c687f8/wal-000000003 cannot be used as the first segment to start replay with according to our OpId and retention criteria. Continuing to earlier segments.op_id=3.3, op_id_replay_lowest=-1.-1, first_op_time=3919098784.378s, min_seconds_to_retain_logs=660.000s, replay_from_this_or_earlier_time_was_initialized=0, *replay_from_this_or_earlier_time=3919098124.378s, is_first_op_id_low_enough=0, is_first_op_time_early_enough=0
I0311 02:56:20.860036    30 tablet_bootstrap.cc:1250] T df17b40b75664e0aaa44ec6687a7a233 P 096da8680d274dba91b50831a23bfd58: Bootstrap optimizer (skip_flushed_entries): will replay all segments starting from the very first one.
I0311 02:56:20.860999    29 tablet_bootstrap.cc:1237] T e778eac89ca24f2993340a6d09c687f8 P 096da8680d274dba91b50831a23bfd58: Segment /mnt/tserver/yb-data/tserver/wals/table-929f7d28b7a2483c9b6c4652af3f6131/tablet-e778eac89ca24f2993340a6d09c687f8/wal-000000002 cannot be used as the first segment to start replay with according to our OpId and retention criteria. However, this is already the earliest segment so we have to start replay here. We should probably investigate how we got into this situation. op_id=2.2, op_id_replay_lowest=-1.-1, first_op_time=3919098781.491s, min_seconds_to_retain_logs=660.000s, replay_from_this_or_earlier_time_was_initialized=1, *replay_from_this_or_earlier_time=3919098124.378s, is_first_op_id_low_enough=0, is_first_op_time_early_enough=0
I0311 02:56:20.862541    29 tablet_bootstrap.cc:1250] T e778eac89ca24f2993340a6d09c687f8 P 096da8680d274dba91b50831a23bfd58: Bootstrap optimizer (skip_flushed_entries): will replay all segments starting from the very first one.
I0311 02:56:20.861359     9 db_server_base.cc:68] Node information: { hostname: 'b7a19c1fe869', rpc_ip: '192.168.80.5', webserver_ip: '192.168.80.5', uuid: '096da8680d274dba91b50831a23bfd58' }
I0311 02:56:20.861037    40 async_initializer.cc:82] Starting to init ybclient
I0311 02:56:20.863317    31 tablet_bootstrap_if.cc:96] T c47912c0b2714f58b34c56d0e2dc9025 P 096da8680d274dba91b50831a23bfd58: Bootstrap replayed 1/2 log segments. Read operations: 1, overwritten operations: 0. Pending: 1 replicates. Last read committed op id: 2.2, last entry metadata: { entry_time: 7161964518.323s offset: 107 active_segment_sequence_number: 2 }, last read entry op id: 2.2
I0311 02:56:20.863415    28 tablet_bootstrap_if.cc:96] T ef19613afa234c5d943034489b070927 P 096da8680d274dba91b50831a23bfd58: Bootstrap replayed 1/2 log segments. Read operations: 1, overwritten operations: 0. Pending: 1 replicates. Last read committed op id: 2.2, last entry metadata: { entry_time: 3976846269.409s offset: 107 active_segment_sequence_number: 2 }, last read entry op id: 2.2
I0311 02:56:20.863791     9 ts_tablet_manager.cc:637] Split tablets cleanup monitor started...
I0311 02:56:20.865804    41 client-internal.cc:2304] New master addresses: [yb-master-n1:7100]
I0311 02:56:20.868170    29 tablet_bootstrap_if.cc:96] T e778eac89ca24f2993340a6d09c687f8 P 096da8680d274dba91b50831a23bfd58: Bootstrap replayed 1/2 log segments. Read operations: 1, overwritten operations: 0. Pending: 1 replicates. Last read committed op id: 2.2, last entry metadata: { entry_time: 3919098781.491s offset: 107 active_segment_sequence_number: 2 }, last read entry op id: 2.2
I0311 02:56:20.866258    30 tablet_bootstrap_if.cc:96] T df17b40b75664e0aaa44ec6687a7a233 P 096da8680d274dba91b50831a23bfd58: Bootstrap replayed 1/2 log segments. Read operations: 1, overwritten operations: 0. Pending: 1 replicates. Last read committed op id: 2.2, last entry metadata: { entry_time: 3990591259.834s offset: 107 active_segment_sequence_number: 2 }, last read entry op id: 2.2
I0311 02:56:20.866242    31 tablet_bootstrap_if.cc:96] T c47912c0b2714f58b34c56d0e2dc9025 P 096da8680d274dba91b50831a23bfd58: Bootstrap replayed 2/2 log segments. Read operations: 2, overwritten operations: 0. Pending: 1 replicates. Last read committed op id: 3.3, last entry metadata: { entry_time: 7161964522.194s offset: 107 active_segment_sequence_number: 3 }, last read entry op id: 3.3
