I0311 03:14:10.421411    27 tablet_bootstrap_if.cc:96] T ef19613afa234c5d943034489b070927 P 096da8680d274dba91b50831a23bfd58: Bootstrap replayed 1/2 log segments. Read operations: 1, overwritten operations: 0. Pending: 1 replicates. Last read committed op id: 4.4, last entry metadata: { entry_time: 3976846275.614s offset: 107 active_segment_sequence_number: 4 }, last read entry op id: 4.4
I0311 03:14:10.424103    27 tablet_bootstrap_if.cc:96] T ef19613afa234c5d943034489b070927 P 096da8680d274dba91b50831a23bfd58: Bootstrap replayed 2/2 log segments. Read operations: 2, overwritten operations: 0. Pending: 1 replicates. Last read committed op id: 5.5, last entry metadata: { entry_time: 3976846278.493s offset: 107 active_segment_sequence_number: 5 }, last read entry op id: 5.5
I0311 03:14:10.424535    27 tablet_bootstrap.cc:1405] T ef19613afa234c5d943034489b070927 P 096da8680d274dba91b50831a23bfd58: Dumping replay state to log at the end of PlaySegments
I0311 03:14:10.425179    27 tablet_bootstrap.cc:1101] T ef19613afa234c5d943034489b070927 P 096da8680d274dba91b50831a23bfd58: ReplayState: Previous OpId: 5.5, Committed OpId: 5.5, Pending Replicates: 0, Flushed Regular: -1.-1, Flushed Intents: -1.-1
I0311 03:14:10.426147    27 tablet_bootstrap.cc:1101] T ef19613afa234c5d943034489b070927 P 096da8680d274dba91b50831a23bfd58: Log entries applied to RocksDB: 2
I0311 03:14:10.427419    27 tablet_bootstrap.cc:1416] T ef19613afa234c5d943034489b070927 P 096da8680d274dba91b50831a23bfd58: Number of orphaned replicates: 0, last id: 5.5, committed id: 5.5
I0311 03:14:10.428336    28 tablet_bootstrap_if.cc:96] T e778eac89ca24f2993340a6d09c687f8 P 096da8680d274dba91b50831a23bfd58: Bootstrap replayed 1/2 log segments. Read operations: 1, overwritten operations: 0. Pending: 1 replicates. Last read committed op id: 4.4, last entry metadata: { entry_time: 3919098786.896s offset: 107 active_segment_sequence_number: 4 }, last read entry op id: 4.4
I0311 03:14:10.426410    30 tablet_bootstrap.cc:1416] T c47912c0b2714f58b34c56d0e2dc9025 P 096da8680d274dba91b50831a23bfd58: Number of orphaned replicates: 0, last id: 5.5, committed id: 5.5
I0311 03:14:10.428678    29 tablet_bootstrap_if.cc:96] T df17b40b75664e0aaa44ec6687a7a233 P 096da8680d274dba91b50831a23bfd58: Bootstrap replayed 1/2 log segments. Read operations: 1, overwritten operations: 0. Pending: 1 replicates. Last read committed op id: 4.4, last entry metadata: { entry_time: 3990591266.698s offset: 107 active_segment_sequence_number: 4 }, last read entry op id: 4.4
I0311 03:14:10.429746    28 tablet_bootstrap_if.cc:96] T e778eac89ca24f2993340a6d09c687f8 P 096da8680d274dba91b50831a23bfd58: Bootstrap replayed 2/2 log segments. Read operations: 2, overwritten operations: 0. Pending: 1 replicates. Last read committed op id: 5.5, last entry metadata: { entry_time: 3919098790.517s offset: 107 active_segment_sequence_number: 5 }, last read entry op id: 5.5
I0311 03:14:10.430994    29 tablet_bootstrap_if.cc:96] T df17b40b75664e0aaa44ec6687a7a233 P 096da8680d274dba91b50831a23bfd58: Bootstrap replayed 2/2 log segments. Read operations: 2, overwritten operations: 0. Pending: 1 replicates. Last read committed op id: 5.5, last entry metadata: { entry_time: 3990591269.147s offset: 107 active_segment_sequence_number: 5 }, last read entry op id: 5.5
I0311 03:14:10.431492    28 tablet_bootstrap.cc:1405] T e778eac89ca24f2993340a6d09c687f8 P 096da8680d274dba91b50831a23bfd58: Dumping replay state to log at the end of PlaySegments
I0311 03:14:10.431808    29 tablet_bootstrap.cc:1405] T df17b40b75664e0aaa44ec6687a7a233 P 096da8680d274dba91b50831a23bfd58: Dumping replay state to log at the end of PlaySegments
I0311 03:14:10.434219    28 tablet_bootstrap.cc:1101] T e778eac89ca24f2993340a6d09c687f8 P 096da8680d274dba91b50831a23bfd58: ReplayState: Previous OpId: 5.5, Committed OpId: 5.5, Pending Replicates: 0, Flushed Regular: -1.-1, Flushed Intents: -1.-1
I0311 03:14:10.440960    28 tablet_bootstrap.cc:1101] T e778eac89ca24f2993340a6d09c687f8 P 096da8680d274dba91b50831a23bfd58: Log entries applied to RocksDB: 2
I0311 03:14:10.441761    28 tablet_bootstrap.cc:1416] T e778eac89ca24f2993340a6d09c687f8 P 096da8680d274dba91b50831a23bfd58: Number of orphaned replicates: 0, last id: 5.5, committed id: 5.5
I0311 03:14:10.435019    29 tablet_bootstrap.cc:1101] T df17b40b75664e0aaa44ec6687a7a233 P 096da8680d274dba91b50831a23bfd58: ReplayState: Previous OpId: 5.5, Committed OpId: 5.5, Pending Replicates: 0, Flushed Regular: -1.-1, Flushed Intents: -1.-1
I0311 03:14:10.438271     8 pg_wrapper.cc:575] Data directory /mnt/tserver/pg_data already exists, skipping initdb
I0311 03:14:10.443917    29 tablet_bootstrap.cc:1101] T df17b40b75664e0aaa44ec6687a7a233 P 096da8680d274dba91b50831a23bfd58: Log entries applied to RocksDB: 2
I0311 03:14:10.445396    29 tablet_bootstrap.cc:1416] T df17b40b75664e0aaa44ec6687a7a233 P 096da8680d274dba91b50831a23bfd58: Number of orphaned replicates: 0, last id: 5.5, committed id: 5.5
I0311 03:14:10.454408    27 tablet_bootstrap_if.cc:96] T ef19613afa234c5d943034489b070927 P 096da8680d274dba91b50831a23bfd58: Bootstrap complete.
I0311 03:14:10.454577    28 tablet_bootstrap_if.cc:96] T e778eac89ca24f2993340a6d09c687f8 P 096da8680d274dba91b50831a23bfd58: Bootstrap complete.
I0311 03:14:10.454648    29 tablet_bootstrap_if.cc:96] T df17b40b75664e0aaa44ec6687a7a233 P 096da8680d274dba91b50831a23bfd58: Bootstrap complete.
I0311 03:14:10.454761    30 tablet_bootstrap_if.cc:96] T c47912c0b2714f58b34c56d0e2dc9025 P 096da8680d274dba91b50831a23bfd58: Bootstrap complete.
I0311 03:14:10.455848     8 tablet_server_main.cc:276] Starting PostgreSQL server listening on yb-tserver-n1, port 5433
W0311 03:14:10.464915     8 pg_wrapper.cc:753] Killing older postgres process: 51
I0311 03:14:10.472636    28 log.cc:1278] T e778eac89ca24f2993340a6d09c687f8 P 096da8680d274dba91b50831a23bfd58: Setting log wal retention time to 0 seconds
I0311 03:14:10.473953    29 log.cc:1278] T df17b40b75664e0aaa44ec6687a7a233 P 096da8680d274dba91b50831a23bfd58: Setting log wal retention time to 0 seconds
I0311 03:14:10.477123    29 ts_tablet_manager.cc:1506] T df17b40b75664e0aaa44ec6687a7a233 P 096da8680d274dba91b50831a23bfd58: Time spent bootstrapping tablet: real 0.226s	user 0.012s	sys 0.014s
I0311 03:14:10.475744    27 log.cc:1278] T ef19613afa234c5d943034489b070927 P 096da8680d274dba91b50831a23bfd58: Setting log wal retention time to 0 seconds
I0311 03:14:10.475776     8 pg_wrapper.cc:723] Starting PostgreSQL server
I0311 03:14:10.476007    30 log.cc:1278] T c47912c0b2714f58b34c56d0e2dc9025 P 096da8680d274dba91b50831a23bfd58: Setting log wal retention time to 0 seconds
I0311 03:14:10.479179    30 ts_tablet_manager.cc:1506] T c47912c0b2714f58b34c56d0e2dc9025 P 096da8680d274dba91b50831a23bfd58: Time spent bootstrapping tablet: real 0.227s	user 0.022s	sys 0.012s
I0311 03:14:10.474680    41 heartbeater.cc:338] P 096da8680d274dba91b50831a23bfd58: Connected to a leader master server at yb-master-n1:7100
I0311 03:14:10.478374    27 ts_tablet_manager.cc:1506] T ef19613afa234c5d943034489b070927 P 096da8680d274dba91b50831a23bfd58: Time spent bootstrapping tablet: real 0.226s	user 0.021s	sys 0.020s
I0311 03:14:10.476246    28 ts_tablet_manager.cc:1506] T e778eac89ca24f2993340a6d09c687f8 P 096da8680d274dba91b50831a23bfd58: Time spent bootstrapping tablet: real 0.225s	user 0.020s	sys 0.017s
I0311 03:14:10.486922    41 heartbeater.cc:387] P 096da8680d274dba91b50831a23bfd58: Registering TS with master...
I0311 03:14:10.488543    41 server_base.cc:541] Using private rpc address yb-tserver-n1
I0311 03:14:10.491817    41 server_base.cc:563] Using http address yb-tserver-n1
I0311 03:14:10.508873    28 tablet_peer.cc:1033] T e778eac89ca24f2993340a6d09c687f8 P 096da8680d274dba91b50831a23bfd58 [state=BOOTSTRAPPING]: Setting cdc min replicated index to 9223372036854775807
I0311 03:14:10.508533    27 tablet_peer.cc:1033] T ef19613afa234c5d943034489b070927 P 096da8680d274dba91b50831a23bfd58 [state=BOOTSTRAPPING]: Setting cdc min replicated index to 9223372036854775807
I0311 03:14:10.508764    29 tablet_peer.cc:1033] T df17b40b75664e0aaa44ec6687a7a233 P 096da8680d274dba91b50831a23bfd58 [state=BOOTSTRAPPING]: Setting cdc min replicated index to 9223372036854775807
I0311 03:14:10.508760    30 tablet_peer.cc:1033] T c47912c0b2714f58b34c56d0e2dc9025 P 096da8680d274dba91b50831a23bfd58 [state=BOOTSTRAPPING]: Setting cdc min replicated index to 9223372036854775807
I0311 03:14:10.547192    30 consensus_meta.cc:317] T c47912c0b2714f58b34c56d0e2dc9025 P 096da8680d274dba91b50831a23bfd58: Updating active role from FOLLOWER to FOLLOWER. Consensus state: current_term: 5 leader_uuid: "" config { opid_index: -1 peers { permanent_uuid: "096da8680d274dba91b50831a23bfd58" member_type: VOTER last_known_private_addr { host: "yb-tserver-n1" port: 9100 } cloud_info { placement_cloud: "cloud1" placement_region: "datacenter1" placement_zone: "rack1" } } }, has_pending_config = 0
I0311 03:14:10.548087    30 raft_consensus.cc:480] T c47912c0b2714f58b34c56d0e2dc9025 P 096da8680d274dba91b50831a23bfd58 [term 5 FOLLOWER]: Replica starting. Triggering 0 pending operations. Active config: opid_index: -1 peers { permanent_uuid: "096da8680d274dba91b50831a23bfd58" member_type: VOTER last_known_private_addr { host: "yb-tserver-n1" port: 9100 } cloud_info { placement_cloud: "cloud1" placement_region: "datacenter1" placement_zone: "rack1" } }
I0311 03:14:10.549348    28 consensus_meta.cc:317] T e778eac89ca24f2993340a6d09c687f8 P 096da8680d274dba91b50831a23bfd58: Updating active role from FOLLOWER to FOLLOWER. Consensus state: current_term: 5 leader_uuid: "" config { opid_index: -1 peers { permanent_uuid: "096da8680d274dba91b50831a23bfd58" member_type: VOTER last_known_private_addr { host: "yb-tserver-n1" port: 9100 } cloud_info { placement_cloud: "cloud1" placement_region: "datacenter1" placement_zone: "rack1" } } }, has_pending_config = 0
I0311 03:14:10.547633    27 consensus_meta.cc:317] T ef19613afa234c5d943034489b070927 P 096da8680d274dba91b50831a23bfd58: Updating active role from FOLLOWER to FOLLOWER. Consensus state: current_term: 5 leader_uuid: "" config { opid_index: -1 peers { permanent_uuid: "096da8680d274dba91b50831a23bfd58" member_type: VOTER last_known_private_addr { host: "yb-tserver-n1" port: 9100 } cloud_info { placement_cloud: "cloud1" placement_region: "datacenter1" placement_zone: "rack1" } } }, has_pending_config = 0
I0311 03:14:10.550817    28 raft_consensus.cc:480] T e778eac89ca24f2993340a6d09c687f8 P 096da8680d274dba91b50831a23bfd58 [term 5 FOLLOWER]: Replica starting. Triggering 0 pending operations. Active config: opid_index: -1 peers { permanent_uuid: "096da8680d274dba91b50831a23bfd58" member_type: VOTER last_known_private_addr { host: "yb-tserver-n1" port: 9100 } cloud_info { placement_cloud: "cloud1" placement_region: "datacenter1" placement_zone: "rack1" } }
I0311 03:14:10.551407    27 raft_consensus.cc:480] T ef19613afa234c5d943034489b070927 P 096da8680d274dba91b50831a23bfd58 [term 5 FOLLOWER]: Replica starting. Triggering 0 pending operations. Active config: opid_index: -1 peers { permanent_uuid: "096da8680d274dba91b50831a23bfd58" member_type: VOTER last_known_private_addr { host: "yb-tserver-n1" port: 9100 } cloud_info { placement_cloud: "cloud1" placement_region: "datacenter1" placement_zone: "rack1" } }
I0311 03:14:10.551682    29 consensus_meta.cc:317] T df17b40b75664e0aaa44ec6687a7a233 P 096da8680d274dba91b50831a23bfd58: Updating active role from FOLLOWER to FOLLOWER. Consensus state: current_term: 5 leader_uuid: "" config { opid_index: -1 peers { permanent_uuid: "096da8680d274dba91b50831a23bfd58" member_type: VOTER last_known_private_addr { host: "yb-tserver-n1" port: 9100 } cloud_info { placement_cloud: "cloud1" placement_region: "datacenter1" placement_zone: "rack1" } } }, has_pending_config = 0
I0311 03:14:10.551352    30 raft_consensus.cc:1115] T c47912c0b2714f58b34c56d0e2dc9025 P 096da8680d274dba91b50831a23bfd58 [term 5 FOLLOWER]: Becoming Follower/Learner. State: Replica: 096da8680d274dba91b50831a23bfd58, State: 1, Role: FOLLOWER, Watermarks: {Received: 5.5 Committed: 5.5} Leader: 0.0, new leader: , initial_fd_wait: <uninitialized>
I0311 03:14:10.551975    28 raft_consensus.cc:1115] T e778eac89ca24f2993340a6d09c687f8 P 096da8680d274dba91b50831a23bfd58 [term 5 FOLLOWER]: Becoming Follower/Learner. State: Replica: 096da8680d274dba91b50831a23bfd58, State: 1, Role: FOLLOWER, Watermarks: {Received: 5.5 Committed: 5.5} Leader: 0.0, new leader: , initial_fd_wait: <uninitialized>
I0311 03:14:10.560133    27 raft_consensus.cc:1115] T ef19613afa234c5d943034489b070927 P 096da8680d274dba91b50831a23bfd58 [term 5 FOLLOWER]: Becoming Follower/Learner. State: Replica: 096da8680d274dba91b50831a23bfd58, State: 1, Role: FOLLOWER, Watermarks: {Received: 5.5 Committed: 5.5} Leader: 0.0, new leader: , initial_fd_wait: <uninitialized>
I0311 03:14:10.563946    29 raft_consensus.cc:480] T df17b40b75664e0aaa44ec6687a7a233 P 096da8680d274dba91b50831a23bfd58 [term 5 FOLLOWER]: Replica starting. Triggering 0 pending operations. Active config: opid_index: -1 peers { permanent_uuid: "096da8680d274dba91b50831a23bfd58" member_type: VOTER last_known_private_addr { host: "yb-tserver-n1" port: 9100 } cloud_info { placement_cloud: "cloud1" placement_region: "datacenter1" placement_zone: "rack1" } }
I0311 03:14:10.564914    30 consensus_meta.cc:317] T c47912c0b2714f58b34c56d0e2dc9025 P 096da8680d274dba91b50831a23bfd58: Updating active role from FOLLOWER to FOLLOWER. Consensus state: current_term: 5 leader_uuid: "" config { opid_index: -1 peers { permanent_uuid: "096da8680d274dba91b50831a23bfd58" member_type: VOTER last_known_private_addr { host: "yb-tserver-n1" port: 9100 } cloud_info { placement_cloud: "cloud1" placement_region: "datacenter1" placement_zone: "rack1" } } }, has_pending_config = 0
I0311 03:14:10.565346    28 consensus_meta.cc:317] T e778eac89ca24f2993340a6d09c687f8 P 096da8680d274dba91b50831a23bfd58: Updating active role from FOLLOWER to FOLLOWER. Consensus state: current_term: 5 leader_uuid: "" config { opid_index: -1 peers { permanent_uuid: "096da8680d274dba91b50831a23bfd58" member_type: VOTER last_known_private_addr { host: "yb-tserver-n1" port: 9100 } cloud_info { placement_cloud: "cloud1" placement_region: "datacenter1" placement_zone: "rack1" } } }, has_pending_config = 0
I0311 03:14:10.566953    27 consensus_meta.cc:317] T ef19613afa234c5d943034489b070927 P 096da8680d274dba91b50831a23bfd58: Updating active role from FOLLOWER to FOLLOWER. Consensus state: current_term: 5 leader_uuid: "" config { opid_index: -1 peers { permanent_uuid: "096da8680d274dba91b50831a23bfd58" member_type: VOTER last_known_private_addr { host: "yb-tserver-n1" port: 9100 } cloud_info { placement_cloud: "cloud1" placement_region: "datacenter1" placement_zone: "rack1" } } }, has_pending_config = 0
I0311 03:14:10.567485    29 raft_consensus.cc:1115] T df17b40b75664e0aaa44ec6687a7a233 P 096da8680d274dba91b50831a23bfd58 [term 5 FOLLOWER]: Becoming Follower/Learner. State: Replica: 096da8680d274dba91b50831a23bfd58, State: 1, Role: FOLLOWER, Watermarks: {Received: 5.5 Committed: 5.5} Leader: 0.0, new leader: , initial_fd_wait: <uninitialized>
I0311 03:14:10.569705    29 consensus_meta.cc:317] T df17b40b75664e0aaa44ec6687a7a233 P 096da8680d274dba91b50831a23bfd58: Updating active role from FOLLOWER to FOLLOWER. Consensus state: current_term: 5 leader_uuid: "" config { opid_index: -1 peers { permanent_uuid: "096da8680d274dba91b50831a23bfd58" member_type: VOTER last_known_private_addr { host: "yb-tserver-n1" port: 9100 } cloud_info { placement_cloud: "cloud1" placement_region: "datacenter1" placement_zone: "rack1" } } }, has_pending_config = 0
I0311 03:14:10.570317    29 consensus_queue.cc:289] T df17b40b75664e0aaa44ec6687a7a233 P 096da8680d274dba91b50831a23bfd58 [NON_LEADER]: Queue going to NON_LEADER mode. State: All replicated op: 0.0, Majority replicated op: 0.0, Committed index: 0.0, Last applied: 0.0, Last appended: 5.5, Current term: 0, Majority size: -1, State: QUEUE_OPEN, Mode: NON_LEADER
I0311 03:14:10.569123    27 consensus_queue.cc:289] T ef19613afa234c5d943034489b070927 P 096da8680d274dba91b50831a23bfd58 [NON_LEADER]: Queue going to NON_LEADER mode. State: All replicated op: 0.0, Majority replicated op: 0.0, Committed index: 0.0, Last applied: 0.0, Last appended: 5.5, Current term: 0, Majority size: -1, State: QUEUE_OPEN, Mode: NON_LEADER
I0311 03:14:10.569166    30 consensus_queue.cc:289] T c47912c0b2714f58b34c56d0e2dc9025 P 096da8680d274dba91b50831a23bfd58 [NON_LEADER]: Queue going to NON_LEADER mode. State: All replicated op: 0.0, Majority replicated op: 0.0, Committed index: 0.0, Last applied: 0.0, Last appended: 5.5, Current term: 0, Majority size: -1, State: QUEUE_OPEN, Mode: NON_LEADER
W0311 03:14:10.571063    41 heartbeater.cc:658] P 096da8680d274dba91b50831a23bfd58: Failed to heartbeat to yb-master-n1:7100: Service unavailable (yb/tserver/heartbeater.cc:479): Master is no longer the leader: code: NOT_THE_LEADER status { code: SERVICE_UNAVAILABLE message: "Catalog manager is not initialized. State: 1" source_file: "../../src/yb/master/scoped_leader_shared_lock.cc" source_line: 91 errors: "\000" } tries=0, num=1, masters=0x00000040152207c8 -> [[yb-master-n1:7100]], code=Service unavailable
I0311 03:14:10.571751    27 raft_consensus.cc:3367] T ef19613afa234c5d943034489b070927 P 096da8680d274dba91b50831a23bfd58 [term 5 FOLLOWER]: Calling mark dirty synchronously for reason code CONSENSUS_STARTED
I0311 03:14:10.571585    29 raft_consensus.cc:3367] T df17b40b75664e0aaa44ec6687a7a233 P 096da8680d274dba91b50831a23bfd58 [term 5 FOLLOWER]: Calling mark dirty synchronously for reason code CONSENSUS_STARTED
I0311 03:14:10.572223    30 raft_consensus.cc:3367] T c47912c0b2714f58b34c56d0e2dc9025 P 096da8680d274dba91b50831a23bfd58 [term 5 FOLLOWER]: Calling mark dirty synchronously for reason code CONSENSUS_STARTED
I0311 03:14:10.569154    28 consensus_queue.cc:289] T e778eac89ca24f2993340a6d09c687f8 P 096da8680d274dba91b50831a23bfd58 [NON_LEADER]: Queue going to NON_LEADER mode. State: All replicated op: 0.0, Majority replicated op: 0.0, Committed index: 0.0, Last applied: 0.0, Last appended: 5.5, Current term: 0, Majority size: -1, State: QUEUE_OPEN, Mode: NON_LEADER
I0311 03:14:10.575990    29 tablet_peer.cc:1455] T df17b40b75664e0aaa44ec6687a7a233 P 096da8680d274dba91b50831a23bfd58 [state=RUNNING]: Changed state from BOOTSTRAPPING to RUNNING
I0311 03:14:10.575281    41 heartbeater.cc:338] P 096da8680d274dba91b50831a23bfd58: Connected to a leader master server at yb-master-n1:7100
I0311 03:14:10.576071    28 raft_consensus.cc:3367] T e778eac89ca24f2993340a6d09c687f8 P 096da8680d274dba91b50831a23bfd58 [term 5 FOLLOWER]: Calling mark dirty synchronously for reason code CONSENSUS_STARTED
I0311 03:14:10.575114    27 tablet_peer.cc:1455] T ef19613afa234c5d943034489b070927 P 096da8680d274dba91b50831a23bfd58 [state=RUNNING]: Changed state from BOOTSTRAPPING to RUNNING
I0311 03:14:10.577057    41 heartbeater.cc:387] P 096da8680d274dba91b50831a23bfd58: Registering TS with master...
I0311 03:14:10.577766    30 tablet_peer.cc:1455] T c47912c0b2714f58b34c56d0e2dc9025 P 096da8680d274dba91b50831a23bfd58 [state=RUNNING]: Changed state from BOOTSTRAPPING to RUNNING
I0311 03:14:10.578250    28 tablet_peer.cc:1455] T e778eac89ca24f2993340a6d09c687f8 P 096da8680d274dba91b50831a23bfd58 [state=RUNNING]: Changed state from BOOTSTRAPPING to RUNNING
I0311 03:14:10.578578    41 server_base.cc:541] Using private rpc address yb-tserver-n1
I0311 03:14:10.580045    41 server_base.cc:563] Using http address yb-tserver-n1
I0311 03:14:10.581274    29 tablet_peer.cc:1344] T df17b40b75664e0aaa44ec6687a7a233 P 096da8680d274dba91b50831a23bfd58 [state=RUNNING]: Registered log gc
I0311 03:14:10.581929    30 tablet_peer.cc:1344] T c47912c0b2714f58b34c56d0e2dc9025 P 096da8680d274dba91b50831a23bfd58 [state=RUNNING]: Registered log gc
I0311 03:14:10.581961    28 tablet_peer.cc:1344] T e778eac89ca24f2993340a6d09c687f8 P 096da8680d274dba91b50831a23bfd58 [state=RUNNING]: Registered log gc
I0311 03:14:10.585186    28 ts_tablet_manager.cc:1573] T e778eac89ca24f2993340a6d09c687f8 P 096da8680d274dba91b50831a23bfd58: Time spent starting tablet: real 0.104s	user 0.013s	sys 0.015s
I0311 03:14:10.586194    28 ts_tablet_manager.cc:2771] Deleted transition in progress opening tablet for tablet e778eac89ca24f2993340a6d09c687f8
I0311 03:14:10.586906    28 ts_tablet_manager.cc:1478] T 974d5dc4624a4cc8ba8333f193777a6e P 096da8680d274dba91b50831a23bfd58: Bootstrapping tablet
I0311 03:14:10.582012    27 tablet_peer.cc:1344] T ef19613afa234c5d943034489b070927 P 096da8680d274dba91b50831a23bfd58 [state=RUNNING]: Registered log gc
I0311 03:14:10.582123    29 ts_tablet_manager.cc:1573] T df17b40b75664e0aaa44ec6687a7a233 P 096da8680d274dba91b50831a23bfd58: Time spent starting tablet: real 0.104s	user 0.022s	sys 0.017s
I0311 03:14:10.584719    30 ts_tablet_manager.cc:1573] T c47912c0b2714f58b34c56d0e2dc9025 P 096da8680d274dba91b50831a23bfd58: Time spent starting tablet: real 0.105s	user 0.018s	sys 0.011s
I0311 03:14:10.587941    27 ts_tablet_manager.cc:1573] T ef19613afa234c5d943034489b070927 P 096da8680d274dba91b50831a23bfd58: Time spent starting tablet: real 0.107s	user 0.017s	sys 0.013s
I0311 03:14:10.588624    29 ts_tablet_manager.cc:2771] Deleted transition in progress opening tablet for tablet df17b40b75664e0aaa44ec6687a7a233
I0311 03:14:10.589269    30 ts_tablet_manager.cc:2771] Deleted transition in progress opening tablet for tablet c47912c0b2714f58b34c56d0e2dc9025
I0311 03:14:10.592075    30 ts_tablet_manager.cc:1478] T 3a76ab24970d40ef859dfa774b11abe1 P 096da8680d274dba91b50831a23bfd58: Bootstrapping tablet
I0311 03:14:10.590042    29 ts_tablet_manager.cc:1478] T 5c82d2d282b24c23a5a85eaa9b3797e3 P 096da8680d274dba91b50831a23bfd58: Bootstrapping tablet
W0311 03:14:10.590042    41 heartbeater.cc:658] P 096da8680d274dba91b50831a23bfd58: Failed to heartbeat to yb-master-n1:7100: Service unavailable (yb/tserver/heartbeater.cc:479): Master is no longer the leader: code: NOT_THE_LEADER status { code: SERVICE_UNAVAILABLE message: "Catalog manager is not initialized. State: 1" source_file: "../../src/yb/master/scoped_leader_shared_lock.cc" source_line: 91 errors: "\000" } tries=1, num=1, masters=0x00000040152207c8 -> [[yb-master-n1:7100]], code=Service unavailable
I0311 03:14:10.590420    28 consensus_meta.cc:317] T 974d5dc4624a4cc8ba8333f193777a6e P 096da8680d274dba91b50831a23bfd58: Updating active role from UNKNOWN_ROLE to FOLLOWER. Consensus state: current_term: 5 leader_uuid: "" config { opid_index: -1 peers { permanent_uuid: "096da8680d274dba91b50831a23bfd58" member_type: VOTER last_known_private_addr { host: "yb-tserver-n1" port: 9100 } cloud_info { placement_cloud: "cloud1" placement_region: "datacenter1" placement_zone: "rack1" } } }, has_pending_config = 0
I0311 03:14:10.608248    28 tablet_peer.cc:1455] T 974d5dc4624a4cc8ba8333f193777a6e P 096da8680d274dba91b50831a23bfd58 [state=BOOTSTRAPPING]: Changed state from NOT_STARTED to BOOTSTRAPPING
I0311 03:14:10.608947    29 consensus_meta.cc:317] T 5c82d2d282b24c23a5a85eaa9b3797e3 P 096da8680d274dba91b50831a23bfd58: Updating active role from UNKNOWN_ROLE to FOLLOWER. Consensus state: current_term: 5 leader_uuid: "" config { opid_index: -1 peers { permanent_uuid: "096da8680d274dba91b50831a23bfd58" member_type: VOTER last_known_private_addr { host: "yb-tserver-n1" port: 9100 } cloud_info { placement_cloud: "cloud1" placement_region: "datacenter1" placement_zone: "rack1" } } }, has_pending_config = 0
I0311 03:14:10.608467    30 consensus_meta.cc:317] T 3a76ab24970d40ef859dfa774b11abe1 P 096da8680d274dba91b50831a23bfd58: Updating active role from UNKNOWN_ROLE to FOLLOWER. Consensus state: current_term: 5 leader_uuid: "" config { opid_index: -1 peers { permanent_uuid: "096da8680d274dba91b50831a23bfd58" member_type: VOTER last_known_private_addr { host: "yb-tserver-n1" port: 9100 } cloud_info { placement_cloud: "cloud1" placement_region: "datacenter1" placement_zone: "rack1" } } }, has_pending_config = 0
I0311 03:14:10.589658    27 ts_tablet_manager.cc:2771] Deleted transition in progress opening tablet for tablet ef19613afa234c5d943034489b070927
I0311 03:14:10.609210    28 tablet_bootstrap_if.cc:96] T 974d5dc4624a4cc8ba8333f193777a6e P 096da8680d274dba91b50831a23bfd58: Bootstrap starting.
I0311 03:14:10.609282    41 heartbeater.cc:338] P 096da8680d274dba91b50831a23bfd58: Connected to a leader master server at yb-master-n1:7100
I0311 03:14:10.610178    29 tablet_peer.cc:1455] T 5c82d2d282b24c23a5a85eaa9b3797e3 P 096da8680d274dba91b50831a23bfd58 [state=BOOTSTRAPPING]: Changed state from NOT_STARTED to BOOTSTRAPPING
I0311 03:14:10.610955    30 tablet_peer.cc:1455] T 3a76ab24970d40ef859dfa774b11abe1 P 096da8680d274dba91b50831a23bfd58 [state=BOOTSTRAPPING]: Changed state from NOT_STARTED to BOOTSTRAPPING
I0311 03:14:10.612589    30 tablet_bootstrap_if.cc:96] T 3a76ab24970d40ef859dfa774b11abe1 P 096da8680d274dba91b50831a23bfd58: Bootstrap starting.
I0311 03:14:10.612038    41 heartbeater.cc:387] P 096da8680d274dba91b50831a23bfd58: Registering TS with master...
I0311 03:14:10.613179    41 server_base.cc:541] Using private rpc address yb-tserver-n1
I0311 03:14:10.612339    29 tablet_bootstrap_if.cc:96] T 5c82d2d282b24c23a5a85eaa9b3797e3 P 096da8680d274dba91b50831a23bfd58: Bootstrap starting.
I0311 03:14:10.611387    27 ts_tablet_manager.cc:1478] T 22d66049cb9c4419a35469ea8c2c36bc P 096da8680d274dba91b50831a23bfd58: Bootstrapping tablet
I0311 03:14:10.612251    28 tablet.cc:455] T 974d5dc4624a4cc8ba8333f193777a6e P 096da8680d274dba91b50831a23bfd58: Schema version for transactions is 0
I0311 03:14:10.613262    30 tablet.cc:455] T 3a76ab24970d40ef859dfa774b11abe1 P 096da8680d274dba91b50831a23bfd58: Schema version for transactions is 0
I0311 03:14:10.615383    30 tablet_bootstrap.cc:639] T 3a76ab24970d40ef859dfa774b11abe1 P 096da8680d274dba91b50831a23bfd58: Time spent opening tablet: real 0.000s	user 0.000s	sys 0.000s
I0311 03:14:10.614272    29 tablet.cc:455] T 5c82d2d282b24c23a5a85eaa9b3797e3 P 096da8680d274dba91b50831a23bfd58: Schema version for transactions is 0
I0311 03:14:10.618610    29 tablet_bootstrap.cc:639] T 5c82d2d282b24c23a5a85eaa9b3797e3 P 096da8680d274dba91b50831a23bfd58: Time spent opening tablet: real 0.000s	user 0.000s	sys 0.000s
I0311 03:14:10.613615    41 server_base.cc:563] Using http address yb-tserver-n1
I0311 03:14:10.617079    27 consensus_meta.cc:317] T 22d66049cb9c4419a35469ea8c2c36bc P 096da8680d274dba91b50831a23bfd58: Updating active role from UNKNOWN_ROLE to FOLLOWER. Consensus state: current_term: 5 leader_uuid: "" config { opid_index: -1 peers { permanent_uuid: "096da8680d274dba91b50831a23bfd58" member_type: VOTER last_known_private_addr { host: "yb-tserver-n1" port: 9100 } cloud_info { placement_cloud: "cloud1" placement_region: "datacenter1" placement_zone: "rack1" } } }, has_pending_config = 0
I0311 03:14:10.620059    27 tablet_peer.cc:1455] T 22d66049cb9c4419a35469ea8c2c36bc P 096da8680d274dba91b50831a23bfd58 [state=BOOTSTRAPPING]: Changed state from NOT_STARTED to BOOTSTRAPPING
I0311 03:14:10.620704    27 tablet_bootstrap_if.cc:96] T 22d66049cb9c4419a35469ea8c2c36bc P 096da8680d274dba91b50831a23bfd58: Bootstrap starting.
I0311 03:14:10.614955    28 tablet_bootstrap.cc:639] T 974d5dc4624a4cc8ba8333f193777a6e P 096da8680d274dba91b50831a23bfd58: Time spent opening tablet: real 0.000s	user 0.000s	sys 0.000s
I0311 03:14:10.621693    27 tablet.cc:455] T 22d66049cb9c4419a35469ea8c2c36bc P 096da8680d274dba91b50831a23bfd58: Schema version for transactions is 0
I0311 03:14:10.621270    29 tablet_bootstrap.cc:716] T 5c82d2d282b24c23a5a85eaa9b3797e3 P 096da8680d274dba91b50831a23bfd58: Will attempt to recover log segment /mnt/tserver/yb-data/tserver/wals/table-929f7d28b7a2483c9b6c4652af3f6131/tablet-5c82d2d282b24c23a5a85eaa9b3797e3/wal-000000004
I0311 03:14:10.620779    30 tablet_bootstrap.cc:716] T 3a76ab24970d40ef859dfa774b11abe1 P 096da8680d274dba91b50831a23bfd58: Will attempt to recover log segment /mnt/tserver/yb-data/tserver/wals/table-929f7d28b7a2483c9b6c4652af3f6131/tablet-3a76ab24970d40ef859dfa774b11abe1/wal-000000004
I0311 03:14:10.624569    30 tablet_bootstrap.cc:716] T 3a76ab24970d40ef859dfa774b11abe1 P 096da8680d274dba91b50831a23bfd58: Will attempt to recover log segment /mnt/tserver/yb-data/tserver/wals/table-929f7d28b7a2483c9b6c4652af3f6131/tablet-3a76ab24970d40ef859dfa774b11abe1/wal-000000005
I0311 03:14:10.625550    30 tablet_bootstrap.cc:1127] T 3a76ab24970d40ef859dfa774b11abe1 P 096da8680d274dba91b50831a23bfd58: Flushed DocDB OpIds: { regular: -1.-1 intents: -1.-1 }
W0311 03:14:10.622807    41 heartbeater.cc:658] P 096da8680d274dba91b50831a23bfd58: Failed to heartbeat to yb-master-n1:7100: Service unavailable (yb/tserver/heartbeater.cc:479): Master is no longer the leader: code: NOT_THE_LEADER status { code: SERVICE_UNAVAILABLE message: "Catalog manager is not initialized. State: 1" source_file: "../../src/yb/master/scoped_leader_shared_lock.cc" source_line: 91 errors: "\000" } tries=2, num=1, masters=0x00000040152207c8 -> [[yb-master-n1:7100]], code=Service unavailable
I0311 03:14:10.622632    27 tablet_bootstrap.cc:639] T 22d66049cb9c4419a35469ea8c2c36bc P 096da8680d274dba91b50831a23bfd58: Time spent opening tablet: real 0.000s	user 0.000s	sys 0.000s
I0311 03:14:10.625216    28 tablet_bootstrap.cc:716] T 974d5dc4624a4cc8ba8333f193777a6e P 096da8680d274dba91b50831a23bfd58: Will attempt to recover log segment /mnt/tserver/yb-data/tserver/wals/table-929f7d28b7a2483c9b6c4652af3f6131/tablet-974d5dc4624a4cc8ba8333f193777a6e/wal-000000004
I0311 03:14:10.627827    28 tablet_bootstrap.cc:716] T 974d5dc4624a4cc8ba8333f193777a6e P 096da8680d274dba91b50831a23bfd58: Will attempt to recover log segment /mnt/tserver/yb-data/tserver/wals/table-929f7d28b7a2483c9b6c4652af3f6131/tablet-974d5dc4624a4cc8ba8333f193777a6e/wal-000000005
I0311 03:14:10.626047    30 tablet_bootstrap.cc:1288] T 3a76ab24970d40ef859dfa774b11abe1 P 096da8680d274dba91b50831a23bfd58: Max persistent index in RocksDB's SSTables before bootstrap: regular RocksDB: -1.-1; intents RocksDB: -1.-1
W0311 03:14:10.627033    41 heartbeater.cc:361] P 096da8680d274dba91b50831a23bfd58: Failed 3 heartbeats in a row: no longer allowing fast heartbeat attempts.
I0311 03:14:10.622772    29 tablet_bootstrap.cc:716] T 5c82d2d282b24c23a5a85eaa9b3797e3 P 096da8680d274dba91b50831a23bfd58: Will attempt to recover log segment /mnt/tserver/yb-data/tserver/wals/table-929f7d28b7a2483c9b6c4652af3f6131/tablet-5c82d2d282b24c23a5a85eaa9b3797e3/wal-000000005
I0311 03:14:10.628284    28 tablet_bootstrap.cc:1127] T 974d5dc4624a4cc8ba8333f193777a6e P 096da8680d274dba91b50831a23bfd58: Flushed DocDB OpIds: { regular: -1.-1 intents: -1.-1 }
I0311 03:14:10.632256    28 tablet_bootstrap.cc:1288] T 974d5dc4624a4cc8ba8333f193777a6e P 096da8680d274dba91b50831a23bfd58: Max persistent index in RocksDB's SSTables before bootstrap: regular RocksDB: -1.-1; intents RocksDB: -1.-1
I0311 03:14:10.630715    30 log.cc:1278] T 3a76ab24970d40ef859dfa774b11abe1 P 096da8680d274dba91b50831a23bfd58: Setting log wal retention time to 0 seconds
I0311 03:14:10.630918    29 tablet_bootstrap.cc:1127] T 5c82d2d282b24c23a5a85eaa9b3797e3 P 096da8680d274dba91b50831a23bfd58: Flushed DocDB OpIds: { regular: -1.-1 intents: -1.-1 }
I0311 03:14:10.631354    41 heartbeater.cc:338] P 096da8680d274dba91b50831a23bfd58: Connected to a leader master server at yb-master-n1:7100
I0311 03:14:10.629709    27 tablet_bootstrap.cc:716] T 22d66049cb9c4419a35469ea8c2c36bc P 096da8680d274dba91b50831a23bfd58: Will attempt to recover log segment /mnt/tserver/yb-data/tserver/wals/table-929f7d28b7a2483c9b6c4652af3f6131/tablet-22d66049cb9c4419a35469ea8c2c36bc/wal-000000004
I0311 03:14:10.634465    29 tablet_bootstrap.cc:1288] T 5c82d2d282b24c23a5a85eaa9b3797e3 P 096da8680d274dba91b50831a23bfd58: Max persistent index in RocksDB's SSTables before bootstrap: regular RocksDB: -1.-1; intents RocksDB: -1.-1
I0311 03:14:10.635557    28 log.cc:1278] T 974d5dc4624a4cc8ba8333f193777a6e P 096da8680d274dba91b50831a23bfd58: Setting log wal retention time to 0 seconds
I0311 03:14:10.635673    41 heartbeater.cc:387] P 096da8680d274dba91b50831a23bfd58: Registering TS with master...
I0311 03:14:10.638331    41 server_base.cc:541] Using private rpc address yb-tserver-n1
I0311 03:14:10.637516    29 log.cc:1278] T 5c82d2d282b24c23a5a85eaa9b3797e3 P 096da8680d274dba91b50831a23bfd58: Setting log wal retention time to 0 seconds
I0311 03:14:10.636090    27 tablet_bootstrap.cc:716] T 22d66049cb9c4419a35469ea8c2c36bc P 096da8680d274dba91b50831a23bfd58: Will attempt to recover log segment /mnt/tserver/yb-data/tserver/wals/table-929f7d28b7a2483c9b6c4652af3f6131/tablet-22d66049cb9c4419a35469ea8c2c36bc/wal-000000005
I0311 03:14:10.638708    41 server_base.cc:563] Using http address yb-tserver-n1
I0311 03:14:10.639544    27 tablet_bootstrap.cc:1127] T 22d66049cb9c4419a35469ea8c2c36bc P 096da8680d274dba91b50831a23bfd58: Flushed DocDB OpIds: { regular: -1.-1 intents: -1.-1 }
I0311 03:14:10.642519    27 tablet_bootstrap.cc:1288] T 22d66049cb9c4419a35469ea8c2c36bc P 096da8680d274dba91b50831a23bfd58: Max persistent index in RocksDB's SSTables before bootstrap: regular RocksDB: -1.-1; intents RocksDB: -1.-1
W0311 03:14:10.642649    30 log_util.cc:240] Could not read footer for segment: /mnt/tserver/yb-data/tserver/wals/table-929f7d28b7a2483c9b6c4652af3f6131/tablet-3a76ab24970d40ef859dfa774b11abe1/wal-000000004: Not found (yb/consensus/log_util.cc:554): Footer not found. Footer magic doesn't match
I0311 03:14:10.647439    27 log.cc:1278] T 22d66049cb9c4419a35469ea8c2c36bc P 096da8680d274dba91b50831a23bfd58: Setting log wal retention time to 0 seconds
W0311 03:14:10.650638    30 log_reader.cc:192] T 3a76ab24970d40ef859dfa774b11abe1 P 096da8680d274dba91b50831a23bfd58: Log segment /mnt/tserver/yb-data/tserver/wals/table-929f7d28b7a2483c9b6c4652af3f6131/tablet-3a76ab24970d40ef859dfa774b11abe1/wal-000000004 was likely left in-progress after a previous crash. Will try to rebuild footer by scanning data.
W0311 03:14:10.645133    41 heartbeater.cc:658] P 096da8680d274dba91b50831a23bfd58: Failed to heartbeat to yb-master-n1:7100: Service unavailable (yb/tserver/heartbeater.cc:479): Master is no longer the leader: code: NOT_THE_LEADER status { code: SERVICE_UNAVAILABLE message: "Catalog manager is not initialized. State: 1" source_file: "../../src/yb/master/scoped_leader_shared_lock.cc" source_line: 91 errors: "\000" } tries=3, num=1, masters=0x00000040152207c8 -> [[yb-master-n1:7100]], code=Service unavailable
W0311 03:14:10.652724    28 log_util.cc:240] Could not read footer for segment: /mnt/tserver/yb-data/tserver/wals/table-929f7d28b7a2483c9b6c4652af3f6131/tablet-974d5dc4624a4cc8ba8333f193777a6e/wal-000000004: Not found (yb/consensus/log_util.cc:554): Footer not found. Footer magic doesn't match
I0311 03:14:10.653112    30 log_util.cc:773] Scanning /mnt/tserver/yb-data/tserver/wals/table-929f7d28b7a2483c9b6c4652af3f6131/tablet-3a76ab24970d40ef859dfa774b11abe1/wal-000000004 for valid entry headers following offset 195...
W0311 03:14:10.654405    29 log_util.cc:240] Could not read footer for segment: /mnt/tserver/yb-data/tserver/wals/table-929f7d28b7a2483c9b6c4652af3f6131/tablet-5c82d2d282b24c23a5a85eaa9b3797e3/wal-000000004: Not found (yb/consensus/log_util.cc:554): Footer not found. Footer magic doesn't match
W0311 03:14:10.658036    29 log_reader.cc:192] T 5c82d2d282b24c23a5a85eaa9b3797e3 P 096da8680d274dba91b50831a23bfd58: Log segment /mnt/tserver/yb-data/tserver/wals/table-929f7d28b7a2483c9b6c4652af3f6131/tablet-5c82d2d282b24c23a5a85eaa9b3797e3/wal-000000004 was likely left in-progress after a previous crash. Will try to rebuild footer by scanning data.
W0311 03:14:10.655073    28 log_reader.cc:192] T 974d5dc4624a4cc8ba8333f193777a6e P 096da8680d274dba91b50831a23bfd58: Log segment /mnt/tserver/yb-data/tserver/wals/table-929f7d28b7a2483c9b6c4652af3f6131/tablet-974d5dc4624a4cc8ba8333f193777a6e/wal-000000004 was likely left in-progress after a previous crash. Will try to rebuild footer by scanning data.
W0311 03:14:10.658435    27 log_util.cc:240] Could not read footer for segment: /mnt/tserver/yb-data/tserver/wals/table-929f7d28b7a2483c9b6c4652af3f6131/tablet-22d66049cb9c4419a35469ea8c2c36bc/wal-000000004: Not found (yb/consensus/log_util.cc:554): Footer not found. Footer magic doesn't match
I0311 03:14:10.661209    29 log_util.cc:773] Scanning /mnt/tserver/yb-data/tserver/wals/table-929f7d28b7a2483c9b6c4652af3f6131/tablet-5c82d2d282b24c23a5a85eaa9b3797e3/wal-000000004 for valid entry headers following offset 195...
I0311 03:14:10.663820    28 log_util.cc:773] Scanning /mnt/tserver/yb-data/tserver/wals/table-929f7d28b7a2483c9b6c4652af3f6131/tablet-974d5dc4624a4cc8ba8333f193777a6e/wal-000000004 for valid entry headers following offset 195...
W0311 03:14:10.666446    27 log_reader.cc:192] T 22d66049cb9c4419a35469ea8c2c36bc P 096da8680d274dba91b50831a23bfd58: Log segment /mnt/tserver/yb-data/tserver/wals/table-929f7d28b7a2483c9b6c4652af3f6131/tablet-22d66049cb9c4419a35469ea8c2c36bc/wal-000000004 was likely left in-progress after a previous crash. Will try to rebuild footer by scanning data.
I0311 03:14:10.666711    30 log_util.cc:817] Found no log entry headers
I0311 03:14:10.685923    30 log_util.cc:666] Ignoring partially flushed segment in write ahead log /mnt/tserver/yb-data/tserver/wals/table-929f7d28b7a2483c9b6c4652af3f6131/tablet-3a76ab24970d40ef859dfa774b11abe1/wal-000000004 because there are no log entries following this one. The server probably crashed in the middle of writing an entry to the write-ahead log or downloaded an active log via remote bootstrap. Error detail: Corruption (yb/consensus/log_util.cc:889): Invalid checksum in log entry head header: found=0, computed=2351477386: Failed trying to read batch #3 at offset 195 for log segment /mnt/tserver/yb-data/tserver/wals/table-929f7d28b7a2483c9b6c4652af3f6131/tablet-3a76ab24970d40ef859dfa774b11abe1/wal-000000004: Prior batch offsets: 107 167 195; Last log entries read: [REPLICATE (4.4)]
I0311 03:14:10.688171    30 log_util.cc:285] Successfully rebuilt footer for segment: /mnt/tserver/yb-data/tserver/wals/table-929f7d28b7a2483c9b6c4652af3f6131/tablet-3a76ab24970d40ef859dfa774b11abe1/wal-000000004 (valid entries through byte offset 195)
I0311 03:14:10.667596    17 log.cc:1342] T c47912c0b2714f58b34c56d0e2dc9025 P 096da8680d274dba91b50831a23bfd58: Running Log GC on /mnt/tserver/yb-data/tserver/wals/table-929f7d28b7a2483c9b6c4652af3f6131/tablet-c47912c0b2714f58b34c56d0e2dc9025: retaining ops >= 5, log segment size = 4194304
I0311 03:14:10.694844    29 log_util.cc:817] Found no log entry headers
I0311 03:14:10.694708    17 log_reader.cc:522] T c47912c0b2714f58b34c56d0e2dc9025 P 096da8680d274dba91b50831a23bfd58: Removed log segment sequence numbers from log reader: [4]
I0311 03:14:10.695086    28 log_util.cc:817] Found no log entry headers
I0311 03:14:10.676590    27 log_util.cc:773] Scanning /mnt/tserver/yb-data/tserver/wals/table-929f7d28b7a2483c9b6c4652af3f6131/tablet-22d66049cb9c4419a35469ea8c2c36bc/wal-000000004 for valid entry headers following offset 195...
I0311 03:14:10.696202    29 log_util.cc:666] Ignoring partially flushed segment in write ahead log /mnt/tserver/yb-data/tserver/wals/table-929f7d28b7a2483c9b6c4652af3f6131/tablet-5c82d2d282b24c23a5a85eaa9b3797e3/wal-000000004 because there are no log entries following this one. The server probably crashed in the middle of writing an entry to the write-ahead log or downloaded an active log via remote bootstrap. Error detail: Corruption (yb/consensus/log_util.cc:889): Invalid checksum in log entry head header: found=0, computed=2351477386: Failed trying to read batch #3 at offset 195 for log segment /mnt/tserver/yb-data/tserver/wals/table-929f7d28b7a2483c9b6c4652af3f6131/tablet-5c82d2d282b24c23a5a85eaa9b3797e3/wal-000000004: Prior batch offsets: 107 167 195; Last log entries read: [REPLICATE (4.4)]
I0311 03:14:10.696920    17 log.cc:1368] T c47912c0b2714f58b34c56d0e2dc9025 P 096da8680d274dba91b50831a23bfd58: Deleting log segment in path: /mnt/tserver/yb-data/tserver/wals/table-929f7d28b7a2483c9b6c4652af3f6131/tablet-c47912c0b2714f58b34c56d0e2dc9025/wal-000000004 (GCed ops < 5)
I0311 03:14:10.701581    28 log_util.cc:666] Ignoring partially flushed segment in write ahead log /mnt/tserver/yb-data/tserver/wals/table-929f7d28b7a2483c9b6c4652af3f6131/tablet-974d5dc4624a4cc8ba8333f193777a6e/wal-000000004 because there are no log entries following this one. The server probably crashed in the middle of writing an entry to the write-ahead log or downloaded an active log via remote bootstrap. Error detail: Corruption (yb/consensus/log_util.cc:889): Invalid checksum in log entry head header: found=0, computed=2351477386: Failed trying to read batch #3 at offset 195 for log segment /mnt/tserver/yb-data/tserver/wals/table-929f7d28b7a2483c9b6c4652af3f6131/tablet-974d5dc4624a4cc8ba8333f193777a6e/wal-000000004: Prior batch offsets: 107 167 195; Last log entries read: [REPLICATE (4.4)]
I0311 03:14:10.705464    29 log_util.cc:285] Successfully rebuilt footer for segment: /mnt/tserver/yb-data/tserver/wals/table-929f7d28b7a2483c9b6c4652af3f6131/tablet-5c82d2d282b24c23a5a85eaa9b3797e3/wal-000000004 (valid entries through byte offset 195)
W0311 03:14:10.705976    30 log_util.cc:240] Could not read footer for segment: /mnt/tserver/yb-data/tserver/wals/table-929f7d28b7a2483c9b6c4652af3f6131/tablet-3a76ab24970d40ef859dfa774b11abe1/wal-000000005: Not found (yb/consensus/log_util.cc:554): Footer not found. Footer magic doesn't match
W0311 03:14:10.713806    30 log_reader.cc:192] T 3a76ab24970d40ef859dfa774b11abe1 P 096da8680d274dba91b50831a23bfd58: Log segment /mnt/tserver/yb-data/tserver/wals/table-929f7d28b7a2483c9b6c4652af3f6131/tablet-3a76ab24970d40ef859dfa774b11abe1/wal-000000005 was likely left in-progress after a previous crash. Will try to rebuild footer by scanning data.
I0311 03:14:10.711762    17 maintenance_manager.cc:375] Time spent running LogGCOp(c47912c0b2714f58b34c56d0e2dc9025): real 0.044s	user 0.002s	sys 0.000s
I0311 03:14:10.713241    27 log_util.cc:817] Found no log entry headers
I0311 03:14:10.711047    28 log_util.cc:285] Successfully rebuilt footer for segment: /mnt/tserver/yb-data/tserver/wals/table-929f7d28b7a2483c9b6c4652af3f6131/tablet-974d5dc4624a4cc8ba8333f193777a6e/wal-000000004 (valid entries through byte offset 195)
I0311 03:14:10.728085    30 log_util.cc:773] Scanning /mnt/tserver/yb-data/tserver/wals/table-929f7d28b7a2483c9b6c4652af3f6131/tablet-3a76ab24970d40ef859dfa774b11abe1/wal-000000005 for valid entry headers following offset 195...
I0311 03:14:10.731379    27 log_util.cc:666] Ignoring partially flushed segment in write ahead log /mnt/tserver/yb-data/tserver/wals/table-929f7d28b7a2483c9b6c4652af3f6131/tablet-22d66049cb9c4419a35469ea8c2c36bc/wal-000000004 because there are no log entries following this one. The server probably crashed in the middle of writing an entry to the write-ahead log or downloaded an active log via remote bootstrap. Error detail: Corruption (yb/consensus/log_util.cc:889): Invalid checksum in log entry head header: found=0, computed=2351477386: Failed trying to read batch #3 at offset 195 for log segment /mnt/tserver/yb-data/tserver/wals/table-929f7d28b7a2483c9b6c4652af3f6131/tablet-22d66049cb9c4419a35469ea8c2c36bc/wal-000000004: Prior batch offsets: 107 167 195; Last log entries read: [REPLICATE (4.4)]
W0311 03:14:10.731421    29 log_util.cc:240] Could not read footer for segment: /mnt/tserver/yb-data/tserver/wals/table-929f7d28b7a2483c9b6c4652af3f6131/tablet-5c82d2d282b24c23a5a85eaa9b3797e3/wal-000000005: Not found (yb/consensus/log_util.cc:554): Footer not found. Footer magic doesn't match
I0311 03:14:10.733278    27 log_util.cc:285] Successfully rebuilt footer for segment: /mnt/tserver/yb-data/tserver/wals/table-929f7d28b7a2483c9b6c4652af3f6131/tablet-22d66049cb9c4419a35469ea8c2c36bc/wal-000000004 (valid entries through byte offset 195)
W0311 03:14:10.735487    29 log_reader.cc:192] T 5c82d2d282b24c23a5a85eaa9b3797e3 P 096da8680d274dba91b50831a23bfd58: Log segment /mnt/tserver/yb-data/tserver/wals/table-929f7d28b7a2483c9b6c4652af3f6131/tablet-5c82d2d282b24c23a5a85eaa9b3797e3/wal-000000005 was likely left in-progress after a previous crash. Will try to rebuild footer by scanning data.
W0311 03:14:10.739377    28 log_util.cc:240] Could not read footer for segment: /mnt/tserver/yb-data/tserver/wals/table-929f7d28b7a2483c9b6c4652af3f6131/tablet-974d5dc4624a4cc8ba8333f193777a6e/wal-000000005: Not found (yb/consensus/log_util.cc:554): Footer not found. Footer magic doesn't match
I0311 03:14:10.741549    30 log_util.cc:817] Found no log entry headers
I0311 03:14:10.742122    29 log_util.cc:773] Scanning /mnt/tserver/yb-data/tserver/wals/table-929f7d28b7a2483c9b6c4652af3f6131/tablet-5c82d2d282b24c23a5a85eaa9b3797e3/wal-000000005 for valid entry headers following offset 195...
W0311 03:14:10.743286    28 log_reader.cc:192] T 974d5dc4624a4cc8ba8333f193777a6e P 096da8680d274dba91b50831a23bfd58: Log segment /mnt/tserver/yb-data/tserver/wals/table-929f7d28b7a2483c9b6c4652af3f6131/tablet-974d5dc4624a4cc8ba8333f193777a6e/wal-000000005 was likely left in-progress after a previous crash. Will try to rebuild footer by scanning data.
I0311 03:14:10.743729    30 log_util.cc:666] Ignoring partially flushed segment in write ahead log /mnt/tserver/yb-data/tserver/wals/table-929f7d28b7a2483c9b6c4652af3f6131/tablet-3a76ab24970d40ef859dfa774b11abe1/wal-000000005 because there are no log entries following this one. The server probably crashed in the middle of writing an entry to the write-ahead log or downloaded an active log via remote bootstrap. Error detail: Corruption (yb/consensus/log_util.cc:889): Invalid checksum in log entry head header: found=0, computed=2351477386: Failed trying to read batch #3 at offset 195 for log segment /mnt/tserver/yb-data/tserver/wals/table-929f7d28b7a2483c9b6c4652af3f6131/tablet-3a76ab24970d40ef859dfa774b11abe1/wal-000000005: Prior batch offsets: 107 167 195; Last log entries read: [REPLICATE (5.5)]
I0311 03:14:10.748260    30 log_util.cc:285] Successfully rebuilt footer for segment: /mnt/tserver/yb-data/tserver/wals/table-929f7d28b7a2483c9b6c4652af3f6131/tablet-3a76ab24970d40ef859dfa774b11abe1/wal-000000005 (valid entries through byte offset 195)
I0311 03:14:10.748826    30 log.cc:661] T 3a76ab24970d40ef859dfa774b11abe1 P 096da8680d274dba91b50831a23bfd58: Opened existing logs. Last segment is /mnt/tserver/yb-data/tserver/wals/table-929f7d28b7a2483c9b6c4652af3f6131/tablet-3a76ab24970d40ef859dfa774b11abe1/wal-000000005
W0311 03:14:10.744021    27 log_util.cc:240] Could not read footer for segment: /mnt/tserver/yb-data/tserver/wals/table-929f7d28b7a2483c9b6c4652af3f6131/tablet-22d66049cb9c4419a35469ea8c2c36bc/wal-000000005: Not found (yb/consensus/log_util.cc:554): Footer not found. Footer magic doesn't match
I0311 03:14:10.747390    28 log_util.cc:773] Scanning /mnt/tserver/yb-data/tserver/wals/table-929f7d28b7a2483c9b6c4652af3f6131/tablet-974d5dc4624a4cc8ba8333f193777a6e/wal-000000005 for valid entry headers following offset 195...
I0311 03:14:10.750677    30 tablet_bootstrap.cc:386] T 3a76ab24970d40ef859dfa774b11abe1 P 096da8680d274dba91b50831a23bfd58: Bootstrap optimizer (skip_flushed_entries): op_id_replay_lowest=-1.-1 (regular_op_id=-1.-1, intents_op_id=-1.-1, has_intents_db=0)
W0311 03:14:10.753060    27 log_reader.cc:192] T 22d66049cb9c4419a35469ea8c2c36bc P 096da8680d274dba91b50831a23bfd58: Log segment /mnt/tserver/yb-data/tserver/wals/table-929f7d28b7a2483c9b6c4652af3f6131/tablet-22d66049cb9c4419a35469ea8c2c36bc/wal-000000005 was likely left in-progress after a previous crash. Will try to rebuild footer by scanning data.
I0311 03:14:10.758384    27 log_util.cc:773] Scanning /mnt/tserver/yb-data/tserver/wals/table-929f7d28b7a2483c9b6c4652af3f6131/tablet-22d66049cb9c4419a35469ea8c2c36bc/wal-000000005 for valid entry headers following offset 195...
I0311 03:14:10.755252    30 tablet_bootstrap.cc:1237] T 3a76ab24970d40ef859dfa774b11abe1 P 096da8680d274dba91b50831a23bfd58: Segment /mnt/tserver/yb-data/tserver/wals/table-929f7d28b7a2483c9b6c4652af3f6131/tablet-3a76ab24970d40ef859dfa774b11abe1/wal-000000005 cannot be used as the first segment to start replay with according to our OpId and retention criteria. Continuing to earlier segments.op_id=5.5, op_id_replay_lowest=-1.-1, first_op_time=3544782166.377s, min_seconds_to_retain_logs=660.000s, replay_from_this_or_earlier_time_was_initialized=0, *replay_from_this_or_earlier_time=3544781506.377s, is_first_op_id_low_enough=0, is_first_op_time_early_enough=0
I0311 03:14:10.753587    29 log_util.cc:817] Found no log entry headers
I0311 03:14:10.763307    30 tablet_bootstrap.cc:1237] T 3a76ab24970d40ef859dfa774b11abe1 P 096da8680d274dba91b50831a23bfd58: Segment /mnt/tserver/yb-data/tserver/wals/table-929f7d28b7a2483c9b6c4652af3f6131/tablet-3a76ab24970d40ef859dfa774b11abe1/wal-000000004 cannot be used as the first segment to start replay with according to our OpId and retention criteria. However, this is already the earliest segment so we have to start replay here. We should probably investigate how we got into this situation. op_id=4.4, op_id_replay_lowest=-1.-1, first_op_time=3544782163.210s, min_seconds_to_retain_logs=660.000s, replay_from_this_or_earlier_time_was_initialized=1, *replay_from_this_or_earlier_time=3544781506.377s, is_first_op_id_low_enough=0, is_first_op_time_early_enough=0
I0311 03:14:10.764031    28 log_util.cc:817] Found no log entry headers
