I0311 03:40:05.855453    87 consensus_meta.cc:317] T 974d5dc4624a4cc8ba8333f193777a6e P 096da8680d274dba91b50831a23bfd58: Updating active role from FOLLOWER to FOLLOWER. Consensus state: current_term: 11 leader_uuid: "" config { opid_index: -1 peers { permanent_uuid: "096da8680d274dba91b50831a23bfd58" member_type: VOTER last_known_private_addr { host: "yb-tserver-n1" port: 9100 } cloud_info { placement_cloud: "cloud1" placement_region: "datacenter1" placement_zone: "rack1" } } }, has_pending_config = 0
I0311 03:40:05.856390    87 raft_consensus.cc:667] T 974d5dc4624a4cc8ba8333f193777a6e P 096da8680d274dba91b50831a23bfd58 [term 11 FOLLOWER]: Starting election with config: opid_index: -1 peers { permanent_uuid: "096da8680d274dba91b50831a23bfd58" member_type: VOTER last_known_private_addr { host: "yb-tserver-n1" port: 9100 } cloud_info { placement_cloud: "cloud1" placement_region: "datacenter1" placement_zone: "rack1" } }
I0311 03:40:05.862360    87 leader_election.cc:242] T 974d5dc4624a4cc8ba8333f193777a6e P 096da8680d274dba91b50831a23bfd58 [CANDIDATE]: Term 11 election: Election decided. Result: candidate won.
I0311 03:40:05.863021    11 raft_consensus.cc:3421] T 974d5dc4624a4cc8ba8333f193777a6e P 096da8680d274dba91b50831a23bfd58 [term 11 FOLLOWER]: Snoozing leader timeout detection for 3.081s
I0311 03:40:05.863680    11 raft_consensus.cc:3328] T 974d5dc4624a4cc8ba8333f193777a6e P 096da8680d274dba91b50831a23bfd58 [term 11 FOLLOWER]: Leader election won for term 11
I0311 03:40:05.864246    11 replica_state.cc:1152] T 974d5dc4624a4cc8ba8333f193777a6e P 096da8680d274dba91b50831a23bfd58 [term 11 FOLLOWER]: Reset our lease: 154.352s
I0311 03:40:05.864965    11 replica_state.cc:1414] T 974d5dc4624a4cc8ba8333f193777a6e P 096da8680d274dba91b50831a23bfd58 [term 11 FOLLOWER]: SetLeaderNoOpCommittedUnlocked(0), committed: 10.10, received: 10.10
I0311 03:40:05.865828    11 consensus_meta.cc:317] T 974d5dc4624a4cc8ba8333f193777a6e P 096da8680d274dba91b50831a23bfd58: Updating active role from FOLLOWER to LEADER. Consensus state: current_term: 11 leader_uuid: "096da8680d274dba91b50831a23bfd58" config { opid_index: -1 peers { permanent_uuid: "096da8680d274dba91b50831a23bfd58" member_type: VOTER last_known_private_addr { host: "yb-tserver-n1" port: 9100 } cloud_info { placement_cloud: "cloud1" placement_region: "datacenter1" placement_zone: "rack1" } } }, has_pending_config = 0
I0311 03:40:05.867437    11 raft_consensus.cc:3367] T 974d5dc4624a4cc8ba8333f193777a6e P 096da8680d274dba91b50831a23bfd58 [term 11 LEADER]: Calling mark dirty synchronously for reason code NEW_LEADER_ELECTED
I0311 03:40:05.869001    11 raft_consensus.cc:1059] T 974d5dc4624a4cc8ba8333f193777a6e P 096da8680d274dba91b50831a23bfd58 [term 11 LEADER]: Becoming Leader. State: Replica: 096da8680d274dba91b50831a23bfd58, State: 1, Role: LEADER, Watermarks: {Received: 10.10 Committed: 10.10} Leader: 0.0
I0311 03:40:05.869748    41 heartbeater.cc:338] P 096da8680d274dba91b50831a23bfd58: Connected to a leader master server at yb-master-n1:7100
I0311 03:40:05.870568    41 heartbeater.cc:387] P 096da8680d274dba91b50831a23bfd58: Registering TS with master...
I0311 03:40:05.871179    41 server_base.cc:541] Using private rpc address yb-tserver-n1
I0311 03:40:05.870831    11 consensus_queue.cc:271] T 974d5dc4624a4cc8ba8333f193777a6e P 096da8680d274dba91b50831a23bfd58 [LEADER]: Queue going to LEADER mode. State: All replicated op: 0.0, Majority replicated op: 10.10, Committed index: 10.10, Last applied: 10.10, Last appended: 10.10, Current term: 11, Majority size: 1, State: QUEUE_OPEN, Mode: LEADER, active raft config: opid_index: -1 peers { permanent_uuid: "096da8680d274dba91b50831a23bfd58" member_type: VOTER last_known_private_addr { host: "yb-tserver-n1" port: 9100 } cloud_info { placement_cloud: "cloud1" placement_region: "datacenter1" placement_zone: "rack1" } }
I0311 03:40:05.871773    41 server_base.cc:563] Using http address yb-tserver-n1
I0311 03:40:05.873070    11 raft_consensus.cc:1077] Sending NO_OP at op 10.10
W0311 03:40:05.879073    41 heartbeater.cc:658] P 096da8680d274dba91b50831a23bfd58: Failed to heartbeat to yb-master-n1:7100: Service unavailable (yb/tserver/heartbeater.cc:479): Master is no longer the leader: code: NOT_THE_LEADER status { code: ILLEGAL_STATE message: "Not the leader. Local UUID: e62675f7a535485386d064e83c9c9d83, Consensus state: current_term: 11 config { opid_index: -1 peers { permanent_uuid: \"e62675f7a535485386d064e83c9c9d83\" member_type: VOTER last_known_private_addr { host: \"yb-master-n1\" port: 7100 } cloud_info { placement_cloud: \"cloud1\" placement_region: \"datacenter1\" placement_zone: \"rack1\" } } }" source_file: "../../src/yb/master/scoped_leader_shared_lock.cc" source_line: 113 errors: "\000" } tries=10, num=1, masters=0x00000040152207c8 -> [[yb-master-n1:7100]], code=Service unavailable
W0311 03:40:05.884270    87 raft_consensus.cc:1374] Leader lease expiration was not set: Illegal state (yb/consensus/replica_state.cc:1345): NoOp of current term is not committed (majority_replicated_lease_expiration_ = <uninitialized>, majority_replicated_ht_lease_expiration_ = 0)
I0311 03:40:05.886235    87 replica_state.cc:1414] T 974d5dc4624a4cc8ba8333f193777a6e P 096da8680d274dba91b50831a23bfd58 [term 11 LEADER]: SetLeaderNoOpCommittedUnlocked(1), committed: 10.10, received: 11.11
I0311 03:40:05.887138    87 replica_state.cc:784] T 974d5dc4624a4cc8ba8333f193777a6e P 096da8680d274dba91b50831a23bfd58 [term 11 LEADER]: Advanced the committed_op_id across terms. Last committed operation was: 10.10 New committed index is: 11.11
I0311 03:40:06.010994    87 raft_consensus.cc:1030] T df17b40b75664e0aaa44ec6687a7a233 P 096da8680d274dba91b50831a23bfd58 [term 10 FOLLOWER]: ReportFailDetected: Starting NORMAL_ELECTION...
I0311 03:40:06.013357    87 raft_consensus.cc:627] T df17b40b75664e0aaa44ec6687a7a233 P 096da8680d274dba91b50831a23bfd58 [term 10 FOLLOWER]: Triggering leader pre-election, mode=NORMAL_ELECTION
I0311 03:40:06.014866    87 raft_consensus.cc:3421] T df17b40b75664e0aaa44ec6687a7a233 P 096da8680d274dba91b50831a23bfd58 [term 10 FOLLOWER]: Snoozing leader timeout detection for 3.288s
I0311 03:40:06.015928    87 raft_consensus.cc:667] T df17b40b75664e0aaa44ec6687a7a233 P 096da8680d274dba91b50831a23bfd58 [term 10 FOLLOWER]: Starting pre-election with config: opid_index: -1 peers { permanent_uuid: "096da8680d274dba91b50831a23bfd58" member_type: VOTER last_known_private_addr { host: "yb-tserver-n1" port: 9100 } cloud_info { placement_cloud: "cloud1" placement_region: "datacenter1" placement_zone: "rack1" } }
I0311 03:40:06.018079    87 leader_election.cc:242] T df17b40b75664e0aaa44ec6687a7a233 P 096da8680d274dba91b50831a23bfd58 [CANDIDATE]: Term 11 pre-election: Election decided. Result: candidate won.
I0311 03:40:06.019099    87 raft_consensus.cc:3421] T df17b40b75664e0aaa44ec6687a7a233 P 096da8680d274dba91b50831a23bfd58 [term 10 FOLLOWER]: Snoozing leader timeout detection for 3.060s
I0311 03:40:06.020056    87 raft_consensus.cc:3314] T df17b40b75664e0aaa44ec6687a7a233 P 096da8680d274dba91b50831a23bfd58 [term 10 FOLLOWER]: Leader pre-election won for term 11
I0311 03:40:06.020869    87 raft_consensus.cc:627] T df17b40b75664e0aaa44ec6687a7a233 P 096da8680d274dba91b50831a23bfd58 [term 10 FOLLOWER]: Triggering leader election, mode=NORMAL_ELECTION
I0311 03:40:06.021657    87 raft_consensus.cc:3421] T df17b40b75664e0aaa44ec6687a7a233 P 096da8680d274dba91b50831a23bfd58 [term 10 FOLLOWER]: Snoozing leader timeout detection for 3.203s
I0311 03:40:06.022361    87 raft_consensus.cc:3482] T df17b40b75664e0aaa44ec6687a7a233 P 096da8680d274dba91b50831a23bfd58 [term 10 FOLLOWER]: Advancing to term 11
I0311 03:40:06.030234    87 consensus_meta.cc:317] T df17b40b75664e0aaa44ec6687a7a233 P 096da8680d274dba91b50831a23bfd58: Updating active role from FOLLOWER to FOLLOWER. Consensus state: current_term: 11 leader_uuid: "" config { opid_index: -1 peers { permanent_uuid: "096da8680d274dba91b50831a23bfd58" member_type: VOTER last_known_private_addr { host: "yb-tserver-n1" port: 9100 } cloud_info { placement_cloud: "cloud1" placement_region: "datacenter1" placement_zone: "rack1" } } }, has_pending_config = 0
I0311 03:40:06.031280    87 raft_consensus.cc:667] T df17b40b75664e0aaa44ec6687a7a233 P 096da8680d274dba91b50831a23bfd58 [term 11 FOLLOWER]: Starting election with config: opid_index: -1 peers { permanent_uuid: "096da8680d274dba91b50831a23bfd58" member_type: VOTER last_known_private_addr { host: "yb-tserver-n1" port: 9100 } cloud_info { placement_cloud: "cloud1" placement_region: "datacenter1" placement_zone: "rack1" } }
I0311 03:40:06.039144    87 leader_election.cc:242] T df17b40b75664e0aaa44ec6687a7a233 P 096da8680d274dba91b50831a23bfd58 [CANDIDATE]: Term 11 election: Election decided. Result: candidate won.
I0311 03:40:06.040015    87 raft_consensus.cc:3421] T df17b40b75664e0aaa44ec6687a7a233 P 096da8680d274dba91b50831a23bfd58 [term 11 FOLLOWER]: Snoozing leader timeout detection for 3.243s
I0311 03:40:06.040732    87 raft_consensus.cc:3328] T df17b40b75664e0aaa44ec6687a7a233 P 096da8680d274dba91b50831a23bfd58 [term 11 FOLLOWER]: Leader election won for term 11
I0311 03:40:06.041575    87 replica_state.cc:1152] T df17b40b75664e0aaa44ec6687a7a233 P 096da8680d274dba91b50831a23bfd58 [term 11 FOLLOWER]: Reset our lease: 154.530s
I0311 03:40:06.042218    87 replica_state.cc:1414] T df17b40b75664e0aaa44ec6687a7a233 P 096da8680d274dba91b50831a23bfd58 [term 11 FOLLOWER]: SetLeaderNoOpCommittedUnlocked(0), committed: 10.10, received: 10.10
I0311 03:40:06.042855    87 consensus_meta.cc:317] T df17b40b75664e0aaa44ec6687a7a233 P 096da8680d274dba91b50831a23bfd58: Updating active role from FOLLOWER to LEADER. Consensus state: current_term: 11 leader_uuid: "096da8680d274dba91b50831a23bfd58" config { opid_index: -1 peers { permanent_uuid: "096da8680d274dba91b50831a23bfd58" member_type: VOTER last_known_private_addr { host: "yb-tserver-n1" port: 9100 } cloud_info { placement_cloud: "cloud1" placement_region: "datacenter1" placement_zone: "rack1" } } }, has_pending_config = 0
I0311 03:40:06.043711    87 raft_consensus.cc:3367] T df17b40b75664e0aaa44ec6687a7a233 P 096da8680d274dba91b50831a23bfd58 [term 11 LEADER]: Calling mark dirty synchronously for reason code NEW_LEADER_ELECTED
I0311 03:40:06.044881    87 raft_consensus.cc:1059] T df17b40b75664e0aaa44ec6687a7a233 P 096da8680d274dba91b50831a23bfd58 [term 11 LEADER]: Becoming Leader. State: Replica: 096da8680d274dba91b50831a23bfd58, State: 1, Role: LEADER, Watermarks: {Received: 10.10 Committed: 10.10} Leader: 0.0
I0311 03:40:06.045639    87 consensus_queue.cc:271] T df17b40b75664e0aaa44ec6687a7a233 P 096da8680d274dba91b50831a23bfd58 [LEADER]: Queue going to LEADER mode. State: All replicated op: 0.0, Majority replicated op: 10.10, Committed index: 10.10, Last applied: 10.10, Last appended: 10.10, Current term: 11, Majority size: 1, State: QUEUE_OPEN, Mode: LEADER, active raft config: opid_index: -1 peers { permanent_uuid: "096da8680d274dba91b50831a23bfd58" member_type: VOTER last_known_private_addr { host: "yb-tserver-n1" port: 9100 } cloud_info { placement_cloud: "cloud1" placement_region: "datacenter1" placement_zone: "rack1" } }
I0311 03:40:06.045903    41 heartbeater.cc:338] P 096da8680d274dba91b50831a23bfd58: Connected to a leader master server at yb-master-n1:7100
I0311 03:40:06.046545    87 raft_consensus.cc:1077] Sending NO_OP at op 10.10
I0311 03:40:06.047008    41 heartbeater.cc:387] P 096da8680d274dba91b50831a23bfd58: Registering TS with master...
I0311 03:40:06.048108    41 server_base.cc:541] Using private rpc address yb-tserver-n1
I0311 03:40:06.048775    41 server_base.cc:563] Using http address yb-tserver-n1
W0311 03:40:06.049835    11 raft_consensus.cc:1374] Leader lease expiration was not set: Illegal state (yb/consensus/replica_state.cc:1345): NoOp of current term is not committed (majority_replicated_lease_expiration_ = <uninitialized>, majority_replicated_ht_lease_expiration_ = 0)
I0311 03:40:06.051225    11 replica_state.cc:1414] T df17b40b75664e0aaa44ec6687a7a233 P 096da8680d274dba91b50831a23bfd58 [term 11 LEADER]: SetLeaderNoOpCommittedUnlocked(1), committed: 10.10, received: 11.11
W0311 03:40:06.051393    41 heartbeater.cc:658] P 096da8680d274dba91b50831a23bfd58: Failed to heartbeat to yb-master-n1:7100: Service unavailable (yb/tserver/heartbeater.cc:479): Master is no longer the leader: code: NOT_THE_LEADER status { code: ILLEGAL_STATE message: "Not the leader. Local UUID: e62675f7a535485386d064e83c9c9d83, Consensus state: current_term: 11 config { opid_index: -1 peers { permanent_uuid: \"e62675f7a535485386d064e83c9c9d83\" member_type: VOTER last_known_private_addr { host: \"yb-master-n1\" port: 7100 } cloud_info { placement_cloud: \"cloud1\" placement_region: \"datacenter1\" placement_zone: \"rack1\" } } }" source_file: "../../src/yb/master/scoped_leader_shared_lock.cc" source_line: 113 errors: "\000" } tries=11, num=1, masters=0x00000040152207c8 -> [[yb-master-n1:7100]], code=Service unavailable
I0311 03:40:06.052003    11 replica_state.cc:784] T df17b40b75664e0aaa44ec6687a7a233 P 096da8680d274dba91b50831a23bfd58 [term 11 LEADER]: Advanced the committed_op_id across terms. Last committed operation was: 10.10 New committed index is: 11.11
I0311 03:40:06.204469    11 raft_consensus.cc:1030] T e778eac89ca24f2993340a6d09c687f8 P 096da8680d274dba91b50831a23bfd58 [term 10 FOLLOWER]: ReportFailDetected: Starting NORMAL_ELECTION...
I0311 03:40:06.206144    11 raft_consensus.cc:627] T e778eac89ca24f2993340a6d09c687f8 P 096da8680d274dba91b50831a23bfd58 [term 10 FOLLOWER]: Triggering leader pre-election, mode=NORMAL_ELECTION
I0311 03:40:06.207490    11 raft_consensus.cc:3421] T e778eac89ca24f2993340a6d09c687f8 P 096da8680d274dba91b50831a23bfd58 [term 10 FOLLOWER]: Snoozing leader timeout detection for 3.295s
I0311 03:40:06.208834    11 raft_consensus.cc:667] T e778eac89ca24f2993340a6d09c687f8 P 096da8680d274dba91b50831a23bfd58 [term 10 FOLLOWER]: Starting pre-election with config: opid_index: -1 peers { permanent_uuid: "096da8680d274dba91b50831a23bfd58" member_type: VOTER last_known_private_addr { host: "yb-tserver-n1" port: 9100 } cloud_info { placement_cloud: "cloud1" placement_region: "datacenter1" placement_zone: "rack1" } }
I0311 03:40:06.211855    11 leader_election.cc:242] T e778eac89ca24f2993340a6d09c687f8 P 096da8680d274dba91b50831a23bfd58 [CANDIDATE]: Term 11 pre-election: Election decided. Result: candidate won.
I0311 03:40:06.214509    11 raft_consensus.cc:3421] T e778eac89ca24f2993340a6d09c687f8 P 096da8680d274dba91b50831a23bfd58 [term 10 FOLLOWER]: Snoozing leader timeout detection for 3.030s
I0311 03:40:06.216571    11 raft_consensus.cc:3314] T e778eac89ca24f2993340a6d09c687f8 P 096da8680d274dba91b50831a23bfd58 [term 10 FOLLOWER]: Leader pre-election won for term 11
I0311 03:40:06.219748    11 raft_consensus.cc:627] T e778eac89ca24f2993340a6d09c687f8 P 096da8680d274dba91b50831a23bfd58 [term 10 FOLLOWER]: Triggering leader election, mode=NORMAL_ELECTION
I0311 03:40:06.220943    11 raft_consensus.cc:3421] T e778eac89ca24f2993340a6d09c687f8 P 096da8680d274dba91b50831a23bfd58 [term 10 FOLLOWER]: Snoozing leader timeout detection for 3.130s
I0311 03:40:06.222487    11 raft_consensus.cc:3482] T e778eac89ca24f2993340a6d09c687f8 P 096da8680d274dba91b50831a23bfd58 [term 10 FOLLOWER]: Advancing to term 11
I0311 03:40:06.231254    11 consensus_meta.cc:317] T e778eac89ca24f2993340a6d09c687f8 P 096da8680d274dba91b50831a23bfd58: Updating active role from FOLLOWER to FOLLOWER. Consensus state: current_term: 11 leader_uuid: "" config { opid_index: -1 peers { permanent_uuid: "096da8680d274dba91b50831a23bfd58" member_type: VOTER last_known_private_addr { host: "yb-tserver-n1" port: 9100 } cloud_info { placement_cloud: "cloud1" placement_region: "datacenter1" placement_zone: "rack1" } } }, has_pending_config = 0
I0311 03:40:06.232508    11 raft_consensus.cc:667] T e778eac89ca24f2993340a6d09c687f8 P 096da8680d274dba91b50831a23bfd58 [term 11 FOLLOWER]: Starting election with config: opid_index: -1 peers { permanent_uuid: "096da8680d274dba91b50831a23bfd58" member_type: VOTER last_known_private_addr { host: "yb-tserver-n1" port: 9100 } cloud_info { placement_cloud: "cloud1" placement_region: "datacenter1" placement_zone: "rack1" } }
I0311 03:40:06.239615    11 leader_election.cc:242] T e778eac89ca24f2993340a6d09c687f8 P 096da8680d274dba91b50831a23bfd58 [CANDIDATE]: Term 11 election: Election decided. Result: candidate won.
I0311 03:40:06.240527    11 raft_consensus.cc:3421] T e778eac89ca24f2993340a6d09c687f8 P 096da8680d274dba91b50831a23bfd58 [term 11 FOLLOWER]: Snoozing leader timeout detection for 3.102s
I0311 03:40:06.241372    11 raft_consensus.cc:3328] T e778eac89ca24f2993340a6d09c687f8 P 096da8680d274dba91b50831a23bfd58 [term 11 FOLLOWER]: Leader election won for term 11
I0311 03:40:06.242108    11 replica_state.cc:1152] T e778eac89ca24f2993340a6d09c687f8 P 096da8680d274dba91b50831a23bfd58 [term 11 FOLLOWER]: Reset our lease: 154.730s
I0311 03:40:06.242897    11 replica_state.cc:1414] T e778eac89ca24f2993340a6d09c687f8 P 096da8680d274dba91b50831a23bfd58 [term 11 FOLLOWER]: SetLeaderNoOpCommittedUnlocked(0), committed: 10.10, received: 10.10
I0311 03:40:06.243705    11 consensus_meta.cc:317] T e778eac89ca24f2993340a6d09c687f8 P 096da8680d274dba91b50831a23bfd58: Updating active role from FOLLOWER to LEADER. Consensus state: current_term: 11 leader_uuid: "096da8680d274dba91b50831a23bfd58" config { opid_index: -1 peers { permanent_uuid: "096da8680d274dba91b50831a23bfd58" member_type: VOTER last_known_private_addr { host: "yb-tserver-n1" port: 9100 } cloud_info { placement_cloud: "cloud1" placement_region: "datacenter1" placement_zone: "rack1" } } }, has_pending_config = 0
I0311 03:40:06.244454    11 raft_consensus.cc:3367] T e778eac89ca24f2993340a6d09c687f8 P 096da8680d274dba91b50831a23bfd58 [term 11 LEADER]: Calling mark dirty synchronously for reason code NEW_LEADER_ELECTED
I0311 03:40:06.245112    11 raft_consensus.cc:1059] T e778eac89ca24f2993340a6d09c687f8 P 096da8680d274dba91b50831a23bfd58 [term 11 LEADER]: Becoming Leader. State: Replica: 096da8680d274dba91b50831a23bfd58, State: 1, Role: LEADER, Watermarks: {Received: 10.10 Committed: 10.10} Leader: 0.0
I0311 03:40:06.245702    11 consensus_queue.cc:271] T e778eac89ca24f2993340a6d09c687f8 P 096da8680d274dba91b50831a23bfd58 [LEADER]: Queue going to LEADER mode. State: All replicated op: 0.0, Majority replicated op: 10.10, Committed index: 10.10, Last applied: 10.10, Last appended: 10.10, Current term: 11, Majority size: 1, State: QUEUE_OPEN, Mode: LEADER, active raft config: opid_index: -1 peers { permanent_uuid: "096da8680d274dba91b50831a23bfd58" member_type: VOTER last_known_private_addr { host: "yb-tserver-n1" port: 9100 } cloud_info { placement_cloud: "cloud1" placement_region: "datacenter1" placement_zone: "rack1" } }
I0311 03:40:06.246098    41 heartbeater.cc:338] P 096da8680d274dba91b50831a23bfd58: Connected to a leader master server at yb-master-n1:7100
I0311 03:40:06.246958    11 raft_consensus.cc:1077] Sending NO_OP at op 10.10
I0311 03:40:06.247589    41 heartbeater.cc:387] P 096da8680d274dba91b50831a23bfd58: Registering TS with master...
I0311 03:40:06.248785    41 server_base.cc:541] Using private rpc address yb-tserver-n1
I0311 03:40:06.249548    41 server_base.cc:563] Using http address yb-tserver-n1
W0311 03:40:06.250339    87 raft_consensus.cc:1374] Leader lease expiration was not set: Illegal state (yb/consensus/replica_state.cc:1345): NoOp of current term is not committed (majority_replicated_lease_expiration_ = <uninitialized>, majority_replicated_ht_lease_expiration_ = 0)
I0311 03:40:06.251746    87 replica_state.cc:1414] T e778eac89ca24f2993340a6d09c687f8 P 096da8680d274dba91b50831a23bfd58 [term 11 LEADER]: SetLeaderNoOpCommittedUnlocked(1), committed: 10.10, received: 11.11
I0311 03:40:06.252468    87 replica_state.cc:784] T e778eac89ca24f2993340a6d09c687f8 P 096da8680d274dba91b50831a23bfd58 [term 11 LEADER]: Advanced the committed_op_id across terms. Last committed operation was: 10.10 New committed index is: 11.11
W0311 03:40:06.255260    41 heartbeater.cc:658] P 096da8680d274dba91b50831a23bfd58: Failed to heartbeat to yb-master-n1:7100: Service unavailable (yb/tserver/heartbeater.cc:479): Master is no longer the leader: code: NOT_THE_LEADER status { code: ILLEGAL_STATE message: "Not the leader. Local UUID: e62675f7a535485386d064e83c9c9d83, Consensus state: current_term: 11 config { opid_index: -1 peers { permanent_uuid: \"e62675f7a535485386d064e83c9c9d83\" member_type: VOTER last_known_private_addr { host: \"yb-master-n1\" port: 7100 } cloud_info { placement_cloud: \"cloud1\" placement_region: \"datacenter1\" placement_zone: \"rack1\" } } }" source_file: "../../src/yb/master/scoped_leader_shared_lock.cc" source_line: 113 errors: "\000" } tries=12, num=1, masters=0x00000040152207c8 -> [[yb-master-n1:7100]], code=Service unavailable
I0311 03:40:06.336985    87 raft_consensus.cc:1030] T ef19613afa234c5d943034489b070927 P 096da8680d274dba91b50831a23bfd58 [term 10 FOLLOWER]: ReportFailDetected: Starting NORMAL_ELECTION...
I0311 03:40:06.337594    87 raft_consensus.cc:627] T ef19613afa234c5d943034489b070927 P 096da8680d274dba91b50831a23bfd58 [term 10 FOLLOWER]: Triggering leader pre-election, mode=NORMAL_ELECTION
I0311 03:40:06.338104    87 raft_consensus.cc:3421] T ef19613afa234c5d943034489b070927 P 096da8680d274dba91b50831a23bfd58 [term 10 FOLLOWER]: Snoozing leader timeout detection for 3.236s
I0311 03:40:06.338634    87 raft_consensus.cc:667] T ef19613afa234c5d943034489b070927 P 096da8680d274dba91b50831a23bfd58 [term 10 FOLLOWER]: Starting pre-election with config: opid_index: -1 peers { permanent_uuid: "096da8680d274dba91b50831a23bfd58" member_type: VOTER last_known_private_addr { host: "yb-tserver-n1" port: 9100 } cloud_info { placement_cloud: "cloud1" placement_region: "datacenter1" placement_zone: "rack1" } }
I0311 03:40:06.339203    87 leader_election.cc:242] T ef19613afa234c5d943034489b070927 P 096da8680d274dba91b50831a23bfd58 [CANDIDATE]: Term 11 pre-election: Election decided. Result: candidate won.
I0311 03:40:06.339691    11 raft_consensus.cc:3421] T ef19613afa234c5d943034489b070927 P 096da8680d274dba91b50831a23bfd58 [term 10 FOLLOWER]: Snoozing leader timeout detection for 3.074s
I0311 03:40:06.340198    11 raft_consensus.cc:3314] T ef19613afa234c5d943034489b070927 P 096da8680d274dba91b50831a23bfd58 [term 10 FOLLOWER]: Leader pre-election won for term 11
I0311 03:40:06.340644    11 raft_consensus.cc:627] T ef19613afa234c5d943034489b070927 P 096da8680d274dba91b50831a23bfd58 [term 10 FOLLOWER]: Triggering leader election, mode=NORMAL_ELECTION
I0311 03:40:06.341495    11 raft_consensus.cc:3421] T ef19613afa234c5d943034489b070927 P 096da8680d274dba91b50831a23bfd58 [term 10 FOLLOWER]: Snoozing leader timeout detection for 3.261s
I0311 03:40:06.342028    11 raft_consensus.cc:3482] T ef19613afa234c5d943034489b070927 P 096da8680d274dba91b50831a23bfd58 [term 10 FOLLOWER]: Advancing to term 11
I0311 03:40:06.346647    11 consensus_meta.cc:317] T ef19613afa234c5d943034489b070927 P 096da8680d274dba91b50831a23bfd58: Updating active role from FOLLOWER to FOLLOWER. Consensus state: current_term: 11 leader_uuid: "" config { opid_index: -1 peers { permanent_uuid: "096da8680d274dba91b50831a23bfd58" member_type: VOTER last_known_private_addr { host: "yb-tserver-n1" port: 9100 } cloud_info { placement_cloud: "cloud1" placement_region: "datacenter1" placement_zone: "rack1" } } }, has_pending_config = 0
I0311 03:40:06.347164    11 raft_consensus.cc:667] T ef19613afa234c5d943034489b070927 P 096da8680d274dba91b50831a23bfd58 [term 11 FOLLOWER]: Starting election with config: opid_index: -1 peers { permanent_uuid: "096da8680d274dba91b50831a23bfd58" member_type: VOTER last_known_private_addr { host: "yb-tserver-n1" port: 9100 } cloud_info { placement_cloud: "cloud1" placement_region: "datacenter1" placement_zone: "rack1" } }
I0311 03:40:06.350687    11 leader_election.cc:242] T ef19613afa234c5d943034489b070927 P 096da8680d274dba91b50831a23bfd58 [CANDIDATE]: Term 11 election: Election decided. Result: candidate won.
I0311 03:40:06.351125    11 raft_consensus.cc:3421] T ef19613afa234c5d943034489b070927 P 096da8680d274dba91b50831a23bfd58 [term 11 FOLLOWER]: Snoozing leader timeout detection for 3.077s
I0311 03:40:06.351604    11 raft_consensus.cc:3328] T ef19613afa234c5d943034489b070927 P 096da8680d274dba91b50831a23bfd58 [term 11 FOLLOWER]: Leader election won for term 11
I0311 03:40:06.352084    11 replica_state.cc:1152] T ef19613afa234c5d943034489b070927 P 096da8680d274dba91b50831a23bfd58 [term 11 FOLLOWER]: Reset our lease: 154.840s
I0311 03:40:06.352576    11 replica_state.cc:1414] T ef19613afa234c5d943034489b070927 P 096da8680d274dba91b50831a23bfd58 [term 11 FOLLOWER]: SetLeaderNoOpCommittedUnlocked(0), committed: 10.10, received: 10.10
I0311 03:40:06.353016    11 consensus_meta.cc:317] T ef19613afa234c5d943034489b070927 P 096da8680d274dba91b50831a23bfd58: Updating active role from FOLLOWER to LEADER. Consensus state: current_term: 11 leader_uuid: "096da8680d274dba91b50831a23bfd58" config { opid_index: -1 peers { permanent_uuid: "096da8680d274dba91b50831a23bfd58" member_type: VOTER last_known_private_addr { host: "yb-tserver-n1" port: 9100 } cloud_info { placement_cloud: "cloud1" placement_region: "datacenter1" placement_zone: "rack1" } } }, has_pending_config = 0
I0311 03:40:06.353483    11 raft_consensus.cc:3367] T ef19613afa234c5d943034489b070927 P 096da8680d274dba91b50831a23bfd58 [term 11 LEADER]: Calling mark dirty synchronously for reason code NEW_LEADER_ELECTED
I0311 03:40:06.353927    11 raft_consensus.cc:1059] T ef19613afa234c5d943034489b070927 P 096da8680d274dba91b50831a23bfd58 [term 11 LEADER]: Becoming Leader. State: Replica: 096da8680d274dba91b50831a23bfd58, State: 1, Role: LEADER, Watermarks: {Received: 10.10 Committed: 10.10} Leader: 0.0
I0311 03:40:06.354390    11 consensus_queue.cc:271] T ef19613afa234c5d943034489b070927 P 096da8680d274dba91b50831a23bfd58 [LEADER]: Queue going to LEADER mode. State: All replicated op: 0.0, Majority replicated op: 10.10, Committed index: 10.10, Last applied: 10.10, Last appended: 10.10, Current term: 11, Majority size: 1, State: QUEUE_OPEN, Mode: LEADER, active raft config: opid_index: -1 peers { permanent_uuid: "096da8680d274dba91b50831a23bfd58" member_type: VOTER last_known_private_addr { host: "yb-tserver-n1" port: 9100 } cloud_info { placement_cloud: "cloud1" placement_region: "datacenter1" placement_zone: "rack1" } }
I0311 03:40:06.354668    41 heartbeater.cc:338] P 096da8680d274dba91b50831a23bfd58: Connected to a leader master server at yb-master-n1:7100
I0311 03:40:06.354938    11 raft_consensus.cc:1077] Sending NO_OP at op 10.10
I0311 03:40:06.355759    41 heartbeater.cc:387] P 096da8680d274dba91b50831a23bfd58: Registering TS with master...
I0311 03:40:06.356590    41 server_base.cc:541] Using private rpc address yb-tserver-n1
I0311 03:40:06.357021    41 server_base.cc:563] Using http address yb-tserver-n1
W0311 03:40:06.357631    87 raft_consensus.cc:1374] Leader lease expiration was not set: Illegal state (yb/consensus/replica_state.cc:1345): NoOp of current term is not committed (majority_replicated_lease_expiration_ = <uninitialized>, majority_replicated_ht_lease_expiration_ = 0)
I0311 03:40:06.358683    87 replica_state.cc:1414] T ef19613afa234c5d943034489b070927 P 096da8680d274dba91b50831a23bfd58 [term 11 LEADER]: SetLeaderNoOpCommittedUnlocked(1), committed: 10.10, received: 11.11
I0311 03:40:06.359073    87 replica_state.cc:784] T ef19613afa234c5d943034489b070927 P 096da8680d274dba91b50831a23bfd58 [term 11 LEADER]: Advanced the committed_op_id across terms. Last committed operation was: 10.10 New committed index is: 11.11
W0311 03:40:06.359257    41 heartbeater.cc:658] P 096da8680d274dba91b50831a23bfd58: Failed to heartbeat to yb-master-n1:7100: Service unavailable (yb/tserver/heartbeater.cc:479): Master is no longer the leader: code: NOT_THE_LEADER status { code: LEADER_NOT_READY_TO_SERVE message: "Leader not yet replicated NoOp to be ready to serve requests" source_file: "../../src/yb/consensus/consensus.cc" source_line: 166 errors: "\000" } tries=13, num=1, masters=0x00000040152207c8 -> [[yb-master-n1:7100]], code=Service unavailable
I0311 03:40:06.359534    11 raft_consensus.cc:1030] T c47912c0b2714f58b34c56d0e2dc9025 P 096da8680d274dba91b50831a23bfd58 [term 10 FOLLOWER]: ReportFailDetected: Starting NORMAL_ELECTION...
I0311 03:40:06.360575    11 raft_consensus.cc:627] T c47912c0b2714f58b34c56d0e2dc9025 P 096da8680d274dba91b50831a23bfd58 [term 10 FOLLOWER]: Triggering leader pre-election, mode=NORMAL_ELECTION
I0311 03:40:06.360889    11 raft_consensus.cc:3421] T c47912c0b2714f58b34c56d0e2dc9025 P 096da8680d274dba91b50831a23bfd58 [term 10 FOLLOWER]: Snoozing leader timeout detection for 3.230s
I0311 03:40:06.361522    11 raft_consensus.cc:667] T c47912c0b2714f58b34c56d0e2dc9025 P 096da8680d274dba91b50831a23bfd58 [term 10 FOLLOWER]: Starting pre-election with config: opid_index: -1 peers { permanent_uuid: "096da8680d274dba91b50831a23bfd58" member_type: VOTER last_known_private_addr { host: "yb-tserver-n1" port: 9100 } cloud_info { placement_cloud: "cloud1" placement_region: "datacenter1" placement_zone: "rack1" } }
I0311 03:40:06.361961    11 leader_election.cc:242] T c47912c0b2714f58b34c56d0e2dc9025 P 096da8680d274dba91b50831a23bfd58 [CANDIDATE]: Term 11 pre-election: Election decided. Result: candidate won.
I0311 03:40:06.362475    11 raft_consensus.cc:3421] T c47912c0b2714f58b34c56d0e2dc9025 P 096da8680d274dba91b50831a23bfd58 [term 10 FOLLOWER]: Snoozing leader timeout detection for 3.102s
I0311 03:40:06.362821    11 raft_consensus.cc:3314] T c47912c0b2714f58b34c56d0e2dc9025 P 096da8680d274dba91b50831a23bfd58 [term 10 FOLLOWER]: Leader pre-election won for term 11
I0311 03:40:06.363211    11 raft_consensus.cc:627] T c47912c0b2714f58b34c56d0e2dc9025 P 096da8680d274dba91b50831a23bfd58 [term 10 FOLLOWER]: Triggering leader election, mode=NORMAL_ELECTION
I0311 03:40:06.363612    11 raft_consensus.cc:3421] T c47912c0b2714f58b34c56d0e2dc9025 P 096da8680d274dba91b50831a23bfd58 [term 10 FOLLOWER]: Snoozing leader timeout detection for 3.101s
I0311 03:40:06.364037    11 raft_consensus.cc:3482] T c47912c0b2714f58b34c56d0e2dc9025 P 096da8680d274dba91b50831a23bfd58 [term 10 FOLLOWER]: Advancing to term 11
I0311 03:40:06.367519    11 consensus_meta.cc:317] T c47912c0b2714f58b34c56d0e2dc9025 P 096da8680d274dba91b50831a23bfd58: Updating active role from FOLLOWER to FOLLOWER. Consensus state: current_term: 11 leader_uuid: "" config { opid_index: -1 peers { permanent_uuid: "096da8680d274dba91b50831a23bfd58" member_type: VOTER last_known_private_addr { host: "yb-tserver-n1" port: 9100 } cloud_info { placement_cloud: "cloud1" placement_region: "datacenter1" placement_zone: "rack1" } } }, has_pending_config = 0
I0311 03:40:06.368238    11 raft_consensus.cc:667] T c47912c0b2714f58b34c56d0e2dc9025 P 096da8680d274dba91b50831a23bfd58 [term 11 FOLLOWER]: Starting election with config: opid_index: -1 peers { permanent_uuid: "096da8680d274dba91b50831a23bfd58" member_type: VOTER last_known_private_addr { host: "yb-tserver-n1" port: 9100 } cloud_info { placement_cloud: "cloud1" placement_region: "datacenter1" placement_zone: "rack1" } }
I0311 03:40:06.371412    11 leader_election.cc:242] T c47912c0b2714f58b34c56d0e2dc9025 P 096da8680d274dba91b50831a23bfd58 [CANDIDATE]: Term 11 election: Election decided. Result: candidate won.
I0311 03:40:06.371790    11 raft_consensus.cc:3421] T c47912c0b2714f58b34c56d0e2dc9025 P 096da8680d274dba91b50831a23bfd58 [term 11 FOLLOWER]: Snoozing leader timeout detection for 3.225s
I0311 03:40:06.372130    11 raft_consensus.cc:3328] T c47912c0b2714f58b34c56d0e2dc9025 P 096da8680d274dba91b50831a23bfd58 [term 11 FOLLOWER]: Leader election won for term 11
I0311 03:40:06.372454    11 replica_state.cc:1152] T c47912c0b2714f58b34c56d0e2dc9025 P 096da8680d274dba91b50831a23bfd58 [term 11 FOLLOWER]: Reset our lease: 154.861s
I0311 03:40:06.372819    11 replica_state.cc:1414] T c47912c0b2714f58b34c56d0e2dc9025 P 096da8680d274dba91b50831a23bfd58 [term 11 FOLLOWER]: SetLeaderNoOpCommittedUnlocked(0), committed: 10.10, received: 10.10
I0311 03:40:06.373158    11 consensus_meta.cc:317] T c47912c0b2714f58b34c56d0e2dc9025 P 096da8680d274dba91b50831a23bfd58: Updating active role from FOLLOWER to LEADER. Consensus state: current_term: 11 leader_uuid: "096da8680d274dba91b50831a23bfd58" config { opid_index: -1 peers { permanent_uuid: "096da8680d274dba91b50831a23bfd58" member_type: VOTER last_known_private_addr { host: "yb-tserver-n1" port: 9100 } cloud_info { placement_cloud: "cloud1" placement_region: "datacenter1" placement_zone: "rack1" } } }, has_pending_config = 0
I0311 03:40:06.373550    11 raft_consensus.cc:3367] T c47912c0b2714f58b34c56d0e2dc9025 P 096da8680d274dba91b50831a23bfd58 [term 11 LEADER]: Calling mark dirty synchronously for reason code NEW_LEADER_ELECTED
I0311 03:40:06.373884    11 raft_consensus.cc:1059] T c47912c0b2714f58b34c56d0e2dc9025 P 096da8680d274dba91b50831a23bfd58 [term 11 LEADER]: Becoming Leader. State: Replica: 096da8680d274dba91b50831a23bfd58, State: 1, Role: LEADER, Watermarks: {Received: 10.10 Committed: 10.10} Leader: 0.0
I0311 03:40:06.374275    11 consensus_queue.cc:271] T c47912c0b2714f58b34c56d0e2dc9025 P 096da8680d274dba91b50831a23bfd58 [LEADER]: Queue going to LEADER mode. State: All replicated op: 0.0, Majority replicated op: 10.10, Committed index: 10.10, Last applied: 10.10, Last appended: 10.10, Current term: 11, Majority size: 1, State: QUEUE_OPEN, Mode: LEADER, active raft config: opid_index: -1 peers { permanent_uuid: "096da8680d274dba91b50831a23bfd58" member_type: VOTER last_known_private_addr { host: "yb-tserver-n1" port: 9100 } cloud_info { placement_cloud: "cloud1" placement_region: "datacenter1" placement_zone: "rack1" } }
I0311 03:40:06.374478    41 heartbeater.cc:338] P 096da8680d274dba91b50831a23bfd58: Connected to a leader master server at yb-master-n1:7100
I0311 03:40:06.374704    11 raft_consensus.cc:1077] Sending NO_OP at op 10.10
I0311 03:40:06.374975    41 heartbeater.cc:387] P 096da8680d274dba91b50831a23bfd58: Registering TS with master...
I0311 03:40:06.375568    41 server_base.cc:541] Using private rpc address yb-tserver-n1
I0311 03:40:06.375937    41 server_base.cc:563] Using http address yb-tserver-n1
W0311 03:40:06.376389    87 raft_consensus.cc:1374] Leader lease expiration was not set: Illegal state (yb/consensus/replica_state.cc:1345): NoOp of current term is not committed (majority_replicated_lease_expiration_ = <uninitialized>, majority_replicated_ht_lease_expiration_ = 0)
I0311 03:40:06.377128    87 replica_state.cc:1414] T c47912c0b2714f58b34c56d0e2dc9025 P 096da8680d274dba91b50831a23bfd58 [term 11 LEADER]: SetLeaderNoOpCommittedUnlocked(1), committed: 10.10, received: 11.11
I0311 03:40:06.377862    87 replica_state.cc:784] T c47912c0b2714f58b34c56d0e2dc9025 P 096da8680d274dba91b50831a23bfd58 [term 11 LEADER]: Advanced the committed_op_id across terms. Last committed operation was: 10.10 New committed index is: 11.11
W0311 03:40:06.379714    41 heartbeater.cc:658] P 096da8680d274dba91b50831a23bfd58: Failed to heartbeat to yb-master-n1:7100: Service unavailable (yb/tserver/heartbeater.cc:479): Master is no longer the leader: code: NOT_THE_LEADER status { code: LEADER_NOT_READY_TO_SERVE message: "Leader not yet ready to serve requests: leader_ready_term_ = -1; cstate.current_term = 12" source_file: "../../src/yb/master/scoped_leader_shared_lock.cc" source_line: 130 errors: "\000" } tries=14, num=1, masters=0x00000040152207c8 -> [[yb-master-n1:7100]], code=Service unavailable
I0311 03:40:06.430541    87 raft_consensus.cc:1030] T 22d66049cb9c4419a35469ea8c2c36bc P 096da8680d274dba91b50831a23bfd58 [term 10 FOLLOWER]: ReportFailDetected: Starting NORMAL_ELECTION...
I0311 03:40:06.430991    87 raft_consensus.cc:627] T 22d66049cb9c4419a35469ea8c2c36bc P 096da8680d274dba91b50831a23bfd58 [term 10 FOLLOWER]: Triggering leader pre-election, mode=NORMAL_ELECTION
I0311 03:40:06.431335    87 raft_consensus.cc:3421] T 22d66049cb9c4419a35469ea8c2c36bc P 096da8680d274dba91b50831a23bfd58 [term 10 FOLLOWER]: Snoozing leader timeout detection for 3.040s
I0311 03:40:06.431727    87 raft_consensus.cc:667] T 22d66049cb9c4419a35469ea8c2c36bc P 096da8680d274dba91b50831a23bfd58 [term 10 FOLLOWER]: Starting pre-election with config: opid_index: -1 peers { permanent_uuid: "096da8680d274dba91b50831a23bfd58" member_type: VOTER last_known_private_addr { host: "yb-tserver-n1" port: 9100 } cloud_info { placement_cloud: "cloud1" placement_region: "datacenter1" placement_zone: "rack1" } }
I0311 03:40:06.432161    87 leader_election.cc:242] T 22d66049cb9c4419a35469ea8c2c36bc P 096da8680d274dba91b50831a23bfd58 [CANDIDATE]: Term 11 pre-election: Election decided. Result: candidate won.
I0311 03:40:06.432533    87 raft_consensus.cc:3421] T 22d66049cb9c4419a35469ea8c2c36bc P 096da8680d274dba91b50831a23bfd58 [term 10 FOLLOWER]: Snoozing leader timeout detection for 3.254s
I0311 03:40:06.432876    87 raft_consensus.cc:3314] T 22d66049cb9c4419a35469ea8c2c36bc P 096da8680d274dba91b50831a23bfd58 [term 10 FOLLOWER]: Leader pre-election won for term 11
I0311 03:40:06.433185    87 raft_consensus.cc:627] T 22d66049cb9c4419a35469ea8c2c36bc P 096da8680d274dba91b50831a23bfd58 [term 10 FOLLOWER]: Triggering leader election, mode=NORMAL_ELECTION
I0311 03:40:06.433459    87 raft_consensus.cc:3421] T 22d66049cb9c4419a35469ea8c2c36bc P 096da8680d274dba91b50831a23bfd58 [term 10 FOLLOWER]: Snoozing leader timeout detection for 3.159s
I0311 03:40:06.433825    87 raft_consensus.cc:3482] T 22d66049cb9c4419a35469ea8c2c36bc P 096da8680d274dba91b50831a23bfd58 [term 10 FOLLOWER]: Advancing to term 11
I0311 03:40:06.437235    87 consensus_meta.cc:317] T 22d66049cb9c4419a35469ea8c2c36bc P 096da8680d274dba91b50831a23bfd58: Updating active role from FOLLOWER to FOLLOWER. Consensus state: current_term: 11 leader_uuid: "" config { opid_index: -1 peers { permanent_uuid: "096da8680d274dba91b50831a23bfd58" member_type: VOTER last_known_private_addr { host: "yb-tserver-n1" port: 9100 } cloud_info { placement_cloud: "cloud1" placement_region: "datacenter1" placement_zone: "rack1" } } }, has_pending_config = 0
I0311 03:40:06.437667    87 raft_consensus.cc:667] T 22d66049cb9c4419a35469ea8c2c36bc P 096da8680d274dba91b50831a23bfd58 [term 11 FOLLOWER]: Starting election with config: opid_index: -1 peers { permanent_uuid: "096da8680d274dba91b50831a23bfd58" member_type: VOTER last_known_private_addr { host: "yb-tserver-n1" port: 9100 } cloud_info { placement_cloud: "cloud1" placement_region: "datacenter1" placement_zone: "rack1" } }
I0311 03:40:06.441095    87 leader_election.cc:242] T 22d66049cb9c4419a35469ea8c2c36bc P 096da8680d274dba91b50831a23bfd58 [CANDIDATE]: Term 11 election: Election decided. Result: candidate won.
I0311 03:40:06.441785    87 raft_consensus.cc:3421] T 22d66049cb9c4419a35469ea8c2c36bc P 096da8680d274dba91b50831a23bfd58 [term 11 FOLLOWER]: Snoozing leader timeout detection for 3.272s
I0311 03:40:06.442205    87 raft_consensus.cc:3328] T 22d66049cb9c4419a35469ea8c2c36bc P 096da8680d274dba91b50831a23bfd58 [term 11 FOLLOWER]: Leader election won for term 11
I0311 03:40:06.442584    87 replica_state.cc:1152] T 22d66049cb9c4419a35469ea8c2c36bc P 096da8680d274dba91b50831a23bfd58 [term 11 FOLLOWER]: Reset our lease: 154.931s
I0311 03:40:06.442950    87 replica_state.cc:1414] T 22d66049cb9c4419a35469ea8c2c36bc P 096da8680d274dba91b50831a23bfd58 [term 11 FOLLOWER]: SetLeaderNoOpCommittedUnlocked(0), committed: 10.10, received: 10.10
I0311 03:40:06.443327    87 consensus_meta.cc:317] T 22d66049cb9c4419a35469ea8c2c36bc P 096da8680d274dba91b50831a23bfd58: Updating active role from FOLLOWER to LEADER. Consensus state: current_term: 11 leader_uuid: "096da8680d274dba91b50831a23bfd58" config { opid_index: -1 peers { permanent_uuid: "096da8680d274dba91b50831a23bfd58" member_type: VOTER last_known_private_addr { host: "yb-tserver-n1" port: 9100 } cloud_info { placement_cloud: "cloud1" placement_region: "datacenter1" placement_zone: "rack1" } } }, has_pending_config = 0
I0311 03:40:06.443809    87 raft_consensus.cc:3367] T 22d66049cb9c4419a35469ea8c2c36bc P 096da8680d274dba91b50831a23bfd58 [term 11 LEADER]: Calling mark dirty synchronously for reason code NEW_LEADER_ELECTED
I0311 03:40:06.444175    87 raft_consensus.cc:1059] T 22d66049cb9c4419a35469ea8c2c36bc P 096da8680d274dba91b50831a23bfd58 [term 11 LEADER]: Becoming Leader. State: Replica: 096da8680d274dba91b50831a23bfd58, State: 1, Role: LEADER, Watermarks: {Received: 10.10 Committed: 10.10} Leader: 0.0
I0311 03:40:06.444594    87 consensus_queue.cc:271] T 22d66049cb9c4419a35469ea8c2c36bc P 096da8680d274dba91b50831a23bfd58 [LEADER]: Queue going to LEADER mode. State: All replicated op: 0.0, Majority replicated op: 10.10, Committed index: 10.10, Last applied: 10.10, Last appended: 10.10, Current term: 11, Majority size: 1, State: QUEUE_OPEN, Mode: LEADER, active raft config: opid_index: -1 peers { permanent_uuid: "096da8680d274dba91b50831a23bfd58" member_type: VOTER last_known_private_addr { host: "yb-tserver-n1" port: 9100 } cloud_info { placement_cloud: "cloud1" placement_region: "datacenter1" placement_zone: "rack1" } }
I0311 03:40:06.444689    41 heartbeater.cc:338] P 096da8680d274dba91b50831a23bfd58: Connected to a leader master server at yb-master-n1:7100
I0311 03:40:06.444984    87 raft_consensus.cc:1077] Sending NO_OP at op 10.10
I0311 03:40:06.445235    41 heartbeater.cc:387] P 096da8680d274dba91b50831a23bfd58: Registering TS with master...
I0311 03:40:06.445930    41 server_base.cc:541] Using private rpc address yb-tserver-n1
I0311 03:40:06.446342    41 server_base.cc:563] Using http address yb-tserver-n1
W0311 03:40:06.446700    11 raft_consensus.cc:1374] Leader lease expiration was not set: Illegal state (yb/consensus/replica_state.cc:1345): NoOp of current term is not committed (majority_replicated_lease_expiration_ = <uninitialized>, majority_replicated_ht_lease_expiration_ = 0)
I0311 03:40:06.447257    11 replica_state.cc:1414] T 22d66049cb9c4419a35469ea8c2c36bc P 096da8680d274dba91b50831a23bfd58 [term 11 LEADER]: SetLeaderNoOpCommittedUnlocked(1), committed: 10.10, received: 11.11
I0311 03:40:06.447590    11 replica_state.cc:784] T 22d66049cb9c4419a35469ea8c2c36bc P 096da8680d274dba91b50831a23bfd58 [term 11 LEADER]: Advanced the committed_op_id across terms. Last committed operation was: 10.10 New committed index is: 11.11
W0311 03:40:06.448980    41 heartbeater.cc:658] P 096da8680d274dba91b50831a23bfd58: Failed to heartbeat to yb-master-n1:7100: Service unavailable (yb/tserver/heartbeater.cc:479): Master is no longer the leader: code: NOT_THE_LEADER status { code: LEADER_NOT_READY_TO_SERVE message: "Leader not yet ready to serve requests: leader_ready_term_ = -1; cstate.current_term = 12" source_file: "../../src/yb/master/scoped_leader_shared_lock.cc" source_line: 130 errors: "\000" } tries=15, num=1, masters=0x00000040152207c8 -> [[yb-master-n1:7100]], code=Service unavailable
I0311 03:40:06.475720    11 raft_consensus.cc:1030] T 3a76ab24970d40ef859dfa774b11abe1 P 096da8680d274dba91b50831a23bfd58 [term 10 FOLLOWER]: ReportFailDetected: Starting NORMAL_ELECTION...
I0311 03:40:06.476127    11 raft_consensus.cc:627] T 3a76ab24970d40ef859dfa774b11abe1 P 096da8680d274dba91b50831a23bfd58 [term 10 FOLLOWER]: Triggering leader pre-election, mode=NORMAL_ELECTION
I0311 03:40:06.476507    11 raft_consensus.cc:3421] T 3a76ab24970d40ef859dfa774b11abe1 P 096da8680d274dba91b50831a23bfd58 [term 10 FOLLOWER]: Snoozing leader timeout detection for 3.253s
I0311 03:40:06.477025    11 raft_consensus.cc:667] T 3a76ab24970d40ef859dfa774b11abe1 P 096da8680d274dba91b50831a23bfd58 [term 10 FOLLOWER]: Starting pre-election with config: opid_index: -1 peers { permanent_uuid: "096da8680d274dba91b50831a23bfd58" member_type: VOTER last_known_private_addr { host: "yb-tserver-n1" port: 9100 } cloud_info { placement_cloud: "cloud1" placement_region: "datacenter1" placement_zone: "rack1" } }
I0311 03:40:06.477545    11 leader_election.cc:242] T 3a76ab24970d40ef859dfa774b11abe1 P 096da8680d274dba91b50831a23bfd58 [CANDIDATE]: Term 11 pre-election: Election decided. Result: candidate won.
I0311 03:40:06.477998    11 raft_consensus.cc:3421] T 3a76ab24970d40ef859dfa774b11abe1 P 096da8680d274dba91b50831a23bfd58 [term 10 FOLLOWER]: Snoozing leader timeout detection for 3.042s
I0311 03:40:06.478333    11 raft_consensus.cc:3314] T 3a76ab24970d40ef859dfa774b11abe1 P 096da8680d274dba91b50831a23bfd58 [term 10 FOLLOWER]: Leader pre-election won for term 11
I0311 03:40:06.478653    11 raft_consensus.cc:627] T 3a76ab24970d40ef859dfa774b11abe1 P 096da8680d274dba91b50831a23bfd58 [term 10 FOLLOWER]: Triggering leader election, mode=NORMAL_ELECTION
I0311 03:40:06.479061    11 raft_consensus.cc:3421] T 3a76ab24970d40ef859dfa774b11abe1 P 096da8680d274dba91b50831a23bfd58 [term 10 FOLLOWER]: Snoozing leader timeout detection for 3.226s
I0311 03:40:06.479394    11 raft_consensus.cc:3482] T 3a76ab24970d40ef859dfa774b11abe1 P 096da8680d274dba91b50831a23bfd58 [term 10 FOLLOWER]: Advancing to term 11
I0311 03:40:06.493422    11 consensus_meta.cc:317] T 3a76ab24970d40ef859dfa774b11abe1 P 096da8680d274dba91b50831a23bfd58: Updating active role from FOLLOWER to FOLLOWER. Consensus state: current_term: 11 leader_uuid: "" config { opid_index: -1 peers { permanent_uuid: "096da8680d274dba91b50831a23bfd58" member_type: VOTER last_known_private_addr { host: "yb-tserver-n1" port: 9100 } cloud_info { placement_cloud: "cloud1" placement_region: "datacenter1" placement_zone: "rack1" } } }, has_pending_config = 0
I0311 03:40:06.493885    11 raft_consensus.cc:667] T 3a76ab24970d40ef859dfa774b11abe1 P 096da8680d274dba91b50831a23bfd58 [term 11 FOLLOWER]: Starting election with config: opid_index: -1 peers { permanent_uuid: "096da8680d274dba91b50831a23bfd58" member_type: VOTER last_known_private_addr { host: "yb-tserver-n1" port: 9100 } cloud_info { placement_cloud: "cloud1" placement_region: "datacenter1" placement_zone: "rack1" } }
I0311 03:40:06.496714    11 leader_election.cc:242] T 3a76ab24970d40ef859dfa774b11abe1 P 096da8680d274dba91b50831a23bfd58 [CANDIDATE]: Term 11 election: Election decided. Result: candidate won.
I0311 03:40:06.497035    11 raft_consensus.cc:3421] T 3a76ab24970d40ef859dfa774b11abe1 P 096da8680d274dba91b50831a23bfd58 [term 11 FOLLOWER]: Snoozing leader timeout detection for 3.159s
I0311 03:40:06.497318    11 raft_consensus.cc:3328] T 3a76ab24970d40ef859dfa774b11abe1 P 096da8680d274dba91b50831a23bfd58 [term 11 FOLLOWER]: Leader election won for term 11
I0311 03:40:06.497620    11 replica_state.cc:1152] T 3a76ab24970d40ef859dfa774b11abe1 P 096da8680d274dba91b50831a23bfd58 [term 11 FOLLOWER]: Reset our lease: 154.986s
I0311 03:40:06.497923    11 replica_state.cc:1414] T 3a76ab24970d40ef859dfa774b11abe1 P 096da8680d274dba91b50831a23bfd58 [term 11 FOLLOWER]: SetLeaderNoOpCommittedUnlocked(0), committed: 10.10, received: 10.10
I0311 03:40:06.498507    11 consensus_meta.cc:317] T 3a76ab24970d40ef859dfa774b11abe1 P 096da8680d274dba91b50831a23bfd58: Updating active role from FOLLOWER to LEADER. Consensus state: current_term: 11 leader_uuid: "096da8680d274dba91b50831a23bfd58" config { opid_index: -1 peers { permanent_uuid: "096da8680d274dba91b50831a23bfd58" member_type: VOTER last_known_private_addr { host: "yb-tserver-n1" port: 9100 } cloud_info { placement_cloud: "cloud1" placement_region: "datacenter1" placement_zone: "rack1" } } }, has_pending_config = 0
I0311 03:40:06.498843    11 raft_consensus.cc:3367] T 3a76ab24970d40ef859dfa774b11abe1 P 096da8680d274dba91b50831a23bfd58 [term 11 LEADER]: Calling mark dirty synchronously for reason code NEW_LEADER_ELECTED
I0311 03:40:06.499135    11 raft_consensus.cc:1059] T 3a76ab24970d40ef859dfa774b11abe1 P 096da8680d274dba91b50831a23bfd58 [term 11 LEADER]: Becoming Leader. State: Replica: 096da8680d274dba91b50831a23bfd58, State: 1, Role: LEADER, Watermarks: {Received: 10.10 Committed: 10.10} Leader: 0.0
I0311 03:40:06.499500    11 consensus_queue.cc:271] T 3a76ab24970d40ef859dfa774b11abe1 P 096da8680d274dba91b50831a23bfd58 [LEADER]: Queue going to LEADER mode. State: All replicated op: 0.0, Majority replicated op: 10.10, Committed index: 10.10, Last applied: 10.10, Last appended: 10.10, Current term: 11, Majority size: 1, State: QUEUE_OPEN, Mode: LEADER, active raft config: opid_index: -1 peers { permanent_uuid: "096da8680d274dba91b50831a23bfd58" member_type: VOTER last_known_private_addr { host: "yb-tserver-n1" port: 9100 } cloud_info { placement_cloud: "cloud1" placement_region: "datacenter1" placement_zone: "rack1" } }
I0311 03:40:06.499776    41 heartbeater.cc:338] P 096da8680d274dba91b50831a23bfd58: Connected to a leader master server at yb-master-n1:7100
I0311 03:40:06.499897    11 raft_consensus.cc:1077] Sending NO_OP at op 10.10
I0311 03:40:06.500135    41 heartbeater.cc:387] P 096da8680d274dba91b50831a23bfd58: Registering TS with master...
I0311 03:40:06.500749    41 server_base.cc:541] Using private rpc address yb-tserver-n1
I0311 03:40:06.501127    41 server_base.cc:563] Using http address yb-tserver-n1
W0311 03:40:06.501616    87 raft_consensus.cc:1374] Leader lease expiration was not set: Illegal state (yb/consensus/replica_state.cc:1345): NoOp of current term is not committed (majority_replicated_lease_expiration_ = <uninitialized>, majority_replicated_ht_lease_expiration_ = 0)
I0311 03:40:06.502252    87 replica_state.cc:1414] T 3a76ab24970d40ef859dfa774b11abe1 P 096da8680d274dba91b50831a23bfd58 [term 11 LEADER]: SetLeaderNoOpCommittedUnlocked(1), committed: 10.10, received: 11.11
